seats (552290, 5); signal rows 552290; dates 120
loading full-A frame
frame rows 8584574 instruments 5395 calendar 2107
close panel (2107, 5395)
building TushareStockData
context signal dates 120 2021-09-07..2026-08-10
[   87.1s] market ready
[   87.6s] [seed] E=2.6262 NC=0.628 T=0.292
[   87.6s] panels from cache
[   87.6s] panels ready
/home/minkefu/.conda/envs/ktransformers/lib/python3.11/site-packages/pandas/core/window/rolling.py:611: RuntimeWarning: All-NaN slice encountered
  return func(x, start, end, min_periods, *numba_args)
/data/games/factor_/scripts/e_decomp_direct_20260929.py:242: FutureWarning: The previous implementation of stack is deprecated and will be removed in a future version of pandas. See the What's New notes for pandas 2.1.0 for details. Specify future_stack=True to adopt the new implementation and silence this warning.
  flat = oriented.stack(dropna=False).reindex(market.signal_index)
[  110.6s] [comp_amihud20_vs500] s_i=0.0475 corrSz=-0.63 dE=+0.0227 dT=+0.139 dNC=-0.0297 dC=-587 dComb_up=+117
/data/games/factor_/scripts/e_decomp_direct_20260929.py:242: FutureWarning: The previous implementation of stack is deprecated and will be removed in a future version of pandas. See the What's New notes for pandas 2.1.0 for details. Specify future_stack=True to adopt the new implementation and silence this warning.
  flat = oriented.stack(dropna=False).reindex(market.signal_index)
[  113.9s] [comp_amihud20_amt60_vs500] s_i=0.0451 corrSz=-0.69 dE=+0.0725 dT=+0.074 dNC=-0.0142 dC=-281 dComb_up=+365
/data/games/factor_/scripts/e_decomp_direct_20260929.py:242: FutureWarning: The previous implementation of stack is deprecated and will be removed in a future version of pandas. See the What's New notes for pandas 2.1.0 for details. Specify future_stack=True to adopt the new implementation and silence this warning.
  flat = oriented.stack(dropna=False).reindex(market.signal_index)
[  117.2s] [comp_amihud20_tstd10_60_vs500] s_i=0.0461 corrSz=-0.49 dE=+0.1404 dT=+0.224 dNC=-0.0453 dC=-897 dComb_up=-227
/data/games/factor_/scripts/e_decomp_direct_20260929.py:242: FutureWarning: The previous implementation of stack is deprecated and will be removed in a future version of pandas. See the What's New notes for pandas 2.1.0 for details. Specify future_stack=True to adopt the new implementation and silence this warning.
  flat = oriented.stack(dropna=False).reindex(market.signal_index)
[  120.5s] [comp_pvcorr20_amihud20_vs500] s_i=0.0598 corrSz=-0.45 dE=-0.0236 dT=+0.167 dNC=-0.0285 dC=-563 dComb_up=+447
/data/games/factor_/scripts/e_decomp_direct_20260929.py:242: FutureWarning: The previous implementation of stack is deprecated and will be removed in a future version of pandas. See the What's New notes for pandas 2.1.0 for details. Specify future_stack=True to adopt the new implementation and silence this warning.
  flat = oriented.stack(dropna=False).reindex(market.signal_index)
[  123.8s] [comp_retrev5_amihud20_vs500] s_i=0.0496 corrSz=-0.51 dE=-0.0998 dT=+0.206 dNC=-0.0391 dC=-774 dComb_up=-17
/data/games/factor_/scripts/e_decomp_direct_20260929.py:242: FutureWarning: The previous implementation of stack is deprecated and will be removed in a future version of pandas. See the What's New notes for pandas 2.1.0 for details. Specify future_stack=True to adopt the new implementation and silence this warning.
  flat = oriented.stack(dropna=False).reindex(market.signal_index)
[  127.1s] [comp_skew20_amihud20_vs500] s_i=0.0469 corrSz=-0.52 dE=-0.0621 dT=+0.158 dNC=-0.0416 dC=-823 dComb_up=-134
/data/games/factor_/scripts/e_decomp_direct_20260929.py:242: FutureWarning: The previous implementation of stack is deprecated and will be removed in a future version of pandas. See the What's New notes for pandas 2.1.0 for details. Specify future_stack=True to adopt the new implementation and silence this warning.
  flat = oriented.stack(dropna=False).reindex(market.signal_index)
[  130.5s] [comp_tlvl_vs500_amihud20] s_i=0.0625 corrSz=-0.34 dE=-0.0757 dT=+0.146 dNC=-0.0532 dC=-1,053 dComb_up=+23
/data/games/factor_/scripts/e_decomp_direct_20260929.py:242: FutureWarning: The previous implementation of stack is deprecated and will be removed in a future version of pandas. See the What's New notes for pandas 2.1.0 for details. Specify future_stack=True to adopt the new implementation and silence this warning.
  flat = oriented.stack(dropna=False).reindex(market.signal_index)
[  133.4s] [comp_vs250_vs500_vs756] s_i=0.0457 corrSz=-0.20 dE=-0.0118 dT=+0.255 dNC=-0.0672 dC=-1,331 dComb_up=-672
/data/games/factor_/scripts/e_decomp_direct_20260929.py:242: FutureWarning: The previous implementation of stack is deprecated and will be removed in a future version of pandas. See the What's New notes for pandas 2.1.0 for details. Specify future_stack=True to adopt the new implementation and silence this warning.
  flat = oriented.stack(dropna=False).reindex(market.signal_index)
[  136.7s] [comp_amihud20_drift20_vs500] s_i=0.0622 corrSz=-0.41 dE=-0.1464 dT=+0.117 dNC=-0.0259 dC=-513 dComb_up=+558
/data/games/factor_/scripts/e_decomp_direct_20260929.py:242: FutureWarning: The previous implementation of stack is deprecated and will be removed in a future version of pandas. See the What's New notes for pandas 2.1.0 for details. Specify future_stack=True to adopt the new implementation and silence this warning.
  flat = oriented.stack(dropna=False).reindex(market.signal_index)
[  140.0s] [comp_amt60_vs500_retrev20] s_i=0.0720 corrSz=-0.43 dE=+0.0019 dT=+0.177 dNC=-0.0601 dC=-1,191 dComb_up=+122
/data/games/factor_/scripts/e_decomp_direct_20260929.py:242: FutureWarning: The previous implementation of stack is deprecated and will be removed in a future version of pandas. See the What's New notes for pandas 2.1.0 for details. Specify future_stack=True to adopt the new implementation and silence this warning.
  flat = oriented.stack(dropna=False).reindex(market.signal_index)
[  145.3s] [a149_vol6x500_w2] s_i=0.0552 corrSz=-0.20 dE=-0.2156 dT=+0.222 dNC=-0.0474 dC=-939 dComb_up=-43
/data/games/factor_/scripts/e_decomp_direct_20260929.py:242: FutureWarning: The previous implementation of stack is deprecated and will be removed in a future version of pandas. See the What's New notes for pandas 2.1.0 for details. Specify future_stack=True to adopt the new implementation and silence this warning.
  flat = oriented.stack(dropna=False).reindex(market.signal_index)
[  151.2s] [a042_vol6x500_w2] s_i=0.0515 corrSz=-0.17 dE=-0.1339 dT=+0.244 dNC=-0.0575 dC=-1,138 dComb_up=-334
/data/games/factor_/scripts/e_decomp_direct_20260929.py:242: FutureWarning: The previous implementation of stack is deprecated and will be removed in a future version of pandas. See the What's New notes for pandas 2.1.0 for details. Specify future_stack=True to adopt the new implementation and silence this warning.
  flat = oriented.stack(dropna=False).reindex(market.signal_index)
[  154.6s] [a182_vol6x500_w2] s_i=0.0484 corrSz=-0.19 dE=-0.1072 dT=+0.243 dNC=-0.0552 dC=-1,092 dComb_up=-364
/data/games/factor_/scripts/e_decomp_direct_20260929.py:242: FutureWarning: The previous implementation of stack is deprecated and will be removed in a future version of pandas. See the What's New notes for pandas 2.1.0 for details. Specify future_stack=True to adopt the new implementation and silence this warning.
  flat = oriented.stack(dropna=False).reindex(market.signal_index)
[  159.9s] [a149_vol6x750_w3] s_i=0.0574 corrSz=-0.19 dE=-0.3048 dT=+0.189 dNC=-0.0552 dC=-1,094 dComb_up=-144
/data/games/factor_/scripts/e_decomp_direct_20260929.py:242: FutureWarning: The previous implementation of stack is deprecated and will be removed in a future version of pandas. See the What's New notes for pandas 2.1.0 for details. Specify future_stack=True to adopt the new implementation and silence this warning.
  flat = oriented.stack(dropna=False).reindex(market.signal_index)
[  164.2s] [a046_vol6x500_w3] s_i=0.0520 corrSz=-0.16 dE=-0.0225 dT=+0.270 dNC=-0.0517 dC=-1,024 dComb_up=-208
/data/games/factor_/scripts/e_decomp_direct_20260929.py:242: FutureWarning: The previous implementation of stack is deprecated and will be removed in a future version of pandas. See the What's New notes for pandas 2.1.0 for details. Specify future_stack=True to adopt the new implementation and silence this warning.
  flat = oriented.stack(dropna=False).reindex(market.signal_index)
[  168.4s] [a010_vol6x500_w2] s_i=0.0364 corrSz=-0.17 dE=-0.1599 dT=+0.246 dNC=-0.0706 dC=-1,399 dComb_up=-970

== 直接面板候选池级全账（6 席 vs 5 席）==
                         name      base       src  k   n   w  direction swap  finite_share  rank_ic  ic_ir    win  s_i_local  corr_size  turn_intrinsic  turn_pool_seed  d_e_mean  d_e_median  d_t_mean  d_nc_mean  d_c_points  d_a_points_local  d_a_points_uplift  d_comb_uplift  d_a_poolrule  d_comb_poolrule  pos_months  months
  comp_amihud20_drift20_vs500 composite composite  0   0 1.0          1 none        0.6574   0.1047 0.7674 0.7750     0.0622    -0.4094          0.2042          0.1458   -0.1464     -0.0406    0.1168    -0.0259   -512.8626          790.6749          1070.7048       557.8422      666.5216         153.6590           1      60
 comp_pvcorr20_amihud20_vs500 composite composite  0   0 1.0          1 none        0.6574   0.1076 0.7333 0.7583     0.0598    -0.4464          0.2295          0.1458   -0.0236      0.0029    0.1674    -0.0285   -563.4720          746.1811          1010.4527       446.9807      622.0278          58.5557           1      60
    comp_amihud20_amt60_vs500 composite composite  0   0 1.0          1 none        0.6574   0.1046 0.5952 0.7250     0.0451    -0.6927          0.1827          0.1458    0.0725      0.0065    0.0739    -0.0142   -280.6786          476.9152           645.8221       365.1435      352.7618          72.0832           2      60
    comp_amt60_vs500_retrev20 composite composite  0   0 1.0          1 none        0.6574   0.1231 0.7713 0.7583     0.0720    -0.4334          0.2341          0.1458    0.0019     -0.0225    0.1766    -0.0601  -1190.5767          969.3255          1312.6273       122.0506      845.1722        -345.4045           1      60
          comp_amihud20_vs500 composite composite  0   0 1.0          1 none        0.6574   0.1033 0.6268 0.7333     0.0475    -0.6257          0.2154          0.1458    0.0227     -0.0082    0.1392    -0.0297   -587.3291          520.1099           704.3149       116.9858      395.9565        -191.3725           2      60
     comp_tlvl_vs500_amihud20 composite composite  0   0 1.0          1 none        0.6574   0.1140 0.7308 0.7500     0.0625    -0.3362          0.2186          0.1458   -0.0757     -0.0097    0.1456    -0.0532  -1052.9496          794.7525          1076.2264        23.2768      670.5991        -382.3505           1      60
  comp_retrev5_amihud20_vs500 composite composite  0   0 1.0          1 none        0.6574   0.1054 0.6730 0.7000     0.0496    -0.5146          0.2487          0.1458   -0.0998     -0.0140    0.2057    -0.0391   -774.4973          559.6333           757.8361       -16.6612      435.4799        -339.0174           0      60
             a149_vol6x500_w2       149    volume  6 500 0.2          1 none        0.7532   0.0941 0.7910 0.7417     0.0552    -0.2035          0.2567          0.1458   -0.2156     -0.0112    0.2218    -0.0474   -939.1118          661.4855           895.7609       -43.3509      537.3322        -401.7796           1      60
   comp_skew20_amihud20_vs500 composite composite  0   0 1.0          1 none        0.6574   0.0960 0.6737 0.7250     0.0469    -0.5154          0.2246          0.1458   -0.0621     -0.0191    0.1577    -0.0416   -823.1545          508.7106           688.8783      -134.2762      384.5572        -438.5973           0      60
             a149_vol6x750_w3       149    volume  6 750 0.3          1 none        0.7532   0.0984 0.7862 0.7417     0.0574    -0.1941          0.2404          0.1458   -0.3048     -0.0143    0.1893    -0.0552  -1093.8028          701.7234           950.2497      -143.5530      577.5701        -516.2327           1      60
             a046_vol6x500_w3       046    volume  6 500 0.3          1 none        0.8116   0.0898 0.7724 0.7500     0.0520    -0.1624          0.2809          0.1458   -0.0225      0.0015    0.2702    -0.0517  -1023.9711          602.8984           816.4242      -207.5468      478.7451        -545.2260           1      60
comp_amihud20_tstd10_60_vs500 composite composite  0   0 1.0          1 none        0.6574   0.0964 0.6755 0.7083     0.0461    -0.4938          0.2576          0.1458    0.1404      0.0047    0.2237    -0.0453   -897.3991          494.7800           670.0141      -227.3850      370.6267        -526.7724           1      60
             a042_vol6x500_w2       042    volume  6 500 0.2          1 none        0.8139   0.0908 0.7568 0.7500     0.0515    -0.1707          0.2676          0.1458   -0.1339     -0.0191    0.2437    -0.0575  -1138.0616          593.8086           804.1152      -333.9464      469.6553        -668.4063           1      60
             a182_vol6x500_w2       182    volume  6 500 0.2          1 none        0.8122   0.0828 0.8073 0.7250     0.0484    -0.1919          0.2672          0.1458   -0.1072     -0.0090    0.2427    -0.0552  -1092.1467          537.4231           727.7599      -364.3868      413.2698        -678.8769           0      60
       comp_vs250_vs500_vs756 composite composite  0   0 1.0          1 none        0.5642   0.0843 0.7310 0.7417     0.0457    -0.2028          0.2733          0.1458   -0.0118     -0.0334    0.2551    -0.0672  -1330.9890          486.9438           659.4026      -671.5864      362.7905        -968.1985           1      60
             a010_vol6x500_w2       010    volume  6 500 0.2          1 none        0.8133   0.0753 0.6817 0.7083     0.0364    -0.1662          0.2690          0.1458   -0.1599     -0.0112    0.2465    -0.0706  -1398.6371          316.3806           428.4317      -970.2054      192.2273       -1206.4099           0      60
[  168.5s] done
