volV5            ic=0.0944 icir=0.908 win=0.807 s_i=0.0692 <<<
volV10           ic=0.0978 icir=0.843 win=0.824 s_i=0.0678
volV20           ic=0.0947 icir=0.790 win=0.773 s_i=0.0578
volV40           ic=0.0825 icir=0.666 win=0.748 s_i=0.0411
volV60           ic=0.0721 icir=0.588 win=0.706 s_i=0.0299
volV120          ic=0.0602 icir=0.524 win=0.689 s_i=0.0217
volT20           ic=0.0908 icir=0.807 win=0.765 s_i=0.0560
volT60           ic=0.0679 icir=0.593 win=0.681 s_i=0.0274
volT120          ic=0.0549 icir=0.510 win=0.622 s_i=0.0174
volret5          ic=0.0779 icir=0.448 win=0.681 s_i=0.0238
volret20         ic=0.0824 icir=0.395 win=0.697 s_i=0.0227
volret60         ic=0.0731 icir=0.325 win=0.605 s_i=0.0144
relT5_252        ic=0.0912 icir=0.794 win=0.748 s_i=0.0541
relT5_504        ic=0.0946 icir=0.844 win=0.782 s_i=0.0624
relT21_504       ic=0.0841 icir=0.693 win=0.731 s_i=0.0426
relT60_504       ic=0.0627 icir=0.543 win=0.664 s_i=0.0226
relT120_504      ic=0.0507 icir=0.498 win=0.647 s_i=0.0163
amihud20         ic=0.0696 icir=0.452 win=0.689 s_i=0.0217
amihud60         ic=0.0565 icir=0.364 win=0.655 s_i=0.0135
amihud120        ic=0.0495 icir=0.314 win=0.630 s_i=0.0098
intr20           ic=0.0764 icir=0.512 win=0.655 s_i=0.0257
intr60           ic=0.0822 icir=0.551 win=0.672 s_i=0.0304
intr120          ic=0.0744 icir=0.511 win=0.630 s_i=0.0239
semivar20        ic=0.0566 icir=0.509 win=0.622 s_i=0.0179
acf_ret_756      ic=0.0243 icir=0.324 win=0.538 s_i=0.0042
acf_T_756        ic=0.0011 icir=0.009 win=0.479 s_i=0.0000
winrate60        ic=0.0279 icir=0.229 win=0.471 s_i=0.0030
winrate250       ic=0.0063 icir=0.062 win=0.471 s_i=0.0002

written /data/games/factor_/research_reports/platform_alignment/opp-halfcenter-20260928/slowleg_probe.csv

IC>=0.09 top-5 ICIR:
     name       ic     icir      win      s_i
    volV5 0.094433 0.908055 0.806723 0.069177
relT5_504 0.094566 0.843722 0.781513 0.062355
   volV10 0.097772 0.842655 0.823529 0.067849
   volT20 0.090820 0.806567 0.764706 0.056017
relT5_252 0.091185 0.793776 0.747899 0.054134
