010LW  amt60           volV5y   w=0.20 span=1  -> ic=0.1080 icir=0.834 win=0.798 s_i=0.0720 d=1.597
010LW  amt60           volV5y   w=0.20 span=2  -> ic=0.1040 icir=0.745 win=0.771 s_i=0.0598 d=2.686
010LW  amt60           volV5y   w=0.20 span=3  -> ic=0.0972 icir=0.673 win=0.735 s_i=0.0481 d=3.989
010LW  amt60           volV5y   w=0.20 span=5  -> ic=0.0865 icir=0.596 win=0.661 s_i=0.0341 d=6.148
010LW  amt60           volV5y   w=0.20 span=10 -> ic=0.0703 icir=0.484 win=0.636 s_i=0.0216 d=7.925
010LW  amt60           volV5y   w=0.30 span=1  -> ic=0.1120 icir=0.817 win=0.790 s_i=0.0722 d=1.617
010LW  amt60           volV5y   w=0.30 span=2  -> ic=0.1071 icir=0.731 win=0.737 s_i=0.0577 d=3.169
010LW  amt60           volV5y   w=0.30 span=3  -> ic=0.1001 icir=0.664 win=0.709 s_i=0.0472 d=4.316
010LW  amt60           volV5y   w=0.30 span=5  -> ic=0.0891 icir=0.590 win=0.661 s_i=0.0347 d=6.048
010LW  amt60           volV5y   w=0.30 span=10 -> ic=0.0720 icir=0.475 win=0.627 s_i=0.0214 d=8.037
010LW  intr40          volV5y   w=0.25 span=1  -> ic=0.1066 icir=0.840 win=0.798 s_i=0.0715 d=1.638
010LW  intr40          volV5y   w=0.25 span=2  -> ic=0.1023 icir=0.740 win=0.746 s_i=0.0565 d=3.221
010LW  intr40          volV5y   w=0.25 span=3  -> ic=0.0942 icir=0.658 win=0.726 s_i=0.0451 d=4.354
010LW  intr40          volV5y   w=0.25 span=5  -> ic=0.0823 icir=0.563 win=0.704 s_i=0.0326 d=5.796
010LW  intr40          volV5y   w=0.25 span=10 -> ic=0.0688 icir=0.480 win=0.664 s_i=0.0219 d=7.568
R03    retrev5         volV5y   w=0.15 span=1  -> ic=0.0967 icir=0.856 win=0.815 s_i=0.0674 d=0.519
R03    retrev5         volV5y   w=0.15 span=2  -> ic=0.0971 icir=0.780 win=0.797 s_i=0.0604 d=1.120
R03    retrev5         volV5y   w=0.15 span=3  -> ic=0.0917 icir=0.714 win=0.726 s_i=0.0476 d=2.801
R03    retrev5         volV5y   w=0.15 span=5  -> ic=0.0815 icir=0.616 win=0.704 s_i=0.0354 d=4.171
R03    retrev5         volV5y   w=0.15 span=10 -> ic=0.0658 icir=0.509 win=0.673 s_i=0.0225 d=6.019
R03    retrev5         volV5y   w=0.10 span=1  -> ic=0.0975 icir=0.856 win=0.815 s_i=0.0680 d=0.559
R03    retrev5         volV5y   w=0.10 span=2  -> ic=0.0963 icir=0.771 win=0.788 s_i=0.0585 d=1.271
R03    retrev5         volV5y   w=0.10 span=3  -> ic=0.0904 icir=0.699 win=0.735 s_i=0.0464 d=2.799
R03    retrev5         volV5y   w=0.10 span=5  -> ic=0.0802 icir=0.607 win=0.713 s_i=0.0347 d=4.132
R03    retrev5         volV5y   w=0.10 span=10 -> ic=0.0647 icir=0.501 win=0.664 s_i=0.0215 d=6.260
R03    stdvol20_rel5y  volV5y   w=0.05 span=1  -> ic=0.0980 icir=0.839 win=0.815 s_i=0.0670 d=0.670
R03    stdvol20_rel5y  volV5y   w=0.05 span=2  -> ic=0.0942 icir=0.745 win=0.763 s_i=0.0536 d=1.914
R03    stdvol20_rel5y  volV5y   w=0.05 span=3  -> ic=0.0876 icir=0.667 win=0.735 s_i=0.0430 d=3.098
R03    stdvol20_rel5y  volV5y   w=0.05 span=5  -> ic=0.0775 icir=0.587 win=0.713 s_i=0.0325 d=4.367
R03    stdvol20_rel5y  volV5y   w=0.05 span=10 -> ic=0.0627 icir=0.485 win=0.673 s_i=0.0205 d=6.289
042    retrev5         volV5y   w=0.20 span=1  -> ic=0.0954 icir=0.850 win=0.782 s_i=0.0634 d=0.779
042    retrev5         volV5y   w=0.20 span=2  -> ic=0.0977 icir=0.789 win=0.788 s_i=0.0607 d=1.285
042    retrev5         volV5y   w=0.20 span=3  -> ic=0.0930 icir=0.729 win=0.735 s_i=0.0498 d=2.001
042    retrev5         volV5y   w=0.20 span=5  -> ic=0.0827 icir=0.625 win=0.696 s_i=0.0360 d=3.689
042    retrev5         volV5y   w=0.20 span=10 -> ic=0.0668 icir=0.517 win=0.664 s_i=0.0229 d=5.555
042    retrev20        volT5y   w=0.20 span=1  -> ic=0.0956 icir=0.819 win=0.773 s_i=0.0605 d=0.788
042    retrev20        volT5y   w=0.20 span=2  -> ic=0.0877 icir=0.718 win=0.720 s_i=0.0453 d=2.564
042    retrev20        volT5y   w=0.20 span=3  -> ic=0.0812 icir=0.645 win=0.684 s_i=0.0358 d=3.863
042    retrev20        volT5y   w=0.20 span=5  -> ic=0.0699 icir=0.554 win=0.661 s_i=0.0256 d=5.266
042    retrev20        volT5y   w=0.20 span=10 -> ic=0.0559 icir=0.471 win=0.627 s_i=0.0165 d=6.941
042    intr20          volT5y   w=0.10 span=1  -> ic=0.0945 icir=0.823 win=0.773 s_i=0.0601 d=0.825
042    intr20          volT5y   w=0.10 span=2  -> ic=0.0849 icir=0.704 win=0.712 s_i=0.0426 d=2.913
042    intr20          volT5y   w=0.10 span=3  -> ic=0.0781 icir=0.632 win=0.684 s_i=0.0338 d=4.082
042    intr20          volT5y   w=0.10 span=5  -> ic=0.0683 icir=0.555 win=0.643 s_i=0.0244 d=5.628
042    intr20          volT5y   w=0.10 span=10 -> ic=0.0550 icir=0.475 win=0.636 s_i=0.0166 d=6.810

written /data/games/factor_/research_reports/platform_alignment/opp-halfcenter-20260928/smooth_probe.csv
