  400/3192
  800/3192
  1200/3192
  1600/3192
  2000/3192
  2400/3192
  2800/3192

=== F-I01_Alpha191_010_LW (target ic=0.1253 icir=0.980 win=0.798) ===
  amt60                volV5y         w=0.20 -> ic=0.1080 icir=0.834 win=0.798 | d=1.591 (+0.0172/+0.146/+0.000)
  amt60                volV5y         w=0.30 -> ic=0.1120 icir=0.817 win=0.790 | d=1.623 (+0.0133/+0.163/+0.008)
  intr40               volV5y         w=0.25 -> ic=0.1066 icir=0.840 win=0.798 | d=1.633 (+0.0187/+0.140/+0.000)
  amt60                volV5y         w=0.15 -> ic=0.1057 icir=0.840 win=0.798 | d=1.683 (+0.0196/+0.141/+0.000)
  amihud20             volV5y         w=0.20 -> ic=0.1070 icir=0.850 win=0.790 | d=1.706 (+0.0183/+0.130/+0.008)
  intr60               volV5y         w=0.25 -> ic=0.1061 icir=0.825 win=0.798 | d=1.732 (+0.0191/+0.155/+0.000)

=== R03-0.0727-0.8019 (target ic=0.0962 icir=0.944 win=0.812) ===
  retrev5              volV5y         w=0.15 -> ic=0.0967 icir=0.856 win=0.815 | d=0.507 (+0.0005/+0.088/+0.003)
  retrev5              volV5y         w=0.10 -> ic=0.0975 icir=0.856 win=0.815 | d=0.547 (+0.0013/+0.088/+0.003)
  stdvol20_rel5y       volV5y         w=0.05 -> ic=0.0980 icir=0.839 win=0.815 | d=0.658 (+0.0018/+0.105/+0.003)
  retrev20             volV5y         w=0.05 -> ic=0.0986 icir=0.844 win=0.815 | d=0.663 (+0.0024/+0.100/+0.003)
  pvcorr20             volV5y         w=0.10 -> ic=0.0990 icir=0.845 win=0.815 | d=0.679 (+0.0028/+0.099/+0.003)
  010_ref              volV5y         w=0.05 -> ic=0.0978 icir=0.832 win=0.815 | d=0.683 (+0.0016/+0.112/+0.003)

=== alpha191-042 (target ic=0.0957 icir=0.975 win=0.773) ===
  retrev5              volV5y         w=0.20 -> ic=0.0954 icir=0.850 win=0.782 | d=0.773 (+0.0002/+0.125/+0.008)
  retrev20             volT5y         w=0.20 -> ic=0.0956 icir=0.819 win=0.773 | d=0.782 (+0.0001/+0.156/+0.000)
  intr20               volT5y         w=0.10 -> ic=0.0945 icir=0.823 win=0.773 | d=0.820 (+0.0012/+0.152/+0.000)
  retrev20             volT5y         w=0.25 -> ic=0.0961 icir=0.810 win=0.773 | d=0.850 (+0.0005/+0.165/+0.000)
  amt60                rel_T5_T252    w=0.10 -> ic=0.0971 icir=0.817 win=0.773 | d=0.857 (+0.0014/+0.157/+0.000)
  retrev20             volT5y         w=0.10 -> ic=0.0937 icir=0.822 win=0.773 | d=0.859 (+0.0019/+0.153/+0.000)

=== G17-zscore3 (target ic=0.1068 icir=0.863 win=0.768) ===
  amt60                rel_T5_T252    w=0.30 -> ic=0.1079 icir=0.834 win=0.765 | d=0.246 (+0.0010/+0.029/+0.003)
  amt60                rel_T5_T252    w=0.25 -> ic=0.1055 icir=0.835 win=0.765 | d=0.255 (+0.0013/+0.028/+0.003)
  amihud20             volV5y         w=0.25 -> ic=0.1087 icir=0.844 win=0.773 | d=0.280 (+0.0019/+0.019/+0.005)
  intr40               volV5y         w=0.35 -> ic=0.1084 icir=0.822 win=0.765 | d=0.330 (+0.0016/+0.041/+0.003)
  amt60                rel_T5_T252    w=0.35 -> ic=0.1099 icir=0.829 win=0.773 | d=0.415 (+0.0031/+0.034/+0.005)
  amt60                rel_T5_T252    w=0.20 -> ic=0.1029 icir=0.832 win=0.773 | d=0.442 (+0.0040/+0.030/+0.005)

=== G16-scale3 (target ic=0.1061 icir=0.825 win=0.759) ===
  amt60                rel_T5_T252    w=0.25 -> ic=0.1055 icir=0.835 win=0.765 | d=0.170 (+0.0006/+0.010/+0.005)
  intr40               volV5y         w=0.35 -> ic=0.1084 icir=0.822 win=0.765 | d=0.219 (+0.0023/+0.003/+0.005)
  amt60                rel_T5_T252    w=0.30 -> ic=0.1079 icir=0.834 win=0.765 | d=0.221 (+0.0018/+0.009/+0.005)
  intr20               volV5y         w=0.35 -> ic=0.1033 icir=0.807 win=0.756 | d=0.277 (+0.0028/+0.017/+0.003)
  amihud20             volT5y         w=0.30 -> ic=0.1019 icir=0.820 win=0.756 | d=0.288 (+0.0042/+0.005/+0.003)
  amihud20             volV5y         w=0.30 -> ic=0.1101 icir=0.834 win=0.756 | d=0.292 (+0.0040/+0.009/+0.003)

=== R01-0.0790-0.9569 (target ic=0.0744 icir=0.838 win=0.742) ===
  pvcorr20             volT5y         w=0.65 -> ic=0.0752 icir=0.720 win=0.739 | d=0.665 (+0.0008/+0.118/+0.002)
  140_ref              volT5y         w=0.05 -> ic=0.0761 icir=0.737 win=0.731 | d=0.761 (+0.0016/+0.101/+0.011)
  pvcorr20             volV5y         w=0.70 -> ic=0.0755 icir=0.726 win=0.731 | d=0.788 (+0.0011/+0.112/+0.011)
  pvcorr20             volV5y         w=0.60 -> ic=0.0833 icir=0.769 win=0.739 | d=0.825 (+0.0089/+0.069/+0.002)
  140_ref              volT5y         w=0.35 -> ic=0.0789 icir=0.719 win=0.739 | d=0.850 (+0.0044/+0.118/+0.002)
  pvcorr20             volT5y         w=0.60 -> ic=0.0784 icir=0.738 win=0.731 | d=0.873 (+0.0039/+0.100/+0.011)

=== R01-0.0847-0.7915 (target ic=0.0914 icir=0.866 win=0.754) ===
  retrev5              volT5y         w=0.20 -> ic=0.0905 icir=0.836 win=0.756 | d=0.228 (+0.0008/+0.030/+0.002)
  retrev5              volT5y         w=0.15 -> ic=0.0913 icir=0.836 win=0.748 | d=0.258 (+0.0001/+0.030/+0.006)
  pvcorr20             volT5y         w=0.10 -> ic=0.0918 icir=0.809 win=0.756 | d=0.340 (+0.0004/+0.057/+0.002)
  010_ref              volT5y         w=0.05 -> ic=0.0912 icir=0.802 win=0.756 | d=0.366 (+0.0002/+0.064/+0.002)
  010_ref_neg          volT5y         w=0.05 -> ic=0.0912 icir=0.802 win=0.756 | d=0.366 (+0.0002/+0.064/+0.002)
  010_nomax            volT5y         w=0.05 -> ic=0.0913 icir=0.796 win=0.756 | d=0.384 (+0.0000/+0.070/+0.002)

=== F-J08_Alpha191_140_LW (target ic=0.0653 icir=0.845 win=0.731) ===
  pvcorr20             volT5y         w=0.75 -> ic=0.0685 icir=0.679 win=0.731 | d=0.994 (+0.0032/+0.166/+0.000)
  140_ref              rel_T5_T252    w=0.25 -> ic=0.0722 icir=0.711 win=0.731 | d=1.018 (+0.0069/+0.135/+0.000)
  pvcorr20             volV5y         w=0.75 -> ic=0.0715 icir=0.702 win=0.731 | d=1.026 (+0.0062/+0.143/+0.000)
  pvcorr20             volT5y         w=0.70 -> ic=0.0719 icir=0.700 win=0.731 | d=1.056 (+0.0066/+0.145/+0.000)
  140_ref              rel_T5_T252    w=0.15 -> ic=0.0718 icir=0.697 win=0.731 | d=1.063 (+0.0065/+0.148/+0.000)
  140_ref              volT5y         w=0.05 -> ic=0.0761 icir=0.737 win=0.731 | d=1.078 (+0.0108/+0.108/+0.000)

=== E13-P2+skew (target ic=0.1049 icir=0.819 win=0.776) ===
  amihud20             rel_T5_T252    w=0.25 -> ic=0.1029 icir=0.816 win=0.773 | d=0.162 (+0.0020/+0.003/+0.003)
  intr20               volV5y         w=0.30 -> ic=0.1034 icir=0.822 win=0.782 | d=0.186 (+0.0016/+0.003/+0.006)
  amt60                rel_T5_T252    w=0.20 -> ic=0.1029 icir=0.832 win=0.773 | d=0.216 (+0.0021/+0.013/+0.003)
  intr60               volV5y         w=0.30 -> ic=0.1070 icir=0.815 win=0.782 | d=0.218 (+0.0021/+0.004/+0.006)
  intr20               volV5y         w=0.25 -> ic=0.1031 icir=0.833 win=0.782 | d=0.255 (+0.0019/+0.014/+0.006)
  stdvol20_rel5y       rel_T5_T252    w=0.65 -> ic=0.1007 icir=0.821 win=0.773 | d=0.271 (+0.0043/+0.002/+0.003)

=== E5-a191x3 (target ic=0.1049 icir=0.793 win=0.776) ===
  042_ref              volV5y         w=0.35 -> ic=0.1021 icir=0.786 win=0.773 | d=0.223 (+0.0027/+0.008/+0.003)
  042_ref_neg          volV5y         w=0.35 -> ic=0.1021 icir=0.786 win=0.773 | d=0.223 (+0.0027/+0.008/+0.003)
  042_ref              volV5y         w=0.30 -> ic=0.1022 icir=0.797 win=0.782 | d=0.244 (+0.0026/+0.004/+0.006)
  042_ref_neg          volV5y         w=0.30 -> ic=0.1022 icir=0.797 win=0.782 | d=0.244 (+0.0026/+0.004/+0.006)
  amihud20             rel_T5_T252    w=0.25 -> ic=0.1029 icir=0.816 win=0.773 | d=0.259 (+0.0019/+0.023/+0.003)
  120_ref              volV5y         w=0.20 -> ic=0.1004 icir=0.798 win=0.773 | d=0.294 (+0.0045/+0.005/+0.003)

=== ks91-full-ks91-acf-3y (target ic=0.1001 icir=0.711 win=0.706) ===
  intr60               rel_T5_T252    w=0.45 -> ic=0.1011 icir=0.713 win=0.706 | d=0.059 (+0.0010/+0.002/+0.000)
  intr60               rel_T5_T252    w=0.55 -> ic=0.0999 icir=0.680 win=0.706 | d=0.165 (+0.0002/+0.031/+0.000)
  intr60               volV5y         w=0.60 -> ic=0.1037 icir=0.708 win=0.706 | d=0.199 (+0.0036/+0.004/+0.000)
  intr60               volT5y         w=0.40 -> ic=0.1015 icir=0.741 win=0.706 | d=0.220 (+0.0015/+0.029/+0.000)
  amihud20             rel_T21_T504   w=0.40 -> ic=0.0983 icir=0.739 win=0.706 | d=0.228 (+0.0018/+0.028/+0.000)
  intr40               rel_T5_T252    w=0.65 -> ic=0.0998 icir=0.661 win=0.706 | d=0.268 (+0.0003/+0.051/+0.000)

=== C260912-B01 (target ic=0.0936 icir=0.869 win=0.775) ===
  retrev5              volV5y         w=0.25 -> ic=0.0936 icir=0.838 win=0.782 | d=0.268 (+0.0001/+0.031/+0.007)
  retrev20             volT5y         w=0.10 -> ic=0.0937 icir=0.822 win=0.773 | d=0.276 (+0.0002/+0.047/+0.002)
  retrev5              volV5y         w=0.20 -> ic=0.0954 icir=0.850 win=0.782 | d=0.298 (+0.0019/+0.019/+0.007)
  intr20               volT5y         w=0.10 -> ic=0.0945 icir=0.823 win=0.773 | d=0.311 (+0.0009/+0.047/+0.002)
  pvcorr20             volV5y         w=0.45 -> ic=0.0933 icir=0.816 win=0.773 | d=0.311 (+0.0003/+0.053/+0.002)
  retrev5              volT5y         w=0.10 -> ic=0.0915 icir=0.830 win=0.773 | d=0.328 (+0.0020/+0.039/+0.002)

written /data/games/factor_/research_reports/platform_alignment/opp-halfcenter-20260928/matches_top.csv (180 rows)
