volV3_504      ic=0.0802 icir=0.876 win=0.765 s_i=0.0537
volV3_756      ic=0.0827 icir=0.883 win=0.765 s_i=0.0558
volV3_1250     ic=0.0854 icir=0.883 win=0.765 s_i=0.0577
volV4_504      ic=0.0868 icir=0.903 win=0.798 s_i=0.0625
volV4_756      ic=0.0891 icir=0.906 win=0.790 s_i=0.0638
volV4_1250     ic=0.0917 icir=0.905 win=0.782 s_i=0.0648
volV5_504      ic=0.0901 icir=0.902 win=0.798 s_i=0.0649
volV5_756      ic=0.0926 icir=0.911 win=0.824 s_i=0.0695
volV5_1250     ic=0.0954 icir=0.917 win=0.782 s_i=0.0684
volV6_504      ic=0.0930 icir=0.915 win=0.815 s_i=0.0693
volV6_756      ic=0.0955 icir=0.922 win=0.815 s_i=0.0718
volV6_1250     ic=0.0980 icir=0.926 win=0.815 s_i=0.0740
volV8_504      ic=0.0945 icir=0.893 win=0.798 s_i=0.0674
volV8_756      ic=0.0970 icir=0.894 win=0.798 s_i=0.0693
volV8_1250     ic=0.0994 icir=0.895 win=0.815 s_i=0.0725
volV5 x relT5_504 w=0.3  ic=0.1005 icir=0.879 win=0.815 s_i=0.0720
volV5 x relT5_504 w=0.4  ic=0.1012 icir=0.888 win=0.807 s_i=0.0725
volV5 x relT5_504 w=0.5  ic=0.1013 icir=0.897 win=0.807 s_i=0.0733
volV5 x relT5_504 w=0.6  ic=0.1010 icir=0.903 win=0.815 s_i=0.0744
volV5 x relT5_504 w=0.7  ic=0.1002 icir=0.908 win=0.807 s_i=0.0734

written /data/games/factor_/research_reports/platform_alignment/opp-halfcenter-20260928/volv5_probe.csv
    kind                name       ic     icir      win      s_i
  single          volV6_1250 0.097967 0.926142 0.815126 0.073957
  single           volV6_756 0.095491 0.921906 0.815126 0.071758
  single          volV5_1250 0.095397 0.917171 0.781513 0.068379
  single           volV6_504 0.092952 0.915072 0.815126 0.069333
  single           volV5_756 0.092647 0.910814 0.823529 0.069493
mix_relT volV5xrelT5_504@0.7 0.100157 0.908142 0.806723 0.073377
  single           volV4_756 0.089147 0.905984 0.789916 0.063798
  single          volV4_1250 0.091660 0.904860 0.781513 0.064818
