seats (552290, 5); signal rows 552290; dates 120
loading full-A frame
frame rows 8584574 instruments 5395 calendar 2107
close panel (2107, 5395)
building TushareStockData
context signal dates 120 2021-09-07..2026-08-10
/data/games/factor_/scripts/opp_vv6_delta_20260928.py:54: FutureWarning: The previous implementation of stack is deprecated and will be removed in a future version of pandas. See the What's New notes for pandas 2.1.0 for details. Specify future_stack=True to adopt the new implementation and silence this warning.
  flat = panel.stack(dropna=False).reindex(market.signal_index).rename("cand")
[VV6_500] finite_share=0.8542
  [VV6_500] vs size_only                        rho=-0.1543
  [VV6_500] vs impact60                         rho=+0.1096
  [VV6_500] vs t10_size_plus_impact_bm          rho=+0.4959
  [VV6_500] vs book_to_market_lf_minus_size     rho=+0.1941
  [VV6_500] vs book_to_market_lf_plus_impact    rho=+0.1486
/data/games/factor_/scripts/opp_vv6_delta_20260928.py:54: FutureWarning: The previous implementation of stack is deprecated and will be removed in a future version of pandas. See the What's New notes for pandas 2.1.0 for details. Specify future_stack=True to adopt the new implementation and silence this warning.
  flat = panel.stack(dropna=False).reindex(market.signal_index).rename("cand")
[VV6_750] finite_share=0.8542
  [VV6_750] vs size_only                        rho=-0.1325
  [VV6_750] vs impact60                         rho=+0.1063
  [VV6_750] vs t10_size_plus_impact_bm          rho=+0.5032
  [VV6_750] vs book_to_market_lf_minus_size     rho=+0.1917
  [VV6_750] vs book_to_market_lf_plus_impact    rho=+0.1549
/data/games/factor_/scripts/opp_vv6_delta_20260928.py:54: FutureWarning: The previous implementation of stack is deprecated and will be removed in a future version of pandas. See the What's New notes for pandas 2.1.0 for details. Specify future_stack=True to adopt the new implementation and silence this warning.
  flat = panel.stack(dropna=False).reindex(market.signal_index).rename("cand")
[VV6_MIX500] finite_share=0.6553
  [VV6_MIX500] vs size_only                        rho=-0.1669
  [VV6_MIX500] vs impact60                         rho=+0.1854
  [VV6_MIX500] vs t10_size_plus_impact_bm          rho=+0.5656
  [VV6_MIX500] vs book_to_market_lf_minus_size     rho=+0.1789
  [VV6_MIX500] vs book_to_market_lf_plus_impact    rho=+0.1640
seat        book_to_market_lf_minus_size  book_to_market_lf_plus_impact  impact60  size_only  t10_size_plus_impact_bm
cand                                                                                                                 
VV6_500                         0.194114                       0.148602  0.109639  -0.154267                 0.495865
VV6_750                         0.191703                       0.154883  0.106275  -0.132510                 0.503190
VV6_MIX500                      0.178933                       0.163957  0.185414  -0.166884                 0.565630
[seed] E=2.6262 NC=0.628
/data/games/factor_/scripts/e_decomp_20260928.py:370: FutureWarning: The previous implementation of stack is deprecated and will be removed in a future version of pandas. See the What's New notes for pandas 2.1.0 for details. Specify future_stack=True to adopt the new implementation and silence this warning.
  flat = oriented_panel.stack(dropna=False).reindex(market.signal_index)
[VV6_500] s_i=0.0454 dE=-0.4237 dT=+0.332 dNC=-0.0953 dC=-1,887 dComb_up=-1,234
/data/games/factor_/scripts/e_decomp_20260928.py:370: FutureWarning: The previous implementation of stack is deprecated and will be removed in a future version of pandas. See the What's New notes for pandas 2.1.0 for details. Specify future_stack=True to adopt the new implementation and silence this warning.
  flat = oriented_panel.stack(dropna=False).reindex(market.signal_index)
[VV6_750] s_i=0.0450 dE=-0.4605 dT=+0.328 dNC=-0.1163 dC=-2,303 dComb_up=-1,660
/data/games/factor_/scripts/e_decomp_20260928.py:370: FutureWarning: The previous implementation of stack is deprecated and will be removed in a future version of pandas. See the What's New notes for pandas 2.1.0 for details. Specify future_stack=True to adopt the new implementation and silence this warning.
  flat = oriented_panel.stack(dropna=False).reindex(market.signal_index)
[VV6_MIX500] s_i=0.0472 dE=-0.2084 dT=+0.207 dNC=-0.0632 dC=-1,250 dComb_up=-553

written /data/games/factor_/research_reports/platform_alignment/e-decomp-20260928/cand_summary.csv (46 candidates)
done
