candidates=16 members=49 members_in_clusters=49
frame rows=9401373 columns=11 downcast=9 elapsed=61.7s
data ready in 82.3s signal_dates=120 stocks=5456
/data/games/factor_/scripts/financial_factor_local.py:370: FutureWarning: The behavior of DataFrame concatenation with empty or all-NA entries is deprecated. In a future version, this will no longer exclude empty or all-NA columns when determining the result dtypes. To retain the old behavior, exclude the relevant entries before the concat operation.
  frame = pd.concat(frames, ignore_index=True)
[chunk] shared caches rows=9401373 elapsed=143.7s
[chunk] 0:30 2021-09-07..2022-11-22 n_days=291
[chunk] 30:60 2022-12-06..2024-02-20 n_days=291
[chunk] 60:90 2024-03-05..2025-05-19 n_days=291
[chunk] 90:120 2025-06-03..2026-08-10 n_days=291
[chunk] 4 chunks ready in 143.7s
[corr] members=49/49 candidates=16/16 missing_members=0 missing_candidates=0
[corr] fast chunk 0:8 elapsed=144s
[corr] fast chunk 8:16 elapsed=144s
[corr] exact recheck pairs |rho|>=0.6: 16
[corr] exact 1/16 cand_0003 elapsed=144s
[corr] exact 3/16 cand_0007 elapsed=144s
[corr] exact 5/16 cand_0008 elapsed=145s
[corr] exact 8/16 cand_0010 elapsed=145s
[corr] exact 9/16 cand_0011 elapsed=145s
[corr] exact 10/16 cand_0012 elapsed=145s
[corr] exact 15/16 cand_0013 elapsed=146s
[corr] exact 16/16 cand_0015 elapsed=146s
[out] wrote candidate_member_correlation_long.csv, candidate_member_correlation_wide.csv, candidate_matches.csv elapsed=146s
[done] total 146s -> /tmp/factor_cluster_20260930/overlap
