seat size_only                        dir=0 name=SIZE-ONLY-20260911 plat_net=21.43 quality=aligned
seat impact60                         dir=1 name=H03-T10-SINGLE plat_net=16.44 quality=aligned
seat t10_size_plus_impact_bm          dir=1 name=T10-ADD-BM-20260911 plat_net=18.09 quality=aligned
seat book_to_market_lf_minus_size     dir=1 name=VERIFY10-E260910-04 plat_net=16.74 quality=aligned
seat book_to_market_lf_plus_impact    dir=1 name=VERIFY10-F260910-12 plat_net=15.05 quality=aligned
signal dates 2021-09-07..2026-08-10 (120)
loading full-A panel
panel rows 9401373 signal rows 598151
  built size_only                        finite_share=1.0000
  built impact60                         finite_share=0.9900
  built t10_size_plus_impact_bm          finite_share=0.8864
  built book_to_market_lf_minus_size     finite_share=0.9992
  built book_to_market_lf_plus_impact    finite_share=0.9892
                          key                name  direction  platform_net_excess_pct  local_net_excess_pct  delta_pp  turnover_pct  sharpe_after_cost  max_drawdown_pct  rank_ic    ic_ir  periods  reference
                    size_only  SIZE-ONLY-20260911          0                21.433288             17.973311 -3.459977      8.468707           0.898979         34.588450 0.052968 0.256269      120  21.433288
                     impact60      H03-T10-SINGLE          1                16.443256             16.682920  0.239664      9.219016           0.934186         28.210487 0.060977 0.348376      120  16.443256
      t10_size_plus_impact_bm T10-ADD-BM-20260911          1                18.092280             15.753164 -2.339116     29.632238           0.890553         29.177317 0.115956 0.410834      120  18.092280
 book_to_market_lf_minus_size VERIFY10-E260910-04          1                16.740680             15.915012 -0.825668      9.591148           0.897922         28.618134 0.079131 0.296551      120  16.740680
book_to_market_lf_plus_impact VERIFY10-F260910-12          1                15.046176             15.227399  0.181223      8.976183           0.924845         27.037737 0.076603 0.311285      120  15.046176
pool: net=20.66 turnover=13.94 sharpe=1.0419 maxdd=29.31 rankIC=0.0908 icIR=0.3540
pool reference {'net_excess_pct': 20.3, 'turnover_pct': 13.39, 'sharpe_after_cost': 1.0648, 'max_drawdown_pct': 31.64, 'rank_ic': 0.0919, 'ic_ir': 0.3675, 'record': 'F-P260922-08'}
written: D:\factor\research_reports\platform_alignment\ab-batch-20260925\seat_panels_rebuilt.pkl (71.5 MB)
