[    0.0s] loading panels cache
[    0.2s] building raw legs
/home/minkefu/.conda/envs/ktransformers/lib/python3.11/site-packages/pandas/core/window/rolling.py:611: RuntimeWarning: All-NaN slice encountered
  return func(x, start, end, min_periods, *numba_args)
[   21.3s] raw legs: 42 (excluded [])
[   21.3s] schedule 5y=122 (2021-09-07..2026-09-07) 1y=17
[   21.3s] ranking + IC 定向
[   22.2s]   leg t_lvl          ic=0.0818 icir=0.422 win=0.642 s_i=0.0222 turn=0.357
[   23.1s]   leg t_ma5          ic=0.0810 icir=0.400 win=0.633 s_i=0.0205 turn=0.287
[   24.0s]   leg t_ma20         ic=0.0717 icir=0.346 win=0.592 s_i=0.0147 turn=0.166
[   24.8s]   leg t_rel_ma5_60   ic=0.0586 icir=0.496 win=0.583 s_i=0.0170 turn=0.581
[   25.7s]   leg t_rel_ma20_60  ic=0.0510 icir=0.430 win=0.567 s_i=0.0124 turn=0.480
[   26.6s]   leg t_std10        ic=0.0824 icir=0.455 win=0.642 s_i=0.0241 turn=0.473
[   27.5s]   leg t_std20        ic=0.0777 icir=0.417 win=0.608 s_i=0.0197 turn=0.316
[   28.4s]   leg t_std10_60     ic=0.0480 icir=0.522 win=0.600 s_i=0.0150 turn=0.645
[   29.2s]   leg t_std20_60     ic=0.0409 icir=0.474 win=0.558 s_i=0.0108 turn=0.546
[   30.1s]   leg v_std10_60     ic=0.0479 icir=0.519 win=0.600 s_i=0.0149 turn=0.650
[   31.0s]   leg v_std20_60     ic=0.0410 icir=0.473 win=0.558 s_i=0.0108 turn=0.549
[   31.9s]   leg a_std20_60     ic=0.0441 icir=0.386 win=0.558 s_i=0.0095 turn=0.476
[   32.8s]   leg v_ma5_60       ic=0.0591 icir=0.495 win=0.558 s_i=0.0163 turn=0.588
[   33.6s]   leg v_ma20_60      ic=0.0517 icir=0.429 win=0.567 s_i=0.0126 turn=0.484
[   34.5s]   leg retrev5        ic=0.0497 icir=0.389 win=0.550 s_i=0.0106 turn=0.874
[   35.3s]   leg retrev10       ic=0.0543 icir=0.362 win=0.558 s_i=0.0110 turn=0.898
[   36.2s]   leg retrev20       ic=0.0855 icir=0.554 win=0.625 s_i=0.0296 turn=0.705
[   37.0s]   leg retmom60       ic=0.0753 icir=0.427 win=0.658 s_i=0.0212 turn=0.468
[   37.9s]   leg cstd20         ic=0.0679 icir=0.309 win=0.558 s_i=0.0117 turn=0.327
[   38.8s]   leg cstd20_60      ic=0.0383 icir=0.351 win=0.567 s_i=0.0076 turn=0.687
[   39.7s]   leg retstd20       ic=0.0803 icir=0.377 win=0.633 s_i=0.0192 turn=0.384
[   40.6s]   leg retstd20_60    ic=0.0327 icir=0.301 win=0.550 s_i=0.0054 turn=0.607
[   41.4s]   leg maxret20       ic=0.0832 icir=0.492 win=0.675 s_i=0.0277 turn=0.531
[   42.3s]   leg minret20       ic=0.0453 icir=0.240 win=0.583 s_i=0.0064 turn=0.510
[   43.2s]   leg hl20           ic=0.0785 icir=0.342 win=0.617 s_i=0.0165 turn=0.285
[   44.1s]   leg amp20          ic=0.0676 icir=0.334 win=0.650 s_i=0.0147 turn=0.519
[   45.0s]   leg intr5          ic=0.0595 icir=0.473 win=0.600 s_i=0.0169 turn=0.881
[   45.9s]   leg intr20         ic=0.0928 icir=0.654 win=0.667 s_i=0.0405 turn=0.687
[   46.8s]   leg drift5         ic=0.0352 icir=0.277 win=0.492 s_i=0.0048 turn=0.876
[   47.6s]   leg drift20        ic=0.0239 icir=0.190 win=0.500 s_i=0.0023 turn=0.048
[   48.5s]   leg closepos20     ic=0.0460 icir=0.342 win=0.525 s_i=0.0083 turn=0.823
[   49.4s]   leg pvcorr20       ic=0.0534 icir=0.572 win=0.675 s_i=0.0206 turn=0.724
[   50.3s]   leg vretcorr20     ic=0.0412 icir=0.505 win=0.617 s_i=0.0128 turn=0.707
[   51.1s]   leg amihud20       ic=0.0703 icir=0.397 win=0.675 s_i=0.0188 turn=0.226
[   52.0s]   leg amt60          ic=0.0838 icir=0.502 win=0.683 s_i=0.0287 turn=0.114
[   52.9s]   leg skew20         ic=0.0358 icir=0.487 win=0.542 s_i=0.0094 turn=0.693
[   53.8s]   leg downup         ic=0.0657 icir=0.585 win=0.658 s_i=0.0253 turn=0.720
[   54.7s]   leg vdiff          ic=0.0304 icir=0.314 win=0.567 s_i=0.0054 turn=0.887
[   55.6s]   leg tdiff          ic=0.0305 icir=0.316 win=0.567 s_i=0.0055 turn=0.888
[   56.4s]   leg vs_250         ic=0.0753 icir=0.678 win=0.700 s_i=0.0357 turn=0.672
[   57.1s]   leg vs_500         ic=0.0845 icir=0.738 win=0.733 s_i=0.0457 turn=0.662
[   57.8s]   leg vs_756         ic=0.0873 icir=0.754 win=0.750 s_i=0.0494 turn=0.663
[   57.8s] legs table -> /data/games/factor_/research_reports/platform_alignment/legmix-next-20260929/legs_lam002.csv
[   63.7s] K= 1 +vs_756       key=0.0421 s_i=0.0494 (ic 0.0873 icir 0.754 win 0.750) 1y s_i=0.0194 | turn10=0.663 proxy=0.2387 corr_size=-0.19
[   70.8s] K= 2 +amt60        key=0.0517 s_i=0.0548 (ic 0.1101 icir 0.678 win 0.733) 1y s_i=0.0343 | turn10=0.453 proxy=0.1562 corr_size=-0.52
[   77.7s] K= 3 +intr20       key=0.0678 s_i=0.0725 (ic 0.1240 icir 0.780 win 0.750) 1y s_i=0.0360 | turn10=0.538 proxy=0.1806 corr_size=-0.42
[   84.4s] K= 4 +pvcorr20     key=0.0689 s_i=0.0737 (ic 0.1224 icir 0.803 win 0.750) 1y s_i=0.0460 | turn10=0.539 proxy=0.1877 corr_size=-0.32
[   90.7s] stop: no improvement at K=5 (key 0.06799 <= 0.06888)
[   90.7s] selected: vs_756 + amt60 + intr20 + pvcorr20
[   90.7s] wrote /data/games/factor_/research_reports/platform_alignment/legmix-next-20260929/lam002_specs.json
