[    0.0s] loading panels cache
[    0.2s] building raw legs
/home/minkefu/.conda/envs/ktransformers/lib/python3.11/site-packages/pandas/core/window/rolling.py:611: RuntimeWarning: All-NaN slice encountered
  return func(x, start, end, min_periods, *numba_args)
[   21.8s] raw legs: 42 (excluded [])
[   21.8s] schedule 5y=122 (2021-09-07..2026-09-07) 1y=17
[   21.8s] ranking + IC 定向
[   22.7s]   leg t_lvl          ic=0.0818 icir=0.422 win=0.642 s_i=0.0222 turn=0.357
[   23.6s]   leg t_ma5          ic=0.0810 icir=0.400 win=0.633 s_i=0.0205 turn=0.287
[   24.5s]   leg t_ma20         ic=0.0717 icir=0.346 win=0.592 s_i=0.0147 turn=0.166
[   25.4s]   leg t_rel_ma5_60   ic=0.0586 icir=0.496 win=0.583 s_i=0.0170 turn=0.581
[   26.2s]   leg t_rel_ma20_60  ic=0.0510 icir=0.430 win=0.567 s_i=0.0124 turn=0.480
[   27.1s]   leg t_std10        ic=0.0824 icir=0.455 win=0.642 s_i=0.0241 turn=0.473
[   28.0s]   leg t_std20        ic=0.0777 icir=0.417 win=0.608 s_i=0.0197 turn=0.316
[   28.9s]   leg t_std10_60     ic=0.0480 icir=0.522 win=0.600 s_i=0.0150 turn=0.645
[   29.8s]   leg t_std20_60     ic=0.0409 icir=0.474 win=0.558 s_i=0.0108 turn=0.546
[   30.7s]   leg v_std10_60     ic=0.0479 icir=0.519 win=0.600 s_i=0.0149 turn=0.650
[   31.6s]   leg v_std20_60     ic=0.0410 icir=0.473 win=0.558 s_i=0.0108 turn=0.549
[   32.5s]   leg a_std20_60     ic=0.0441 icir=0.386 win=0.558 s_i=0.0095 turn=0.476
[   33.4s]   leg v_ma5_60       ic=0.0591 icir=0.495 win=0.558 s_i=0.0163 turn=0.588
[   34.3s]   leg v_ma20_60      ic=0.0517 icir=0.429 win=0.567 s_i=0.0126 turn=0.484
[   35.1s]   leg retrev5        ic=0.0497 icir=0.389 win=0.550 s_i=0.0106 turn=0.874
[   36.0s]   leg retrev10       ic=0.0543 icir=0.362 win=0.558 s_i=0.0110 turn=0.898
[   36.9s]   leg retrev20       ic=0.0855 icir=0.554 win=0.625 s_i=0.0296 turn=0.705
[   37.7s]   leg retmom60       ic=0.0753 icir=0.427 win=0.658 s_i=0.0212 turn=0.468
[   38.6s]   leg cstd20         ic=0.0679 icir=0.309 win=0.558 s_i=0.0117 turn=0.327
[   39.5s]   leg cstd20_60      ic=0.0383 icir=0.351 win=0.567 s_i=0.0076 turn=0.687
[   40.4s]   leg retstd20       ic=0.0803 icir=0.377 win=0.633 s_i=0.0192 turn=0.384
[   41.3s]   leg retstd20_60    ic=0.0327 icir=0.301 win=0.550 s_i=0.0054 turn=0.607
[   42.2s]   leg maxret20       ic=0.0832 icir=0.492 win=0.675 s_i=0.0277 turn=0.531
[   43.1s]   leg minret20       ic=0.0453 icir=0.240 win=0.583 s_i=0.0064 turn=0.510
[   44.0s]   leg hl20           ic=0.0785 icir=0.342 win=0.617 s_i=0.0165 turn=0.285
[   44.9s]   leg amp20          ic=0.0676 icir=0.334 win=0.650 s_i=0.0147 turn=0.519
[   45.8s]   leg intr5          ic=0.0595 icir=0.473 win=0.600 s_i=0.0169 turn=0.881
[   46.7s]   leg intr20         ic=0.0928 icir=0.654 win=0.667 s_i=0.0405 turn=0.687
[   47.6s]   leg drift5         ic=0.0352 icir=0.277 win=0.492 s_i=0.0048 turn=0.876
[   48.5s]   leg drift20        ic=0.0239 icir=0.190 win=0.500 s_i=0.0023 turn=0.048
[   49.4s]   leg closepos20     ic=0.0460 icir=0.342 win=0.525 s_i=0.0083 turn=0.823
[   50.3s]   leg pvcorr20       ic=0.0534 icir=0.572 win=0.675 s_i=0.0206 turn=0.724
[   51.2s]   leg vretcorr20     ic=0.0412 icir=0.505 win=0.617 s_i=0.0128 turn=0.707
[   52.1s]   leg amihud20       ic=0.0703 icir=0.397 win=0.675 s_i=0.0188 turn=0.226
[   53.0s]   leg amt60          ic=0.0838 icir=0.502 win=0.683 s_i=0.0287 turn=0.114
[   53.9s]   leg skew20         ic=0.0358 icir=0.487 win=0.542 s_i=0.0094 turn=0.693
[   54.8s]   leg downup         ic=0.0657 icir=0.585 win=0.658 s_i=0.0253 turn=0.720
[   55.7s]   leg vdiff          ic=0.0304 icir=0.314 win=0.567 s_i=0.0054 turn=0.887
[   56.7s]   leg tdiff          ic=0.0305 icir=0.316 win=0.567 s_i=0.0055 turn=0.888
[   57.5s]   leg vs_250         ic=0.0753 icir=0.678 win=0.700 s_i=0.0357 turn=0.672
[   58.2s]   leg vs_500         ic=0.0845 icir=0.738 win=0.733 s_i=0.0457 turn=0.662
[   58.9s]   leg vs_756         ic=0.0873 icir=0.754 win=0.750 s_i=0.0494 turn=0.663
[   58.9s] legs table -> /data/games/factor_/research_reports/platform_alignment/legmix-next-20260929/legs_lam000.csv
[   65.0s] K= 1 +vs_756       key=0.0494 s_i=0.0494 (ic 0.0873 icir 0.754 win 0.750) 1y s_i=0.0194 | turn10=0.663 proxy=0.2387 corr_size=-0.19
[   72.3s] K= 2 +intr20       key=0.0551 s_i=0.0551 (ic 0.1057 icir 0.753 win 0.692) 1y s_i=0.0177 | turn10=0.706 proxy=0.2274 corr_size=-0.14
[   79.4s] K= 3 +amt60        key=0.0725 s_i=0.0725 (ic 0.1240 icir 0.780 win 0.750) 1y s_i=0.0360 | turn10=0.538 proxy=0.1806 corr_size=-0.42
[   86.3s] K= 4 +pvcorr20     key=0.0737 s_i=0.0737 (ic 0.1224 icir 0.803 win 0.750) 1y s_i=0.0460 | turn10=0.539 proxy=0.1877 corr_size=-0.32
[   92.9s] K= 5 +retrev5      key=0.0741 s_i=0.0741 (ic 0.1200 icir 0.823 win 0.750) 1y s_i=0.0291 | turn10=0.633 proxy=0.2223 corr_size=-0.28
[   99.3s] K= 6 +maxret20     key=0.0743 s_i=0.0743 (ic 0.1211 icir 0.818 win 0.750) 1y s_i=0.0365 | turn10=0.615 proxy=0.2060 corr_size=-0.22
[  105.6s] K= 7 +amihud20     key=0.0800 s_i=0.0800 (ic 0.1274 icir 0.810 win 0.775) 1y s_i=0.0436 | turn10=0.529 proxy=0.1819 corr_size=-0.38
[  111.6s] K= 8 +drift20      key=0.0800 s_i=0.0800 (ic 0.1269 icir 0.814 win 0.775) 1y s_i=0.0457 | turn10=0.513 proxy=0.1782 corr_size=-0.30
[  117.2s] stop: no improvement at K=9 (key 0.07839 <= 0.08005)
[  117.2s] selected: vs_756 + intr20 + amt60 + pvcorr20 + retrev5 + maxret20 + amihud20 + drift20
[  117.2s] wrote /data/games/factor_/research_reports/platform_alignment/legmix-next-20260929/lam000_specs.json
