[    0.0s] loading panels cache
[    0.2s] building raw legs
/home/minkefu/.conda/envs/ktransformers/lib/python3.11/site-packages/pandas/core/window/rolling.py:611: RuntimeWarning: All-NaN slice encountered
  return func(x, start, end, min_periods, *numba_args)
[   21.3s] raw legs: 42 (excluded [])
[   21.3s] schedule 5y=122 (2021-09-07..2026-09-07) 1y=17
[   21.3s] ranking + IC 定向
[   22.2s]   leg t_lvl          ic=0.0818 icir=0.422 win=0.642 s_i=0.0222 turn=0.357
[   23.1s]   leg t_ma5          ic=0.0810 icir=0.400 win=0.633 s_i=0.0205 turn=0.287
[   24.0s]   leg t_ma20         ic=0.0717 icir=0.346 win=0.592 s_i=0.0147 turn=0.166
[   24.9s]   leg t_rel_ma5_60   ic=0.0586 icir=0.496 win=0.583 s_i=0.0170 turn=0.581
[   25.8s]   leg t_rel_ma20_60  ic=0.0510 icir=0.430 win=0.567 s_i=0.0124 turn=0.480
[   26.7s]   leg t_std10        ic=0.0824 icir=0.455 win=0.642 s_i=0.0241 turn=0.473
[   27.5s]   leg t_std20        ic=0.0777 icir=0.417 win=0.608 s_i=0.0197 turn=0.316
[   28.4s]   leg t_std10_60     ic=0.0480 icir=0.522 win=0.600 s_i=0.0150 turn=0.645
[   29.3s]   leg t_std20_60     ic=0.0409 icir=0.474 win=0.558 s_i=0.0108 turn=0.546
[   30.2s]   leg v_std10_60     ic=0.0479 icir=0.519 win=0.600 s_i=0.0149 turn=0.650
[   31.1s]   leg v_std20_60     ic=0.0410 icir=0.473 win=0.558 s_i=0.0108 turn=0.549
[   32.0s]   leg a_std20_60     ic=0.0441 icir=0.386 win=0.558 s_i=0.0095 turn=0.476
[   32.8s]   leg v_ma5_60       ic=0.0591 icir=0.495 win=0.558 s_i=0.0163 turn=0.588
[   33.7s]   leg v_ma20_60      ic=0.0517 icir=0.429 win=0.567 s_i=0.0126 turn=0.484
[   34.6s]   leg retrev5        ic=0.0497 icir=0.389 win=0.550 s_i=0.0106 turn=0.874
[   35.5s]   leg retrev10       ic=0.0543 icir=0.362 win=0.558 s_i=0.0110 turn=0.898
[   36.3s]   leg retrev20       ic=0.0855 icir=0.554 win=0.625 s_i=0.0296 turn=0.705
[   37.2s]   leg retmom60       ic=0.0753 icir=0.427 win=0.658 s_i=0.0212 turn=0.468
[   38.1s]   leg cstd20         ic=0.0679 icir=0.309 win=0.558 s_i=0.0117 turn=0.327
[   39.0s]   leg cstd20_60      ic=0.0383 icir=0.351 win=0.567 s_i=0.0076 turn=0.687
[   39.9s]   leg retstd20       ic=0.0803 icir=0.377 win=0.633 s_i=0.0192 turn=0.384
[   40.8s]   leg retstd20_60    ic=0.0327 icir=0.301 win=0.550 s_i=0.0054 turn=0.607
[   41.7s]   leg maxret20       ic=0.0832 icir=0.492 win=0.675 s_i=0.0277 turn=0.531
[   42.6s]   leg minret20       ic=0.0453 icir=0.240 win=0.583 s_i=0.0064 turn=0.510
[   43.5s]   leg hl20           ic=0.0785 icir=0.342 win=0.617 s_i=0.0165 turn=0.285
[   44.3s]   leg amp20          ic=0.0676 icir=0.334 win=0.650 s_i=0.0147 turn=0.519
[   45.2s]   leg intr5          ic=0.0595 icir=0.473 win=0.600 s_i=0.0169 turn=0.881
[   46.1s]   leg intr20         ic=0.0928 icir=0.654 win=0.667 s_i=0.0405 turn=0.687
[   47.1s]   leg drift5         ic=0.0352 icir=0.277 win=0.492 s_i=0.0048 turn=0.876
[   48.0s]   leg drift20        ic=0.0239 icir=0.190 win=0.500 s_i=0.0023 turn=0.048
[   48.8s]   leg closepos20     ic=0.0460 icir=0.342 win=0.525 s_i=0.0083 turn=0.823
[   49.7s]   leg pvcorr20       ic=0.0534 icir=0.572 win=0.675 s_i=0.0206 turn=0.724
[   50.6s]   leg vretcorr20     ic=0.0412 icir=0.505 win=0.617 s_i=0.0128 turn=0.707
[   51.5s]   leg amihud20       ic=0.0703 icir=0.397 win=0.675 s_i=0.0188 turn=0.226
[   52.4s]   leg amt60          ic=0.0838 icir=0.502 win=0.683 s_i=0.0287 turn=0.114
[   53.3s]   leg skew20         ic=0.0358 icir=0.487 win=0.542 s_i=0.0094 turn=0.693
[   54.2s]   leg downup         ic=0.0657 icir=0.585 win=0.658 s_i=0.0253 turn=0.720
[   55.1s]   leg vdiff          ic=0.0304 icir=0.314 win=0.567 s_i=0.0054 turn=0.887
[   56.0s]   leg tdiff          ic=0.0305 icir=0.316 win=0.567 s_i=0.0055 turn=0.888
[   56.8s]   leg vs_250         ic=0.0753 icir=0.678 win=0.700 s_i=0.0357 turn=0.672
[   57.5s]   leg vs_500         ic=0.0845 icir=0.738 win=0.733 s_i=0.0457 turn=0.662
[   58.1s]   leg vs_756         ic=0.0873 icir=0.754 win=0.750 s_i=0.0494 turn=0.663
[   58.1s] legs table -> /data/games/factor_/research_reports/platform_alignment/legmix-next-20260929/legs_lam010.csv
[   64.2s] K= 1 +amt60        key=0.0287 s_i=0.0287 (ic 0.0838 icir 0.502 win 0.683) 1y s_i=0.0285 | turn10=0.114 proxy=0.0303 corr_size=-0.66
[   72.5s] K= 2 +intr20       key=0.0441 s_i=0.0635 (ic 0.1163 icir 0.736 win 0.742) 1y s_i=0.0310 | turn10=0.493 proxy=0.1543 corr_size=-0.48
[   80.5s] K= 3 +t_std20      key=0.0531 s_i=0.0665 (ic 0.1175 icir 0.746 win 0.758) 1y s_i=0.0342 | turn10=0.434 proxy=0.1395 corr_size=-0.22
[   88.1s] K= 4 +amihud20     key=0.0587 s_i=0.0649 (ic 0.1162 icir 0.728 win 0.767) 1y s_i=0.0397 | turn10=0.362 proxy=0.1116 corr_size=-0.45
[   95.5s] K= 5 +vs_756       key=0.0622 s_i=0.0729 (ic 0.1249 icir 0.753 win 0.775) 1y s_i=0.0438 | turn10=0.407 proxy=0.1366 corr_size=-0.41
[  101.6s] stop: no improvement at K=6 (key 0.06032 <= 0.06215)
[  101.6s] selected: amt60 + intr20 + t_std20 + amihud20 + vs_756
[  101.6s] wrote /data/games/factor_/research_reports/platform_alignment/legmix-next-20260929/lam010_specs.json
