[    0.0s] loading panels cache
[    0.2s] building raw legs
/home/minkefu/.conda/envs/ktransformers/lib/python3.11/site-packages/pandas/core/window/rolling.py:611: RuntimeWarning: All-NaN slice encountered
  return func(x, start, end, min_periods, *numba_args)
[   21.4s] raw legs: 42 (excluded [])
[   21.4s] schedule 5y=122 (2021-09-07..2026-09-07) 1y=17
[   21.4s] ranking + IC 定向
[   22.3s]   leg t_lvl          ic=0.0818 icir=0.422 win=0.642 s_i=0.0222 turn=0.357
[   23.2s]   leg t_ma5          ic=0.0810 icir=0.400 win=0.633 s_i=0.0205 turn=0.287
[   24.0s]   leg t_ma20         ic=0.0717 icir=0.346 win=0.592 s_i=0.0147 turn=0.166
[   24.9s]   leg t_rel_ma5_60   ic=0.0586 icir=0.496 win=0.583 s_i=0.0170 turn=0.581
[   25.8s]   leg t_rel_ma20_60  ic=0.0510 icir=0.430 win=0.567 s_i=0.0124 turn=0.480
[   26.7s]   leg t_std10        ic=0.0824 icir=0.455 win=0.642 s_i=0.0241 turn=0.473
[   27.6s]   leg t_std20        ic=0.0777 icir=0.417 win=0.608 s_i=0.0197 turn=0.316
[   28.4s]   leg t_std10_60     ic=0.0480 icir=0.522 win=0.600 s_i=0.0150 turn=0.645
[   29.3s]   leg t_std20_60     ic=0.0409 icir=0.474 win=0.558 s_i=0.0108 turn=0.546
[   30.2s]   leg v_std10_60     ic=0.0479 icir=0.519 win=0.600 s_i=0.0149 turn=0.650
[   31.1s]   leg v_std20_60     ic=0.0410 icir=0.473 win=0.558 s_i=0.0108 turn=0.549
[   32.0s]   leg a_std20_60     ic=0.0441 icir=0.386 win=0.558 s_i=0.0095 turn=0.476
[   32.8s]   leg v_ma5_60       ic=0.0591 icir=0.495 win=0.558 s_i=0.0163 turn=0.588
[   33.7s]   leg v_ma20_60      ic=0.0517 icir=0.429 win=0.567 s_i=0.0126 turn=0.484
[   34.6s]   leg retrev5        ic=0.0497 icir=0.389 win=0.550 s_i=0.0106 turn=0.874
[   35.4s]   leg retrev10       ic=0.0543 icir=0.362 win=0.558 s_i=0.0110 turn=0.898
[   36.3s]   leg retrev20       ic=0.0855 icir=0.554 win=0.625 s_i=0.0296 turn=0.705
[   37.1s]   leg retmom60       ic=0.0753 icir=0.427 win=0.658 s_i=0.0212 turn=0.468
[   38.0s]   leg cstd20         ic=0.0679 icir=0.309 win=0.558 s_i=0.0117 turn=0.327
[   38.9s]   leg cstd20_60      ic=0.0383 icir=0.351 win=0.567 s_i=0.0076 turn=0.687
[   39.8s]   leg retstd20       ic=0.0803 icir=0.377 win=0.633 s_i=0.0192 turn=0.384
[   40.6s]   leg retstd20_60    ic=0.0327 icir=0.301 win=0.550 s_i=0.0054 turn=0.607
[   41.5s]   leg maxret20       ic=0.0832 icir=0.492 win=0.675 s_i=0.0277 turn=0.531
[   42.4s]   leg minret20       ic=0.0453 icir=0.240 win=0.583 s_i=0.0064 turn=0.510
[   43.3s]   leg hl20           ic=0.0785 icir=0.342 win=0.617 s_i=0.0165 turn=0.285
[   44.2s]   leg amp20          ic=0.0676 icir=0.334 win=0.650 s_i=0.0147 turn=0.519
[   45.1s]   leg intr5          ic=0.0595 icir=0.473 win=0.600 s_i=0.0169 turn=0.881
[   46.0s]   leg intr20         ic=0.0928 icir=0.654 win=0.667 s_i=0.0405 turn=0.687
[   46.9s]   leg drift5         ic=0.0352 icir=0.277 win=0.492 s_i=0.0048 turn=0.876
[   47.7s]   leg drift20        ic=0.0239 icir=0.190 win=0.500 s_i=0.0023 turn=0.048
[   48.6s]   leg closepos20     ic=0.0460 icir=0.342 win=0.525 s_i=0.0083 turn=0.823
[   49.5s]   leg pvcorr20       ic=0.0534 icir=0.572 win=0.675 s_i=0.0206 turn=0.724
[   50.4s]   leg vretcorr20     ic=0.0412 icir=0.505 win=0.617 s_i=0.0128 turn=0.707
[   51.2s]   leg amihud20       ic=0.0703 icir=0.397 win=0.675 s_i=0.0188 turn=0.226
[   52.1s]   leg amt60          ic=0.0838 icir=0.502 win=0.683 s_i=0.0287 turn=0.114
[   53.0s]   leg skew20         ic=0.0358 icir=0.487 win=0.542 s_i=0.0094 turn=0.693
[   53.9s]   leg downup         ic=0.0657 icir=0.585 win=0.658 s_i=0.0253 turn=0.720
[   54.8s]   leg vdiff          ic=0.0304 icir=0.314 win=0.567 s_i=0.0054 turn=0.887
[   55.7s]   leg tdiff          ic=0.0305 icir=0.316 win=0.567 s_i=0.0055 turn=0.888
[   56.5s]   leg vs_250         ic=0.0753 icir=0.678 win=0.700 s_i=0.0357 turn=0.672
[   57.2s]   leg vs_500         ic=0.0845 icir=0.738 win=0.733 s_i=0.0457 turn=0.662
[   57.9s]   leg vs_756         ic=0.0873 icir=0.754 win=0.750 s_i=0.0494 turn=0.663
[   57.9s] legs table -> /data/games/factor_/research_reports/platform_alignment/legmix-next-20260929/legs_lam020.csv
[   63.9s] K= 1 +amt60        key=0.0287 s_i=0.0287 (ic 0.0838 icir 0.502 win 0.683) 1y s_i=0.0285 | turn10=0.114 proxy=0.0303 corr_size=-0.66
[   71.9s] K= 2 +t_lvl        key=0.0429 s_i=0.0429 (ic 0.1028 icir 0.583 win 0.717) 1y s_i=0.0208 | turn10=0.289 proxy=0.0955 corr_size=-0.26
[   79.9s] K= 3 +amihud20     key=0.0433 s_i=0.0433 (ic 0.0999 icir 0.604 win 0.717) 1y s_i=0.0344 | turn10=0.267 proxy=0.0714 corr_size=-0.51
[   87.5s] K= 4 +intr20       key=0.0482 s_i=0.0633 (ic 0.1170 icir 0.721 win 0.750) 1y s_i=0.0346 | turn10=0.375 proxy=0.1163 corr_size=-0.46
[   95.0s] K= 5 +drift20      key=0.0533 s_i=0.0618 (ic 0.1137 icir 0.733 win 0.742) 1y s_i=0.0366 | turn10=0.342 proxy=0.1132 corr_size=-0.34
[  102.0s] K= 6 +t_ma20       key=0.0552 s_i=0.0556 (ic 0.1106 icir 0.670 win 0.750) 1y s_i=0.0310 | turn10=0.302 proxy=0.1021 corr_size=-0.20
[  108.8s] stop: no improvement at K=7 (key 0.05175 <= 0.05522)
[  108.8s] selected: amt60 + t_lvl + amihud20 + intr20 + drift20 + t_ma20
[  108.8s] wrote /data/games/factor_/research_reports/platform_alignment/legmix-next-20260929/lam020_specs.json
