seats (552290, 5); signal rows 552290; dates 120
loading full-A frame
frame rows 8584574 instruments 5395 calendar 2107
close panel (2107, 5395)
building TushareStockData
context signal dates 120 2021-09-07..2026-08-10
[   86.3s] market ready
[   86.8s] [seed] E=2.6262 NC=0.628 T=0.292
[   86.8s] panels from cache
[   86.9s] panels ready
/home/minkefu/.conda/envs/ktransformers/lib/python3.11/site-packages/pandas/core/window/rolling.py:611: RuntimeWarning: All-NaN slice encountered
  return func(x, start, end, min_periods, *numba_args)
/data/games/factor_/scripts/e_decomp_direct_20260929.py:242: FutureWarning: The previous implementation of stack is deprecated and will be removed in a future version of pandas. See the What's New notes for pandas 2.1.0 for details. Specify future_stack=True to adopt the new implementation and silence this warning.
  flat = oriented.stack(dropna=False).reindex(market.signal_index)
[  114.0s] [LEGMIX7] s_i=0.0794 corrSz=-0.40 dE=-0.0806 dT=+0.175 dNC=-0.0300 dC=-595 dComb_up=+901
/data/games/factor_/scripts/e_decomp_direct_20260929.py:242: FutureWarning: The previous implementation of stack is deprecated and will be removed in a future version of pandas. See the What's New notes for pandas 2.1.0 for details. Specify future_stack=True to adopt the new implementation and silence this warning.
  flat = oriented.stack(dropna=False).reindex(market.signal_index)
[  119.6s] [LAMD0-K6] s_i=0.0740 corrSz=-0.22 dE=-0.1225 dT=+0.183 dNC=-0.0432 dC=-855 dComb_up=+507
/data/games/factor_/scripts/e_decomp_direct_20260929.py:242: FutureWarning: The previous implementation of stack is deprecated and will be removed in a future version of pandas. See the What's New notes for pandas 2.1.0 for details. Specify future_stack=True to adopt the new implementation and silence this warning.
  flat = oriented.stack(dropna=False).reindex(market.signal_index)
[  125.8s] [LAMD0-K7] s_i=0.0796 corrSz=-0.38 dE=-0.0869 dT=+0.154 dNC=-0.0290 dC=-574 dComb_up=+927
/data/games/factor_/scripts/e_decomp_direct_20260929.py:242: FutureWarning: The previous implementation of stack is deprecated and will be removed in a future version of pandas. See the What's New notes for pandas 2.1.0 for details. Specify future_stack=True to adopt the new implementation and silence this warning.
  flat = oriented.stack(dropna=False).reindex(market.signal_index)
[  132.9s] [LAMD0-K8] s_i=0.0797 corrSz=-0.30 dE=-0.1590 dT=+0.150 dNC=-0.0455 dC=-901 dComb_up=+604
/data/games/factor_/scripts/e_decomp_direct_20260929.py:242: FutureWarning: The previous implementation of stack is deprecated and will be removed in a future version of pandas. See the What's New notes for pandas 2.1.0 for details. Specify future_stack=True to adopt the new implementation and silence this warning.
  flat = oriented.stack(dropna=False).reindex(market.signal_index)
[  137.8s] [LAMD10-K5] s_i=0.0726 corrSz=-0.41 dE=+0.0901 dT=+0.107 dNC=-0.0145 dC=-287 dComb_up=+1,042
/data/games/factor_/scripts/e_decomp_direct_20260929.py:242: FutureWarning: The previous implementation of stack is deprecated and will be removed in a future version of pandas. See the What's New notes for pandas 2.1.0 for details. Specify future_stack=True to adopt the new implementation and silence this warning.
  flat = oriented.stack(dropna=False).reindex(market.signal_index)
[  143.0s] [LAMD20-K5] s_i=0.0610 corrSz=-0.34 dE=-0.2242 dT=+0.071 dNC=-0.0202 dC=-400 dComb_up=+640
/data/games/factor_/scripts/e_decomp_direct_20260929.py:242: FutureWarning: The previous implementation of stack is deprecated and will be removed in a future version of pandas. See the What's New notes for pandas 2.1.0 for details. Specify future_stack=True to adopt the new implementation and silence this warning.
  flat = oriented.stack(dropna=False).reindex(market.signal_index)
[  148.9s] [LAMD20-K6] s_i=0.0556 corrSz=-0.20 dE=-0.2311 dT=+0.061 dNC=-0.0310 dC=-614 dComb_up=+292
/data/games/factor_/scripts/e_decomp_direct_20260929.py:242: FutureWarning: The previous implementation of stack is deprecated and will be removed in a future version of pandas. See the What's New notes for pandas 2.1.0 for details. Specify future_stack=True to adopt the new implementation and silence this warning.
  flat = oriented.stack(dropna=False).reindex(market.signal_index)
[  154.6s] [LAMD40-K6] s_i=0.0516 corrSz=-0.20 dE=-0.2177 dT=+0.061 dNC=-0.0288 dC=-571 dComb_up=+234
/data/games/factor_/scripts/e_decomp_direct_20260929.py:242: FutureWarning: The previous implementation of stack is deprecated and will be removed in a future version of pandas. See the What's New notes for pandas 2.1.0 for details. Specify future_stack=True to adopt the new implementation and silence this warning.
  flat = oriented.stack(dropna=False).reindex(market.signal_index)
[  162.5s] [SEED7-K9] s_i=0.0797 corrSz=-0.32 dE=-0.1687 dT=+0.185 dNC=-0.0378 dC=-749 dComb_up=+754

== 直接面板候选池级全账（6 席 vs 5 席）==
     name      base       src  k  n   w  direction swap  finite_share  rank_ic  ic_ir    win  s_i_local  corr_size  turn_intrinsic  turn_pool_seed  d_e_mean  d_e_median  d_t_mean  d_nc_mean  d_c_points  d_a_points_local  d_a_points_uplift  d_comb_uplift  d_a_poolrule  d_comb_poolrule  pos_months  months
LAMD10-K5 composite composite  5  0 1.0          1 none        0.5642   0.1246 0.7523 0.7750     0.0726    -0.4113          0.1995          0.1458    0.0901      0.0029    0.1073    -0.0145   -286.6937          981.3425          1328.9003      1042.2066      857.1892         570.4955           3      60
 LAMD0-K7 composite composite  7  0 1.0          1 none        0.5642   0.1269 0.8091 0.7750     0.0796    -0.3819          0.2225          0.1458   -0.0869     -0.0100    0.1535    -0.0290   -573.7761         1108.4948          1501.0855       927.3093      984.3415         410.5653           3      60
  LEGMIX7 composite composite  7  0 1.0          1 none        0.8306   0.1224 0.8194 0.7917     0.0794    -0.3998          0.2331          0.1458   -0.0806     -0.0215    0.1746    -0.0300   -594.8820         1104.9251          1496.2516       901.3696      980.7718         385.8898           2      60
 SEED7-K9 composite composite  9  0 1.0          1 none        0.7544   0.1226 0.8384 0.7750     0.0797    -0.3235          0.2385          0.1458   -0.1687     -0.0146    0.1854    -0.0378   -749.2125         1110.1220          1503.2891       754.0766      985.9687         236.7562           1      60
LAMD20-K5 composite composite  5  0 1.0          1 none        0.8306   0.1136 0.7326 0.7333     0.0610    -0.3437          0.1813          0.1458   -0.2242     -0.0368    0.0710    -0.0202   -399.5445          767.9896          1039.9851       640.4406      643.8363         244.2917           2      60
 LAMD0-K8 composite composite  8  0 1.0          1 none        0.5642   0.1265 0.8132 0.7750     0.0797    -0.3001          0.2208          0.1458   -0.1590     -0.0340    0.1500    -0.0455   -900.5716         1111.3713          1504.9808       604.4092      987.2180          86.6464           3      60
 LAMD0-K6 composite composite  6  0 1.0          1 none        0.5642   0.1207 0.8171 0.7500     0.0740    -0.2197          0.2372          0.1458   -0.1225     -0.0215    0.1828    -0.0432   -854.5234         1005.4705          1361.5735       507.0501      881.3171          26.7938           3      60
LAMD20-K6 composite composite  6  0 1.0          1 none        0.8306   0.1105 0.6709 0.7500     0.0556    -0.1971          0.1765          0.1458   -0.2311     -0.0419    0.0614    -0.0310   -613.8020          668.8886           905.7860       291.9839      544.7353         -69.0667           1      60
LAMD40-K6 composite composite  6  0 1.0          1 none        0.8302   0.1094 0.6573 0.7167     0.0516    -0.2049          0.1761          0.1458   -0.2177     -0.0224    0.0606    -0.0288   -571.2047          594.6084           805.1983       233.9935      470.4551        -100.7496           2      60
[  162.6s] done
