[    0.0s] 17 candidates from lam000_specs.json,lam002_specs.json,lam005_specs.json,lam010_specs.json,lam020_specs.json,lam040_specs.json,lam010_seed7_specs.json
[    0.4s] panels+payload ready
[    0.6s] 5 席池基线换手/次 = 0.1346（平台实测 0.2410）
/home/minkefu/.conda/envs/ktransformers/lib/python3.11/site-packages/pandas/core/window/rolling.py:611: RuntimeWarning: All-NaN slice encountered
  return func(x, start, end, min_periods, *numba_args)
[   24.2s] [        lam000K4] s_i=0.0737 icir=0.803 win=0.750 turn=0.538 corrSz=-0.32 dT=+0.0822 T6=0.217 dA=+876
[   25.3s] [        lam000K5] s_i=0.0741 icir=0.823 win=0.750 turn=0.631 corrSz=-0.28 dT=+0.1004 T6=0.235 dA=+884
[   26.4s] [        lam000K6] s_i=0.0743 icir=0.818 win=0.750 turn=0.614 corrSz=-0.22 dT=+0.0931 T6=0.228 dA=+888
[   27.5s] [        lam000K7] s_i=0.0800 icir=0.810 win=0.775 turn=0.528 corrSz=-0.38 dT=+0.0783 T6=0.213 dA=+991
[   28.7s] [        lam000K8] s_i=0.0800 icir=0.814 win=0.775 turn=0.511 corrSz=-0.30 dT=+0.0765 T6=0.211 dA=+993
[   29.0s] [        lam002K4] s_i=0.0737 icir=0.803 win=0.750 turn=0.538 corrSz=-0.32 dT=+0.0822 T6=0.217 dA=+876
[   29.4s] [        lam005K4] s_i=0.0737 icir=0.803 win=0.750 turn=0.538 corrSz=-0.32 dT=+0.0822 T6=0.217 dA=+876
[   30.5s] [        lam010K4] s_i=0.0649 icir=0.728 win=0.767 turn=0.362 corrSz=-0.45 dT=+0.0385 T6=0.173 dA=+715
[   30.9s] [        lam010K5] s_i=0.0729 icir=0.753 win=0.775 turn=0.407 corrSz=-0.41 dT=+0.0550 T6=0.190 dA=+862
[   32.0s] [        lam020K4] s_i=0.0633 icir=0.721 win=0.750 turn=0.375 corrSz=-0.46 dT=+0.0408 T6=0.175 dA=+685
[   32.5s] [        lam020K5] s_i=0.0618 icir=0.733 win=0.742 turn=0.340 corrSz=-0.34 dT=+0.0363 T6=0.171 dA=+658
[   33.6s] [        lam020K6] s_i=0.0556 icir=0.670 win=0.750 turn=0.300 corrSz=-0.20 dT=+0.0316 T6=0.166 dA=+544
[   34.1s] [        lam040K4] s_i=0.0467 icir=0.619 win=0.725 turn=0.262 corrSz=-0.31 dT=+0.0242 T6=0.159 dA=+381
[   35.2s] [        lam040K5] s_i=0.0511 icir=0.662 win=0.692 turn=0.303 corrSz=-0.29 dT=+0.0336 T6=0.168 dA=+462
[   35.6s] [        lam040K6] s_i=0.0516 icir=0.657 win=0.717 turn=0.282 corrSz=-0.20 dT=+0.0311 T6=0.166 dA=+471
[   36.8s] [  lam010_seed7K8] s_i=0.0774 icir=0.832 win=0.767 turn=0.543 corrSz=-0.33 dT=+0.0851 T6=0.220 dA=+945
[   38.0s] [  lam010_seed7K9] s_i=0.0801 icir=0.839 win=0.775 turn=0.564 corrSz=-0.32 dT=+0.0939 T6=0.228 dA=+993
          name  k    s_i   icir    win   turn  corr_size  pred_dturn  t6_est   d_na  d_a_pred  d_a_calib  dC_Tonly_rc70  dC_Tonly_rc80  dC_Tonly_rc90  dC_Tonly_rc100
lam010_seed7K9  9 0.0801 0.8394 0.7750 0.5639    -0.3235      0.0939  0.2285 0.1129  993.4039  1231.2583            0.0            0.0            0.0             0.0
      lam000K8  8 0.0800 0.8138 0.7750 0.5109    -0.3001      0.0765  0.2111 0.1128  992.6650  1230.3997            0.0            0.0            0.0             0.0
      lam000K7  7 0.0800 0.8099 0.7750 0.5278    -0.3819      0.0783  0.2129 0.1126  990.9234  1228.3760            0.0            0.0            0.0             0.0
lam010_seed7K8  8 0.0774 0.8316 0.7667 0.5433    -0.3260      0.0851  0.2197 0.1074  944.9278  1174.9291            0.0            0.0            0.0             0.0
      lam000K6  6 0.0743 0.8180 0.7500 0.6136    -0.2197      0.0931  0.2277 0.1009  887.5832  1108.2946            0.0            0.0            0.0             0.0
      lam000K5  5 0.0741 0.8235 0.7500 0.6310    -0.2793      0.1004  0.2350 0.1005  884.3850  1104.5784            0.0            0.0            0.0             0.0
      lam002K4  4 0.0737 0.8025 0.7500 0.5376    -0.3171      0.0822  0.2168 0.0995  875.5717  1094.3373            0.0            0.0            0.0             0.0
      lam005K4  4 0.0737 0.8025 0.7500 0.5376    -0.3171      0.0822  0.2168 0.0995  875.5717  1094.3373            0.0            0.0            0.0             0.0
      lam000K4  4 0.0737 0.8025 0.7500 0.5376    -0.3171      0.0822  0.2168 0.0995  875.5715  1094.3371            0.0            0.0            0.0             0.0
      lam010K5  5 0.0729 0.7531 0.7750 0.4068    -0.4113      0.0550  0.1896 0.0979  861.7535  1078.2806            0.0            0.0            0.0             0.0
      lam010K4  4 0.0649 0.7280 0.7667 0.3616    -0.4525      0.0385  0.1730 0.0812  714.5127   907.1868            0.0            0.0            0.0             0.0
      lam020K4  4 0.0633 0.7206 0.7500 0.3749    -0.4573      0.0408  0.1754 0.0778  684.7539   872.6070            0.0            0.0            0.0             0.0
      lam020K5  5 0.0618 0.7327 0.7417 0.3402    -0.3437      0.0363  0.1709 0.0748  658.2872   841.8528            0.0            0.0            0.0             0.0
      lam020K6  6 0.0556 0.6701 0.7500 0.3002    -0.1971      0.0316  0.1662 0.0618  544.1684   709.2467            0.0            0.0            0.0             0.0
      lam040K6  6 0.0516 0.6570 0.7167 0.2816    -0.2049      0.0311  0.1657 0.0536  471.4238   624.7175            0.0            0.0            0.0             0.0
      lam040K5  5 0.0511 0.6617 0.6917 0.3029    -0.2852      0.0336  0.1682 0.0525  462.0100   613.7786            0.0            0.0            0.0             0.0
      lam040K4  4 0.0467 0.6188 0.7250 0.2618    -0.3051      0.0242  0.1588 0.0434  381.4877   520.2117            0.0            0.0            0.0             0.0
[   38.0s] written /data/games/factor_/research_reports/platform_alignment/legmix-next-20260929/screen_all.csv (17 rows)
