/home/minkefu/.conda/envs/ktransformers/lib/python3.11/site-packages/pandas/core/window/rolling.py:611: RuntimeWarning: All-NaN slice encountered
  return func(x, start, end, min_periods, *numba_args)
[   20.4s] raw legs 42
[  108.7s] legs smoothing probe done
                s_i_0   s_i_2   s_i_3   s_i_5  turn_0  turn_2  turn_3  turn_5
leg                                                                          
vs_756         0.0494  0.0478  0.0484  0.0483  0.6629  0.6441  0.6291  0.6013
vs_500         0.0457  0.0455  0.0453  0.0466  0.6622  0.6451  0.6301  0.6013
intr20         0.0405  0.0377  0.0357  0.0309  0.6865  0.6784  0.6728  0.6605
vs_250         0.0357  0.0354  0.0353  0.0360  0.6715  0.6535  0.6378  0.6124
retrev20       0.0296  0.0274  0.0260  0.0211  0.7049  0.6990  0.6964  0.6856
amt60          0.0287  0.0283  0.0279  0.0272  0.1139  0.1139  0.1138  0.1134
maxret20       0.0277  0.0275  0.0269  0.0250  0.5311  0.5183  0.5058  0.4858
downup         0.0253  0.0243  0.0244  0.0200  0.7200  0.7116  0.7032  0.6906
t_std10        0.0241  0.0233  0.0225  0.0208  0.4733  0.4591  0.4452  0.4189
t_lvl          0.0222  0.0215  0.0208  0.0186  0.3570  0.3321  0.3163  0.2912
retmom60       0.0212  0.0220  0.0206  0.0187  0.4675  0.4563  0.4484  0.4316
pvcorr20       0.0206  0.0187  0.0170  0.0140  0.7235  0.7185  0.7112  0.6971
t_ma5          0.0205  0.0190  0.0182  0.0167  0.2866  0.2810  0.2759  0.2652
t_std20        0.0197  0.0187  0.0179  0.0166  0.3164  0.3127  0.3066  0.2948
retstd20       0.0192  0.0188  0.0179  0.0165  0.3841  0.3766  0.3684  0.3551
amihud20       0.0188  0.0184  0.0184  0.0178  0.2261  0.2250  0.2220  0.2179
t_rel_ma5_60   0.0170  0.0157  0.0151  0.0148  0.5813  0.5768  0.5735  0.5657
intr5          0.0169  0.0199  0.0200  0.0136  0.8809  0.8864  0.8925  0.8978
hl20           0.0165  0.0162  0.0158  0.0148  0.2849  0.2808  0.2778  0.2701
v_ma5_60       0.0163  0.0158  0.0157  0.0147  0.5882  0.5846  0.5805  0.5728
t_std10_60     0.0150  0.0150  0.0142  0.0136  0.6454  0.6321  0.6206  0.5982
v_std10_60     0.0149  0.0148  0.0140  0.0135  0.6501  0.6369  0.6246  0.6028
amp20          0.0147  0.0140  0.0132  0.0120  0.5192  0.5093  0.4991  0.4793
t_ma20         0.0147  0.0141  0.0136  0.0126  0.1656  0.1646  0.1633  0.1598
vretcorr20     0.0128  0.0125  0.0129  0.0114  0.7068  0.6980  0.6908  0.6811
v_ma20_60      0.0126  0.0119  0.0110  0.0093  0.4840  0.4830  0.4822  0.4795
t_rel_ma20_60  0.0124  0.0117  0.0108  0.0093  0.4796  0.4790  0.4785  0.4760
cstd20         0.0117  0.0112  0.0107  0.0099  0.3269  0.3225  0.3189  0.3095
retrev10       0.0110  0.0137  0.0140  0.0092  0.8982  0.8956  0.8921  0.8785
t_std20_60     0.0108  0.0100  0.0092  0.0077  0.5461  0.5415  0.5368  0.5286
v_std20_60     0.0108  0.0101  0.0092  0.0076  0.5485  0.5444  0.5396  0.5306
retrev5        0.0106  0.0118  0.0113  0.0073  0.8740  0.8863  0.8933  0.9024
[  168.0s] composites smoothing probe done
          name    variant    s_i   icir    win     ic  turn10
lam010_seed7K9        raw 0.0801 0.8394 0.7750 0.1231  0.5655
      lam000K8        raw 0.0800 0.8138 0.7750 0.1269  0.5131
      lam000K7        raw 0.0800 0.8099 0.7750 0.1274  0.5288
lam010_seed7K9 ma2_rerank 0.0787 0.8301 0.7750 0.1224  0.5507
lam010_seed7K9        ma2 0.0787 0.8301 0.7750 0.1224  0.5507
      lam000K7 ma2_rerank 0.0780 0.8038 0.7667 0.1266  0.5154
      lam000K7        ma2 0.0780 0.8038 0.7667 0.1266  0.5154
lam010_seed7K8 ma2_rerank 0.0777 0.8225 0.7833 0.1206  0.5305
lam010_seed7K8        ma2 0.0777 0.8225 0.7833 0.1206  0.5305
lam010_seed7K8        raw 0.0774 0.8316 0.7667 0.1215  0.5450
      lam000K8 ma2_rerank 0.0762 0.8053 0.7500 0.1261  0.4975
      lam000K8        ma2 0.0762 0.8053 0.7500 0.1261  0.4975
      lam000K8 ma3_rerank 0.0745 0.7873 0.7583 0.1248  0.4862
      lam000K8        ma3 0.0745 0.7873 0.7583 0.1248  0.4862
      lam000K7        ma3 0.0743 0.7846 0.7583 0.1249  0.5029
      lam000K7 ma3_rerank 0.0743 0.7846 0.7583 0.1249  0.5029
      lam000K6        raw 0.0743 0.8180 0.7500 0.1211  0.6151
      lam000K6        ma2 0.0743 0.8116 0.7583 0.1207  0.6000
      lam000K6 ma2_rerank 0.0743 0.8116 0.7583 0.1207  0.6000
      lam000K5        raw 0.0741 0.8235 0.7500 0.1200  0.6329
      lam000K5 ma2_rerank 0.0741 0.8160 0.7583 0.1197  0.6189
      lam000K5        ma2 0.0741 0.8160 0.7583 0.1197  0.6189
      lam005K4        raw 0.0737 0.8025 0.7500 0.1224  0.5389
      lam002K4        raw 0.0737 0.8025 0.7500 0.1224  0.5389
      lam000K4        raw 0.0737 0.8025 0.7500 0.1224  0.5389
      lam010K5        raw 0.0729 0.7531 0.7750 0.1249  0.4075
lam010_seed7K9 ma3_rerank 0.0728 0.8108 0.7417 0.1210  0.5381
lam010_seed7K9        ma3 0.0728 0.8108 0.7417 0.1210  0.5381
lam010_seed7K8        ma3 0.0727 0.8040 0.7583 0.1193  0.5185
lam010_seed7K8 ma3_rerank 0.0727 0.8040 0.7583 0.1193  0.5185
