/home/minkefu/.conda/envs/ktransformers/lib/python3.11/site-packages/pandas/core/window/rolling.py:611: RuntimeWarning: All-NaN slice encountered
  return func(x, start, end, min_periods, *numba_args)
          cand    mode    s_i   icir     ic    win  turn10
      lam000K6      w1 0.0743 0.8180 0.1211 0.7500  0.6151
      lam000K6 w2_lt25 0.0776 0.7985 0.1268 0.7667  0.5195
      lam000K6 w2_lt35 0.0776 0.7985 0.1268 0.7667  0.5195
      lam000K6 w3_lt25 0.0739 0.7660 0.1272 0.7583  0.4589
      lam000K7      w1 0.0800 0.8099 0.1274 0.7750  0.5288
      lam000K7 w2_lt25 0.0700 0.7357 0.1255 0.7583  0.4228
      lam000K7 w2_lt35 0.0700 0.7357 0.1255 0.7583  0.4228
      lam000K7 w3_lt25 0.0613 0.6719 0.1190 0.7667  0.3607
      lam000K8      w1 0.0800 0.8138 0.1269 0.7750  0.5131
      lam000K8 w2_lt25 0.0730 0.7706 0.1249 0.7583  0.3886
      lam000K8 w2_lt35 0.0730 0.7706 0.1249 0.7583  0.3886
      lam000K8 w3_lt25 0.0661 0.7301 0.1194 0.7583  0.3193
      lam010K5      w1 0.0729 0.7531 0.1249 0.7750  0.4075
      lam010K5 w2_lt25 0.0603 0.6705 0.1173 0.7667  0.3247
      lam010K5 w2_lt35 0.0621 0.6949 0.1191 0.7500  0.3245
      lam010K5 w3_lt25 0.0510 0.6170 0.1102 0.7500  0.2803
      lam020K5      w1 0.0618 0.7327 0.1137 0.7417  0.3424
      lam020K5 w2_lt25 0.0536 0.6872 0.1040 0.7500  0.2436
      lam020K5 w2_lt35 0.0536 0.6872 0.1040 0.7500  0.2436
      lam020K5 w3_lt25 0.0495 0.6571 0.0982 0.7667  0.1996
      lam020K6      w1 0.0556 0.6701 0.1106 0.7500  0.3018
      lam020K6 w2_lt25 0.0496 0.6504 0.1052 0.7250  0.2325
      lam020K6 w2_lt35 0.0496 0.6504 0.1052 0.7250  0.2325
      lam020K6 w3_lt25 0.0467 0.6378 0.1021 0.7167  0.2059
      lam040K6      w1 0.0516 0.6570 0.1096 0.7167  0.2830
      lam040K6 w2_lt25 0.0527 0.6677 0.1053 0.7500  0.2286
      lam040K6 w2_lt35 0.0502 0.6586 0.1063 0.7167  0.2462
      lam040K6 w3_lt25 0.0482 0.6544 0.1005 0.7333  0.1955
lam010_seed7K9      w1 0.0801 0.8394 0.1231 0.7750  0.5655
lam010_seed7K9 w2_lt25 0.0761 0.8056 0.1232 0.7667  0.4395
lam010_seed7K9 w2_lt35 0.0761 0.8056 0.1232 0.7667  0.4395
lam010_seed7K9 w3_lt25 0.0694 0.7660 0.1182 0.7667  0.3657
  legmix7calK7      w1 0.0797 0.8199 0.1228 0.7917  0.5788
  legmix7calK7 w2_lt25 0.0682 0.7378 0.1206 0.7667  0.4683
  legmix7calK7 w2_lt35 0.0682 0.7378 0.1206 0.7667  0.4683
  legmix7calK7 w3_lt25 0.0578 0.6717 0.1136 0.7583  0.3989
