/data/games/factor_/scripts/board_inspired_local_reproduction_20261010.py:60: FutureWarning: The default of observed=False is deprecated and will be changed to True in a future version of pandas. Pass observed=False to retain current behavior or observed=True to adopt the future default and silence this warning.
  ret1 = close.groupby(frame["instrument"], sort=False).pct_change(fill_method=None)
/data/games/factor_/scripts/board_inspired_local_reproduction_20261010.py:61: FutureWarning: The default of observed=False is deprecated and will be changed to True in a future version of pandas. Pass observed=False to retain current behavior or observed=True to adopt the future default and silence this warning.
  ret20 = close.groupby(frame["instrument"], sort=False).pct_change(20, fill_method=None)
/data/games/factor_/scripts/board_inspired_local_reproduction_20261010.py:70: FutureWarning: The default of observed=False is deprecated and will be changed to True in a future version of pandas. Pass observed=False to retain current behavior or observed=True to adopt the future default and silence this warning.
  high_amp_n = mask.astype(float).groupby(frame["instrument"], sort=False).rolling(20, min_periods=20).sum().reset_index(level=0, drop=True).reindex(frame.index)
/data/games/factor_/scripts/board_inspired_local_reproduction_20261010.py:71: FutureWarning: The default of observed=False is deprecated and will be changed to True in a future version of pandas. Pass observed=False to retain current behavior or observed=True to adopt the future default and silence this warning.
  high_amp_sum = high_amp_ret.groupby(frame["instrument"], sort=False).rolling(20, min_periods=20).sum().reset_index(level=0, drop=True).reindex(frame.index)
/data/games/factor_/scripts/positive_factor_local_compare.py:1415: FutureWarning: The previous implementation of stack is deprecated and will be removed in a future version of pandas. See the What's New notes for pandas 2.1.0 for details. Specify future_stack=True to adopt the new implementation and silence this warning.
  current = current.stack(dropna=False).rename("current_close").reset_index()
/data/games/factor_/scripts/positive_factor_local_compare.py:1419: FutureWarning: The previous implementation of stack is deprecated and will be removed in a future version of pandas. See the What's New notes for pandas 2.1.0 for details. Specify future_stack=True to adopt the new implementation and silence this warning.
  future = future.stack(dropna=False).rename("future_close").reset_index()
F-BI1010-01 formal_5y {'periods': 120, 'rank_ic': 0.08024046281080634, 'ic_mean': 0.03263231907214649, 'gross_excess': 0.08389663505436376, 'turnover': 0.714953307732793, 'annual_cost': 0.1081009401291983, 'net_excess': -0.024204305074834537, 'corr_smallsize': 0.09224207206864844, 'zero_share': 0.0, 'first_signal': '2021-09-07', 'last_signal': '2026-08-10'}
/data/games/factor_/scripts/positive_factor_local_compare.py:1415: FutureWarning: The previous implementation of stack is deprecated and will be removed in a future version of pandas. See the What's New notes for pandas 2.1.0 for details. Specify future_stack=True to adopt the new implementation and silence this warning.
  current = current.stack(dropna=False).rename("current_close").reset_index()
/data/games/factor_/scripts/positive_factor_local_compare.py:1419: FutureWarning: The previous implementation of stack is deprecated and will be removed in a future version of pandas. See the What's New notes for pandas 2.1.0 for details. Specify future_stack=True to adopt the new implementation and silence this warning.
  future = future.stack(dropna=False).rename("future_close").reset_index()
F-BI1010-01 recent_2026 {'periods': 15, 'rank_ic': 0.046579752189149996, 'ic_mean': 0.011512006637136314, 'gross_excess': 0.01337149685069545, 'turnover': 0.7116558900338145, 'annual_cost': 0.10760237057311274, 'net_excess': -0.09423087372241729, 'corr_smallsize': 0.1259314365639871, 'zero_share': 0.0, 'first_signal': '2026-01-09', 'last_signal': '2026-08-10'}
/data/games/factor_/scripts/positive_factor_local_compare.py:1415: FutureWarning: The previous implementation of stack is deprecated and will be removed in a future version of pandas. See the What's New notes for pandas 2.1.0 for details. Specify future_stack=True to adopt the new implementation and silence this warning.
  current = current.stack(dropna=False).rename("current_close").reset_index()
/data/games/factor_/scripts/positive_factor_local_compare.py:1419: FutureWarning: The previous implementation of stack is deprecated and will be removed in a future version of pandas. See the What's New notes for pandas 2.1.0 for details. Specify future_stack=True to adopt the new implementation and silence this warning.
  future = future.stack(dropna=False).rename("future_close").reset_index()
F-BI1010-02 formal_5y {'periods': 120, 'rank_ic': 0.08331636069499496, 'ic_mean': 0.05088986790264564, 'gross_excess': 0.10447189358908238, 'turnover': 0.6885589165129432, 'annual_cost': 0.104110108176757, 'net_excess': 0.00036178541232537165, 'corr_smallsize': 0.09707208080321746, 'zero_share': 0.027404472586985036, 'first_signal': '2021-09-07', 'last_signal': '2026-08-10'}
/data/games/factor_/scripts/positive_factor_local_compare.py:1415: FutureWarning: The previous implementation of stack is deprecated and will be removed in a future version of pandas. See the What's New notes for pandas 2.1.0 for details. Specify future_stack=True to adopt the new implementation and silence this warning.
  current = current.stack(dropna=False).rename("current_close").reset_index()
/data/games/factor_/scripts/positive_factor_local_compare.py:1419: FutureWarning: The previous implementation of stack is deprecated and will be removed in a future version of pandas. See the What's New notes for pandas 2.1.0 for details. Specify future_stack=True to adopt the new implementation and silence this warning.
  future = future.stack(dropna=False).rename("future_close").reset_index()
F-BI1010-02 recent_2026 {'periods': 15, 'rank_ic': 0.0626998996887789, 'ic_mean': 0.029072351814930775, 'gross_excess': 0.02909732637055574, 'turnover': 0.669183698193045, 'annual_cost': 0.10118057516678841, 'net_excess': -0.07208324879623268, 'corr_smallsize': 0.1297772780526752, 'zero_share': 0.012636357188155997, 'first_signal': '2026-01-09', 'last_signal': '2026-08-10'}
/data/games/factor_/scripts/positive_factor_local_compare.py:1415: FutureWarning: The previous implementation of stack is deprecated and will be removed in a future version of pandas. See the What's New notes for pandas 2.1.0 for details. Specify future_stack=True to adopt the new implementation and silence this warning.
  current = current.stack(dropna=False).rename("current_close").reset_index()
/data/games/factor_/scripts/positive_factor_local_compare.py:1419: FutureWarning: The previous implementation of stack is deprecated and will be removed in a future version of pandas. See the What's New notes for pandas 2.1.0 for details. Specify future_stack=True to adopt the new implementation and silence this warning.
  future = future.stack(dropna=False).rename("future_close").reset_index()
F-BI1010-03 formal_5y {'periods': 120, 'rank_ic': 0.06463373554026923, 'ic_mean': 0.028517337171554313, 'gross_excess': 0.07448381263750077, 'turnover': 0.8085633379573645, 'annual_cost': 0.12225477669915351, 'net_excess': -0.04777096406165274, 'corr_smallsize': 0.030342563875302264, 'zero_share': 0.0, 'first_signal': '2021-09-07', 'last_signal': '2026-08-10'}
/data/games/factor_/scripts/positive_factor_local_compare.py:1415: FutureWarning: The previous implementation of stack is deprecated and will be removed in a future version of pandas. See the What's New notes for pandas 2.1.0 for details. Specify future_stack=True to adopt the new implementation and silence this warning.
  current = current.stack(dropna=False).rename("current_close").reset_index()
/data/games/factor_/scripts/positive_factor_local_compare.py:1419: FutureWarning: The previous implementation of stack is deprecated and will be removed in a future version of pandas. See the What's New notes for pandas 2.1.0 for details. Specify future_stack=True to adopt the new implementation and silence this warning.
  future = future.stack(dropna=False).rename("future_close").reset_index()
F-BI1010-03 recent_2026 {'periods': 15, 'rank_ic': 0.0441856870435572, 'ic_mean': 0.01622919768563902, 'gross_excess': 0.022880958415219515, 'turnover': 0.8029303630510568, 'annual_cost': 0.12140307089331981, 'net_excess': -0.09852211247810029, 'corr_smallsize': 0.09409429106619781, 'zero_share': 0.0, 'first_signal': '2026-01-09', 'last_signal': '2026-08-10'}
/data/games/factor_/scripts/positive_factor_local_compare.py:1415: FutureWarning: The previous implementation of stack is deprecated and will be removed in a future version of pandas. See the What's New notes for pandas 2.1.0 for details. Specify future_stack=True to adopt the new implementation and silence this warning.
  current = current.stack(dropna=False).rename("current_close").reset_index()
/data/games/factor_/scripts/positive_factor_local_compare.py:1419: FutureWarning: The previous implementation of stack is deprecated and will be removed in a future version of pandas. See the What's New notes for pandas 2.1.0 for details. Specify future_stack=True to adopt the new implementation and silence this warning.
  future = future.stack(dropna=False).rename("future_close").reset_index()
CTRL-REV20 formal_5y {'periods': 120, 'rank_ic': 0.08259889723974338, 'ic_mean': 0.055673866369261776, 'gross_excess': 0.06530238853783898, 'turnover': 0.6997932367396786, 'annual_cost': 0.10580873739503942, 'net_excess': -0.04050634885720043, 'corr_smallsize': 0.034473130575439985, 'zero_share': 0.004395006765176796, 'first_signal': '2021-09-07', 'last_signal': '2026-08-10'}
/data/games/factor_/scripts/positive_factor_local_compare.py:1415: FutureWarning: The previous implementation of stack is deprecated and will be removed in a future version of pandas. See the What's New notes for pandas 2.1.0 for details. Specify future_stack=True to adopt the new implementation and silence this warning.
  current = current.stack(dropna=False).rename("current_close").reset_index()
/data/games/factor_/scripts/positive_factor_local_compare.py:1419: FutureWarning: The previous implementation of stack is deprecated and will be removed in a future version of pandas. See the What's New notes for pandas 2.1.0 for details. Specify future_stack=True to adopt the new implementation and silence this warning.
  future = future.stack(dropna=False).rename("future_close").reset_index()
CTRL-REV20 recent_2026 {'periods': 15, 'rank_ic': 0.04873336591778786, 'ic_mean': 0.02310618294802876, 'gross_excess': -0.03541097032064892, 'turnover': 0.6879488412918671, 'annual_cost': 0.10401786480333028, 'net_excess': -0.1394288351239792, 'corr_smallsize': 0.12331132908053064, 'zero_share': 0.0035296344285413125, 'first_signal': '2026-01-09', 'last_signal': '2026-08-10'}
/data/games/factor_/scripts/positive_factor_local_compare.py:1415: FutureWarning: The previous implementation of stack is deprecated and will be removed in a future version of pandas. See the What's New notes for pandas 2.1.0 for details. Specify future_stack=True to adopt the new implementation and silence this warning.
  current = current.stack(dropna=False).rename("current_close").reset_index()
/data/games/factor_/scripts/positive_factor_local_compare.py:1419: FutureWarning: The previous implementation of stack is deprecated and will be removed in a future version of pandas. See the What's New notes for pandas 2.1.0 for details. Specify future_stack=True to adopt the new implementation and silence this warning.
  future = future.stack(dropna=False).rename("future_close").reset_index()
CTRL-REV20-RELAMT formal_5y {'periods': 120, 'rank_ic': 0.0829015543419581, 'ic_mean': 0.03628428886828802, 'gross_excess': 0.0807123909893744, 'turnover': 0.6818271412897464, 'annual_cost': 0.10309226376300966, 'net_excess': -0.022379872773635262, 'corr_smallsize': 0.06776070891751758, 'zero_share': 0.0, 'first_signal': '2021-09-07', 'last_signal': '2026-08-10'}
/data/games/factor_/scripts/positive_factor_local_compare.py:1415: FutureWarning: The previous implementation of stack is deprecated and will be removed in a future version of pandas. See the What's New notes for pandas 2.1.0 for details. Specify future_stack=True to adopt the new implementation and silence this warning.
  current = current.stack(dropna=False).rename("current_close").reset_index()
/data/games/factor_/scripts/positive_factor_local_compare.py:1419: FutureWarning: The previous implementation of stack is deprecated and will be removed in a future version of pandas. See the What's New notes for pandas 2.1.0 for details. Specify future_stack=True to adopt the new implementation and silence this warning.
  future = future.stack(dropna=False).rename("future_close").reset_index()
CTRL-REV20-RELAMT recent_2026 {'periods': 15, 'rank_ic': 0.05288324234888336, 'ic_mean': 0.013452887458666943, 'gross_excess': -0.033024659623602716, 'turnover': 0.6463815609500208, 'annual_cost': 0.09773289201564314, 'net_excess': -0.13075755163924585, 'corr_smallsize': 0.158209511405814, 'zero_share': 0.0, 'first_signal': '2026-01-09', 'last_signal': '2026-08-10'}
/data/games/factor_/scripts/positive_factor_local_compare.py:1415: FutureWarning: The previous implementation of stack is deprecated and will be removed in a future version of pandas. See the What's New notes for pandas 2.1.0 for details. Specify future_stack=True to adopt the new implementation and silence this warning.
  current = current.stack(dropna=False).rename("current_close").reset_index()
/data/games/factor_/scripts/positive_factor_local_compare.py:1419: FutureWarning: The previous implementation of stack is deprecated and will be removed in a future version of pandas. See the What's New notes for pandas 2.1.0 for details. Specify future_stack=True to adopt the new implementation and silence this warning.
  future = future.stack(dropna=False).rename("future_close").reset_index()
CTRL-LOWAMP-REV formal_5y {'periods': 120, 'rank_ic': 0.003492295836442669, 'ic_mean': 0.005622308079053271, 'gross_excess': -0.0583957707655985, 'turnover': 0.5992969110363395, 'annual_cost': 0.09061369294869454, 'net_excess': -0.14900946371429302, 'corr_smallsize': -0.08112965113640477, 'zero_share': 0.007072974194702634, 'first_signal': '2021-09-07', 'last_signal': '2026-08-10'}
/data/games/factor_/scripts/positive_factor_local_compare.py:1415: FutureWarning: The previous implementation of stack is deprecated and will be removed in a future version of pandas. See the What's New notes for pandas 2.1.0 for details. Specify future_stack=True to adopt the new implementation and silence this warning.
  current = current.stack(dropna=False).rename("current_close").reset_index()
/data/games/factor_/scripts/positive_factor_local_compare.py:1419: FutureWarning: The previous implementation of stack is deprecated and will be removed in a future version of pandas. See the What's New notes for pandas 2.1.0 for details. Specify future_stack=True to adopt the new implementation and silence this warning.
  future = future.stack(dropna=False).rename("future_close").reset_index()
CTRL-LOWAMP-REV recent_2026 {'periods': 15, 'rank_ic': -0.02621958198061227, 'ic_mean': -0.017861759237456053, 'gross_excess': -0.19469383381055286, 'turnover': 0.6025121218275284, 'annual_cost': 0.0910998328203223, 'net_excess': -0.28579366663087513, 'corr_smallsize': 0.0017373576123457968, 'zero_share': 0.0028325726670518575, 'first_signal': '2026-01-09', 'last_signal': '2026-08-10'}
/data/games/factor_/scripts/positive_factor_local_compare.py:1415: FutureWarning: The previous implementation of stack is deprecated and will be removed in a future version of pandas. See the What's New notes for pandas 2.1.0 for details. Specify future_stack=True to adopt the new implementation and silence this warning.
  current = current.stack(dropna=False).rename("current_close").reset_index()
/data/games/factor_/scripts/positive_factor_local_compare.py:1419: FutureWarning: The previous implementation of stack is deprecated and will be removed in a future version of pandas. See the What's New notes for pandas 2.1.0 for details. Specify future_stack=True to adopt the new implementation and silence this warning.
  future = future.stack(dropna=False).rename("future_close").reset_index()
CTRL-SHORTCORR formal_5y {'periods': 120, 'rank_ic': 0.0757482197040054, 'ic_mean': 0.032637377048318046, 'gross_excess': 0.07947471677447081, 'turnover': 0.8153009262029445, 'annual_cost': 0.12327350004188521, 'net_excess': -0.043798783267414404, 'corr_smallsize': 0.0833938130510792, 'zero_share': 0.0, 'first_signal': '2021-09-07', 'last_signal': '2026-08-10'}
/data/games/factor_/scripts/positive_factor_local_compare.py:1415: FutureWarning: The previous implementation of stack is deprecated and will be removed in a future version of pandas. See the What's New notes for pandas 2.1.0 for details. Specify future_stack=True to adopt the new implementation and silence this warning.
  current = current.stack(dropna=False).rename("current_close").reset_index()
/data/games/factor_/scripts/positive_factor_local_compare.py:1419: FutureWarning: The previous implementation of stack is deprecated and will be removed in a future version of pandas. See the What's New notes for pandas 2.1.0 for details. Specify future_stack=True to adopt the new implementation and silence this warning.
  future = future.stack(dropna=False).rename("future_close").reset_index()
CTRL-SHORTCORR recent_2026 {'periods': 15, 'rank_ic': 0.0594409858228486, 'ic_mean': 0.020126900192267132, 'gross_excess': 0.029391217613464964, 'turnover': 0.8128688891160999, 'annual_cost': 0.1229057760343543, 'net_excess': -0.09351455842088935, 'corr_smallsize': 0.15610793106258447, 'zero_share': 0.0, 'first_signal': '2026-01-09', 'last_signal': '2026-08-10'}
/data/games/factor_/research_reports/platform_alignment/board-inspired-local-reproduction-20261010/summary.md
