archived_5y CTRL net 0.2378 dC 0 guard True
archived_5y ADD_A net 0.2286 dC -549 guard True
archived_5y SWAP_A_size_only net 0.2144 dC -1169 guard True
archived_5y SWAP_A_impact60 net 0.2222 dC -923 guard False
archived_5y SWAP_A_t10_size_plus_impact_bm net 0.214 dC -846 guard True
archived_5y SWAP_A_book_to_market_lf_minus_size net 0.2294 dC -947 guard True
archived_5y SWAP_A_book_to_market_lf_plus_impact net 0.2346 dC -860 guard True
archived_5y ADD_B net 0.2282 dC -614 guard True
archived_5y SWAP_B_size_only net 0.2232 dC -1436 guard True
archived_5y SWAP_B_impact60 net 0.2225 dC -929 guard False
archived_5y SWAP_B_t10_size_plus_impact_bm net 0.2079 dC -1037 guard False
archived_5y SWAP_B_book_to_market_lf_minus_size net 0.2309 dC -786 guard True
archived_5y SWAP_B_book_to_market_lf_plus_impact net 0.2331 dC -714 guard True
recent CTRL net 0.1089 dC 0 guard True
recent ADD_A net 0.084 dC -1149 guard False
recent SWAP_A_size_only net 0.0806 dC -1149 guard False
recent SWAP_A_impact60 net 0.0868 dC -1149 guard False
recent SWAP_A_t10_size_plus_impact_bm net 0.1062 dC 1326 guard False
recent SWAP_A_book_to_market_lf_minus_size net 0.0893 dC -1149 guard False
recent SWAP_A_book_to_market_lf_plus_impact net 0.0913 dC -1149 guard True
recent ADD_B net 0.0968 dC -1149 guard False
recent SWAP_B_size_only net 0.0895 dC -1149 guard False
recent SWAP_B_impact60 net 0.0978 dC -1149 guard False
recent SWAP_B_t10_size_plus_impact_bm net 0.1023 dC 1326 guard False
recent SWAP_B_book_to_market_lf_minus_size net 0.088 dC -1149 guard False
recent SWAP_B_book_to_market_lf_plus_impact net 0.0883 dC -1149 guard False
