continuous prices (1237, 5408) duplicates consistent
  month  days  market_return  up_share  majority_up_days  worst_day  worst_day_return  pool_proxy_gross  factor_valid_proxy
2022-04    19      -0.152603  0.401153          0.368421 2022-04-25         -0.074764         -0.133430           -0.145280
2024-01    22      -0.185657  0.333231          0.272727 2024-01-22         -0.056256         -0.189537           -0.175621
2024-02    15       0.061340  0.589907          0.666667 2024-02-05         -0.080863         -0.017490            0.064167
2024-04    20      -0.016105  0.475833          0.450000 2024-04-16         -0.062826         -0.004015           -0.009004
2026-03    22      -0.090152  0.409479          0.409091 2026-03-23         -0.049448         -0.078493           -0.092212
2026-05    18      -0.031194  0.418451          0.444444 2026-05-21         -0.027694         -0.090813           -0.033461
2026-06    21      -0.045893  0.397624          0.285714 2026-06-08         -0.028106         -0.108938           -0.042615
  month        group  stocks    return
2022-04         tech    1026 -0.196066
2022-04      nontech    4382 -0.143329
2022-04          元器件     287 -0.169037
2022-04          半导体     193 -0.183392
2022-04  mv_decile_1     467 -0.178801
2022-04 mv_decile_10     467 -0.074759
2024-01         tech    1026 -0.262574
2024-01      nontech    4382 -0.166952
2024-01          元器件     287 -0.281364
2024-01          半导体     193 -0.280965
2024-01  mv_decile_1     509 -0.208815
2024-01 mv_decile_10     509 -0.098263
2024-02         tech    1026  0.127413
2024-02      nontech    4382  0.046157
2024-02          元器件     287  0.102067
2024-02          半导体     193  0.153809
2024-02  mv_decile_1     511 -0.048882
2024-02 mv_decile_10     510  0.120263
2024-04         tech    1026 -0.038950
2024-04      nontech    4382 -0.010999
2024-04          元器件     287 -0.037852
2024-04          半导体     193 -0.020352
2024-04  mv_decile_1     511 -0.080619
2024-04 mv_decile_10     511  0.024024
2026-03         tech    1026 -0.125241
2026-03      nontech    4382 -0.081913
2026-03          元器件     287 -0.115487
2026-03          半导体     193 -0.147627
2026-03  mv_decile_1     518 -0.072603
2026-03 mv_decile_10     518 -0.091050
2026-05         tech    1026  0.026485
2026-05      nontech    4382 -0.044588
2026-05          元器件     287  0.113018
2026-05          半导体     193  0.129255
2026-05  mv_decile_1     516 -0.077290
2026-05 mv_decile_10     515  0.009673
2026-06         tech    1026  0.054929
2026-06      nontech    4382 -0.068593
2026-06          元器件     287  0.116012
2026-06          半导体     193  0.323098
2026-06  mv_decile_1     519 -0.118484
2026-06 mv_decile_10     519  0.038814
         small30_weight  small10_weight  tech_weight  industry_hhi  industry_top3
month
2022-04        0.878127        0.390491     0.095398      0.037632       0.227251
2024-01        0.825968        0.291070     0.064082      0.030749       0.199574
2024-02        0.860618        0.333960     0.103490      0.031515       0.190073
2024-04        0.910472        0.422761     0.094158      0.027783       0.177058
2026-03        0.941363        0.470485     0.067949      0.029281       0.169971
2026-05        0.939401        0.454380     0.070891      0.028140       0.164865
2026-06        0.957743        0.505098     0.067896      0.027288       0.163498
