seats (552290, 5); signal rows 552290; dates 120
loading full-A frame
frame rows 8584574 instruments 5395 calendar 2107
close panel (2107, 5395)
building TushareStockData
context signal dates 120 2021-09-07..2026-08-10
[seed] E=2.6262 NC=0.628
/data/games/factor_/scripts/e_decomp_20260928.py:370: FutureWarning: The previous implementation of stack is deprecated and will be removed in a future version of pandas. See the What's New notes for pandas 2.1.0 for details. Specify future_stack=True to adopt the new implementation and silence this warning.
  flat = oriented_panel.stack(dropna=False).reindex(market.signal_index)
[wide_s9801_5] s_i=0.0089 dE=+0.3139 dT=-0.025 dNC=+0.0128 dC=+253 dComb_up=-1
/data/games/factor_/scripts/e_decomp_20260928.py:370: FutureWarning: The previous implementation of stack is deprecated and will be removed in a future version of pandas. See the What's New notes for pandas 2.1.0 for details. Specify future_stack=True to adopt the new implementation and silence this warning.
  flat = oriented_panel.stack(dropna=False).reindex(market.signal_index)
[sizeneut_wide_s9821_6] s_i=0.0088 dE=+0.2747 dT=-0.023 dNC=+0.0144 dC=+284 dComb_up=+28
/data/games/factor_/scripts/e_decomp_20260928.py:370: FutureWarning: The previous implementation of stack is deprecated and will be removed in a future version of pandas. See the What's New notes for pandas 2.1.0 for details. Specify future_stack=True to adopt the new implementation and silence this warning.
  flat = oriented_panel.stack(dropna=False).reindex(market.signal_index)
[wide_s9801_7] s_i=0.0083 dE=+0.3791 dT=-0.025 dNC=+0.0037 dC=+73 dComb_up=-196
/data/games/factor_/scripts/e_decomp_20260928.py:370: FutureWarning: The previous implementation of stack is deprecated and will be removed in a future version of pandas. See the What's New notes for pandas 2.1.0 for details. Specify future_stack=True to adopt the new implementation and silence this warning.
  flat = oriented_panel.stack(dropna=False).reindex(market.signal_index)
[wide_s9801_8] s_i=0.0082 dE=+0.3726 dT=-0.024 dNC=+0.0036 dC=+72 dComb_up=-199
/data/games/factor_/scripts/e_decomp_20260928.py:370: FutureWarning: The previous implementation of stack is deprecated and will be removed in a future version of pandas. See the What's New notes for pandas 2.1.0 for details. Specify future_stack=True to adopt the new implementation and silence this warning.
  flat = oriented_panel.stack(dropna=False).reindex(market.signal_index)
[wide_s9801_9] s_i=0.0082 dE=+0.3726 dT=-0.024 dNC=+0.0036 dC=+72 dComb_up=-199
/data/games/factor_/scripts/financial_factor_local.py:370: FutureWarning: The behavior of DataFrame concatenation with empty or all-NA entries is deprecated. In a future version, this will no longer exclude empty or all-NA columns when determining the result dtypes. To retain the old behavior, exclude the relevant entries before the concat operation.
  frame = pd.concat(frames, ignore_index=True)
/data/games/factor_/scripts/e_decomp_20260928.py:370: FutureWarning: The previous implementation of stack is deprecated and will be removed in a future version of pandas. See the What's New notes for pandas 2.1.0 for details. Specify future_stack=True to adopt the new implementation and silence this warning.
  flat = oriented_panel.stack(dropna=False).reindex(market.signal_index)
[wide_s9801_10] s_i=0.0097 dE=+0.5083 dT=+0.019 dNC=+0.0126 dC=+249 dComb_up=+16
/data/games/factor_/scripts/e_decomp_20260928.py:370: FutureWarning: The previous implementation of stack is deprecated and will be removed in a future version of pandas. See the What's New notes for pandas 2.1.0 for details. Specify future_stack=True to adopt the new implementation and silence this warning.
  flat = oriented_panel.stack(dropna=False).reindex(market.signal_index)
[wide_s9801_11] s_i=0.0098 dE=+0.4932 dT=+0.024 dNC=+0.0115 dC=+228 dComb_up=-5
/data/games/factor_/scripts/e_decomp_20260928.py:370: FutureWarning: The previous implementation of stack is deprecated and will be removed in a future version of pandas. See the What's New notes for pandas 2.1.0 for details. Specify future_stack=True to adopt the new implementation and silence this warning.
  flat = oriented_panel.stack(dropna=False).reindex(market.signal_index)
[wide_s9801_12] s_i=0.0090 dE=+0.1584 dT=+0.010 dNC=-0.0045 dC=-89 dComb_up=-341
/data/games/factor_/scripts/e_decomp_20260928.py:370: FutureWarning: The previous implementation of stack is deprecated and will be removed in a future version of pandas. See the What's New notes for pandas 2.1.0 for details. Specify future_stack=True to adopt the new implementation and silence this warning.
  flat = oriented_panel.stack(dropna=False).reindex(market.signal_index)
[wide_s9801_13] s_i=0.0096 dE=+0.4193 dT=+0.022 dNC=+0.0120 dC=+238 dComb_up=+1
/data/games/factor_/scripts/e_decomp_20260928.py:370: FutureWarning: The previous implementation of stack is deprecated and will be removed in a future version of pandas. See the What's New notes for pandas 2.1.0 for details. Specify future_stack=True to adopt the new implementation and silence this warning.
  flat = oriented_panel.stack(dropna=False).reindex(market.signal_index)
[wide_s9801_14] s_i=0.0095 dE=+0.4780 dT=+0.023 dNC=+0.0129 dC=+256 dComb_up=+18
/data/games/factor_/scripts/e_decomp_20260928.py:370: FutureWarning: The previous implementation of stack is deprecated and will be removed in a future version of pandas. See the What's New notes for pandas 2.1.0 for details. Specify future_stack=True to adopt the new implementation and silence this warning.
  flat = oriented_panel.stack(dropna=False).reindex(market.signal_index)
[wide_s9801_15] s_i=0.0086 dE=+0.3005 dT=+0.019 dNC=-0.0060 dC=-119 dComb_up=-380
/data/games/factor_/scripts/e_decomp_20260928.py:370: FutureWarning: The previous implementation of stack is deprecated and will be removed in a future version of pandas. See the What's New notes for pandas 2.1.0 for details. Specify future_stack=True to adopt the new implementation and silence this warning.
  flat = oriented_panel.stack(dropna=False).reindex(market.signal_index)
[wide_s9801_16] s_i=0.0129 dE=+0.5557 dT=+0.122 dNC=-0.0349 dC=-692 dComb_up=-845
/data/games/factor_/scripts/e_decomp_20260928.py:370: FutureWarning: The previous implementation of stack is deprecated and will be removed in a future version of pandas. See the What's New notes for pandas 2.1.0 for details. Specify future_stack=True to adopt the new implementation and silence this warning.
  flat = oriented_panel.stack(dropna=False).reindex(market.signal_index)
[wide_s9801_17] s_i=0.0090 dE=+0.3440 dT=+0.062 dNC=-0.0150 dC=-297 dComb_up=-549
/data/games/factor_/scripts/e_decomp_20260928.py:370: FutureWarning: The previous implementation of stack is deprecated and will be removed in a future version of pandas. See the What's New notes for pandas 2.1.0 for details. Specify future_stack=True to adopt the new implementation and silence this warning.
  flat = oriented_panel.stack(dropna=False).reindex(market.signal_index)
[sizeneut_wide_s9821_18] s_i=0.0005 dE=+0.0000 dT=+0.000 dNC=+0.0000 dC=+0 dComb_up=-462
/data/games/factor_/scripts/e_decomp_20260928.py:370: FutureWarning: The previous implementation of stack is deprecated and will be removed in a future version of pandas. See the What's New notes for pandas 2.1.0 for details. Specify future_stack=True to adopt the new implementation and silence this warning.
  flat = oriented_panel.stack(dropna=False).reindex(market.signal_index)
[sizeneut_wide_s9821_19] s_i=0.0006 dE=+0.0000 dT=+0.000 dNC=+0.0000 dC=+0 dComb_up=-461
/data/games/factor_/scripts/e_decomp_20260928.py:370: FutureWarning: The previous implementation of stack is deprecated and will be removed in a future version of pandas. See the What's New notes for pandas 2.1.0 for details. Specify future_stack=True to adopt the new implementation and silence this warning.
  flat = oriented_panel.stack(dropna=False).reindex(market.signal_index)
[sizeneut_wide_s9821_20] s_i=0.0006 dE=+0.0000 dT=+0.000 dNC=+0.0000 dC=+0 dComb_up=-461
/data/games/factor_/scripts/e_decomp_20260928.py:370: FutureWarning: The previous implementation of stack is deprecated and will be removed in a future version of pandas. See the What's New notes for pandas 2.1.0 for details. Specify future_stack=True to adopt the new implementation and silence this warning.
  flat = oriented_panel.stack(dropna=False).reindex(market.signal_index)
[sizeneut_wide_s9821_21] s_i=0.0006 dE=+0.0000 dT=+0.000 dNC=+0.0000 dC=+0 dComb_up=-461
/data/games/factor_/scripts/e_decomp_20260928.py:370: FutureWarning: The previous implementation of stack is deprecated and will be removed in a future version of pandas. See the What's New notes for pandas 2.1.0 for details. Specify future_stack=True to adopt the new implementation and silence this warning.
  flat = oriented_panel.stack(dropna=False).reindex(market.signal_index)
[sizeneut_wide_s9821_22] s_i=0.0006 dE=+0.0000 dT=+0.000 dNC=+0.0000 dC=+0 dComb_up=-461
/data/games/factor_/scripts/e_decomp_20260928.py:370: FutureWarning: The previous implementation of stack is deprecated and will be removed in a future version of pandas. See the What's New notes for pandas 2.1.0 for details. Specify future_stack=True to adopt the new implementation and silence this warning.
  flat = oriented_panel.stack(dropna=False).reindex(market.signal_index)
[wide_s9801_23] s_i=0.0086 dE=+0.3161 dT=+0.063 dNC=-0.0165 dC=-326 dComb_up=-588
/data/games/factor_/scripts/e_decomp_20260928.py:370: FutureWarning: The previous implementation of stack is deprecated and will be removed in a future version of pandas. See the What's New notes for pandas 2.1.0 for details. Specify future_stack=True to adopt the new implementation and silence this warning.
  flat = oriented_panel.stack(dropna=False).reindex(market.signal_index)
[wide_s9801_24] s_i=0.0093 dE=+0.1281 dT=+0.154 dNC=-0.0220 dC=-435 dComb_up=-679
/data/games/factor_/scripts/e_decomp_20260928.py:370: FutureWarning: The previous implementation of stack is deprecated and will be removed in a future version of pandas. See the What's New notes for pandas 2.1.0 for details. Specify future_stack=True to adopt the new implementation and silence this warning.
  flat = oriented_panel.stack(dropna=False).reindex(market.signal_index)
[wide_s9801_25] s_i=0.0082 dE=+0.2644 dT=+0.173 dNC=-0.0286 dC=-567 dComb_up=-839
/data/games/factor_/scripts/e_decomp_20260928.py:370: FutureWarning: The previous implementation of stack is deprecated and will be removed in a future version of pandas. See the What's New notes for pandas 2.1.0 for details. Specify future_stack=True to adopt the new implementation and silence this warning.
  flat = oriented_panel.stack(dropna=False).reindex(market.signal_index)
[wide_s9801_26] s_i=0.0088 dE=+0.1707 dT=+0.188 dNC=-0.0406 dC=-804 dComb_up=-1,061
/data/games/factor_/scripts/e_decomp_20260928.py:370: FutureWarning: The previous implementation of stack is deprecated and will be removed in a future version of pandas. See the What's New notes for pandas 2.1.0 for details. Specify future_stack=True to adopt the new implementation and silence this warning.
  flat = oriented_panel.stack(dropna=False).reindex(market.signal_index)
[wide_s9801_27] s_i=0.0084 dE=+0.1086 dT=+0.189 dNC=-0.0346 dC=-686 dComb_up=-952
/data/games/factor_/scripts/e_decomp_20260928.py:370: FutureWarning: The previous implementation of stack is deprecated and will be removed in a future version of pandas. See the What's New notes for pandas 2.1.0 for details. Specify future_stack=True to adopt the new implementation and silence this warning.
  flat = oriented_panel.stack(dropna=False).reindex(market.signal_index)
[wide_s9801_28] s_i=0.0086 dE=+0.1881 dT=+0.210 dNC=-0.0397 dC=-785 dComb_up=-1,045
/data/games/factor_/scripts/e_decomp_20260928.py:370: FutureWarning: The previous implementation of stack is deprecated and will be removed in a future version of pandas. See the What's New notes for pandas 2.1.0 for details. Specify future_stack=True to adopt the new implementation and silence this warning.
  flat = oriented_panel.stack(dropna=False).reindex(market.signal_index)
[sizeneut_wide_s9821_29] s_i=0.0014 dE=-0.1195 dT=+0.083 dNC=-0.0235 dC=-465 dComb_up=-905
/data/games/factor_/scripts/e_decomp_20260928.py:370: FutureWarning: The previous implementation of stack is deprecated and will be removed in a future version of pandas. See the What's New notes for pandas 2.1.0 for details. Specify future_stack=True to adopt the new implementation and silence this warning.
  flat = oriented_panel.stack(dropna=False).reindex(market.signal_index)
[M01_30_40] s_i=0.0532 dE=-0.2554 dT=+0.108 dNC=-0.0327 dC=-647 dComb_up=+198
/data/games/factor_/scripts/e_decomp_20260928.py:370: FutureWarning: The previous implementation of stack is deprecated and will be removed in a future version of pandas. See the What's New notes for pandas 2.1.0 for details. Specify future_stack=True to adopt the new implementation and silence this warning.
  flat = oriented_panel.stack(dropna=False).reindex(market.signal_index)
[M02_30_40] s_i=0.0532 dE=-0.2554 dT=+0.108 dNC=-0.0327 dC=-647 dComb_up=+198
/data/games/factor_/scripts/e_decomp_20260928.py:370: FutureWarning: The previous implementation of stack is deprecated and will be removed in a future version of pandas. See the What's New notes for pandas 2.1.0 for details. Specify future_stack=True to adopt the new implementation and silence this warning.
  flat = oriented_panel.stack(dropna=False).reindex(market.signal_index)
[M04_30_40] s_i=0.0416 dE=+0.0794 dT=+0.113 dNC=-0.0165 dC=-326 dComb_up=+232
/data/games/factor_/scripts/e_decomp_20260928.py:370: FutureWarning: The previous implementation of stack is deprecated and will be removed in a future version of pandas. See the What's New notes for pandas 2.1.0 for details. Specify future_stack=True to adopt the new implementation and silence this warning.
  flat = oriented_panel.stack(dropna=False).reindex(market.signal_index)
[M07_30_40] s_i=0.0351 dE=-0.0079 dT=+0.093 dNC=-0.0218 dC=-431 dComb_up=-35
/data/games/factor_/scripts/e_decomp_20260928.py:370: FutureWarning: The previous implementation of stack is deprecated and will be removed in a future version of pandas. See the What's New notes for pandas 2.1.0 for details. Specify future_stack=True to adopt the new implementation and silence this warning.
  flat = oriented_panel.stack(dropna=False).reindex(market.signal_index)
[M08_30_40] s_i=0.0297 dE=+0.0811 dT=+0.076 dNC=-0.0401 dC=-795 dComb_up=-532
/data/games/factor_/scripts/e_decomp_20260928.py:370: FutureWarning: The previous implementation of stack is deprecated and will be removed in a future version of pandas. See the What's New notes for pandas 2.1.0 for details. Specify future_stack=True to adopt the new implementation and silence this warning.
  flat = oriented_panel.stack(dropna=False).reindex(market.signal_index)
[M09_30_40] s_i=0.0278 dE=+0.0616 dT=+0.073 dNC=-0.0400 dC=-793 dComb_up=-577
/data/games/factor_/scripts/e_decomp_20260928.py:370: FutureWarning: The previous implementation of stack is deprecated and will be removed in a future version of pandas. See the What's New notes for pandas 2.1.0 for details. Specify future_stack=True to adopt the new implementation and silence this warning.
  flat = oriented_panel.stack(dropna=False).reindex(market.signal_index)
[M10_30_40] s_i=0.0264 dE=-0.0667 dT=+0.071 dNC=-0.0267 dC=-528 dComb_up=-346
/data/games/factor_/scripts/e_decomp_20260928.py:370: FutureWarning: The previous implementation of stack is deprecated and will be removed in a future version of pandas. See the What's New notes for pandas 2.1.0 for details. Specify future_stack=True to adopt the new implementation and silence this warning.
  flat = oriented_panel.stack(dropna=False).reindex(market.signal_index)
[M11_30_40] s_i=0.0258 dE=+0.1025 dT=+0.058 dNC=-0.0059 dC=-117 dComb_up=+48
/data/games/factor_/scripts/e_decomp_20260928.py:370: FutureWarning: The previous implementation of stack is deprecated and will be removed in a future version of pandas. See the What's New notes for pandas 2.1.0 for details. Specify future_stack=True to adopt the new implementation and silence this warning.
  flat = oriented_panel.stack(dropna=False).reindex(market.signal_index)
[H00_40_60] s_i=0.0574 dE=+0.0411 dT=+0.012 dNC=-0.0022 dC=-44 dComb_up=+906
/data/games/factor_/scripts/e_decomp_20260928.py:370: FutureWarning: The previous implementation of stack is deprecated and will be removed in a future version of pandas. See the What's New notes for pandas 2.1.0 for details. Specify future_stack=True to adopt the new implementation and silence this warning.
  flat = oriented_panel.stack(dropna=False).reindex(market.signal_index)
[H01_40_60] s_i=0.0554 dE=-0.1737 dT=+0.145 dNC=-0.0469 dC=-929 dComb_up=-28
/data/games/factor_/scripts/e_decomp_20260928.py:370: FutureWarning: The previous implementation of stack is deprecated and will be removed in a future version of pandas. See the What's New notes for pandas 2.1.0 for details. Specify future_stack=True to adopt the new implementation and silence this warning.
  flat = oriented_panel.stack(dropna=False).reindex(market.signal_index)
[H02_40_60] s_i=0.0554 dE=-0.1515 dT=+0.141 dNC=-0.0399 dC=-790 dComb_up=+111
/data/games/factor_/scripts/e_decomp_20260928.py:370: FutureWarning: The previous implementation of stack is deprecated and will be removed in a future version of pandas. See the What's New notes for pandas 2.1.0 for details. Specify future_stack=True to adopt the new implementation and silence this warning.
  flat = oriented_panel.stack(dropna=False).reindex(market.signal_index)
[H03_40_60] s_i=0.0549 dE=-0.1801 dT=+0.144 dNC=-0.0544 dC=-1,078 dComb_up=-189
/data/games/factor_/scripts/e_decomp_20260928.py:370: FutureWarning: The previous implementation of stack is deprecated and will be removed in a future version of pandas. See the What's New notes for pandas 2.1.0 for details. Specify future_stack=True to adopt the new implementation and silence this warning.
  flat = oriented_panel.stack(dropna=False).reindex(market.signal_index)
[H04_40_60] s_i=0.0552 dE=-0.2452 dT=+0.148 dNC=-0.0583 dC=-1,153 dComb_up=-258

written /data/games/factor_/research_reports/platform_alignment/e-decomp-20260928/cand_summary.csv (43 candidates)
done
