seats (552290, 5); signal rows 552290; dates 120
loading full-A frame
frame rows 8584574 instruments 5395 calendar 2107
close panel (2107, 5395)
building TushareStockData
context signal dates 120 2021-09-07..2026-08-10
[seed] E=2.6262 NC=0.628
/data/games/factor_/scripts/financial_factor_local.py:370: FutureWarning: The behavior of DataFrame concatenation with empty or all-NA entries is deprecated. In a future version, this will no longer exclude empty or all-NA columns when determining the result dtypes. To retain the old behavior, exclude the relevant entries before the concat operation.
  frame = pd.concat(frames, ignore_index=True)
/data/games/factor_/scripts/e_decomp_20260928.py:370: FutureWarning: The previous implementation of stack is deprecated and will be removed in a future version of pandas. See the What's New notes for pandas 2.1.0 for details. Specify future_stack=True to adopt the new implementation and silence this warning.
  flat = oriented_panel.stack(dropna=False).reindex(market.signal_index)
[T1_ratio_bm_vma250] s_i=0.0532 dE=-0.2554 dT=+0.108 dNC=-0.0327 dC=-647 dComb_up=+198
/data/games/factor_/scripts/e_decomp_20260928.py:370: FutureWarning: The previous implementation of stack is deprecated and will be removed in a future version of pandas. See the What's New notes for pandas 2.1.0 for details. Specify future_stack=True to adopt the new implementation and silence this warning.
  flat = oriented_panel.stack(dropna=False).reindex(market.signal_index)
[T2_tsmed_amount] s_i=0.0500 dE=-0.1638 dT=+0.105 dNC=-0.0311 dC=-615 dComb_up=+152
/data/games/factor_/scripts/e_decomp_20260928.py:370: FutureWarning: The previous implementation of stack is deprecated and will be removed in a future version of pandas. See the What's New notes for pandas 2.1.0 for details. Specify future_stack=True to adopt the new implementation and silence this warning.
  flat = oriented_panel.stack(dropna=False).reindex(market.signal_index)
[T4_ev_lyr] s_i=0.0398 dE=+0.1282 dT=+0.109 dNC=-0.0186 dC=-368 dComb_up=+146
/data/games/factor_/scripts/e_decomp_20260928.py:370: FutureWarning: The previous implementation of stack is deprecated and will be removed in a future version of pandas. See the What's New notes for pandas 2.1.0 for details. Specify future_stack=True to adopt the new implementation and silence this warning.
  flat = oriented_panel.stack(dropna=False).reindex(market.signal_index)
[T5_totliab] s_i=0.0398 dE=+0.1010 dT=+0.111 dNC=-0.0243 dC=-481 dComb_up=+33
/data/games/factor_/scripts/e_decomp_20260928.py:370: FutureWarning: The previous implementation of stack is deprecated and will be removed in a future version of pandas. See the What's New notes for pandas 2.1.0 for details. Specify future_stack=True to adopt the new implementation and silence this warning.
  flat = oriented_panel.stack(dropna=False).reindex(market.signal_index)
[FNET01] s_i=0.0242 dE=-0.1110 dT=-0.008 dNC=-0.0624 dC=-1,235 dComb_up=-1,109

written /data/games/factor_/research_reports/platform_alignment/e-decomp-20260928/cand_summary.csv (5 candidates)
done
