seats (552290, 5); signal rows 552290; dates 120
loading full-A frame
frame rows 8584574 instruments 5395 calendar 2107
close panel (2107, 5395)
building TushareStockData
context signal dates 120 2021-09-07..2026-08-10
[seed] E=2.6262 T=0.292 NC=0.628
[drop_size_only] E=2.5610 T=0.309 NC=0.592
[only_size_only] E=2.9290 T=0.180 NC=0.614
[drop_impact60] E=2.7041 T=0.320 NC=0.610
[only_impact60] E=1.7413 T=0.217 NC=0.537
[drop_t10_size_plus_impact_bm] E=2.2049 T=0.184 NC=0.615
[only_t10_size_plus_impact_bm] E=2.5836 T=0.605 NC=0.477
[drop_book_to_market_lf_minus_size] E=2.7314 T=0.316 NC=0.610
[only_book_to_market_lf_minus_size] E=1.9226 T=0.201 NC=0.554
[drop_book_to_market_lf_plus_impact] E=2.8434 T=0.324 NC=0.618
[only_book_to_market_lf_plus_impact] E=1.4767 T=0.196 NC=0.476

=== scenarios ===
                          scenario  five_turn  e_mean  e_median   e_p10   e_p90  t_mean  t_2rebal  t_3rebal  rawc_mean  nc_mean  nc_min  months  beta_size  r2_size  share_size
                              seed     0.1458  2.6262    0.5420 -0.0790 10.2784  0.2916    0.2916    0.4373     8.3824   0.6280 -0.0000      60     0.7757   0.8613      0.8613
                    drop_size_only     0.1545  2.5610    0.4806 -0.1351  8.9614  0.3090    0.3090    0.4635     8.0112   0.5924 -0.0000      60     0.6988   0.7838      0.7838
                    only_size_only     0.0898  2.9290    0.5393 -0.0004  7.8833  0.1796    0.1796    0.2695     9.5388   0.6144 -0.0000      60     1.0000   1.0000      1.0000
                     drop_impact60     0.1600  2.7041    0.5119 -0.0940 11.0084  0.3200    0.3200    0.4799     8.3651   0.6098 -0.0000      60     0.7768   0.8434      0.8434
                     only_impact60     0.1087  1.7413    0.3624 -0.1028  5.5717  0.2174    0.2174    0.3261     5.9558   0.5371 -0.0000      60     0.6115   0.7618      0.7618
      drop_t10_size_plus_impact_bm     0.0921  2.2049    0.5514 -0.0459  7.4706  0.1842    0.1842    0.2763     7.1567   0.6149 -0.0000      60     0.8123   0.9135      0.9135
      only_t10_size_plus_impact_bm     0.3023  2.5836    0.2954 -0.0959  6.6161  0.6047    0.6047    0.9070     4.8135   0.4765 -0.0000      60     0.6136   0.6786      0.6786
 drop_book_to_market_lf_minus_size     0.1580  2.7314    0.7196 -0.0683  8.5196  0.3161    0.3161    0.4741     8.4818   0.6100 -0.0000      60     0.7791   0.8770      0.8770
 only_book_to_market_lf_minus_size     0.1006  1.9226    0.3986 -0.1753  8.7183  0.2011    0.2011    0.3017     6.2912   0.5544 -0.0000      60     0.7461   0.8299      0.8299
drop_book_to_market_lf_plus_impact     0.1619  2.8434    0.7102 -0.0296  9.2143  0.3238    0.3238    0.4856     8.6519   0.6182 -0.0000      60     0.8237   0.9019      0.9019
only_book_to_market_lf_plus_impact     0.0979  1.4767    0.1942 -0.3431  5.4676  0.1957    0.1957    0.2936     5.0573   0.4763 -0.0000      60     0.5896   0.6616      0.6616

=== marginals ===
                         seat  drop_e_mean  seed_minus_drop_e  drop_nc_mean  seed_minus_drop_nc  only_e_mean  only_nc_mean  only_t_mean
                    size_only       2.5610             0.0651        0.5924              0.0356       2.9290        0.6144       0.1796
                     impact60       2.7041            -0.0779        0.6098              0.0182       1.7413        0.5371       0.2174
      t10_size_plus_impact_bm       2.2049             0.4213        0.6149              0.0131       2.5836        0.4765       0.6047
 book_to_market_lf_minus_size       2.7314            -0.1052        0.6100              0.0180       1.9226        0.5544       0.2011
book_to_market_lf_plus_impact       2.8434            -0.2172        0.6182              0.0098       1.4767        0.4763       0.1957
done
