seats (552290, 5); signal rows 552290; dates 120
loading full-A frame
frame rows 8584574 instruments 5395 calendar 2107
close panel (2107, 5395)
building TushareStockData
context signal dates 120 2021-09-07..2026-08-10
[seed] E=2.6262 T=0.292 NC=0.757
[drop_size_only] E=2.5610 T=0.309 NC=0.717
[only_size_only] E=2.9290 T=0.180 NC=0.787
[drop_impact60] E=2.7041 T=0.320 NC=0.738
[only_impact60] E=1.7413 T=0.217 NC=0.662
[drop_t10_size_plus_impact_bm] E=2.2049 T=0.184 NC=0.752
[only_t10_size_plus_impact_bm] E=2.5836 T=0.605 NC=0.584
[drop_book_to_market_lf_minus_size] E=2.7314 T=0.316 NC=0.741
[only_book_to_market_lf_minus_size] E=1.9226 T=0.201 NC=0.690
[drop_book_to_market_lf_plus_impact] E=2.8434 T=0.324 NC=0.758
[only_book_to_market_lf_plus_impact] E=1.4767 T=0.196 NC=0.587

=== scenarios ===
                          scenario  five_turn  e_mean  e_median   e_p10   e_p90  t_mean  t_2rebal  t_3rebal  rawc_mean  nc_mean  nc_min  months  beta_size  r2_size  share_size
                              seed     0.1458  2.6262    0.5420 -0.0790 10.2784  0.2916    0.2916    0.4373     8.7337   0.7572  0.0000      60     0.9001   0.9780      0.9780
                    drop_size_only     0.1545  2.5610    0.4806 -0.1351  8.9614  0.3090    0.3090    0.4635     8.3812   0.7169  0.0000      60     0.8677   0.9670      0.9670
                    only_size_only     0.0898  2.9290    0.5393 -0.0004  7.8833  0.1796    0.1796    0.2695     9.9299   0.7868  0.0000      60     1.0000   1.0000      1.0000
                     drop_impact60     0.1600  2.7041    0.5119 -0.0940 11.0084  0.3200    0.3200    0.4799     8.7100   0.7383  0.0000      60     0.8975   0.9752      0.9752
                     only_impact60     0.1087  1.7413    0.3624 -0.1028  5.5717  0.2174    0.2174    0.3261     6.2322   0.6618  0.0000      60     0.8817   0.9542      0.9542
      drop_t10_size_plus_impact_bm     0.0921  2.2049    0.5514 -0.0459  7.4706  0.1842    0.1842    0.2763     7.5122   0.7518  0.0000      60     0.9217   0.9854      0.9854
      only_t10_size_plus_impact_bm     0.3023  2.5836    0.2954 -0.0959  6.6161  0.6047    0.6047    0.9070     4.9981   0.5838  0.0000      60     0.8692   0.9430      0.9430
 drop_book_to_market_lf_minus_size     0.1580  2.7314    0.7196 -0.0683  8.5196  0.3161    0.3161    0.4741     8.8072   0.7409  0.0000      60     0.9082   0.9795      0.9795
 only_book_to_market_lf_minus_size     0.1006  1.9226    0.3986 -0.1753  8.7183  0.2011    0.2011    0.3017     6.6772   0.6897  0.0000      60     0.8847   0.9740      0.9740
drop_book_to_market_lf_plus_impact     0.1619  2.8434    0.7102 -0.0296  9.2143  0.3238    0.3238    0.4856     8.9743   0.7577  0.0000      60     0.9253   0.9833      0.9833
only_book_to_market_lf_plus_impact     0.0979  1.4767    0.1942 -0.3431  5.4676  0.1957    0.1957    0.2936     5.4642   0.5869  0.0000      60     0.8227   0.9509      0.9509

=== marginals ===
                         seat  drop_e_mean  seed_minus_drop_e  drop_nc_mean  seed_minus_drop_nc  only_e_mean  only_nc_mean  only_t_mean
                    size_only       2.5610             0.0651        0.7169              0.0403       2.9290        0.7868       0.1796
                     impact60       2.7041            -0.0779        0.7383              0.0189       1.7413        0.6618       0.2174
      t10_size_plus_impact_bm       2.2049             0.4213        0.7518              0.0054       2.5836        0.5838       0.6047
 book_to_market_lf_minus_size       2.7314            -0.1052        0.7409              0.0163       1.9226        0.6897       0.2011
book_to_market_lf_plus_impact       2.8434            -0.2172        0.7577             -0.0005       1.4767        0.5869       0.1957
done
