seats (552290, 5); signal rows 552290; dates 120
loading full-A frame
frame rows 8584574 instruments 5395 calendar 2107
close panel (2107, 5395)
building TushareStockData
context signal dates 120 2021-09-07..2026-08-10
[seed] E=2.6262 NC=0.628
/data/games/factor_/scripts/financial_factor_local.py:370: FutureWarning: The behavior of DataFrame concatenation with empty or all-NA entries is deprecated. In a future version, this will no longer exclude empty or all-NA columns when determining the result dtypes. To retain the old behavior, exclude the relevant entries before the concat operation.
  frame = pd.concat(frames, ignore_index=True)
/data/games/factor_/scripts/opp_swapsearch_20260928.py:56: FutureWarning: The previous implementation of stack is deprecated and will be removed in a future version of pandas. See the What's New notes for pandas 2.1.0 for details. Specify future_stack=True to adopt the new implementation and silence this warning.
  flat = panel.stack(dropna=False).reindex(market.signal_index)
[H00_40_60] append                           dA=    +765 dC=     -44 dComb=    +721 (dE=+0.041 dT=+0.012 dNC=-0.0022)
[H00_40_60] swap_size_only                   dA=   +1447 dC=    -965 dComb=    +483 (dE=-0.105 dT=+0.030 dNC=-0.0487)
[H00_40_60] swap_impact60                    dA=   +1185 dC=    -360 dComb=    +825 (dE=+0.057 dT=+0.045 dNC=-0.0182)
[H00_40_60] swap_t10_size_plus_impact_bm     dA=     -96 dC=    -136 dComb=    -232 (dE=-0.374 dT=-0.084 dNC=-0.0068)
[H00_40_60] swap_book_to_market_lf_minus_size dA=   +1032 dC=    -373 dComb=    +659 (dE=+0.105 dT=+0.040 dNC=-0.0188)
[H00_40_60] swap_book_to_market_lf_plus_impact dA=   +1019 dC=    -255 dComb=    +765 (dE=+0.163 dT=+0.046 dNC=-0.0129)

=== 每候选最优场景（按 ΔComb = A + C）===
     name      scenario  s_i_local  d_a_points  d_c_points  d_comb  d_comb_with_b
H00_40_60 swap_impact60      0.057    1185.076    -360.174 824.902       2866.881

written /data/games/factor_/research_reports/platform_alignment/e-decomp-20260928/swapsearch_summary.csv
