seats (552290, 5); signal rows 552290; dates 120
loading full-A frame
frame rows 8584574 instruments 5395 calendar 2107
close panel (2107, 5395)
building TushareStockData
context signal dates 120 2021-09-07..2026-08-10
[seed] E=2.6262 NC=0.628
/data/games/factor_/scripts/financial_factor_local.py:370: FutureWarning: The behavior of DataFrame concatenation with empty or all-NA entries is deprecated. In a future version, this will no longer exclude empty or all-NA columns when determining the result dtypes. To retain the old behavior, exclude the relevant entries before the concat operation.
  frame = pd.concat(frames, ignore_index=True)
/data/games/factor_/scripts/opp_swapsearch_20260928.py:56: FutureWarning: The previous implementation of stack is deprecated and will be removed in a future version of pandas. See the What's New notes for pandas 2.1.0 for details. Specify future_stack=True to adopt the new implementation and silence this warning.
  flat = panel.stack(dropna=False).reindex(market.signal_index)
[H00_40_60] append                           dA=    +765 dC=     -44 dComb=    +721 (dE=+0.041 dT=+0.012 dNC=-0.0022)
[H00_40_60] swap_size_only                   dA=   +1447 dC=    -965 dComb=    +483 (dE=-0.105 dT=+0.030 dNC=-0.0487)
[H00_40_60] swap_impact60                    dA=   +1185 dC=    -360 dComb=    +825 (dE=+0.057 dT=+0.045 dNC=-0.0182)
[H00_40_60] swap_t10_size_plus_impact_bm     dA=     -96 dC=    -136 dComb=    -232 (dE=-0.374 dT=-0.084 dNC=-0.0068)
[H00_40_60] swap_book_to_market_lf_minus_size dA=   +1032 dC=    -373 dComb=    +659 (dE=+0.105 dT=+0.040 dNC=-0.0188)
[H00_40_60] swap_book_to_market_lf_plus_impact dA=   +1019 dC=    -255 dComb=    +765 (dE=+0.163 dT=+0.046 dNC=-0.0129)
/data/games/factor_/scripts/opp_swapsearch_20260928.py:56: FutureWarning: The previous implementation of stack is deprecated and will be removed in a future version of pandas. See the What's New notes for pandas 2.1.0 for details. Specify future_stack=True to adopt the new implementation and silence this warning.
  flat = panel.stack(dropna=False).reindex(market.signal_index)
[T4_ev_lyr] append                           dA=    +329 dC=    -368 dComb=     -39 (dE=+0.128 dT=+0.109 dNC=-0.0186)
[T4_ev_lyr] swap_size_only                   dA=    +924 dC=   -1312 dComb=    -388 (dE=-0.145 dT=+0.130 dNC=-0.0663)
[T4_ev_lyr] swap_impact60                    dA=    +662 dC=    -909 dComb=    -247 (dE=+0.041 dT=+0.146 dNC=-0.0459)
[T4_ev_lyr] swap_t10_size_plus_impact_bm     dA=    -619 dC=    -684 dComb=   -1303 (dE=-0.349 dT=+0.079 dNC=-0.0346)
[T4_ev_lyr] swap_book_to_market_lf_minus_size dA=    +509 dC=    -824 dComb=    -314 (dE=-0.050 dT=+0.143 dNC=-0.0416)
[T4_ev_lyr] swap_book_to_market_lf_plus_impact dA=    +497 dC=    -756 dComb=    -259 (dE=+0.135 dT=+0.155 dNC=-0.0382)
/data/games/factor_/scripts/opp_swapsearch_20260928.py:56: FutureWarning: The previous implementation of stack is deprecated and will be removed in a future version of pandas. See the What's New notes for pandas 2.1.0 for details. Specify future_stack=True to adopt the new implementation and silence this warning.
  flat = panel.stack(dropna=False).reindex(market.signal_index)
[M04_30_40] append                           dA=    +372 dC=    -326 dComb=     +46 (dE=+0.079 dT=+0.113 dNC=-0.0165)
[M04_30_40] swap_size_only                   dA=    +976 dC=   -1411 dComb=    -435 (dE=-0.160 dT=+0.134 dNC=-0.0713)
[M04_30_40] swap_impact60                    dA=    +714 dC=    -807 dComb=     -93 (dE=-0.023 dT=+0.151 dNC=-0.0408)
[M04_30_40] swap_t10_size_plus_impact_bm     dA=    -567 dC=    -995 dComb=   -1562 (dE=-0.424 dT=+0.082 dNC=-0.0502)
[M04_30_40] swap_book_to_market_lf_minus_size dA=    +561 dC=    -650 dComb=     -89 (dE=-0.019 dT=+0.149 dNC=-0.0328)
[M04_30_40] swap_book_to_market_lf_plus_impact dA=    +549 dC=    -603 dComb=     -54 (dE=+0.068 dT=+0.156 dNC=-0.0304)
/data/games/factor_/scripts/opp_swapsearch_20260928.py:56: FutureWarning: The previous implementation of stack is deprecated and will be removed in a future version of pandas. See the What's New notes for pandas 2.1.0 for details. Specify future_stack=True to adopt the new implementation and silence this warning.
  flat = panel.stack(dropna=False).reindex(market.signal_index)
[VV6_500] append                           dA=    +467 dC=   -1887 dComb=   -1420 (dE=-0.424 dT=+0.332 dNC=-0.0953)
[VV6_500] swap_size_only                   dA=   +1090 dC=   -2541 dComb=   -1451 (dE=-0.690 dT=+0.396 dNC=-0.1283)
[VV6_500] swap_impact60                    dA=    +828 dC=   -2402 dComb=   -1574 (dE=-0.571 dT=+0.421 dNC=-0.1213)
[VV6_500] swap_t10_size_plus_impact_bm     dA=    -453 dC=   -2172 dComb=   -2625 (dE=-0.688 dT=+0.351 dNC=-0.1097)
[VV6_500] swap_book_to_market_lf_minus_size dA=    +675 dC=   -2520 dComb=   -1845 (dE=-0.514 dT=+0.433 dNC=-0.1273)
[VV6_500] swap_book_to_market_lf_plus_impact dA=    +662 dC=   -2239 dComb=   -1577 (dE=-0.395 dT=+0.442 dNC=-0.1131)

=== 每候选最优场景（按 ΔComb = A + C）===
     name      scenario  s_i_local  d_a_points  d_c_points    d_comb  d_comb_with_b
H00_40_60 swap_impact60      0.057    1185.076    -360.174   824.902       2866.881
M04_30_40        append      0.042     372.357    -325.975    46.382        687.982
T4_ev_lyr        append      0.040     328.908    -367.950   -39.043        527.691
  VV6_500        append      0.045     467.090   -1886.592 -1419.501       -614.668

written /data/games/factor_/research_reports/platform_alignment/e-decomp-20260928/swapsearch_summary.csv
