seats (552290, 5); signal rows 552290; dates 120
loading full-A frame
frame rows 8584574 instruments 5395 calendar 2107
close panel (2107, 5395)
building TushareStockData
context signal dates 120 2021-09-07..2026-08-10
[seed] E=2.6262 NC=0.628
/data/games/factor_/scripts/opp_swapsearch_20260928.py:56: FutureWarning: The previous implementation of stack is deprecated and will be removed in a future version of pandas. See the What's New notes for pandas 2.1.0 for details. Specify future_stack=True to adopt the new implementation and silence this warning.
  flat = panel.stack(dropna=False).reindex(market.signal_index)
[V4R01] append                           dA=    -282 dC=     +64 dComb=    -217 (dE=-0.123 dT=-0.003 dNC=+0.0033)
[V4R01] swap_size_only                   dA=    +191 dC=    -756 dComb=    -565 (dE=-0.197 dT=+0.013 dNC=-0.0382)
[V4R01] swap_impact60                    dA=     -71 dC=    -141 dComb=    -212 (dE=-0.093 dT=+0.023 dNC=-0.0071)
[V4R01] swap_t10_size_plus_impact_bm     dA=   -1352 dC=    -536 dComb=   -1888 (dE=-0.490 dT=-0.107 dNC=-0.0271)
[V4R01] swap_book_to_market_lf_minus_size dA=    -224 dC=    -422 dComb=    -646 (dE=+0.000 dT=+0.020 dNC=-0.0213)
[V4R01] swap_book_to_market_lf_plus_impact dA=    -236 dC=    -323 dComb=    -559 (dE=+0.034 dT=+0.024 dNC=-0.0163)
/data/games/factor_/scripts/opp_swapsearch_20260928.py:56: FutureWarning: The previous implementation of stack is deprecated and will be removed in a future version of pandas. See the What's New notes for pandas 2.1.0 for details. Specify future_stack=True to adopt the new implementation and silence this warning.
  flat = panel.stack(dropna=False).reindex(market.signal_index)
[V4R02] append                           dA=    -306 dC=     -67 dComb=    -373 (dE=-0.117 dT=-0.003 dNC=-0.0034)
[V4R02] swap_size_only                   dA=    +162 dC=    -674 dComb=    -511 (dE=-0.271 dT=+0.012 dNC=-0.0340)
[V4R02] swap_impact60                    dA=    -100 dC=    -170 dComb=    -269 (dE=-0.073 dT=+0.025 dNC=-0.0086)
[V4R02] swap_t10_size_plus_impact_bm     dA=   -1381 dC=    -559 dComb=   -1940 (dE=-0.497 dT=-0.103 dNC=-0.0283)
[V4R02] swap_book_to_market_lf_minus_size dA=    -253 dC=    -425 dComb=    -678 (dE=-0.007 dT=+0.021 dNC=-0.0215)
[V4R02] swap_book_to_market_lf_plus_impact dA=    -265 dC=    -371 dComb=    -636 (dE=+0.047 dT=+0.022 dNC=-0.0187)
/data/games/factor_/scripts/opp_swapsearch_20260928.py:56: FutureWarning: The previous implementation of stack is deprecated and will be removed in a future version of pandas. See the What's New notes for pandas 2.1.0 for details. Specify future_stack=True to adopt the new implementation and silence this warning.
  flat = panel.stack(dropna=False).reindex(market.signal_index)
[V4R20] append                           dA=    -385 dC=     -20 dComb=    -405 (dE=-0.119 dT=-0.007 dNC=-0.0010)
[V4R20] swap_size_only                   dA=     +67 dC=    -738 dComb=    -671 (dE=-0.248 dT=+0.010 dNC=-0.0373)
[V4R20] swap_impact60                    dA=    -195 dC=    -121 dComb=    -316 (dE=-0.139 dT=+0.018 dNC=-0.0061)
[V4R20] swap_t10_size_plus_impact_bm     dA=   -1476 dC=    -574 dComb=   -2050 (dE=-0.490 dT=-0.106 dNC=-0.0290)
[V4R20] swap_book_to_market_lf_minus_size dA=    -348 dC=    -361 dComb=    -709 (dE=-0.002 dT=+0.017 dNC=-0.0183)
[V4R20] swap_book_to_market_lf_plus_impact dA=    -361 dC=    -263 dComb=    -623 (dE=+0.080 dT=+0.019 dNC=-0.0133)
/data/games/factor_/scripts/opp_swapsearch_20260928.py:56: FutureWarning: The previous implementation of stack is deprecated and will be removed in a future version of pandas. See the What's New notes for pandas 2.1.0 for details. Specify future_stack=True to adopt the new implementation and silence this warning.
  flat = panel.stack(dropna=False).reindex(market.signal_index)
[V4R36] append                           dA=    -472 dC=    -118 dComb=    -589 (dE=-0.130 dT=-0.011 dNC=-0.0059)
[V4R36] swap_size_only                   dA=     -36 dC=    -762 dComb=    -798 (dE=-0.330 dT=+0.005 dNC=-0.0385)
[V4R36] swap_impact60                    dA=    -299 dC=    -546 dComb=    -845 (dE=-0.055 dT=+0.008 dNC=-0.0276)
[V4R36] swap_t10_size_plus_impact_bm     dA=   -1580 dC=    -622 dComb=   -2202 (dE=-0.556 dT=-0.100 dNC=-0.0314)
[V4R36] swap_book_to_market_lf_minus_size dA=    -451 dC=    -367 dComb=    -819 (dE=-0.009 dT=+0.008 dNC=-0.0186)
[V4R36] swap_book_to_market_lf_plus_impact dA=    -464 dC=    -159 dComb=    -623 (dE=+0.092 dT=+0.014 dNC=-0.0080)
/data/games/factor_/scripts/financial_factor_local.py:370: FutureWarning: The behavior of DataFrame concatenation with empty or all-NA entries is deprecated. In a future version, this will no longer exclude empty or all-NA columns when determining the result dtypes. To retain the old behavior, exclude the relevant entries before the concat operation.
  frame = pd.concat(frames, ignore_index=True)
/data/games/factor_/scripts/opp_swapsearch_20260928.py:56: FutureWarning: The previous implementation of stack is deprecated and will be removed in a future version of pandas. See the What's New notes for pandas 2.1.0 for details. Specify future_stack=True to adopt the new implementation and silence this warning.
  flat = panel.stack(dropna=False).reindex(market.signal_index)
[V4R37] append                           dA=    -431 dC=      +6 dComb=    -425 (dE=+0.004 dT=-0.001 dNC=+0.0003)
[V4R37] swap_size_only                   dA=     +12 dC=    -694 dComb=    -681 (dE=-0.025 dT=+0.018 dNC=-0.0350)
[V4R37] swap_impact60                    dA=    -250 dC=    -352 dComb=    -602 (dE=+0.071 dT=+0.026 dNC=-0.0178)
[V4R37] swap_t10_size_plus_impact_bm     dA=   -1531 dC=    -335 dComb=   -1866 (dE=-0.395 dT=-0.109 dNC=-0.0169)
[V4R37] swap_book_to_market_lf_minus_size dA=    -403 dC=    -329 dComb=    -732 (dE=+0.114 dT=+0.024 dNC=-0.0166)
[V4R37] swap_book_to_market_lf_plus_impact dA=    -415 dC=    -222 dComb=    -638 (dE=+0.253 dT=+0.029 dNC=-0.0112)
/data/games/factor_/scripts/opp_swapsearch_20260928.py:56: FutureWarning: The previous implementation of stack is deprecated and will be removed in a future version of pandas. See the What's New notes for pandas 2.1.0 for details. Specify future_stack=True to adopt the new implementation and silence this warning.
  flat = panel.stack(dropna=False).reindex(market.signal_index)
[V4R50] append                           dA=    -484 dC=    -383 dComb=    -867 (dE=+0.033 dT=-0.003 dNC=-0.0194)
[V4R50] swap_size_only                   dA=     -51 dC=   -1139 dComb=   -1190 (dE=-0.199 dT=+0.012 dNC=-0.0575)
[V4R50] swap_impact60                    dA=    -313 dC=    -766 dComb=   -1079 (dE=+0.012 dT=+0.018 dNC=-0.0387)
[V4R50] swap_t10_size_plus_impact_bm     dA=   -1594 dC=    -516 dComb=   -2110 (dE=-0.368 dT=-0.101 dNC=-0.0260)
[V4R50] swap_book_to_market_lf_minus_size dA=    -466 dC=    -253 dComb=    -719 (dE=+0.107 dT=+0.024 dNC=-0.0128)
[V4R50] swap_book_to_market_lf_plus_impact dA=    -479 dC=    -189 dComb=    -668 (dE=+0.164 dT=+0.029 dNC=-0.0096)
/data/games/factor_/scripts/opp_swapsearch_20260928.py:56: FutureWarning: The previous implementation of stack is deprecated and will be removed in a future version of pandas. See the What's New notes for pandas 2.1.0 for details. Specify future_stack=True to adopt the new implementation and silence this warning.
  flat = panel.stack(dropna=False).reindex(market.signal_index)
[V4R66] append                           dA=    -504 dC=    -345 dComb=    -850 (dE=-0.024 dT=-0.028 dNC=-0.0174)
[V4R66] swap_size_only                   dA=     -76 dC=   -1472 dComb=   -1548 (dE=-0.255 dT=-0.020 dNC=-0.0744)
[V4R66] swap_impact60                    dA=    -338 dC=   -1283 dComb=   -1621 (dE=-0.011 dT=-0.013 dNC=-0.0648)
[V4R66] swap_t10_size_plus_impact_bm     dA=   -1619 dC=    -698 dComb=   -2317 (dE=-0.519 dT=-0.125 dNC=-0.0353)
[V4R66] swap_book_to_market_lf_minus_size dA=    -491 dC=    -727 dComb=   -1218 (dE=-0.018 dT=-0.008 dNC=-0.0367)
[V4R66] swap_book_to_market_lf_plus_impact dA=    -504 dC=    -388 dComb=    -892 (dE=+0.113 dT=-0.002 dNC=-0.0196)
/data/games/factor_/scripts/opp_swapsearch_20260928.py:56: FutureWarning: The previous implementation of stack is deprecated and will be removed in a future version of pandas. See the What's New notes for pandas 2.1.0 for details. Specify future_stack=True to adopt the new implementation and silence this warning.
  flat = panel.stack(dropna=False).reindex(market.signal_index)
[V4R95] append                           dA=    -498 dC=   -1381 dComb=   -1879 (dE=+0.377 dT=-0.028 dNC=-0.0697)
[V4R95] swap_size_only                   dA=     -67 dC=   -3244 dComb=   -3311 (dE=-0.032 dT=-0.030 dNC=-0.1638)
[V4R95] swap_impact60                    dA=    -330 dC=   -2771 dComb=   -3101 (dE=+0.332 dT=-0.017 dNC=-0.1399)
[V4R95] swap_t10_size_plus_impact_bm     dA=   -1611 dC=   -2228 dComb=   -3838 (dE=-0.304 dT=-0.118 dNC=-0.1125)
[V4R95] swap_book_to_market_lf_minus_size dA=    -482 dC=   -1440 dComb=   -1923 (dE=+0.421 dT=-0.004 dNC=-0.0727)
[V4R95] swap_book_to_market_lf_plus_impact dA=    -495 dC=   -1517 dComb=   -2012 (dE=+0.642 dT=+0.006 dNC=-0.0766)
/data/games/factor_/scripts/opp_swapsearch_20260928.py:56: FutureWarning: The previous implementation of stack is deprecated and will be removed in a future version of pandas. See the What's New notes for pandas 2.1.0 for details. Specify future_stack=True to adopt the new implementation and silence this warning.
  flat = panel.stack(dropna=False).reindex(market.signal_index)
[V3TOP] append                           dA=    -526 dC=    -370 dComb=    -895 (dE=-0.034 dT=-0.027 dNC=-0.0187)
[V3TOP] swap_size_only                   dA=    -101 dC=   -1478 dComb=   -1579 (dE=-0.296 dT=-0.018 dNC=-0.0746)
[V3TOP] swap_impact60                    dA=    -363 dC=   -1186 dComb=   -1549 (dE=+0.025 dT=-0.009 dNC=-0.0599)
[V3TOP] swap_t10_size_plus_impact_bm     dA=   -1644 dC=    -627 dComb=   -2271 (dE=-0.463 dT=-0.121 dNC=-0.0317)
[V3TOP] swap_book_to_market_lf_minus_size dA=    -516 dC=    -676 dComb=   -1192 (dE=+0.006 dT=-0.006 dNC=-0.0342)
[V3TOP] swap_book_to_market_lf_plus_impact dA=    -529 dC=    -278 dComb=    -807 (dE=+0.054 dT=+0.001 dNC=-0.0140)
/data/games/factor_/scripts/opp_swapsearch_20260928.py:56: FutureWarning: The previous implementation of stack is deprecated and will be removed in a future version of pandas. See the What's New notes for pandas 2.1.0 for details. Specify future_stack=True to adopt the new implementation and silence this warning.
  flat = panel.stack(dropna=False).reindex(market.signal_index)
[V2R34] append                           dA=    -392 dC=    -460 dComb=    -852 (dE=-0.028 dT=-0.011 dNC=-0.0232)
[V2R34] swap_size_only                   dA=     +60 dC=   -1065 dComb=   -1006 (dE=-0.203 dT=+0.001 dNC=-0.0538)
[V2R34] swap_impact60                    dA=    -202 dC=    -989 dComb=   -1191 (dE=-0.015 dT=+0.010 dNC=-0.0499)
[V2R34] swap_t10_size_plus_impact_bm     dA=   -1484 dC=    -454 dComb=   -1937 (dE=-0.443 dT=-0.101 dNC=-0.0229)
[V2R34] swap_book_to_market_lf_minus_size dA=    -355 dC=    -297 dComb=    -653 (dE=+0.041 dT=+0.013 dNC=-0.0150)
[V2R34] swap_book_to_market_lf_plus_impact dA=    -368 dC=    -133 dComb=    -501 (dE=+0.110 dT=+0.019 dNC=-0.0067)
/data/games/factor_/scripts/opp_swapsearch_20260928.py:56: FutureWarning: The previous implementation of stack is deprecated and will be removed in a future version of pandas. See the What's New notes for pandas 2.1.0 for details. Specify future_stack=True to adopt the new implementation and silence this warning.
  flat = panel.stack(dropna=False).reindex(market.signal_index)
[V2R40] append                           dA=    -397 dC=    -619 dComb=   -1016 (dE=-0.061 dT=-0.010 dNC=-0.0312)
[V2R40] swap_size_only                   dA=     +53 dC=   -1053 dComb=   -1000 (dE=-0.274 dT=+0.001 dNC=-0.0532)
[V2R40] swap_impact60                    dA=    -209 dC=   -1065 dComb=   -1274 (dE=-0.001 dT=+0.013 dNC=-0.0538)
[V2R40] swap_t10_size_plus_impact_bm     dA=   -1490 dC=    -465 dComb=   -1955 (dE=-0.437 dT=-0.100 dNC=-0.0235)
[V2R40] swap_book_to_market_lf_minus_size dA=    -362 dC=    -658 dComb=   -1020 (dE=+0.007 dT=+0.014 dNC=-0.0332)
[V2R40] swap_book_to_market_lf_plus_impact dA=    -375 dC=    -498 dComb=    -873 (dE=+0.089 dT=+0.022 dNC=-0.0252)

=== 每候选最优场景（按 ΔComb = A + C）===
 name                           scenario  s_i_local  d_a_points  d_c_points    d_comb  d_comb_with_b
V4R01                      swap_impact60      0.015     -70.804    -141.368  -212.172       -334.174
V4R02                      swap_impact60      0.014     -99.783    -169.645  -269.429       -441.363
V4R20                      swap_impact60      0.011    -194.936    -121.302  -316.237       -652.127
V4R37                             append      0.009    -431.064       6.377  -424.687      -1167.443
V2R34 swap_book_to_market_lf_plus_impact      0.011    -368.135    -132.816  -500.951      -1135.277
V4R36                             append      0.008    -471.767    -117.552  -589.319      -1402.209
V4R50 swap_book_to_market_lf_plus_impact      0.007    -478.858    -189.337  -668.195      -1493.304
V3TOP swap_book_to_market_lf_plus_impact      0.005    -528.787    -277.764  -806.551      -1717.692
V4R66                             append      0.006    -504.498    -345.276  -849.773      -1719.062
V2R40 swap_book_to_market_lf_plus_impact      0.011    -374.784    -498.326  -873.109      -1518.891
V4R95                             append      0.007    -497.540   -1380.963 -1878.503      -2735.803

written /data/games/factor_/research_reports/platform_alignment/e-decomp-20260928/swapsearch_summary.csv
