[    0.0s] reference loaded, factors=191
[   66.2s] frame (8584574, 11) 2018-01-02..2026-09-07
[   84.8s] panels close (2107, 5395)
[   87.4s] legs rolling done
[  102.0s] A191 signals done
[  107.1s] cycle=5 10xvolV5y_w0.1         n=241 ic=+0.0804 icir=+0.6790 win=0.7095 s_i=0.03874
[  107.3s] cycle=5 stdvol20_rel5y         n=241 ic=-0.0781 icir=-0.6541 win=0.6888 s_i=0.03517
[  107.5s] cycle=5 120xvolT5y_w0.2        n=241 ic=+0.0772 icir=+0.6436 win=0.7095 s_i=0.03524
[  107.6s] cycle=5 140xvolV5y_w0.5        n=241 ic=+0.0656 icir=+0.5851 win=0.6680 s_i=0.02565
[  107.7s] cycle=5 140xrel_T5_T252_w0.3   n=241 ic=+0.0579 icir=+0.5533 win=0.6058 s_i=0.01942
[  107.8s] cycle=10 10xvolV5y_w0.1         n=120 ic=+0.0976 icir=+0.8225 win=0.8167 s_i=0.06558
[  107.9s] cycle=10 stdvol20_rel5y         n=120 ic=-0.0950 icir=-0.7951 win=0.7750 s_i=0.05854
[  108.0s] cycle=10 120xvolT5y_w0.2        n=120 ic=+0.0933 icir=+0.7635 win=0.7583 s_i=0.05403
[  108.1s] cycle=10 140xvolV5y_w0.5        n=120 ic=+0.0788 icir=+0.7592 win=0.7167 s_i=0.04286
[  108.1s] cycle=10 140xrel_T5_T252_w0.3   n=120 ic=+0.0725 icir=+0.7253 win=0.7417 s_i=0.03898

=== cycle=5（240 期）对比苦日子席位 ===
10xvolV5y_w0.1         -> R03-0.0727-0.8019    mine ic=+0.0804 icir=+0.6790 win=0.7095 n=241 | opp ic=+0.0962 icir=+0.9436 win=0.8125 | d_ic=-0.0158 d_icir=-0.2646 d_win=-0.1030
stdvol20_rel5y         -> C260912-B01          mine ic=-0.0781 icir=-0.6541 win=0.6888 n=241 | opp ic=+0.0936 icir=+0.8691 win=0.7750 | d_ic=-0.1716 d_icir=-1.5232 d_win=-0.0862
120xvolT5y_w0.2        -> R01-0.0847-0.7915    mine ic=+0.0772 icir=+0.6436 win=0.7095 n=241 | opp ic=+0.0914 icir=+0.8658 win=0.7542 | d_ic=-0.0142 d_icir=-0.2222 d_win=-0.0446
140xvolV5y_w0.5        -> R01-0.0790-0.9569    mine ic=+0.0656 icir=+0.5851 win=0.6680 n=241 | opp ic=+0.0744 icir=+0.8379 win=0.7417 | d_ic=-0.0088 d_icir=-0.2528 d_win=-0.0736
140xrel_T5_T252_w0.3   -> R01-0.0812-0.9306    mine ic=+0.0579 icir=+0.5533 win=0.6058 n=241 | opp ic=+0.0675 icir=+0.7303 win=0.7167 | d_ic=-0.0096 d_icir=-0.1770 d_win=-0.1109

written /data/games/factor_/research_reports/platform_alignment/repro-kurizi-20260929/repro_5seat_stats.csv
