[    0.0s] loading panels cache
[    0.2s] panels loaded
[    0.3s] signal dates 120, returns ready
[    4.8s] [149_turn6x504_w20] icir=0.827 s_i=0.0575 turn=0.573 corrSz=-0.20
[    9.3s] [149_turn6x504_w20_mixsm5] icir=0.812 s_i=0.0576 turn=0.526 corrSz=-0.21
[   13.9s] [149_turn6x504_w20_mixsm10] icir=0.780 s_i=0.0532 turn=0.453 corrSz=-0.23
[   18.5s] [149_turn6x504_w20_mixsm20] icir=0.708 s_i=0.0447 turn=0.320 corrSz=-0.25
[   22.9s] [149_turn10x750_w20] icir=0.855 s_i=0.0617 turn=0.490 corrSz=-0.17
[   27.6s] [149_turn10x750_w20_mixsm5] icir=0.806 s_i=0.0560 turn=0.447 corrSz=-0.18
[   32.0s] [149_turn20x1000_w20] icir=0.780 s_i=0.0507 turn=0.342 corrSz=-0.13
[   36.3s] [149_turn20x1250_w20] icir=0.766 s_i=0.0506 turn=0.342 corrSz=-0.12
[   40.9s] [149_turn10x750_w10_mixsm5] icir=0.798 s_i=0.0536 turn=0.477 corrSz=-0.17
[   45.6s] [149_turn6x504_w20_legsm10] icir=0.786 s_i=0.0539 turn=0.453 corrSz=-0.23
Traceback (most recent call last):
  File "/data/games/factor_/scripts/light_cand_screen_20260929.py", line 177, in <module>
    raise SystemExit(main())
                     ^^^^^^
  File "/data/games/factor_/scripts/light_cand_screen_20260929.py", line 108, in main
    src = panels[spec["src"]]
          ~~~~~~^^^^^^^^^^^^^
KeyError: 'vol'
