[    0.0s] specs mode: 42 specs, bases=['034', '046', '065', '145', '149', '170', '182']
[    0.0s] loading panels cache
[    0.4s] panels+payload ready, bases=7 templates=42
[    0.5s] returns ready
[    6.1s] legs ready
[    6.2s] pool baseline turnover/rebal = 0.1346 (n=119)
alpha               template  periods  rank_ic  ic_ir    win    s_i  turnover  corr_size  pred_dturn
  046       a046_t10x750_w30      120   0.0976 0.8739 0.7750 0.0661    0.6715    -0.1419      0.1162
  034       a034_t10x750_w20      120   0.0940 0.8892 0.7833 0.0655    0.6536    -0.1579      0.1111
  034       a034_t10x750_w30      120   0.0945 0.8937 0.7750 0.0655    0.7402    -0.1572      0.1223
  046       a046_t10x750_w20      120   0.0960 0.8818 0.7667 0.0649    0.6133    -0.1484      0.1105
  065       a065_t10x750_w20      120   0.0936 0.8896 0.7750 0.0645    0.6092    -0.1475      0.1080
  034      a034_t10x1250_w20      120   0.0948 0.8674 0.7833 0.0644    0.6492    -0.1386      0.1102
  149       a149_t10x750_w30      120   0.1015 0.8475 0.7417 0.0638    0.4595    -0.1817      0.0799
  182       a182_t10x750_w20      120   0.0888 0.8959 0.8000 0.0637    0.5765    -0.1666      0.1002
  170       a170_t10x750_w20      120   0.0927 0.8721 0.7750 0.0626    0.6175    -0.1623      0.1052
  046      a046_t10x1250_w20      120   0.0968 0.8617 0.7500 0.0625    0.6067    -0.1287      0.1086
  182      a182_t10x1250_w20      120   0.0900 0.8847 0.7833 0.0624    0.5718    -0.1469      0.0991
  149       a149_t10x750_w20      120   0.0984 0.8548 0.7333 0.0617    0.4904    -0.1739      0.0886
  065      a065_t10x1250_w20      120   0.0944 0.8594 0.7583 0.0615    0.6040    -0.1269      0.1059
  170       a170_t10x750_w30      120   0.0918 0.8604 0.7750 0.0612    0.6945    -0.1632      0.1121
  065       a065_t10x750_w30      120   0.0933 0.8809 0.7417 0.0610    0.6827    -0.1406      0.1148
  170      a170_t10x1250_w20      120   0.0934 0.8436 0.7583 0.0597    0.6095    -0.1421      0.1042
  149      a149_t10x1250_w20      120   0.0983 0.8198 0.7333 0.0591    0.4825    -0.1512      0.0869
  182       a182_t10x750_w30      120   0.0859 0.8789 0.7417 0.0560    0.5922    -0.1707      0.0985
  145       a145_t10x750_w20      120   0.0867 0.8138 0.7500 0.0529    0.4604    -0.1525      0.0798
  046 a046_t10x750_w20_rsm20      120   0.0875 0.8016 0.7250 0.0508    0.4223    -0.1401      0.0559
  034 a034_t10x750_w20_rsm20      120   0.0848 0.7900 0.7583 0.0508    0.4860    -0.1496      0.0579
  145      a145_t10x1250_w20      120   0.0875 0.7775 0.7417 0.0504    0.4506    -0.1286      0.0780
  145       a145_t10x750_w30      120   0.0809 0.7705 0.7500 0.0467    0.4867    -0.1498      0.0699
  065 a065_t10x750_w20_rsm20      120   0.0832 0.7738 0.7167 0.0461    0.4426    -0.1380      0.0543
  046 a046_t10x750_w20_rsm40      120   0.0812 0.7473 0.7417 0.0450    0.3687    -0.1282      0.0319
  149 a149_t10x750_w20_rsm20      120   0.0849 0.7246 0.7083 0.0436    0.2854    -0.1606      0.0339
  170 a170_t10x750_w20_rsm20      120   0.0792 0.7395 0.7333 0.0430    0.4813    -0.1502      0.0549
  182 a182_t10x750_w20_rsm20      120   0.0762 0.7692 0.7167 0.0420    0.4047    -0.1551      0.0451
  065  a065_t10x750_w20_sm20      120   0.0805 0.7058 0.7250 0.0412    0.3354    -0.1733      0.0455
  034 a034_t10x750_w20_rsm40      120   0.0780 0.7232 0.7250 0.0409    0.4432    -0.1375      0.0340
  046  a046_t10x750_w20_sm20      120   0.0814 0.6967 0.7083 0.0402    0.3524    -0.1713      0.0467
  034  a034_t10x750_w20_sm20      120   0.0790 0.6985 0.7167 0.0396    0.3401    -0.1818      0.0438
  149  a149_t10x750_w20_sm20      120   0.0835 0.6887 0.6833 0.0393    0.2910    -0.1955      0.0322
  065 a065_t10x750_w20_rsm40      120   0.0760 0.6925 0.7333 0.0386    0.3994    -0.1250      0.0294
  182  a182_t10x750_w20_sm20      120   0.0723 0.7075 0.7417 0.0379    0.3459    -0.1901      0.0404
  170  a170_t10x750_w20_sm20      120   0.0765 0.6786 0.7083 0.0368    0.3232    -0.1872      0.0398
  170 a170_t10x750_w20_rsm40      120   0.0720 0.6584 0.7250 0.0344    0.4315    -0.1373      0.0283
  149 a149_t10x750_w20_rsm40      120   0.0775 0.6557 0.6750 0.0343    0.1957    -0.1472      0.0082
  182 a182_t10x750_w20_rsm40      120   0.0697 0.6872 0.6833 0.0327    0.3293    -0.1436      0.0171
  145  a145_t10x750_w20_sm20      120   0.0717 0.6422 0.6833 0.0315    0.2715    -0.1708      0.0270
[   36.8s] written /data/games/factor_/research_reports/platform_alignment/e-decomp-20260929/round2.csv (42 rows)
