seats (552290, 5); signal rows 552290; dates 120
loading full-A frame
frame rows 8584574 instruments 5395 calendar 2107
close panel (2107, 5395)
building TushareStockData
context signal dates 120 2021-09-07..2026-08-10
[   86.2s] market ready
[   86.6s] [seed] E=2.6262 NC=0.628 T=0.292
[  174.4s] panels ready
/data/games/factor_/scripts/e_decomp_direct_20260929.py:219: FutureWarning: The previous implementation of stack is deprecated and will be removed in a future version of pandas. See the What's New notes for pandas 2.1.0 for details. Specify future_stack=True to adopt the new implementation and silence this warning.
  flat = oriented.stack(dropna=False).reindex(market.signal_index)
[  179.9s] [a149_t6x504_w20_sm5] s_i=0.0576 corrSz=-0.21 dE=-0.1948 dT=+0.184 dNC=-0.0704 dC=-1,393 dComb_up=-439
/data/games/factor_/scripts/e_decomp_direct_20260929.py:219: FutureWarning: The previous implementation of stack is deprecated and will be removed in a future version of pandas. See the What's New notes for pandas 2.1.0 for details. Specify future_stack=True to adopt the new implementation and silence this warning.
  flat = oriented.stack(dropna=False).reindex(market.signal_index)
[  185.5s] [a149_t6x504_w20_sm10] s_i=0.0532 corrSz=-0.23 dE=-0.2445 dT=+0.143 dNC=-0.0543 dC=-1,075 dComb_up=-230
/data/games/factor_/scripts/e_decomp_direct_20260929.py:219: FutureWarning: The previous implementation of stack is deprecated and will be removed in a future version of pandas. See the What's New notes for pandas 2.1.0 for details. Specify future_stack=True to adopt the new implementation and silence this warning.
  flat = oriented.stack(dropna=False).reindex(market.signal_index)
[  190.9s] [a149_t10x750_w20] s_i=0.0617 corrSz=-0.17 dE=-0.2587 dT=+0.175 dNC=-0.0449 dC=-889 dComb_up=+168
/data/games/factor_/scripts/e_decomp_direct_20260929.py:219: FutureWarning: The previous implementation of stack is deprecated and will be removed in a future version of pandas. See the What's New notes for pandas 2.1.0 for details. Specify future_stack=True to adopt the new implementation and silence this warning.
  flat = oriented.stack(dropna=False).reindex(market.signal_index)
[  196.2s] [a149_t20x1000_w20] s_i=0.0502 corrSz=-0.13 dE=-0.2781 dT=+0.098 dNC=-0.0419 dC=-829 dComb_up=-57
/data/games/factor_/scripts/e_decomp_direct_20260929.py:219: FutureWarning: The previous implementation of stack is deprecated and will be removed in a future version of pandas. See the What's New notes for pandas 2.1.0 for details. Specify future_stack=True to adopt the new implementation and silence this warning.
  flat = oriented.stack(dropna=False).reindex(market.signal_index)
[  201.9s] [a149_legsm10_t6x504_w20] s_i=0.0539 corrSz=-0.23 dE=-0.2160 dT=+0.143 dNC=-0.0568 dC=-1,125 dComb_up=-262
/data/games/factor_/scripts/e_decomp_direct_20260929.py:219: FutureWarning: The previous implementation of stack is deprecated and will be removed in a future version of pandas. See the What's New notes for pandas 2.1.0 for details. Specify future_stack=True to adopt the new implementation and silence this warning.
  flat = oriented.stack(dropna=False).reindex(market.signal_index)
[  205.6s] [a182_t6x504_w20_sm5] s_i=0.0491 corrSz=-0.20 dE=-0.1227 dT=+0.200 dNC=-0.0532 dC=-1,053 dComb_up=-308
/data/games/factor_/scripts/e_decomp_direct_20260929.py:219: FutureWarning: The previous implementation of stack is deprecated and will be removed in a future version of pandas. See the What's New notes for pandas 2.1.0 for details. Specify future_stack=True to adopt the new implementation and silence this warning.
  flat = oriented.stack(dropna=False).reindex(market.signal_index)
[  209.4s] [a182_t6x504_w20_sm10] s_i=0.0468 corrSz=-0.21 dE=-0.1877 dT=+0.160 dNC=-0.0528 dC=-1,046 dComb_up=-359
/data/games/factor_/scripts/e_decomp_direct_20260929.py:219: FutureWarning: The previous implementation of stack is deprecated and will be removed in a future version of pandas. See the What's New notes for pandas 2.1.0 for details. Specify future_stack=True to adopt the new implementation and silence this warning.
  flat = oriented.stack(dropna=False).reindex(market.signal_index)
[  212.8s] [a182_t10x750_w20] s_i=0.0636 corrSz=-0.17 dE=-0.1376 dT=+0.198 dNC=-0.0507 dC=-1,004 dComb_up=+100
/data/games/factor_/scripts/e_decomp_direct_20260929.py:219: FutureWarning: The previous implementation of stack is deprecated and will be removed in a future version of pandas. See the What's New notes for pandas 2.1.0 for details. Specify future_stack=True to adopt the new implementation and silence this warning.
  flat = oriented.stack(dropna=False).reindex(market.signal_index)
[  216.1s] [a182_t20x1000_w20] s_i=0.0539 corrSz=-0.13 dE=-0.2115 dT=+0.120 dNC=-0.0444 dC=-879 dComb_up=-15
/data/games/factor_/scripts/e_decomp_direct_20260929.py:219: FutureWarning: The previous implementation of stack is deprecated and will be removed in a future version of pandas. See the What's New notes for pandas 2.1.0 for details. Specify future_stack=True to adopt the new implementation and silence this warning.
  flat = oriented.stack(dropna=False).reindex(market.signal_index)
[  219.0s] [leg_t6x504_sm10_only] s_i=0.0457 corrSz=-0.20 dE=-0.1730 dT=+0.162 dNC=-0.0511 dC=-1,011 dComb_up=-351
/data/games/factor_/scripts/e_decomp_direct_20260929.py:219: FutureWarning: The previous implementation of stack is deprecated and will be removed in a future version of pandas. See the What's New notes for pandas 2.1.0 for details. Specify future_stack=True to adopt the new implementation and silence this warning.
  flat = oriented.stack(dropna=False).reindex(market.signal_index)
[  224.6s] [a149_t6x504_w10_sm5] s_i=0.0537 corrSz=-0.21 dE=-0.1625 dT=+0.197 dNC=-0.0578 dC=-1,144 dComb_up=-286
/data/games/factor_/scripts/e_decomp_direct_20260929.py:219: FutureWarning: The previous implementation of stack is deprecated and will be removed in a future version of pandas. See the What's New notes for pandas 2.1.0 for details. Specify future_stack=True to adopt the new implementation and silence this warning.
  flat = oriented.stack(dropna=False).reindex(market.signal_index)
[  228.5s] [a182_t5x750_w10_sm10] s_i=0.0504 corrSz=-0.20 dE=-0.1740 dT=+0.154 dNC=-0.0397 dC=-786 dComb_up=-9

== 直接面板候选池级全账（6 席 vs 5 席）==
                   name     base  src  k    n   w  direction  finite_share  rank_ic  ic_ir    win  s_i_local  corr_size  turn_intrinsic  turn_pool_seed  d_e_mean  d_e_median  d_t_mean  d_nc_mean  d_c_points  d_a_points_local  d_a_points_uplift  d_comb_uplift  pos_months  months
       a149_t10x750_w20      149 turn 10  750 0.2          1        0.7532   0.0983 0.8561 0.7333     0.0617    -0.1739          0.2334          0.1458   -0.2587     -0.0083    0.1753    -0.0449   -888.6598          780.4842          1056.9048       168.2450           1      60
       a182_t10x750_w20      182 turn 10  750 0.2          1        0.7928   0.0886 0.8976 0.8000     0.0636    -0.1666          0.2450          0.1458   -0.1376      0.0021    0.1984    -0.0507  -1004.1558          815.7001          1104.5930       100.4372           1      60
   a182_t5x750_w10_sm10      182 turn  5  750 0.1          1        0.7890   0.0837 0.7770 0.7750     0.0504    -0.1997          0.2228          0.1458   -0.1740     -0.0124    0.1540    -0.0397   -785.5751          573.4381           776.5301        -9.0449           2      60
      a182_t20x1000_w20      182 turn 20 1000 0.2          1        0.7728   0.0844 0.8519 0.7500     0.0539    -0.1268          0.2056          0.1458   -0.2115     -0.0033    0.1195    -0.0444   -878.8335          637.5417           863.3370       -15.4965           1      60
      a149_t20x1000_w20      149 turn 20 1000 0.2          1        0.7364   0.0928 0.7822 0.6917     0.0502    -0.1314          0.1948          0.1458   -0.2781     -0.0160    0.0980    -0.0419   -829.2253          570.2310           772.1872       -57.0381           2      60
   a149_t6x504_w20_sm10      149 turn  6  504 0.2          1        0.7497   0.0929 0.7803 0.7333     0.0532    -0.2287          0.2171          0.1458   -0.2445     -0.0151    0.1427    -0.0543  -1075.4520          624.3998           845.5407      -229.9113           1      60
a149_legsm10_t6x504_w20      149 turn  6  504 0.2          1        0.7532   0.0935 0.7864 0.7333     0.0539    -0.2278          0.2174          0.1458   -0.2160     -0.0213    0.1432    -0.0568  -1125.2969          637.6807           863.5252      -261.7717           1      60
    a149_t6x504_w10_sm5      149 turn  6  504 0.1          1        0.7517   0.0882 0.7942 0.7667     0.0537    -0.2053          0.2441          0.1458   -0.1625     -0.0314    0.1967    -0.0578  -1143.8161          633.5460           857.9262      -285.8898           0      60
    a182_t6x504_w20_sm5      182 turn  6  504 0.2          1        0.8103   0.0811 0.8168 0.7417     0.0491    -0.1999          0.2460          0.1458   -0.1227     -0.0263    0.2004    -0.0532  -1053.0089          550.4904           745.4552      -307.5537           1      60
   leg_t6x504_sm10_only leg_only turn  6  504 1.0          1        0.8105   0.0815 0.7390 0.7583     0.0457    -0.2021          0.2266          0.1458   -0.1730     -0.0243    0.1617    -0.0511  -1010.9690          487.0781           659.5843      -351.3846           0      60
   a182_t6x504_w20_sm10      182 turn  6  504 0.2          1        0.8082   0.0796 0.7667 0.7667     0.0468    -0.2144          0.2258          0.1458   -0.1877     -0.0202    0.1600    -0.0528  -1046.2540          507.2619           686.9167      -359.3373           1      60
    a149_t6x504_w20_sm5      149 turn  6  504 0.2          1        0.7517   0.0934 0.8127 0.7583     0.0576    -0.2143          0.2379          0.1458   -0.1948     -0.0184    0.1843    -0.0704  -1393.0772          704.7081           954.2915      -438.7857           0      60
[  228.6s] done
