seats (552290, 5); signal rows 552290; dates 120
loading full-A frame
frame rows 8584574 instruments 5395 calendar 2107
close panel (2107, 5395)
building TushareStockData
context signal dates 120 2021-09-07..2026-08-10
[   86.8s] market ready
[   87.2s] [seed] E=2.6262 NC=0.628 T=0.292
[   87.2s] panels from cache
[   87.3s] panels ready
/data/games/factor_/scripts/e_decomp_direct_20260929.py:222: FutureWarning: The previous implementation of stack is deprecated and will be removed in a future version of pandas. See the What's New notes for pandas 2.1.0 for details. Specify future_stack=True to adopt the new implementation and silence this warning.
  flat = oriented.stack(dropna=False).reindex(market.signal_index)
[   91.4s] [a046_t10x504_w30] s_i=0.0633 corrSz=-0.15 dE=-0.0987 dT=+0.236 dNC=-0.0548 dC=-1,085 dComb_up=+12
/data/games/factor_/scripts/e_decomp_direct_20260929.py:222: FutureWarning: The previous implementation of stack is deprecated and will be removed in a future version of pandas. See the What's New notes for pandas 2.1.0 for details. Specify future_stack=True to adopt the new implementation and silence this warning.
  flat = oriented.stack(dropna=False).reindex(market.signal_index)
[   95.8s] [a046_t10x504_w30_rsm20] s_i=0.0520 corrSz=-0.15 dE=-0.2297 dT=+0.143 dNC=-0.0489 dC=-968 dComb_up=-152
/data/games/factor_/scripts/e_decomp_direct_20260929.py:222: FutureWarning: The previous implementation of stack is deprecated and will be removed in a future version of pandas. See the What's New notes for pandas 2.1.0 for details. Specify future_stack=True to adopt the new implementation and silence this warning.
  flat = oriented.stack(dropna=False).reindex(market.signal_index)
[  100.0s] [a046_t10x750_w30_rsm30] s_i=0.0540 corrSz=-0.13 dE=-0.1083 dT=+0.115 dNC=-0.0312 dC=-619 dComb_up=+247
/data/games/factor_/scripts/e_decomp_direct_20260929.py:222: FutureWarning: The previous implementation of stack is deprecated and will be removed in a future version of pandas. See the What's New notes for pandas 2.1.0 for details. Specify future_stack=True to adopt the new implementation and silence this warning.
  flat = oriented.stack(dropna=False).reindex(market.signal_index)
[  104.2s] [a046_t10x750_w35_rsm20] s_i=0.0570 corrSz=-0.13 dE=-0.1555 dT=+0.156 dNC=-0.0318 dC=-631 dComb_up=+310

== 直接面板候选池级全账（6 席 vs 5 席）==
                  name base  src  k   n    w  direction swap  finite_share  rank_ic  ic_ir    win  s_i_local  corr_size  turn_intrinsic  turn_pool_seed  d_e_mean  d_e_median  d_t_mean  d_nc_mean  d_c_points  d_a_points_local  d_a_points_uplift  d_comb_uplift  pos_months  months
a046_t10x750_w35_rsm20  046 turn 10 750 0.35          1 none        0.7864   0.0934 0.8322 0.7333     0.0570    -0.1320          0.2240          0.1458   -0.1555     -0.0178    0.1564    -0.0318   -630.5990          694.7195           940.7653       310.1662           3      60
a046_t10x750_w30_rsm30  046 turn 10 750 0.30          1 none        0.7822   0.0902 0.8157 0.7333     0.0540    -0.1301          0.2034          0.1458   -0.1083     -0.0149    0.1152    -0.0312   -618.5311          639.0292           865.3513       246.8202           2      60
      a046_t10x504_w30  046 turn 10 504 0.30          1 none        0.8113   0.0956 0.8637 0.7667     0.0633    -0.1547          0.2637          0.1458   -0.0987     -0.0128    0.2359    -0.0548  -1084.7745          809.5813          1096.3072        11.5327           0      60
a046_t10x504_w30_rsm20  046 turn 10 504 0.30          1 none        0.8057   0.0896 0.8102 0.7167     0.0520    -0.1519          0.2175          0.1458   -0.2297     -0.0112    0.1434    -0.0489   -968.3945          602.8741           816.3913      -152.0031           2      60
[  104.3s] done
