seats (552290, 5); signal rows 552290; dates 120
loading full-A frame
frame rows 8584574 instruments 5395 calendar 2107
close panel (2107, 5395)
building TushareStockData
context signal dates 120 2021-09-07..2026-08-10
[   86.5s] market ready
[   87.0s] [seed] E=2.6262 NC=0.628 T=0.292
[   87.0s] panels from cache
[   87.1s] panels ready
/data/games/factor_/scripts/e_decomp_direct_20260929.py:222: FutureWarning: The previous implementation of stack is deprecated and will be removed in a future version of pandas. See the What's New notes for pandas 2.1.0 for details. Specify future_stack=True to adopt the new implementation and silence this warning.
  flat = oriented.stack(dropna=False).reindex(market.signal_index)
[   91.2s] [swapSize_a046_t10x750_w30] s_i=0.0658 corrSz=-0.14 dE=-0.3375 dT=+0.271 dNC=-0.0870 dC=-1,722 dComb_up=-33
/data/games/factor_/scripts/e_decomp_direct_20260929.py:222: FutureWarning: The previous implementation of stack is deprecated and will be removed in a future version of pandas. See the What's New notes for pandas 2.1.0 for details. Specify future_stack=True to adopt the new implementation and silence this warning.
  flat = oriented.stack(dropna=False).reindex(market.signal_index)
[   96.7s] [swapSize_a149_t10x750_w20] s_i=0.0617 corrSz=-0.17 dE=-0.4847 dT=+0.214 dNC=-0.1055 dC=-2,090 dComb_up=-523
/data/games/factor_/scripts/e_decomp_direct_20260929.py:222: FutureWarning: The previous implementation of stack is deprecated and will be removed in a future version of pandas. See the What's New notes for pandas 2.1.0 for details. Specify future_stack=True to adopt the new implementation and silence this warning.
  flat = oriented.stack(dropna=False).reindex(market.signal_index)
[  101.2s] [swapSize_a046_t10x750_w20_rsm40] s_i=0.0449 corrSz=-0.13 dE=-0.4291 dT=+0.085 dNC=-0.0856 dC=-1,694 dComb_up=-627

== 直接面板候选池级全账（6 席 vs 5 席）==
                           name base  src  k   n   w  direction      swap  finite_share  rank_ic  ic_ir    win  s_i_local  corr_size  turn_intrinsic  turn_pool_seed  d_e_mean  d_e_median  d_t_mean  d_nc_mean  d_c_points  d_a_points_local  d_a_points_uplift  d_comb_uplift  pos_months  months
      swapSize_a046_t10x750_w30  046 turn 10 750 0.3          1 size_only        0.7921   0.0971 0.8745 0.7750     0.0658    -0.1419          0.2812          0.1458   -0.3375     -0.0460    0.2708    -0.0870  -1721.8616         1247.4809          1689.2957       -32.5659           1      60
      swapSize_a149_t10x750_w20  149 turn 10 750 0.2          1 size_only        0.7532   0.0983 0.8561 0.7333     0.0617    -0.1739          0.2526          0.1458   -0.4847     -0.0457    0.2137    -0.1055  -2089.7611         1157.0430          1566.8278      -522.9333           1      60
swapSize_a046_t10x750_w20_rsm40  046 turn 10 750 0.2          1 size_only        0.7781   0.0810 0.7474 0.7417     0.0449    -0.1282          0.1883          0.1458   -0.4291     -0.0949    0.0850    -0.0856  -1694.3496          787.9293          1066.9867      -627.3629           1      60
[  101.2s] done
