seats (552290, 5); signal rows 552290; dates 120
loading full-A frame
frame rows 8584574 instruments 5395 calendar 2107
close panel (2107, 5395)
building TushareStockData
context signal dates 120 2021-09-07..2026-08-10
[   86.6s] market ready
[   87.1s] [seed] E=2.6262 NC=0.628 T=0.292
[   87.1s] panels from cache
[   87.1s] panels ready
/data/games/factor_/scripts/e_decomp_direct_20260929.py:222: FutureWarning: The previous implementation of stack is deprecated and will be removed in a future version of pandas. See the What's New notes for pandas 2.1.0 for details. Specify future_stack=True to adopt the new implementation and silence this warning.
  flat = oriented.stack(dropna=False).reindex(market.signal_index)
[   91.3s] [a046_t6x504_w20] s_i=0.0531 corrSz=-0.17 dE=-0.1094 dT=+0.246 dNC=-0.0529 dC=-1,047 dComb_up=-202
/data/games/factor_/scripts/e_decomp_direct_20260929.py:222: FutureWarning: The previous implementation of stack is deprecated and will be removed in a future version of pandas. See the What's New notes for pandas 2.1.0 for details. Specify future_stack=True to adopt the new implementation and silence this warning.
  flat = oriented.stack(dropna=False).reindex(market.signal_index)
[   95.5s] [a046_t6x504_w30] s_i=0.0531 corrSz=-0.16 dE=-0.0544 dT=+0.257 dNC=-0.0488 dC=-965 dComb_up=-121
/data/games/factor_/scripts/e_decomp_direct_20260929.py:222: FutureWarning: The previous implementation of stack is deprecated and will be removed in a future version of pandas. See the What's New notes for pandas 2.1.0 for details. Specify future_stack=True to adopt the new implementation and silence this warning.
  flat = oriented.stack(dropna=False).reindex(market.signal_index)
[  100.0s] [a046_t6x504_w20_rsm20] s_i=0.0520 corrSz=-0.17 dE=-0.2859 dT=+0.124 dNC=-0.0419 dC=-829 dComb_up=-13
/data/games/factor_/scripts/e_decomp_direct_20260929.py:222: FutureWarning: The previous implementation of stack is deprecated and will be removed in a future version of pandas. See the What's New notes for pandas 2.1.0 for details. Specify future_stack=True to adopt the new implementation and silence this warning.
  flat = oriented.stack(dropna=False).reindex(market.signal_index)
[  104.3s] [a046_t10x750_w30_rsm20] s_i=0.0551 corrSz=-0.14 dE=-0.1731 dT=+0.140 dNC=-0.0303 dC=-600 dComb_up=+294
/data/games/factor_/scripts/e_decomp_direct_20260929.py:222: FutureWarning: The previous implementation of stack is deprecated and will be removed in a future version of pandas. See the What's New notes for pandas 2.1.0 for details. Specify future_stack=True to adopt the new implementation and silence this warning.
  flat = oriented.stack(dropna=False).reindex(market.signal_index)
[  108.4s] [a046_t10x750_w40] s_i=0.0616 corrSz=-0.13 dE=-0.0044 dT=+0.247 dNC=-0.0397 dC=-785 dComb_up=+270

== 直接面板候选池级全账（6 席 vs 5 席）==
                  name base  src  k   n   w  direction swap  finite_share  rank_ic  ic_ir    win  s_i_local  corr_size  turn_intrinsic  turn_pool_seed  d_e_mean  d_e_median  d_t_mean  d_nc_mean  d_c_points  d_a_points_local  d_a_points_uplift  d_comb_uplift  pos_months  months
a046_t10x750_w30_rsm20  046 turn 10 750 0.3          1 none        0.7864   0.0917 0.8291 0.7250     0.0551    -0.1362          0.2158          0.1458   -0.1731     -0.0267    0.1401    -0.0303   -600.4245          660.2770           894.1244       293.6999           3      60
      a046_t10x750_w40  046 turn 10 750 0.4          1 none        0.7921   0.0969 0.8383 0.7583     0.0616    -0.1296          0.2692          0.1458   -0.0044     -0.0202    0.2468    -0.0397   -785.2508          779.3766          1055.4050       270.1542           2      60
 a046_t6x504_w20_rsm20  046 turn  6 504 0.2          1 none        0.8063   0.0869 0.7975 0.7500     0.0520    -0.1735          0.2077          0.1458   -0.2859     -0.0141    0.1238    -0.0419   -828.6530          601.9959           815.2021       -13.4509           1      60
       a046_t6x504_w30  046 turn  6 504 0.3          1 none        0.8113   0.0893 0.7934 0.7500     0.0531    -0.1585          0.2743          0.1458   -0.0544     -0.0260    0.2570    -0.0488   -965.4223          623.7146           844.6129      -120.8094           1      60
       a046_t6x504_w20  046 turn  6 504 0.2          1 none        0.8113   0.0878 0.8067 0.7500     0.0531    -0.1672          0.2687          0.1458   -0.1094     -0.0240    0.2458    -0.0529  -1046.7308          623.7567           844.6699      -202.0610           0      60
[  108.5s] done
