[   66.0s] frame (8584574, 11)
[   85.4s] panels ready, legs ...
[  107.6s] legs done
[  108.2s] schedule 241 periods
[  108.4s] single 010xvolV5y_w0.1          ic=+0.0804 icir=+0.6790 win=0.7095
[  108.7s] single 010xvolV5y_w0.2          ic=+0.0788 icir=+0.6520 win=0.7137
[  108.9s] single 010xvolT5y_w0.2          ic=+0.0735 icir=+0.6278 win=0.6929
[  109.2s] single 010xrelT21504_w0.2       ic=+0.0672 icir=+0.5277 win=0.6515
[  109.5s] single 010xlvlT_w0.2            ic=+0.0662 icir=+0.3564 win=0.6183
[  109.7s] single 010xvolret_w0.2          ic=+0.0702 icir=+0.3285 win=0.6141
[  110.0s] single 120xvolT5y_w0.2          ic=+0.0772 icir=+0.6436 win=0.7095
[  110.2s] single 120xvolT5y_w0.3          ic=+0.0762 icir=+0.6145 win=0.7012
[  110.5s] single 120xrelT21504_w0.2       ic=+0.0709 icir=+0.5504 win=0.6598
[  110.7s] single 140xvolV5y_w0.5          ic=+0.0656 icir=+0.5851 win=0.6680
[  110.8s] single 140xvolT5y_w0.3          ic=+0.0645 icir=+0.5996 win=0.6846
[  111.0s] single 140xrelT_w0.3            ic=+0.0579 icir=+0.5533 win=0.6058
[  111.2s] single 140xrelT21504_w0.3       ic=+0.0584 icir=+0.5158 win=0.6432
[  111.5s] single stdvol20_rel5y           ic=-0.0781 icir=-0.6541 win=0.6888

chain: 010xvolV5y_w0.1
final icir: 0.679
