[   65.4s] frame (8584574, 11)
[   83.7s] panels ready
[   83.7s] signal rows 241
[  102.0s] bases done
[  104.7s] rolling done for vol
[  107.4s] legs vol k=5 done
[  110.2s] legs vol k=6 done
[  112.9s] legs vol k=10 done
[  115.7s] legs vol k=20 done
[  157.7s] grid done for vol
[  160.5s] rolling done for turn
[  163.3s] legs turn k=5 done
[  166.1s] legs turn k=6 done
[  168.9s] legs turn k=10 done
[  171.7s] legs turn k=20 done
[  213.8s] grid done for turn

== 5 日口径参数网格 top30 ==
 src base  k    n   w  periods     ic   icir    win    s_i
turn  042  5  750 0.1      241 0.0779 0.7623 0.7220 0.0429
turn  042  6  504 0.2      241 0.0804 0.7618 0.7510 0.0460
turn  042  6  504 0.1      241 0.0777 0.7618 0.7261 0.0430
turn  042  5  504 0.2      241 0.0795 0.7604 0.7344 0.0444
turn  042  6  750 0.1      241 0.0791 0.7602 0.7344 0.0442
turn  042  5  504 0.1      241 0.0765 0.7590 0.7386 0.0429
turn  042  5  750 0.2      241 0.0807 0.7584 0.7344 0.0449
turn  042  6  750 0.2      241 0.0816 0.7563 0.7261 0.0448
turn  042  5 1250 0.1      241 0.0788 0.7526 0.7303 0.0433
turn  120  6  504 0.1      241 0.0761 0.7518 0.7303 0.0418
turn  120  5  750 0.1      241 0.0761 0.7511 0.7303 0.0418
turn  120  6  750 0.1      241 0.0776 0.7501 0.7261 0.0423
turn  042  6  504 0.3      241 0.0825 0.7499 0.7344 0.0454
turn  042  5  504 0.3      241 0.0819 0.7491 0.7427 0.0456
turn  120  5  504 0.1      241 0.0747 0.7477 0.7386 0.0412
turn  042 10  504 0.1      241 0.0790 0.7476 0.7261 0.0429
turn  042  6 1250 0.1      241 0.0801 0.7470 0.7344 0.0439
turn  042  5 1250 0.2      241 0.0815 0.7462 0.7344 0.0447
turn  042 10  504 0.2      241 0.0812 0.7446 0.7261 0.0439
turn  042  5  750 0.3      241 0.0828 0.7434 0.7344 0.0452
turn  120  5 1250 0.1      241 0.0772 0.7429 0.7261 0.0417
turn  120 10  504 0.1      241 0.0779 0.7425 0.7178 0.0415
turn  042  6  750 0.3      241 0.0835 0.7421 0.7261 0.0450
turn  042  6 1250 0.2      241 0.0825 0.7411 0.7427 0.0454
turn  120  6 1250 0.1      241 0.0787 0.7384 0.7303 0.0424
turn  042 10  750 0.1      241 0.0801 0.7367 0.7095 0.0419
turn  120  6  504 0.2      241 0.0767 0.7359 0.7220 0.0408
turn  010  5  750 0.1      241 0.0742 0.7352 0.7178 0.0391
turn  010  6  750 0.1      241 0.0757 0.7343 0.7095 0.0394
turn  042 10  750 0.2      241 0.0822 0.7326 0.7012 0.0422

== 苦日子目标（cycle=5, n=240）==
R03 .0962/.9436/.8125 | C260912-B01 .0936/.8691/.775 | R01-0847 .0914/.8658/.7542 | R01-0790 .0744/.8379/.7417 | R01-0812 .0675/.7303/.7167
