[   66.3s] frame (8584574, 11)
[   83.1s] panels ready, rolling legs ...
[  103.6s] legs done
[  115.5s] candidates 66
                     name  periods      ic    icir    win    s_i
          010xvolV5y_w0.1      241  0.0804  0.6790 0.7095 0.0387
    010xvolV5y_w0.1__ema3      241  0.0799  0.6681 0.7012 0.0374
   010xvolV5y_w0.1__roll3      241  0.0789  0.6667 0.6971 0.0367
   010xvolV5y_w0.2__roll3      241  0.0791  0.6599 0.6929 0.0362
    010xvolV5y_w0.2__ema3      241  0.0800  0.6576 0.7054 0.0371
    010xvolV5y_w0.1__ema5      241  0.0792  0.6537 0.7012 0.0363
          010xvolV5y_w0.2      241  0.0788  0.6520 0.7137 0.0366
   010xvolV5y_w0.3__roll3      241  0.0788  0.6475 0.6805 0.0347
    010xvolV5y_w0.2__ema5      241  0.0796  0.6467 0.6971 0.0359
   010xvolV5y_w0.1__roll5      241  0.0772  0.6457 0.6888 0.0343
          120xvolT5y_w0.2      241  0.0772  0.6436 0.7095 0.0352
    010xvolV5y_w0.3__ema3      241  0.0795  0.6412 0.7054 0.0359
   010xvolV5y_w0.2__roll5      241  0.0777  0.6407 0.6929 0.0345
   120xvolT5y_w0.2__roll3      241  0.0756  0.6372 0.6805 0.0328
    120xvolT5y_w0.2__ema3      241  0.0758  0.6361 0.6846 0.0330
    010xvolV5y_w0.3__ema5      241  0.0797  0.6350 0.6929 0.0351
   010xvolV5y_w0.3__roll5      241  0.0780  0.6310 0.6846 0.0337
   010xvolV5y_w0.4__roll3      241  0.0775  0.6274 0.6888 0.0335
   010xvolV5y_w0.1__ema10      241  0.0775  0.6203 0.6805 0.0327
    010xvolV5y_w0.4__ema3      241  0.0780  0.6171 0.7095 0.0341
    010xvolV5y_w0.4__ema5      241  0.0792  0.6167 0.7012 0.0342
    120xvolT5y_w0.2__ema5      241  0.0738  0.6162 0.6763 0.0308
   010xvolV5y_w0.2__ema10      241  0.0782  0.6152 0.6888 0.0331
   010xvolV5y_w0.4__roll5      241  0.0777  0.6149 0.6846 0.0327
          010xvolV5y_w0.3      241  0.0755  0.6138 0.7012 0.0325
   010xvolV5y_w0.3__ema10      241  0.0787  0.6063 0.6971 0.0333
   120xvolT5y_w0.2__roll5      241  0.0720  0.6011 0.6763 0.0293
   010xvolV5y_w0.4__ema10      241  0.0789  0.5920 0.6929 0.0323
   120xvolT5y_w0.2__ema10      241  0.0701  0.5746 0.6722 0.0271
          010xvolV5y_w0.4      241  0.0700  0.5623 0.6888 0.0271
       120xrelT21504_w0.2      241  0.0709  0.5504 0.6598 0.0258
 120xrelT21504_w0.2__ema3      241  0.0694  0.5441 0.6598 0.0249
120xrelT21504_w0.2__roll3      241  0.0697  0.5435 0.6639 0.0251
010xrelT21504_w0.2__roll3      241  0.0671  0.5311 0.6473 0.0231
 010xrelT21504_w0.2__ema3      241  0.0670  0.5305 0.6390 0.0227
 120xrelT21504_w0.2__ema5      241  0.0675  0.5286 0.6390 0.0228
       010xrelT21504_w0.2      241  0.0672  0.5277 0.6515 0.0231
 010xrelT21504_w0.2__ema5      241  0.0655  0.5188 0.6432 0.0218
120xrelT21504_w0.2__roll5      241  0.0664  0.5166 0.6556 0.0225
       140xrelT21504_w0.3      241  0.0584  0.5158 0.6432 0.0194
010xrelT21504_w0.2__roll5      241  0.0650  0.5134 0.6349 0.0212
120xrelT21504_w0.2__ema10      241  0.0637  0.4974 0.6432 0.0204
 140xrelT21504_w0.3__ema3      241  0.0580  0.4954 0.6307 0.0181
140xrelT21504_w0.3__roll3      241  0.0550  0.4924 0.6307 0.0171
010xrelT21504_w0.2__ema10      241  0.0620  0.4906 0.6349 0.0193
 140xrelT21504_w0.3__ema5      241  0.0568  0.4846 0.6266 0.0172
140xrelT21504_w0.3__roll5      241  0.0521  0.4677 0.6266 0.0153
140xrelT21504_w0.3__ema10      241  0.0537  0.4606 0.6100 0.0151
            010xlvlT_w0.2      241  0.0662  0.3564 0.6183 0.0146
      010xlvlT_w0.2__ema3      241  0.0689  0.3525 0.6141 0.0149
     010xlvlT_w0.2__roll3      241  0.0683  0.3489 0.6100 0.0145
      010xlvlT_w0.2__ema5      241  0.0682  0.3417 0.6100 0.0142
     010xlvlT_w0.2__roll5      241  0.0667  0.3336 0.6017 0.0134
          010xvolret_w0.2      241  0.0702  0.3285 0.6141 0.0142
    010xvolret_w0.2__ema3      241  0.0697  0.3223 0.6141 0.0138
   010xvolret_w0.2__roll3      241  0.0690  0.3205 0.6100 0.0135
     010xlvlT_w0.2__ema10      241  0.0653  0.3186 0.5892 0.0123
    010xvolret_w0.2__ema5      241  0.0682  0.3135 0.6100 0.0130
   010xvolret_w0.2__roll5      241  0.0669  0.3089 0.6058 0.0125
   010xvolret_w0.2__ema10      241  0.0654  0.2961 0.6017 0.0117
    stdvol20_rel5y__ema10      241 -0.0702 -0.5725 0.6515 0.0262
    stdvol20_rel5y__roll5      241 -0.0725 -0.6040 0.6680 0.0293
     stdvol20_rel5y__ema5      241 -0.0737 -0.6120 0.6680 0.0301
    stdvol20_rel5y__roll3      241 -0.0752 -0.6282 0.6763 0.0320
     stdvol20_rel5y__ema3      241 -0.0755 -0.6317 0.6763 0.0323
           stdvol20_rel5y      241 -0.0781 -0.6541 0.6888 0.0352
