seats (552290, 5); signal rows 552290; dates 120
loading full-A frame
frame rows 8584574 instruments 5395 calendar 2107
close panel (2107, 5395)
building TushareStockData
context signal dates 120 2021-09-07..2026-08-10
[   87.1s] market ready
[   87.5s] [seed] E=2.6262 NC=0.628 T=0.292
[   87.5s] panels from cache
[   87.6s] panels ready
/data/games/factor_/scripts/e_decomp_direct_20260929.py:222: FutureWarning: The previous implementation of stack is deprecated and will be removed in a future version of pandas. See the What's New notes for pandas 2.1.0 for details. Specify future_stack=True to adopt the new implementation and silence this warning.
  flat = oriented.stack(dropna=False).reindex(market.signal_index)
[   93.0s] [a149_t10x750_w20_rsm40] s_i=0.0346 corrSz=-0.15 dE=-0.2307 dT=+0.015 dNC=-0.0236 dC=-467 dComb_up=-83
/data/games/factor_/scripts/e_decomp_direct_20260929.py:222: FutureWarning: The previous implementation of stack is deprecated and will be removed in a future version of pandas. See the What's New notes for pandas 2.1.0 for details. Specify future_stack=True to adopt the new implementation and silence this warning.
  flat = oriented.stack(dropna=False).reindex(market.signal_index)
[   97.4s] [a046_t10x750_w20_rsm40] s_i=0.0449 corrSz=-0.13 dE=-0.1564 dT=+0.063 dNC=-0.0228 dC=-452 dComb_up=+188
/data/games/factor_/scripts/e_decomp_direct_20260929.py:222: FutureWarning: The previous implementation of stack is deprecated and will be removed in a future version of pandas. See the What's New notes for pandas 2.1.0 for details. Specify future_stack=True to adopt the new implementation and silence this warning.
  flat = oriented.stack(dropna=False).reindex(market.signal_index)
[  102.9s] [a149_t10x750_w20_rsm20] s_i=0.0438 corrSz=-0.16 dE=-0.2937 dT=+0.066 dNC=-0.0304 dC=-602 dComb_up=+10
/data/games/factor_/scripts/e_decomp_direct_20260929.py:222: FutureWarning: The previous implementation of stack is deprecated and will be removed in a future version of pandas. See the What's New notes for pandas 2.1.0 for details. Specify future_stack=True to adopt the new implementation and silence this warning.
  flat = oriented.stack(dropna=False).reindex(market.signal_index)
[  107.3s] [a046_t10x750_w20_rsm20] s_i=0.0501 corrSz=-0.14 dE=-0.1909 dT=+0.110 dNC=-0.0301 dC=-596 dComb_up=+172
/data/games/factor_/scripts/e_decomp_direct_20260929.py:222: FutureWarning: The previous implementation of stack is deprecated and will be removed in a future version of pandas. See the What's New notes for pandas 2.1.0 for details. Specify future_stack=True to adopt the new implementation and silence this warning.
  flat = oriented.stack(dropna=False).reindex(market.signal_index)
[  110.9s] [a065_t10x750_w20_rsm40] s_i=0.0386 corrSz=-0.12 dE=-0.1964 dT=+0.058 dNC=-0.0221 dC=-438 dComb_up=+45
/data/games/factor_/scripts/e_decomp_direct_20260929.py:222: FutureWarning: The previous implementation of stack is deprecated and will be removed in a future version of pandas. See the What's New notes for pandas 2.1.0 for details. Specify future_stack=True to adopt the new implementation and silence this warning.
  flat = oriented.stack(dropna=False).reindex(market.signal_index)
[  114.6s] [a034_t10x750_w20_rsm40] s_i=0.0413 corrSz=-0.14 dE=-0.2201 dT=+0.067 dNC=-0.0274 dC=-542 dComb_up=+9
/data/games/factor_/scripts/e_decomp_direct_20260929.py:222: FutureWarning: The previous implementation of stack is deprecated and will be removed in a future version of pandas. See the What's New notes for pandas 2.1.0 for details. Specify future_stack=True to adopt the new implementation and silence this warning.
  flat = oriented.stack(dropna=False).reindex(market.signal_index)
[  118.8s] [a046_t10x750_w30] s_i=0.0658 corrSz=-0.14 dE=-0.0786 dT=+0.230 dNC=-0.0453 dC=-898 dComb_up=+261
/data/games/factor_/scripts/e_decomp_direct_20260929.py:222: FutureWarning: The previous implementation of stack is deprecated and will be removed in a future version of pandas. See the What's New notes for pandas 2.1.0 for details. Specify future_stack=True to adopt the new implementation and silence this warning.
  flat = oriented.stack(dropna=False).reindex(market.signal_index)
[  123.1s] [a046_t6x504_w20] s_i=0.0531 corrSz=-0.17 dE=-0.1094 dT=+0.246 dNC=-0.0529 dC=-1,047 dComb_up=-202
/data/games/factor_/scripts/e_decomp_direct_20260929.py:222: FutureWarning: The previous implementation of stack is deprecated and will be removed in a future version of pandas. See the What's New notes for pandas 2.1.0 for details. Specify future_stack=True to adopt the new implementation and silence this warning.
  flat = oriented.stack(dropna=False).reindex(market.signal_index)
[  127.3s] [a046_t6x504_w30] s_i=0.0531 corrSz=-0.16 dE=-0.0544 dT=+0.257 dNC=-0.0488 dC=-965 dComb_up=-121
/data/games/factor_/scripts/e_decomp_direct_20260929.py:222: FutureWarning: The previous implementation of stack is deprecated and will be removed in a future version of pandas. See the What's New notes for pandas 2.1.0 for details. Specify future_stack=True to adopt the new implementation and silence this warning.
  flat = oriented.stack(dropna=False).reindex(market.signal_index)
[  131.6s] [a046_t6x504_w20_rsm20] s_i=0.0520 corrSz=-0.17 dE=-0.2859 dT=+0.124 dNC=-0.0419 dC=-829 dComb_up=-13
/data/games/factor_/scripts/e_decomp_direct_20260929.py:222: FutureWarning: The previous implementation of stack is deprecated and will be removed in a future version of pandas. See the What's New notes for pandas 2.1.0 for details. Specify future_stack=True to adopt the new implementation and silence this warning.
  flat = oriented.stack(dropna=False).reindex(market.signal_index)
[  136.0s] [a046_t10x750_w30_rsm20] s_i=0.0551 corrSz=-0.14 dE=-0.1731 dT=+0.140 dNC=-0.0303 dC=-600 dComb_up=+294
/data/games/factor_/scripts/e_decomp_direct_20260929.py:222: FutureWarning: The previous implementation of stack is deprecated and will be removed in a future version of pandas. See the What's New notes for pandas 2.1.0 for details. Specify future_stack=True to adopt the new implementation and silence this warning.
  flat = oriented.stack(dropna=False).reindex(market.signal_index)
[  140.3s] [a046_t10x750_w40] s_i=0.0616 corrSz=-0.13 dE=-0.0044 dT=+0.247 dNC=-0.0397 dC=-785 dComb_up=+270
/data/games/factor_/scripts/e_decomp_direct_20260929.py:222: FutureWarning: The previous implementation of stack is deprecated and will be removed in a future version of pandas. See the What's New notes for pandas 2.1.0 for details. Specify future_stack=True to adopt the new implementation and silence this warning.
  flat = oriented.stack(dropna=False).reindex(market.signal_index)
[  144.6s] [a046_t10x504_w30] s_i=0.0633 corrSz=-0.15 dE=-0.0987 dT=+0.236 dNC=-0.0548 dC=-1,085 dComb_up=+12
/data/games/factor_/scripts/e_decomp_direct_20260929.py:222: FutureWarning: The previous implementation of stack is deprecated and will be removed in a future version of pandas. See the What's New notes for pandas 2.1.0 for details. Specify future_stack=True to adopt the new implementation and silence this warning.
  flat = oriented.stack(dropna=False).reindex(market.signal_index)
[  149.0s] [a046_t10x504_w30_rsm20] s_i=0.0520 corrSz=-0.15 dE=-0.2297 dT=+0.143 dNC=-0.0489 dC=-968 dComb_up=-152
/data/games/factor_/scripts/e_decomp_direct_20260929.py:222: FutureWarning: The previous implementation of stack is deprecated and will be removed in a future version of pandas. See the What's New notes for pandas 2.1.0 for details. Specify future_stack=True to adopt the new implementation and silence this warning.
  flat = oriented.stack(dropna=False).reindex(market.signal_index)
[  153.5s] [a046_t10x750_w30_rsm30] s_i=0.0540 corrSz=-0.13 dE=-0.1083 dT=+0.115 dNC=-0.0312 dC=-619 dComb_up=+247
/data/games/factor_/scripts/e_decomp_direct_20260929.py:222: FutureWarning: The previous implementation of stack is deprecated and will be removed in a future version of pandas. See the What's New notes for pandas 2.1.0 for details. Specify future_stack=True to adopt the new implementation and silence this warning.
  flat = oriented.stack(dropna=False).reindex(market.signal_index)
[  157.9s] [a046_t10x750_w35_rsm20] s_i=0.0570 corrSz=-0.13 dE=-0.1555 dT=+0.156 dNC=-0.0318 dC=-631 dComb_up=+310

== 直接面板候选池级全账（6 席 vs 5 席）==
                  name base  src  k   n    w  direction swap  finite_share  rank_ic  ic_ir    win  s_i_local  corr_size  turn_intrinsic  turn_pool_seed  d_e_mean  d_e_median  d_t_mean  d_nc_mean  d_c_points  d_a_points_local  d_a_points_uplift  d_comb_uplift  pos_months  months
a046_t10x750_w35_rsm20  046 turn 10 750 0.35          1 none        0.7864   0.0934 0.8322 0.7333     0.0570    -0.1320          0.2240          0.1458   -0.1555     -0.0178    0.1564    -0.0318   -630.5990          694.7195           940.7653       310.1662           3      60
a046_t10x750_w30_rsm20  046 turn 10 750 0.30          1 none        0.7864   0.0917 0.8291 0.7250     0.0551    -0.1362          0.2158          0.1458   -0.1731     -0.0267    0.1401    -0.0303   -600.4245          660.2770           894.1244       293.6999           3      60
      a046_t10x750_w40  046 turn 10 750 0.40          1 none        0.7921   0.0969 0.8383 0.7583     0.0616    -0.1296          0.2692          0.1458   -0.0044     -0.0202    0.2468    -0.0397   -785.2508          779.3766          1055.4050       270.1542           2      60
      a046_t10x750_w30  046 turn 10 750 0.30          1 none        0.7921   0.0971 0.8745 0.7750     0.0658    -0.1419          0.2605          0.1458   -0.0786     -0.0148    0.2295    -0.0453   -897.5747          855.8491          1158.9614       261.3867           1      60
a046_t10x750_w30_rsm30  046 turn 10 750 0.30          1 none        0.7822   0.0902 0.8157 0.7333     0.0540    -0.1301          0.2034          0.1458   -0.1083     -0.0149    0.1152    -0.0312   -618.5311          639.0292           865.3513       246.8202           2      60
a046_t10x750_w20_rsm40  046 turn 10 750 0.20          1 none        0.7781   0.0810 0.7474 0.7417     0.0449    -0.1282          0.1771          0.1458   -0.1564     -0.0265    0.0625    -0.0228   -452.2664          472.8894           640.3705       188.1041           2      60
a046_t10x750_w20_rsm20  046 turn 10 750 0.20          1 none        0.7864   0.0872 0.8009 0.7167     0.0501    -0.1401          0.2009          0.1458   -0.1909     -0.0133    0.1103    -0.0301   -595.7998          567.0663           767.9017       172.1019           3      60
a065_t10x750_w20_rsm40  065 turn 10 750 0.20          1 none        0.7781   0.0759 0.6933 0.7333     0.0386    -0.1250          0.1746          0.1458   -0.1964     -0.0280    0.0577    -0.0221   -437.5104          356.5160           482.7817        45.2713           2      60
      a046_t10x504_w30  046 turn 10 504 0.30          1 none        0.8113   0.0956 0.8637 0.7667     0.0633    -0.1547          0.2637          0.1458   -0.0987     -0.0128    0.2359    -0.0548  -1084.7745          809.5813          1096.3072        11.5327           0      60
a149_t10x750_w20_rsm20  149 turn 10 750 0.20          1 none        0.7517   0.0850 0.7269 0.7083     0.0438    -0.1606          0.1790          0.1458   -0.2937     -0.0222    0.0664    -0.0304   -601.9757          451.6086           611.5529         9.5772           2      60
a034_t10x750_w20_rsm40  034 turn 10 750 0.20          1 none        0.7781   0.0779 0.7237 0.7333     0.0413    -0.1375          0.1791          0.1458   -0.2201     -0.0260    0.0666    -0.0274   -542.2397          407.2432           551.4747         9.2350           2      60
 a046_t6x504_w20_rsm20  046 turn  6 504 0.20          1 none        0.8063   0.0869 0.7975 0.7500     0.0520    -0.1735          0.2077          0.1458   -0.2859     -0.0141    0.1238    -0.0419   -828.6530          601.9959           815.2021       -13.4509           1      60
a149_t10x750_w20_rsm40  149 turn 10 750 0.20          1 none        0.7467   0.0777 0.6595 0.6750     0.0346    -0.1472          0.1531          0.1458   -0.2307     -0.0146    0.0147    -0.0236   -466.6188          283.5135           383.9243       -82.6945           2      60
       a046_t6x504_w30  046 turn  6 504 0.30          1 none        0.8113   0.0893 0.7934 0.7500     0.0531    -0.1585          0.2743          0.1458   -0.0544     -0.0260    0.2570    -0.0488   -965.4223          623.7146           844.6129      -120.8094           1      60
a046_t10x504_w30_rsm20  046 turn 10 504 0.30          1 none        0.8057   0.0896 0.8102 0.7167     0.0520    -0.1519          0.2175          0.1458   -0.2297     -0.0112    0.1434    -0.0489   -968.3945          602.8741           816.3913      -152.0031           2      60
       a046_t6x504_w20  046 turn  6 504 0.20          1 none        0.8113   0.0878 0.8067 0.7500     0.0531    -0.1672          0.2687          0.1458   -0.1094     -0.0240    0.2458    -0.0529  -1046.7308          623.7567           844.6699      -202.0610           0      60
[  158.0s] done
