[    0.0s] loading panels cache
[    0.4s] panels+payload ready, bases=185 templates=2
[    0.5s] returns ready
[    3.2s] legs ready
[    3.3s] pool baseline turnover/rebal = 0.1346 (n=119)
[  177.3s] base 20/185 done
[  239.0s] base 40/185 done
[  300.5s] base 60/185 done
[  364.4s] base 80/185 done
[  429.7s] base 100/185 done
/data/games/factor_/.cache/third_party/alpha191_reference.py:1733: FutureWarning: Downcasting behavior in `replace` is deprecated and will be removed in a future version. To retain the old behavior, explicitly call `result.infer_objects(copy=False)`. To opt-in to the future behavior, set `pd.set_option('future.no_silent_downcasting', True)`
  alpha = (alpha < RANK(CORR(data["low"], data["volume"], 6))).replace(False, -1) * -1
[  646.8s] base 120/185 done
[  727.8s] base 140/185 done
/data/games/factor_/.cache/third_party/alpha191_reference.py:2052: FutureWarning: Downcasting behavior in `replace` is deprecated and will be removed in a future version. To retain the old behavior, explicitly call `result.infer_objects(copy=False)`. To opt-in to the future behavior, set `pd.set_option('future.no_silent_downcasting', True)`
  alpha = (alpha < RANK((data["open"] - TS_MIN(data["open"], 14)))).replace(False, -1) * -1
/data/games/factor_/.cache/third_party/alpha191_reference.py:2124: FutureWarning: Downcasting behavior in `replace` is deprecated and will be removed in a future version. To retain the old behavior, explicitly call `result.infer_objects(copy=False)`. To opt-in to the future behavior, set `pd.set_option('future.no_silent_downcasting', True)`
  alpha = (alpha < CORR(data["vwap"], MEAN(data["volume"], 180), 18)).replace(False, -1)
/data/games/factor_/.cache/third_party/alpha191_reference.py:2165: FutureWarning: The default fill_method='pad' in DataFrame.pct_change is deprecated and will be removed in a future version. Either fill in any non-leading NA values prior to calling pct_change or specify 'fill_method=None' to not fill NA values.
  TS_RANK(DELAY((-1 * data["close"].pct_change()), 6), 5)
[  919.4s] base 160/185 done
[  978.3s] base 180/185 done
/home/minkefu/.conda/envs/ktransformers/lib/python3.11/site-packages/pandas/core/internals/blocks.py:395: RuntimeWarning: divide by zero encountered in log
  result = func(self.values, **kwargs)
alpha      template  periods  rank_ic  ic_ir    win    s_i  turnover  corr_size  pred_dturn
  138 turn10x750w20        2   0.0544 1.6581 1.0000 0.0902    0.9667        NaN         NaN
  034 turn10x750w20      120   0.0940 0.8892 0.7833 0.0655    0.6536    -0.1579      0.1111
  046 turn10x750w20      120   0.0960 0.8818 0.7667 0.0649    0.6133    -0.1484      0.1105
  065 turn10x750w20      120   0.0936 0.8896 0.7750 0.0645    0.6092    -0.1475      0.1080
  182 turn10x750w20      120   0.0888 0.8959 0.8000 0.0637    0.5765    -0.1666      0.1002
  170 turn10x750w20      120   0.0927 0.8721 0.7750 0.0626    0.6175    -0.1623      0.1052
  017 turn10x750w20      120   0.0939 0.8836 0.7500 0.0622    0.6167    -0.1464      0.1059
  026 turn10x750w20      120   0.0946 0.8833 0.7417 0.0620    0.6161    -0.1493      0.1083
  149 turn10x750w20      120   0.0984 0.8548 0.7333 0.0617    0.4904    -0.1739      0.0886
  092 turn10x750w20      120   0.0921 0.8795 0.7583 0.0614    0.6557    -0.1550      0.1059
  157 turn10x750w20      120   0.0924 0.8475 0.7833 0.0613    0.6346    -0.1575      0.1065
  006 turn10x750w20      120   0.0922 0.8578 0.7667 0.0607    0.6138    -0.1466      0.1073
  035 turn10x750w20      120   0.0937 0.8340 0.7667 0.0599    0.5745    -0.1271      0.0997
  042 turn10x750w20      120   0.0963 0.8337 0.7417 0.0595    0.6053    -0.1452      0.1028
  190 turn10x750w20      120   0.0901 0.8606 0.7667 0.0594    0.6073    -0.1562      0.1012
  037 turn10x750w20      120   0.0898 0.8630 0.7667 0.0594    0.6339    -0.1520      0.1065
  039 turn10x750w20      120   0.0911 0.8543 0.7583 0.0590    0.6612    -0.1473      0.1114
  062 turn10x750w20      120   0.0907 0.8584 0.7583 0.0590    0.6417    -0.1390      0.1106
  041 turn10x750w20      120   0.0959 0.8204 0.7500 0.0590    0.5895    -0.1774      0.1008
  163 turn10x750w20      120   0.0881 0.8731 0.7667 0.0590    0.6015    -0.1386      0.1044
  032 turn10x750w20      120   0.0912 0.8505 0.7583 0.0588    0.6483    -0.1340      0.1098
  186 turn10x750w20      120   0.0892 0.8662 0.7583 0.0586    0.6099    -0.1490      0.1050
  090 turn10x750w20      120   0.0912 0.8527 0.7500 0.0583    0.6413    -0.1303      0.1110
  098 turn10x750w20      120   0.0922 0.8517 0.7417 0.0582    0.5754    -0.1536      0.1027
  139 turn10x750w20      120   0.0906 0.8276 0.7750 0.0581    0.6271    -0.1358      0.1041
  105 turn10x750w20      120   0.0908 0.8531 0.7500 0.0581    0.6248    -0.1352      0.1041
  117 turn10x750w20      120   0.0905 0.8540 0.7500 0.0579    0.6255    -0.1494      0.1085
  142 turn10x750w20      120   0.0889 0.8571 0.7583 0.0578    0.6209    -0.1422      0.1068
  130 turn10x750w20      120   0.0891 0.8543 0.7583 0.0577    0.6554    -0.1312      0.1115
  001 turn10x750w20      120   0.0901 0.8352 0.7667 0.0577    0.6494    -0.1358      0.1121
  033 turn10x750w20      120   0.0890 0.8350 0.7750 0.0576    0.6180    -0.1471      0.1069
  083 turn10x750w20      120   0.0911 0.8515 0.7417 0.0575    0.6203    -0.1197      0.1095
  149  turn6x504w20      120   0.0936 0.8275 0.7417 0.0575    0.5731    -0.2008      0.1047
  099 turn10x750w20      120   0.0916 0.8449 0.7417 0.0574    0.6170    -0.1222      0.1089
  168 turn10x750w20      120   0.0899 0.8424 0.7583 0.0574    0.6635    -0.1591      0.1116
  180 turn10x750w20      120   0.0884 0.8196 0.7917 0.0573    0.5500    -0.1850      0.0951
  111 turn10x750w20      120   0.0876 0.8708 0.7500 0.0572    0.6054    -0.1472      0.1019
  073 turn10x750w20      120   0.0889 0.8380 0.7667 0.0571    0.6782    -0.1500      0.1143
  004 turn10x750w20      120   0.0887 0.8385 0.7667 0.0570    0.5867    -0.1461      0.1031
  056 turn10x750w20      120   0.0916 0.8395 0.7417 0.0570    0.6028    -0.1462      0.1061
[  990.2s] written /data/games/factor_/research_reports/platform_alignment/e-decomp-20260929/light191_cycle10.csv (370 rows)
