seats (552290, 5); signal rows 552290; dates 120
loading full-A frame
frame rows 8584574 instruments 5395 calendar 2107
close panel (2107, 5395)
building TushareStockData
context signal dates 120 2021-09-07..2026-08-10
[   85.8s] market ready
[   86.3s] [seed] E=2.6262 NC=0.628 T=0.292
[  172.5s] panels ready
/data/games/factor_/scripts/e_decomp_direct_20260929.py:203: FutureWarning: The previous implementation of stack is deprecated and will be removed in a future version of pandas. See the What's New notes for pandas 2.1.0 for details. Specify future_stack=True to adopt the new implementation and silence this warning.
  flat = oriented.stack(dropna=False).reindex(market.signal_index)
[  175.9s] [a182_turn5x750_w10] s_i=0.0528 corrSz=-0.17 dE=-0.1147 dT=+0.226 dNC=-0.0571 dC=-1,131 dComb_up=-296
/data/games/factor_/scripts/e_decomp_direct_20260929.py:203: FutureWarning: The previous implementation of stack is deprecated and will be removed in a future version of pandas. See the What's New notes for pandas 2.1.0 for details. Specify future_stack=True to adopt the new implementation and silence this warning.
  flat = oriented.stack(dropna=False).reindex(market.signal_index)
[  181.3s] [a149_turn5x750_w10] s_i=0.0548 corrSz=-0.17 dE=-0.1825 dT=+0.217 dNC=-0.0686 dC=-1,359 dComb_up=-474
/data/games/factor_/scripts/e_decomp_direct_20260929.py:203: FutureWarning: The previous implementation of stack is deprecated and will be removed in a future version of pandas. See the What's New notes for pandas 2.1.0 for details. Specify future_stack=True to adopt the new implementation and silence this warning.
  flat = oriented.stack(dropna=False).reindex(market.signal_index)
[  187.0s] [a062_turn5x750_w10] s_i=0.0519 corrSz=-0.15 dE=-0.1593 dT=+0.234 dNC=-0.0579 dC=-1,146 dComb_up=-334
/data/games/factor_/scripts/e_decomp_direct_20260929.py:203: FutureWarning: The previous implementation of stack is deprecated and will be removed in a future version of pandas. See the What's New notes for pandas 2.1.0 for details. Specify future_stack=True to adopt the new implementation and silence this warning.
  flat = oriented.stack(dropna=False).reindex(market.signal_index)
[  193.8s] [a083_turn5x750_w10] s_i=0.0512 corrSz=-0.14 dE=-0.1583 dT=+0.237 dNC=-0.0598 dC=-1,183 dComb_up=-388
/data/games/factor_/scripts/e_decomp_direct_20260929.py:203: FutureWarning: The previous implementation of stack is deprecated and will be removed in a future version of pandas. See the What's New notes for pandas 2.1.0 for details. Specify future_stack=True to adopt the new implementation and silence this warning.
  flat = oriented.stack(dropna=False).reindex(market.signal_index)
[  201.0s] [a090_turn5x750_w10] s_i=0.0509 corrSz=-0.15 dE=-0.1493 dT=+0.235 dNC=-0.0565 dC=-1,119 dComb_up=-329
/data/games/factor_/scripts/e_decomp_direct_20260929.py:203: FutureWarning: The previous implementation of stack is deprecated and will be removed in a future version of pandas. See the What's New notes for pandas 2.1.0 for details. Specify future_stack=True to adopt the new implementation and silence this warning.
  flat = oriented.stack(dropna=False).reindex(market.signal_index)
[  207.8s] [a099_turn5x750_w10] s_i=0.0511 corrSz=-0.15 dE=-0.1465 dT=+0.235 dNC=-0.0594 dC=-1,177 dComb_up=-382
/data/games/factor_/scripts/e_decomp_direct_20260929.py:203: FutureWarning: The previous implementation of stack is deprecated and will be removed in a future version of pandas. See the What's New notes for pandas 2.1.0 for details. Specify future_stack=True to adopt the new implementation and silence this warning.
  flat = oriented.stack(dropna=False).reindex(market.signal_index)
[  215.1s] [a032_turn5x750_w10] s_i=0.0513 corrSz=-0.15 dE=-0.1493 dT=+0.236 dNC=-0.0574 dC=-1,137 dComb_up=-337
/data/games/factor_/scripts/e_decomp_direct_20260929.py:203: FutureWarning: The previous implementation of stack is deprecated and will be removed in a future version of pandas. See the What's New notes for pandas 2.1.0 for details. Specify future_stack=True to adopt the new implementation and silence this warning.
  flat = oriented.stack(dropna=False).reindex(market.signal_index)
[  222.5s] [a016_turn5x750_w10] s_i=0.0507 corrSz=-0.15 dE=-0.1326 dT=+0.235 dNC=-0.0574 dC=-1,137 dComb_up=-353
/data/games/factor_/scripts/e_decomp_direct_20260929.py:203: FutureWarning: The previous implementation of stack is deprecated and will be removed in a future version of pandas. See the What's New notes for pandas 2.1.0 for details. Specify future_stack=True to adopt the new implementation and silence this warning.
  flat = oriented.stack(dropna=False).reindex(market.signal_index)
[  226.7s] [a010_turn5x750_w10] s_i=0.0473 corrSz=-0.16 dE=-0.0998 dT=+0.228 dNC=-0.0641 dC=-1,269 dComb_up=-570
/data/games/factor_/scripts/e_decomp_direct_20260929.py:203: FutureWarning: The previous implementation of stack is deprecated and will be removed in a future version of pandas. See the What's New notes for pandas 2.1.0 for details. Specify future_stack=True to adopt the new implementation and silence this warning.
  flat = oriented.stack(dropna=False).reindex(market.signal_index)
[  232.7s] [a042_turn5x750_w10] s_i=0.0535 corrSz=-0.16 dE=-0.1526 dT=+0.228 dNC=-0.0544 dC=-1,076 dComb_up=-222
/data/games/factor_/scripts/e_decomp_direct_20260929.py:203: FutureWarning: The previous implementation of stack is deprecated and will be removed in a future version of pandas. See the What's New notes for pandas 2.1.0 for details. Specify future_stack=True to adopt the new implementation and silence this warning.
  flat = oriented.stack(dropna=False).reindex(market.signal_index)
[  238.2s] [a149_turn6x504_w20] s_i=0.0574 corrSz=-0.20 dE=-0.2578 dT=+0.207 dNC=-0.0452 dC=-894 dComb_up=+56
/data/games/factor_/scripts/e_decomp_direct_20260929.py:203: FutureWarning: The previous implementation of stack is deprecated and will be removed in a future version of pandas. See the What's New notes for pandas 2.1.0 for details. Specify future_stack=True to adopt the new implementation and silence this warning.
  flat = oriented.stack(dropna=False).reindex(market.signal_index)
[  241.8s] [a182_turn6x504_w20] s_i=0.0492 corrSz=-0.19 dE=-0.1526 dT=+0.226 dNC=-0.0540 dC=-1,070 dComb_up=-322
/data/games/factor_/scripts/e_decomp_direct_20260929.py:203: FutureWarning: The previous implementation of stack is deprecated and will be removed in a future version of pandas. See the What's New notes for pandas 2.1.0 for details. Specify future_stack=True to adopt the new implementation and silence this warning.
  flat = oriented.stack(dropna=False).reindex(market.signal_index)
[  248.6s] [a083_turn6x504_w20] s_i=0.0493 corrSz=-0.14 dE=-0.1365 dT=+0.247 dNC=-0.0590 dC=-1,168 dComb_up=-419
/data/games/factor_/scripts/e_decomp_direct_20260929.py:203: FutureWarning: The previous implementation of stack is deprecated and will be removed in a future version of pandas. See the What's New notes for pandas 2.1.0 for details. Specify future_stack=True to adopt the new implementation and silence this warning.
  flat = oriented.stack(dropna=False).reindex(market.signal_index)
[  251.2s] [leg_turn5x750_only] s_i=0.0508 corrSz=-0.16 dE=-0.1474 dT=+0.229 dNC=-0.0564 dC=-1,116 dComb_up=-331

== 直接面板候选池级全账（6 席 vs 5 席）==
              name     base  src  k   n   w  direction  finite_share  rank_ic  ic_ir    win  s_i_local  corr_size  turn_intrinsic  turn_pool_seed  d_e_mean  d_e_median  d_t_mean  d_nc_mean  d_c_points  d_a_points_local  d_a_points_uplift  d_comb_uplift  pos_months  months
a149_turn6x504_w20      149 turn  6 504 0.2          1        0.7532   0.0934 0.8283 0.7417     0.0574    -0.2008          0.2493          0.1458   -0.2578     -0.0257    0.2070    -0.0452   -894.0191          701.9060           950.4969        56.4778           0      60
a042_turn5x750_w10      042 turn  5 750 0.1          1        0.7945   0.0879 0.8120 0.7500     0.0535    -0.1597          0.2598          0.1458   -0.1526     -0.0409    0.2280    -0.0544  -1076.1691          630.8808           854.3170      -221.8520           1      60
a182_turn5x750_w10      182 turn  5 750 0.1          1        0.7928   0.0841 0.8461 0.7417     0.0528    -0.1692          0.2587          0.1458   -0.1147     -0.0268    0.2259    -0.0571  -1131.3459          617.0758           835.6228      -295.7231           0      60
a182_turn6x504_w20      182 turn  6 504 0.2          1        0.8120   0.0820 0.8283 0.7250     0.0492    -0.1872          0.2588          0.1458   -0.1526     -0.0420    0.2261    -0.0540  -1069.9385          552.0302           747.5403      -322.3982           0      60
a090_turn5x750_w10      090 turn  5 750 0.1          1        0.7952   0.0847 0.8198 0.7333     0.0509    -0.1506          0.2631          0.1458   -0.1493     -0.0198    0.2346    -0.0565  -1118.8344          583.1139           789.6327      -329.2017           0      60
leg_turn5x750_only leg_only turn  5 750 1.0          1        0.7954   0.0837 0.8088 0.7500     0.0508    -0.1607          0.2601          0.1458   -0.1474     -0.0227    0.2285    -0.0564  -1116.2194          579.8672           785.2362      -330.9832           1      60
a062_turn5x750_w10      062 turn  5 750 0.1          1        0.7954   0.0842 0.8215 0.7500     0.0519    -0.1542          0.2630          0.1458   -0.1593     -0.0181    0.2344    -0.0579  -1146.0532          600.0338           812.5451      -333.5081           1      60
a032_turn5x750_w10      032 turn  5 750 0.1          1        0.7951   0.0846 0.8183 0.7417     0.0513    -0.1519          0.2639          0.1458   -0.1493     -0.0199    0.2362    -0.0574  -1136.9403          590.7966           800.0364      -336.9039           1      60
a016_turn5x750_w10      016 turn  5 750 0.1          1        0.7944   0.0847 0.8160 0.7333     0.0507    -0.1517          0.2631          0.1458   -0.1326     -0.0187    0.2346    -0.0574  -1136.8078          578.9320           783.9698      -352.8380           1      60
a099_turn5x750_w10      099 turn  5 750 0.1          1        0.7954   0.0846 0.8151 0.7417     0.0511    -0.1458          0.2635          0.1458   -0.1465     -0.0199    0.2355    -0.0594  -1176.7832          586.5798           794.3261      -382.4571           0      60
a083_turn5x750_w10      083 turn  5 750 0.1          1        0.7954   0.0843 0.8188 0.7417     0.0512    -0.1445          0.2642          0.1458   -0.1583     -0.0159    0.2369    -0.0598  -1183.1359          587.4785           795.5432      -387.5927           0      60
a083_turn6x504_w20      083 turn  6 504 0.2          1        0.8143   0.0831 0.8088 0.7333     0.0493    -0.1389          0.2693          0.1458   -0.1365     -0.0310    0.2470    -0.0590  -1167.8552          553.2624           749.2089      -418.6463           0      60
a149_turn5x750_w10      149 turn  5 750 0.1          1        0.7532   0.0886 0.8244 0.7500     0.0548    -0.1740          0.2541          0.1458   -0.1825     -0.0103    0.2165    -0.0686  -1359.2609          654.0844           885.7386      -473.5224           1      60
a010_turn5x750_w10      010 turn  5 750 0.1          1        0.7940   0.0808 0.7802 0.7500     0.0473    -0.1557          0.2599          0.1458   -0.0998     -0.0270    0.2282    -0.0641  -1269.3507          516.1284           698.9233      -570.4273           1      60
[  251.3s] done
