seats (552290, 5); signal rows 552290; dates 120
loading full-A frame
frame rows 8584574 instruments 5395 calendar 2107
close panel (2107, 5395)
building TushareStockData
context signal dates 120 2021-09-07..2026-08-10
[   88.1s] market ready
[   88.5s] [seed] E=2.6262 NC=0.628 T=0.292
[   88.5s] panels from cache
[   88.6s] panels ready
/data/games/factor_/scripts/e_decomp_direct_20260929.py:222: FutureWarning: The previous implementation of stack is deprecated and will be removed in a future version of pandas. See the What's New notes for pandas 2.1.0 for details. Specify future_stack=True to adopt the new implementation and silence this warning.
  flat = oriented.stack(dropna=False).reindex(market.signal_index)
[   94.1s] [a149_t10x750_w20_rsm40] s_i=0.0346 corrSz=-0.15 dE=-0.2307 dT=+0.015 dNC=-0.0236 dC=-467 dComb_up=-83
/data/games/factor_/scripts/e_decomp_direct_20260929.py:222: FutureWarning: The previous implementation of stack is deprecated and will be removed in a future version of pandas. See the What's New notes for pandas 2.1.0 for details. Specify future_stack=True to adopt the new implementation and silence this warning.
  flat = oriented.stack(dropna=False).reindex(market.signal_index)
[   98.5s] [a046_t10x750_w20_rsm40] s_i=0.0449 corrSz=-0.13 dE=-0.1564 dT=+0.063 dNC=-0.0228 dC=-452 dComb_up=+188
/data/games/factor_/scripts/e_decomp_direct_20260929.py:222: FutureWarning: The previous implementation of stack is deprecated and will be removed in a future version of pandas. See the What's New notes for pandas 2.1.0 for details. Specify future_stack=True to adopt the new implementation and silence this warning.
  flat = oriented.stack(dropna=False).reindex(market.signal_index)
[  104.1s] [a149_t10x750_w20_rsm20] s_i=0.0438 corrSz=-0.16 dE=-0.2937 dT=+0.066 dNC=-0.0304 dC=-602 dComb_up=+10
/data/games/factor_/scripts/e_decomp_direct_20260929.py:222: FutureWarning: The previous implementation of stack is deprecated and will be removed in a future version of pandas. See the What's New notes for pandas 2.1.0 for details. Specify future_stack=True to adopt the new implementation and silence this warning.
  flat = oriented.stack(dropna=False).reindex(market.signal_index)
[  108.6s] [a046_t10x750_w20_rsm20] s_i=0.0501 corrSz=-0.14 dE=-0.1909 dT=+0.110 dNC=-0.0301 dC=-596 dComb_up=+172
/data/games/factor_/scripts/e_decomp_direct_20260929.py:222: FutureWarning: The previous implementation of stack is deprecated and will be removed in a future version of pandas. See the What's New notes for pandas 2.1.0 for details. Specify future_stack=True to adopt the new implementation and silence this warning.
  flat = oriented.stack(dropna=False).reindex(market.signal_index)
[  112.2s] [a065_t10x750_w20_rsm40] s_i=0.0386 corrSz=-0.12 dE=-0.1964 dT=+0.058 dNC=-0.0221 dC=-438 dComb_up=+45
/data/games/factor_/scripts/e_decomp_direct_20260929.py:222: FutureWarning: The previous implementation of stack is deprecated and will be removed in a future version of pandas. See the What's New notes for pandas 2.1.0 for details. Specify future_stack=True to adopt the new implementation and silence this warning.
  flat = oriented.stack(dropna=False).reindex(market.signal_index)
[  115.9s] [a034_t10x750_w20_rsm40] s_i=0.0413 corrSz=-0.14 dE=-0.2201 dT=+0.067 dNC=-0.0274 dC=-542 dComb_up=+9
/data/games/factor_/scripts/e_decomp_direct_20260929.py:222: FutureWarning: The previous implementation of stack is deprecated and will be removed in a future version of pandas. See the What's New notes for pandas 2.1.0 for details. Specify future_stack=True to adopt the new implementation and silence this warning.
  flat = oriented.stack(dropna=False).reindex(market.signal_index)
[  120.1s] [a046_t10x750_w30] s_i=0.0658 corrSz=-0.14 dE=-0.0786 dT=+0.230 dNC=-0.0453 dC=-898 dComb_up=+261

== 直接面板候选池级全账（6 席 vs 5 席）==
                  name base  src  k   n   w  direction  finite_share  rank_ic  ic_ir    win  s_i_local  corr_size  turn_intrinsic  turn_pool_seed  d_e_mean  d_e_median  d_t_mean  d_nc_mean  d_c_points  d_a_points_local  d_a_points_uplift  d_comb_uplift  pos_months  months
      a046_t10x750_w30  046 turn 10 750 0.3          1        0.7921   0.0971 0.8745 0.7750     0.0658    -0.1419          0.2605          0.1458   -0.0786     -0.0148    0.2295    -0.0453   -897.5747          855.8491          1158.9614       261.3867           1      60
a046_t10x750_w20_rsm40  046 turn 10 750 0.2          1        0.7781   0.0810 0.7474 0.7417     0.0449    -0.1282          0.1771          0.1458   -0.1564     -0.0265    0.0625    -0.0228   -452.2664          472.8894           640.3705       188.1041           2      60
a046_t10x750_w20_rsm20  046 turn 10 750 0.2          1        0.7864   0.0872 0.8009 0.7167     0.0501    -0.1401          0.2009          0.1458   -0.1909     -0.0133    0.1103    -0.0301   -595.7998          567.0663           767.9017       172.1019           3      60
a065_t10x750_w20_rsm40  065 turn 10 750 0.2          1        0.7781   0.0759 0.6933 0.7333     0.0386    -0.1250          0.1746          0.1458   -0.1964     -0.0280    0.0577    -0.0221   -437.5104          356.5160           482.7817        45.2713           2      60
a149_t10x750_w20_rsm20  149 turn 10 750 0.2          1        0.7517   0.0850 0.7269 0.7083     0.0438    -0.1606          0.1790          0.1458   -0.2937     -0.0222    0.0664    -0.0304   -601.9757          451.6086           611.5529         9.5772           2      60
a034_t10x750_w20_rsm40  034 turn 10 750 0.2          1        0.7781   0.0779 0.7237 0.7333     0.0413    -0.1375          0.1791          0.1458   -0.2201     -0.0260    0.0666    -0.0274   -542.2397          407.2432           551.4747         9.2350           2      60
a149_t10x750_w20_rsm40  149 turn 10 750 0.2          1        0.7467   0.0777 0.6595 0.6750     0.0346    -0.1472          0.1531          0.1458   -0.2307     -0.0146    0.0147    -0.0236   -466.6188          283.5135           383.9243       -82.6945           2      60
[  120.2s] done
