[   66.4s] frame (8584574, 11)
[   85.6s] panels ready
[   88.4s] amount panel ready
[   88.4s] signal rows 241
[   89.8s] leg T1_turn_k5N750w10 ready
[   91.2s] leg T2_turn_k6N504w20 ready
[   92.6s] leg T3_turn_k6N504w10 ready
[   94.0s] leg V1_vol_k6N504w20 ready
[  124.9s] alpha  10/191 done, elapsed 125s
/home/minkefu/.conda/envs/ktransformers/lib/python3.11/site-packages/pandas/core/dtypes/astype.py:133: RuntimeWarning: overflow encountered in cast
  return arr.astype(dtype, copy=True)
[  156.0s] alpha  20/191 done, elapsed 156s
[  353.8s] alpha  40/191 done, elapsed 354s
[  394.9s] alpha  50/191 done, elapsed 395s
[  430.2s] alpha  60/191 done, elapsed 430s
[  473.1s] alpha  70/191 done, elapsed 473s
[  517.3s] alpha  80/191 done, elapsed 517s
[  557.6s] alpha  90/191 done, elapsed 558s
[  597.2s] alpha 100/191 done, elapsed 597s
[  637.4s] alpha 110/191 done, elapsed 637s
[  820.1s] alpha 120/191 done, elapsed 820s
/data/games/factor_/.cache/third_party/alpha191_reference.py:1733: FutureWarning: Downcasting behavior in `replace` is deprecated and will be removed in a future version. To retain the old behavior, explicitly call `result.infer_objects(copy=False)`. To opt-in to the future behavior, set `pd.set_option('future.no_silent_downcasting', True)`
  alpha = (alpha < RANK(CORR(data["low"], data["volume"], 6))).replace(False, -1) * -1
[  872.0s] alpha 130/191 done, elapsed 872s
[  919.6s] alpha 140/191 done, elapsed 920s
/data/games/factor_/.cache/third_party/alpha191_reference.py:2052: FutureWarning: Downcasting behavior in `replace` is deprecated and will be removed in a future version. To retain the old behavior, explicitly call `result.infer_objects(copy=False)`. To opt-in to the future behavior, set `pd.set_option('future.no_silent_downcasting', True)`
  alpha = (alpha < RANK((data["open"] - TS_MIN(data["open"], 14)))).replace(False, -1) * -1
[ 1084.3s] alpha 150/191 done, elapsed 1084s
/data/games/factor_/.cache/third_party/alpha191_reference.py:2124: FutureWarning: Downcasting behavior in `replace` is deprecated and will be removed in a future version. To retain the old behavior, explicitly call `result.infer_objects(copy=False)`. To opt-in to the future behavior, set `pd.set_option('future.no_silent_downcasting', True)`
  alpha = (alpha < CORR(data["vwap"], MEAN(data["volume"], 180), 18)).replace(False, -1)
/home/minkefu/.conda/envs/ktransformers/lib/python3.11/site-packages/numpy/lib/function_base.py:2897: RuntimeWarning: invalid value encountered in divide
  c /= stddev[:, None]
/home/minkefu/.conda/envs/ktransformers/lib/python3.11/site-packages/numpy/lib/function_base.py:2898: RuntimeWarning: invalid value encountered in divide
  c /= stddev[None, :]
/data/games/factor_/.cache/third_party/alpha191_reference.py:2165: FutureWarning: The default fill_method='pad' in DataFrame.pct_change is deprecated and will be removed in a future version. Either fill in any non-leading NA values prior to calling pct_change or specify 'fill_method=None' to not fill NA values.
  TS_RANK(DELAY((-1 * data["close"].pct_change()), 6), 5)
[ 1125.7s] alpha 160/191 done, elapsed 1126s
[ 1159.1s] alpha 170/191 done, elapsed 1159s
[ 1197.7s] alpha 180/191 done, elapsed 1198s
/home/minkefu/.conda/envs/ktransformers/lib/python3.11/site-packages/pandas/core/internals/blocks.py:395: RuntimeWarning: divide by zero encountered in log
  result = func(self.values, **kwargs)
[ 1231.7s] alpha 190/191 done, elapsed 1232s
[ 1236.0s] alpha 191/191 done, elapsed 1236s

== T1 模板 top25 ==
variant         bare  T1_turn_k5N750w10  T2_turn_k6N504w20  V1_vol_k6N504w20
alpha                                                                       
alpha191_138  0.9853             1.0673             1.7107            1.7481
alpha191_182  0.1044             0.7796             0.7724            0.7590
alpha191_149  0.4329             0.7715             0.7884            0.7562
alpha191_062  0.6127             0.7710             0.7840            0.7571
alpha191_015  0.2782             0.7707             0.7753            0.7480
alpha191_083  0.6932             0.7701             0.7849            0.7554
alpha191_090  0.6234             0.7684             0.7804            0.7532
alpha191_099  0.6670             0.7683             0.7806            0.7524
alpha191_016  0.6346             0.7663             0.7759            0.7486
alpha191_032  0.6420             0.7660             0.7758            0.7470
alpha191_010 -0.0669             0.7646             0.7547            0.7330
alpha191_186 -0.0349             0.7637             0.7650            0.7357
alpha191_190  0.3681             0.7629             0.7637            0.7329
alpha191_105  0.4517             0.7624             0.7676            0.7420
alpha191_042  0.4833             0.7623             0.7618            0.7299
alpha191_035  0.3449             0.7613             0.7511            0.7324
alpha191_073  0.2596             0.7611             0.7602            0.7297
alpha191_172 -0.0470             0.7607             0.7607            0.7322
alpha191_023 -0.2083             0.7603             0.7443            0.7095
alpha191_130  0.2305             0.7598             0.7651            0.7396
alpha191_101  0.2821             0.7596             0.7582            0.7323
alpha191_139  0.3523             0.7595             0.7546            0.7295
alpha191_104  0.1632             0.7592             0.7564            0.7272
alpha191_001  0.3701             0.7589             0.7569            0.7297
alpha191_141  0.3044             0.7586             0.7571            0.7268

== T1 显著优于 042 模板（.7623）的编号 ==
variant       T1_turn_k5N750w10  T2_turn_k6N504w20  T3_turn_k6N504w10  V1_vol_k6N504w20    bare
alpha                                                                                          
alpha191_138             1.0673             1.7107             1.6360            1.7481  0.9853
alpha191_182             0.7796             0.7724             0.7722            0.7590  0.1044
alpha191_149             0.7715             0.7884             0.7722            0.7562  0.4329
alpha191_062             0.7710             0.7840             0.7682            0.7571  0.6127
alpha191_015             0.7707             0.7753             0.7663            0.7480  0.2782
alpha191_083             0.7701             0.7849             0.7686            0.7554  0.6932
alpha191_090             0.7684             0.7804             0.7662            0.7532  0.6234
alpha191_099             0.7683             0.7806             0.7669            0.7524  0.6670
alpha191_016             0.7663             0.7759             0.7637            0.7486  0.6346
alpha191_032             0.7660             0.7758             0.7639            0.7470  0.6420
alpha191_010             0.7646             0.7547             0.7584            0.7330 -0.0669
alpha191_186             0.7637             0.7650             0.7609            0.7357 -0.0349
alpha191_190             0.7629             0.7637             0.7580            0.7329  0.3681
alpha191_105             0.7624             0.7676             0.7604            0.7420  0.4517
alpha191_042             0.7623             0.7618             0.7618            0.7299  0.4833

== top10 前后半段稳定性（T1）==
                  ic    icir     win  half1_icir  half2_icir
alpha                                                       
alpha191_138  0.1167  1.0673  0.8000         NaN      1.0152
alpha191_182  0.0748  0.7796  0.7386      0.7424      0.8178
alpha191_149  0.0787  0.7715  0.7178      0.7838      0.7562
alpha191_062  0.0756  0.7710  0.7303      0.7537      0.7860
alpha191_015  0.0756  0.7707  0.7303      0.7460      0.7937
alpha191_083  0.0755  0.7701  0.7220      0.7543      0.7834
alpha191_090  0.0758  0.7684  0.7261      0.7573      0.7768
alpha191_099  0.0757  0.7683  0.7261      0.7542      0.7798
alpha191_016  0.0758  0.7663  0.7261      0.7513      0.7789
alpha191_032  0.0755  0.7660  0.7220      0.7502      0.7794

== 失败 6 个 ==
  alpha191_005 TypeError: Rolling.rank() got an unexpected keyword argument 'axis'
  alpha191_030 type=NoneType
  alpha191_103 ValueError: All-NaN slice encountered
  alpha191_133 ValueError: All-NaN slice encountered
  alpha191_143 type=NoneType
  alpha191_177 ValueError: All-NaN slice encountered
== 苦日子目标（cycle=5, n=240）==
R03 .0962/.9436 | C260912-B01 .0936/.8691 | R01-0847 .0914/.8658 | R01-0790 .0744/.8379 | R01-0812 .0675/.7303
[ 1236.0s] done, csv -> /data/games/factor_/research_reports/platform_alignment/repro-kurizi-20260929/repro_a191turn_stats.csv
