generators: 464 rows, sources={'A191': 183, 'BLEND': 135, 'P1FAM': 64, 'LEG': 39, 'BASE': 25, 'P2B': 11, 'LEGMIX': 7}
targets: 297

verdict counts: {'hit': 283, 'near': 12, 'far': 2}

=== hits ===
                                   pool                                     target   opp_si best_source            best_cand     d_ic   d_icir    d_win
                    稳健多因子Alpha|Lavine X                                E13-P2+skew 0.066727       BLEND      120xvolV5y_w0.2 0.005503 0.008373 0.005579
                    稳健多因子Alpha|Lavine X                                  E5-a191x3 0.064566       BLEND      120xvolV5y_w0.2 0.005427 0.017582 0.005579
                              换手反转|新人报道                      F-J06_Alpha191_120_LW 0.064514       BLEND      120xvolV5y_w0.2 0.002643 0.015348 0.016807
                     五等分的商鞅|苦日子就和路易十六一样                                C260912-B01 0.063012        BASE       stdvol20_rel5y 0.002468 0.013223 0.000000
                    稳健多因子Alpha|Lavine X                                  G1-raw+41 0.060914       BLEND      120xvolV5y_w0.3 0.004114 0.007611 0.015482
                    稳健多因子Alpha|Lavine X                                 P2-a191mix 0.060883      LEGMIX           mix2_amt60 0.004378 0.005064 0.007227
                    稳健多因子Alpha|Lavine X                                  G5-raw+12 0.060585       BLEND      120xvolV5y_w0.3 0.003377 0.008979 0.015482
                     五等分的商鞅|苦日子就和路易十六一样                          R01-0.0847-0.7915 0.059655       BLEND      120xvolT5y_w0.2 0.002575 0.008210 0.002136
                    稳健多因子Alpha|Lavine X                           G18-raw+illiq+bm 0.058778       BLEND      120xvolV5y_w0.3 0.001667 0.015484 0.001116
                               低波动型|哈利可                                        ROA 0.055024       P1FAM         F2-nb60_x_T5 0.002727 0.003450 0.008333
                               低波动型|哈利可                                     哈利5-克隆 0.055023       P1FAM         F2-nb60_x_T5 0.002726 0.003459 0.008333
                                稳健股息|李普                                     tuc-克隆 0.053772       P1FAM         F2-nb60_x_T5 0.001732 0.010845 0.006373
                    稳健多因子Alpha|Lavine X                                 E12-P2+rev 0.052792       P1FAM         F2-nb40_x_T5 0.000487 0.046235 0.005325
                                稳健股息|李普                                     tud-克隆 0.051582       BLEND 120xrel_T5_T252_w0.3 0.002032 0.031799 0.000000
              wesleywu2020|wesleywu2020                      ks91-full-ks91-acf-3y 0.050264       P1FAM          F2-nb30_x_T 0.001395 0.048711 0.002451
                    稳健多因子Alpha|Lavine X                                   F191-010 0.047594       BLEND      120xvolV5y_w0.4 0.000357 0.007692 0.009205
                          啦啦啦啦啦|forests                             volume-vol-10d 0.045072         P2B       HT-VOLSTAB-T20 0.001115 0.080191 0.005812
Market Psychology Reversal|Olivia Jiang                          combo-组合_三因zscore 0.044571       P1FAM        F2-nb20_x_T21 0.001420 0.010733 0.010345
                               神人因子|神人队                        ex_intradayma40_low 0.044419       P1FAM        F2-nb15_x_T21 0.000676 0.005292 0.002381
            希尔夫（Fei.H）|The Alpha (SCAU)                        f1_chrom_v10d3_rc20 0.043901       P1FAM         F2-nb30_x_T5 0.000158 0.051998 0.000000
            希尔夫（Fei.H）|The Alpha (SCAU)                              f1_chrom_rc30 0.043555       P1FAM         F2-nb30_x_T5 0.000314 0.059372 0.004167
                       Ayden Alpha|往复随安                            Y04-加权pareto双正交 0.043308       P1FAM      F1-intradayma50 0.006706 0.006787 0.000000
                       Ayden Alpha|往复随安                              X04-pareto双正交 0.043185       P1FAM      F1-intradayma50 0.005925 0.007196 0.004167
                       Ayden Alpha|往复随安                     W12-pareto2TvO-2窗换手双正交 0.043107       P1FAM      F1-intradayma45 0.004556 0.006933 0.004167
            希尔夫（Fei.H）|The Alpha (SCAU)                              f1_chrom_rc25 0.042850       P1FAM      F1-intradayma50 0.006446 0.011594 0.000000
            希尔夫（Fei.H）|The Alpha (SCAU)                              f1_chrom_rc20 0.042808       P1FAM      F1-intradayma50 0.006580 0.009539 0.004167
                       Ayden Alpha|往复随安                  Y06-pareto4TvO-4窗换手双正交-v2 0.042428       P1FAM      F1-intradayma50 0.006643 0.015250 0.004167
                            价值质量精选|养猪猎手                               x2_c_rev_vol 0.041801       P1FAM         F2-nb10_x_Tr 0.000372 0.024151 0.002591
                       Ayden Alpha|往复随安                          N32F_N21S_rev10正交 0.041730       P1FAM      F1-intradayma45 0.000537 0.009904 0.000000
                            价值质量精选|养猪猎手                                combo_组合_v1 0.041597       P1FAM         F2-nb60_x_Tr 0.002480 0.019065 0.005812
                            价值质量精选|养猪猎手                          combo10_组合_v1_10d 0.041597       P1FAM         F2-nb60_x_Tr 0.002480 0.019065 0.005812
            希尔夫（Fei.H）|The Alpha (SCAU)                              f1_chrom_rc15 0.040425        BASE             maxret20 0.004971 0.004177 0.004167
Market Psychology Reversal|Olivia Jiang                            combo-组合_三因rank 0.040407       P1FAM      F1-intradayma30 0.002564 0.022605 0.002661
                           趋势跟踪|Alpha战狼                                   a40v_w05 0.040145       BLEND      140xvolT5y_w0.4 0.004500 0.001308 0.000000
            希尔夫（Fei.H）|The Alpha (SCAU)                      f1_chrom_a5v60d5_rc20 0.039997       P1FAM          F2-nb30_x_T 0.000166 0.091556 0.000000
                           趋势跟踪|Alpha战狼                                 a40v_dcorr 0.039806       BLEND  10xrel_T5_T252_w0.3 0.000161 0.044900 0.000000
            希尔夫（Fei.H）|The Alpha (SCAU)                    v25_04_e02_mom_combined 0.038849        BASE             maxret20 0.004168 0.000461 0.012500
                       Ayden Alpha|往复随安                                 W09-异常换手Sz 0.038716       BLEND      120xvolV5y_w0.5 0.000331 0.000926 0.002381
                       Ayden Alpha|往复随安                               IC4Sz-量减少比融合 0.037628       P1FAM           F2-nb5_x_T 0.001762 0.014938 0.004167
                       Ayden Alpha|往复随安                             X05-加权paretoSz 0.036999         P2B              F1-im50 0.000342 0.062399 0.004167
                           趋势跟踪|Alpha战狼                                   alpha040 0.036937       BLEND  10xrel_T5_T252_w0.4 0.000758 0.019250 0.000000
                           趋势跟踪|Alpha战狼                                  a40v_turn 0.036871       BLEND  10xrel_T5_T252_w0.4 0.000887 0.019163 0.000000
                       Ayden Alpha|往复随安                           N31F_N21_rev20正交 0.036579       P1FAM      F1-intradayma60 0.002163 0.021718 0.000000
                           趋势跟踪|Alpha战狼                                a40v_retvol 0.036578       P1FAM          F2-nb5_x_Tr 0.000205 0.008045 0.019258
                            价值质量精选|养猪猎手                             x3_c_rev_v1_20 0.036491       P1FAM         F2-nb5_x_T21 0.000759 0.000197 0.014076
                           趋势跟踪|Alpha战狼                                   a40v_amp 0.036388       P1FAM          F2-nb5_x_Tr 0.000668 0.007622 0.019258
                       Ayden Alpha|往复随安                          Z02b-paretoTv-vol 0.036207        BASE             maxret20 0.002724 0.041212 0.000000
                               神人因子|神人队                      full_intradayma60_low 0.035883       P1FAM      F1-intradayma90 0.000125 0.035266 0.006092
                       Ayden Alpha|往复随安                           N30F_N21_rev10正交 0.035461       P1FAM      F1-intradayma60 0.000129 0.022342 0.004167
                     五等分的商鞅|苦日子就和路易十六一样                          R01-0.0812-0.9306 0.035335       BLEND 140xrel_T5_T252_w0.3 0.000161 0.021780 0.006022
            希尔夫（Fei.H）|The Alpha (SCAU)                                  s1_a3v5d5 0.034920       P1FAM      F1-intradayma60 0.005021 0.019209 0.004167
            希尔夫（Fei.H）|The Alpha (SCAU)                                e02_r2_late 0.034891        BASE             stdret20 0.000501 0.073648 0.004167
                       Ayden Alpha|往复随安                       Z05-pareto4Sz-4窗反转尺寸 0.034879        BASE             maxret20 0.000126 0.043020 0.004167
                       Ayden Alpha|往复随安                              W10-corrRevSz 0.034776        BASE             maxret20 0.002849 0.029657 0.000000
                       Ayden Alpha|往复随安                           N33F_N21_rev15正交 0.034367       P1FAM      F1-intradayma60 0.000184 0.011472 0.012500
                               神人因子|神人队                      fid5y_stdvol20_5y_low 0.034212       BLEND      140xvolT5y_w0.6 0.002350 0.006586 0.002591
                       Ayden Alpha|往复随安                         Z09-ROC20Sz-反转尺寸融合 0.034165        BASE             maxret20 0.001395 0.045071 0.004167
                       Ayden Alpha|往复随安                            N34F_N21_rev8正交 0.034036       P1FAM      F1-intradayma75 0.000539 0.027379 0.008333
                       Ayden Alpha|往复随安                        Z10-BIAS30Sz-乖离尺寸融合 0.034006       P1FAM      F1-intradayma60 0.002910 0.027421 0.004167
                           趋势跟踪|Alpha战狼                                   a40v_c20 0.033995        BASE         intradayma90 0.005181 0.005720 0.014076
                       Ayden Alpha|往复随安                 P03-paretoRevSz-尺寸正交pareto 0.033802       P1FAM      F1-intradayma60 0.003528 0.031164 0.000000
                           趋势跟踪|Alpha战狼                                 a40v_close 0.033616       P1FAM      F3-stdV60_div5y 0.000047 0.064493 0.002451
                           趋势跟踪|Alpha战狼                                   a40v_amt 0.033427        BASE         intradayma90 0.003856 0.011269 0.002731
                           趋势跟踪|Alpha战狼                                   a40v_typ 0.033359       BLEND  10xrel_T5_T252_w0.4 0.006727 0.004890 0.000000
            希尔夫（Fei.H）|The Alpha (SCAU)                    v25_02_e02_short_window 0.033051       P1FAM      F1-intradayma75 0.006559 0.020466 0.000000
                           趋势跟踪|Alpha战狼                                 a40v_mulrk 0.032701        BASE          vwap_prem60 0.006305 0.000659 0.011134
                       Ayden Alpha|往复随安                          P10-cpvRevSz-量价反转 0.032624       P1FAM      F1-intradayma75 0.002947 0.008849 0.004167
                       Ayden Alpha|往复随安                              AA-N21-正交三重复合 0.032328       P1FAM      F1-intradayma60 0.004266 0.002727 0.004167
                           gxq0903|行者武松                                 intraret60 0.032192       P1FAM      F1-intradayma60 0.002109 0.020706 0.002521
                       Ayden Alpha|往复随安                  P06-paretoRevPb-pareto低PB 0.031569        BASE               bias60 0.001716 0.005076 0.008333
                       Ayden Alpha|往复随安                Z02-paretoTvOrth-pareto换手正交 0.031428        BASE               bias60 0.002916 0.001678 0.004167
                       Ayden Alpha|往复随安                       Z12-lotterySz-彩票尺寸融合 0.031242       P1FAM      F1-intradayma60 0.001081 0.054866 0.004167
                       Ayden Alpha|往复随安                                 AA-N24-三合一 0.031216        BASE        intradayma120 0.000999 0.021470 0.016667
                               神人因子|神人队                        ex_intradayma90_low 0.031134       P1FAM      F1-intradayma75 0.001374 0.001102 0.002661
                           gxq0903|行者武松                                 intraret22 0.031086        BASE        intradayma120 0.003661 0.009579 0.011345
            希尔夫（Fei.H）|The Alpha (SCAU)                                 s1_a3v60d3 0.030953         LEG             maxret20 0.006686 0.017761 0.000000
                           趋势跟踪|Alpha战狼                                  a40v_logv 0.030952       P1FAM     F1-intradayma150 0.000118 0.092284 0.005532
            希尔夫（Fei.H）|The Alpha (SCAU)                                 s7_hy_full 0.030801         LEG                amt60 0.003339 0.008986 0.008333
                       Ayden Alpha|往复随安                                 X07-量比短比Sz 0.030032       P1FAM      F1-intradayma75 0.005675 0.009796 0.004167
                       Ayden Alpha|往复随安                             W07-量比20_120Sz 0.029736        BASE            amt60_log 0.002391 0.015995 0.008333
                            价值质量精选|养猪猎手                             x3_c_rev_illiq 0.029514       BLEND       10xvolT5y_w0.5 0.002271 0.015602 0.016807
                           趋势跟踪|Alpha战狼                                   a40v_w20 0.029281       P1FAM     F1-intradayma150 0.000509 0.056285 0.013936
Market Psychology Reversal|Olivia Jiang                              combo-组合_回归换手 0.029226         LEG             retrev20 0.002344 0.026532 0.005252
                           gxq0903|行者武松                                amtshock120 0.028670       BLEND      120xvolT5y_w0.6 0.000958 0.027979 0.000000
                       Ayden Alpha|往复随安                     MS3-a191_042-官方Alpha复刻 0.028527       BLEND  10xrel_T5_T252_w0.5 0.001102 0.018412 0.010049
                            价值质量精选|养猪猎手                           x3_c_rev_broad10 0.027944       P1FAM     F1-intradayma120 0.000179 0.011752 0.011275
                       Ayden Alpha|往复随安                       MS1-paretoRev-三窗反转复合 0.027887        BASE            amt60_log 0.003862 0.001798 0.000000
                       Ayden Alpha|往复随安                           IC5-retVolCorrSz 0.027839        BASE            amt60_log 0.006296 0.010940 0.004167
                               神人因子|神人队                       ex_intradayma120_low 0.027655       BLEND 120xrel_T5_T252_w0.6 0.000609 0.002981 0.000000
                                稳健股息|李普                            塔 18 0.09  1.18 0.027421         LEG             maxret20 0.001596 0.005280 0.011134
                       Ayden Alpha|往复随安                    P11-vwapCorrRev-量价反转-v2 0.027291        BASE            amt60_log 0.007365 0.011212 0.000000
Market Psychology Reversal|Olivia Jiang                              combo-组合_回归人气 0.027258         LEG             retrev20 0.001890 0.022976 0.011555
                                量价|sx因子                        c20-c20-comp-rev-lv 0.026531       BLEND      120xvolV5y_w0.6 0.001643 0.007957 0.000586
            希尔夫（Fei.H）|The Alpha (SCAU)                   v25_07_correlation_break 0.026187       BLEND      120xvolV5y_w0.6 0.000430 0.029886 0.002801
                             低换手反转|国羽长虹                              20日价格负偏离低换手反转 0.025414        A191         alpha191_071 0.001666 0.039395 0.004167
                              换手反转|新人报道                              F-B09_换手率相对低位 0.024404       BLEND 140xrel_T5_T252_w0.8 0.000833 0.026951 0.000000
                              换手反转|新人报道                                  F-A07_低换手 0.024208       BLEND      120xlvl1mT_w0.0 0.000637 0.005422 0.000000
                       Ayden Alpha|往复随安                         IC6-priceVolCorrSz 0.024108       P1FAM     F1-intradayma150 0.002117 0.035456 0.012500
                       Ayden Alpha|往复随安                                AA-C12-三重复合 0.023840       P1FAM     F1-intradayma180 0.000932 0.051456 0.000000
                    joinlearn.com|dfkai                                    I2_2023 0.023385       BLEND       10xlvl1mT_w0.1 0.000965 0.002649 0.005322
                    joinlearn.com|dfkai                                    I2_2025 0.023385       BLEND       10xlvl1mT_w0.1 0.000965 0.002649 0.005322
            希尔夫（Fei.H）|The Alpha (SCAU)                               r1_d02_early 0.023340         LEG             retmom60 0.002022 0.031807 0.000000
                       Ayden Alpha|往复随安                              AA-N22-正交换手激增 0.023037         LEG             amihud20 0.002397 0.058509 0.020833
                    稳健多因子Alpha|Lavine X                               ex1-maxret20 0.022816        BASE          ema26_ratio 0.005181 0.011428 0.001487
            希尔夫（Fei.H）|The Alpha (SCAU)                                s7_liq_corr 0.022643         LEG             amihud20 0.000694 0.069830 0.008333
                       Ayden Alpha|往复随安                               AA-N27-反转乘激增 0.022380       P1FAM     F1-intradayma180 0.001835 0.028458 0.004167
                    稳健多因子Alpha|Lavine X                                  ex5-poolF 0.022209         LEG                t_lvl 0.001705 0.008913 0.001487
                            综合1|mk13579                                      QF-50 0.021401       BLEND       10xlvl1mT_w0.3 0.001140 0.006490 0.009489
                    稳健多因子Alpha|Lavine X                                  ex5-poolG 0.021307       BLEND       10xlvl1mT_w0.3 0.001299 0.001267 0.003801
                       Ayden Alpha|往复随安                              AA-N23-交互振幅激增 0.021278       BLEND      120xlvl1mT_w0.6 0.000884 0.011667 0.009419
                       Ayden Alpha|往复随安                           CP2-彩票MAX20-冠军同款 0.021198         LEG             retmom60 0.001938 0.009460 0.004167
                            综合1|mk13579                                      QF-39 0.021104        A191         alpha191_134 0.001276 0.036802 0.025000
                           gxq0903|行者武松                             amttrend20_120 0.021103       P1FAM     F1-intradayma180 0.000771 0.015985 0.005462
                       Ayden Alpha|往复随安                                AA-C10-量价背离 0.020018         LEG             pvcorr20 0.001586 0.025896 0.008333
                    稳健多因子Alpha|Lavine X                               ex1-pvcorr20 0.019834         LEG             pvcorr20 0.000147 0.007167 0.031846
            希尔夫（Fei.H）|The Alpha (SCAU)                      f04_volume_price_corr 0.019772         LEG             pvcorr20 0.001342 0.030186 0.008333
                           gxq0903|行者武松                                    amihud5 0.019635         LEG             amihud20 0.001804 0.029488 0.002731
                            价值质量精选|养猪猎手                               x2_c_rev_v1i 0.018857        A191         alpha191_046 0.000349 0.007403 0.005182
            希尔夫（Fei.H）|The Alpha (SCAU)                                 s7_hy_rc20 0.018427       BLEND       10xvolret_w0.5 0.000422 0.010157 0.007038
Market Psychology Reversal|Olivia Jiang                             enh3-E5_核心加权平滑 0.018364       BLEND       10xlvl1mT_w0.5 0.004775 0.025701 0.000000
                    稳健多因子Alpha|Lavine X                                  ex5-poolE 0.018345       BLEND       10xvolret_w0.5 0.000904 0.010121 0.008159
                       Ayden Alpha|往复随安                              AA-N26-激增3-60 0.018255       BLEND       10xvolT5y_w0.6 0.001164 0.039686 0.009419
                            综合1|mk13579                                      QF-22 0.018255       BLEND       10xlvl1mT_w0.5 0.005277 0.020697 0.000875
              wesleywu2020|wesleywu2020 SREV-EXPLORE-FULL2-srev17-rev5-rev20-pvdiv 0.018100       P1FAM     F1-intradayma240 0.001656 0.022067 0.005392
                           趋势跟踪|Alpha战狼                                   a40v_low 0.017817        A191         alpha191_029 0.001167 0.029751 0.005112
                           gxq0903|行者武松                                   cvturn22 0.017589        BASE        volstd10_norm 0.000111 0.048421 0.019608
              wesleywu2020|wesleywu2020                          rev3c10-REV60_C10 0.017485       BLEND      140xlvl1mT_w0.5 0.005579 0.009453 0.000000
Market Psychology Reversal|Olivia Jiang                               p5yr-偏差_长期回归 0.017485       BLEND      140xlvl1mT_w0.5 0.005579 0.009453 0.000000
                            综合1|mk13579                                      QF-21 0.017394       BLEND       10xlvl1mT_w0.5 0.004137 0.007223 0.000875
                            综合1|mk13579                                      QF-15 0.017325       BLEND       10xlvl1mT_w0.5 0.004100 0.005795 0.000875
                       Ayden Alpha|往复随安                               AA-N25-收益量相关 0.017186         LEG             pvcorr20 0.004255 0.037370 0.020833
                            价值质量精选|养猪猎手                            x2_c_rev_hybrid 0.017136       BLEND      140xlvl1mT_w0.7 0.001678 0.016249 0.008403
                             低换手反转|国羽长虹                                T3平滑均线负偏离反转 0.017016       BLEND      120xvolret_w0.7 0.001282 0.010095 0.003221
                            综合1|mk13579                                      QF-23 0.016995       BLEND       10xlvl1mT_w0.5 0.002964 0.004649 0.000875
                    稳健多因子Alpha|Lavine X                                ex7-il45_bm 0.016865       BLEND      120xvolret_w0.7 0.001052 0.004101 0.008961
                    稳健多因子Alpha|Lavine X                                     ex6-G3 0.016559       BLEND      120xlvl1mT_w0.7 0.002422 0.033965 0.000349
                            综合1|mk13579                                      QF-14 0.016487       BLEND      140xlvl1mT_w0.4 0.001476 0.013367 0.003431
                            综合1|mk13579                                      QF-35 0.016466       BLEND      140xlvl1mT_w0.3 0.000775 0.023177 0.003361
                    稳健多因子Alpha|Lavine X                                ex2-bm_skew 0.016400        A191         alpha191_046 0.002087 0.029434 0.006708
                            综合1|mk13579                                      QF-18 0.016299       BLEND      140xlvl1mT_w0.3 0.000512 0.020644 0.003361
                          啦啦啦啦啦|forests                                ema26-ratio 0.016244       BLEND       10xlvl1mT_w0.5 0.001271 0.004119 0.000000
                            综合1|mk13579                                      QF-12 0.016137       BLEND      140xlvl1mT_w0.4 0.000980 0.007633 0.003431
                    稳健多因子Alpha|Lavine X                               ex7-il60_bmm 0.016013       BLEND      120xlvl1mT_w0.7 0.003717 0.007899 0.003801
                          啦啦啦啦啦|forests                    short-term-reversal-20d 0.015964       BLEND       10xlvl1mT_w0.5 0.000078 0.002780 0.008403
                           趋势跟踪|Alpha战狼                                  a40v_open 0.015829         LEG           t_std10_60 0.001345 0.007849 0.005042
                            综合1|mk13579                                      QF-43 0.015826       BLEND      120xvolret_w0.7 0.001011 0.002470 0.000945
                            综合1|mk13579                                      QF-19 0.015678       BLEND      140xlvl1mT_w0.4 0.000449 0.002080 0.000735
                            综合1|mk13579                                      QF-13 0.015461       BLEND      140xlvl1mT_w0.4 0.000125 0.001493 0.000735
                    稳健多因子Alpha|Lavine X                                  ex3-amt60 0.015423       BLEND       10xlvl1mT_w0.5 0.002235 0.002694 0.000875
                            综合1|mk13579                                      QF-38 0.015362       BLEND       10xlvl1mT_w0.5 0.000140 0.017176 0.000875
                            综合1|mk13579                                      QF-41 0.014588       BLEND      140xlvl1mT_w0.5 0.001063 0.018275 0.008999
                                量价|sx因子                         c20-c02-rev-bias60 0.014333       BLEND      140xlvl1mT_w0.0 0.001130 0.016118 0.003713
                            综合1|mk13579                                      QF-49 0.014294        BASE               bias20 0.004639 0.018662 0.000000
                              换手反转|新人报道                                 F-C01_长期反转 0.014141       BLEND      120xlvl1mT_w0.8 0.003788 0.001975 0.000000
                    joinlearn.com|dfkai                               D26-D17_2025 0.013932       BLEND      140xlvl1mT_w0.0 0.000888 0.006681 0.015791
                            综合1|mk13579                                      QF-37 0.013837        A191         alpha191_081 0.002037 0.008497 0.008333
                       Ayden Alpha|往复随安                             CP1-低振幅20-冠军同款 0.013829         LEG               t_ma20 0.000470 0.023873 0.004167
                            综合1|mk13579                                      QF-31 0.013691        A191         alpha191_081 0.002657 0.007891 0.020833
                              价值质量精选|燕雀                                      F-B22 0.013582       BLEND       10xvolret_w0.6 0.000424 0.005303 0.005769
                       Ayden Alpha|往复随安                           CP3-amt60低额-冠军同款 0.013555       BLEND      120xvolV5y_w0.8 0.002659 0.013670 0.001015
                            综合1|mk13579                                      QF-30 0.013347        A191         alpha191_081 0.002862 0.021496 0.016667
                    稳健多因子Alpha|Lavine X                                ex3-sz_skew 0.013205       BLEND      120xvolT5y_w0.8 0.000239 0.013458 0.021200
                    稳健多因子Alpha|Lavine X                                 ex2-illiq5 0.013180       BLEND      120xlvl1mT_w0.8 0.000363 0.000804 0.003487
                            综合1|mk13579                                      QF-04 0.013071       BLEND       10xvolret_w0.6 0.003182 0.040152 0.005252
                               低波动型|哈利可                                     哈利2-克隆 0.013051        A191         alpha191_081 0.003200 0.002646 0.008333
                       Ayden Alpha|往复随安                         TP1-ROC20-20日涨跌幅反转 0.013039       BLEND      120xvolret_w0.8 0.001342 0.000567 0.007528
                            综合1|mk13579                                      QF-25 0.012744        A191         alpha191_116 0.005048 0.032214 0.000000
                               神人因子|神人队                               full_bp_high 0.012556        A191         alpha191_081 0.002710 0.050552 0.003501
                       Ayden Alpha|往复随安                         TP6-ROC25-25日涨跌幅反转 0.012544        A191         alpha191_081 0.000876 0.035165 0.004167
                            综合1|mk13579                                      QF-26 0.012530        A191         alpha191_079 0.000726 0.056243 0.004167
                            综合1|mk13579                                      QF-33 0.012288         LEG             retrev10 0.006041 0.000325 0.004167
                            综合1|mk13579                                      QF-40 0.012203         LEG             retrev10 0.005324 0.001166 0.008333
                            综合1|mk13579                                      QF-48 0.012098       BLEND      120xvolret_w0.8 0.000052 0.016963 0.003361
Market Psychology Reversal|Olivia Jiang                               enh2-E1_五维信号 0.011850       BLEND      120xvolret_w0.8 0.000727 0.012527 0.008403
                    joinlearn.com|dfkai                   comp-full-Amihud非流动性-20d 0.011696       BLEND       10xlvl1mT_w0.6 0.001304 0.014250 0.011695
                       Ayden Alpha|往复随安                         TP2-BIAS30-30日乖离反转 0.011508        BASE                ret10 0.005687 0.000216 0.004167
                            综合1|mk13579                                      QF-45 0.011020        BASE                ret10 0.005169 0.013911 0.000000
                              换手反转|新人报道                                   F-A12_LW 0.010972        A191         alpha191_166 0.004202 0.004354 0.004762
                            综合1|mk13579                                      QF-07 0.010900        BASE                ret10 0.000519 0.019406 0.000000
                           趋势跟踪|Alpha战狼                              alpha018_基线对照 0.010846        A191         alpha191_034 0.001801 0.009125 0.004692
                            综合1|mk13579                                      QF-36 0.010808        A191         alpha191_026 0.001689 0.017458 0.012500
                            综合1|mk13579                                      QF-29 0.010779        A191         alpha191_075 0.000228 0.031827 0.008333
                    稳健多因子Alpha|Lavine X                                 ex1-bm_ttm 0.010604        BASE                ret10 0.004284 0.021419 0.000000
                            综合1|mk13579                                      QF-47 0.010383        A191         alpha191_026 0.001041 0.005541 0.016667
                          啦啦啦啦啦|forests                         small-cap-baseline 0.009901       BLEND      120xvolret_w0.8 0.000658 0.075085 0.000000
                            综合1|mk13579                                      QF-34 0.009778        A191         alpha191_075 0.002164 0.018597 0.000000
                            综合1|mk13579                                      QF-42 0.009740        A191         alpha191_026 0.000509 0.011009 0.012500
            希尔夫（Fei.H）|The Alpha (SCAU)                                 f13_rsi_14 0.009541        BASE                ret10 0.001284 0.016751 0.008333
                            综合1|mk13579                                      QF-32 0.009516        A191         alpha191_026 0.001485 0.001983 0.000000
                            综合1|mk13579                                      QF-27 0.009235        A191         alpha191_075 0.001479 0.001034 0.008333
                            综合1|mk13579                                      QF-28 0.009122        A191         alpha191_075 0.001718 0.001465 0.008333
                            综合1|mk13579                                      QF-01 0.008870        A191         alpha191_154 0.005145 0.006097 0.004167
            希尔夫（Fei.H）|The Alpha (SCAU)                                  s5_pe_eff 0.008709        A191         alpha191_154 0.000882 0.003694 0.012500
                    稳健多因子Alpha|Lavine X                               ex2-illiq20n 0.008529        A191         alpha191_154 0.001902 0.000037 0.004167
                              价值质量精选|燕雀                                      F-A15 0.008333       BLEND       10xvolV5y_w0.8 0.001301 0.004063 0.010899
                              价值质量精选|燕雀                                      F-B23 0.008293        A191         alpha191_113 0.003545 0.009695 0.005583
                              价值质量精选|燕雀                                      F-A13 0.008264       BLEND       10xvolV5y_w0.8 0.001679 0.002900 0.008417
                              价值质量精选|燕雀                                      F-A08 0.008171        A191         alpha191_026 0.000366 0.057782 0.009905
                              价值质量精选|燕雀                                      F-A14 0.008006         LEG            cstd20_60 0.000341 0.018561 0.004880
                                量价|sx因子                           probe-rev-bias20 0.007902        A191         alpha191_078 0.001922 0.004494 0.013095
                                量价|sx因子                         c20-c07-trend-ma20 0.007901        A191         alpha191_078 0.001918 0.004519 0.013095
                           趋势跟踪|Alpha战狼                                   alpha019 0.007803        A191         alpha191_048 0.000920 0.035617 0.004902
                       Ayden Alpha|往复随安                                 AA-C09-低PB 0.007654        A191         alpha191_078 0.003311 0.014992 0.000000
                              价值质量精选|燕雀                                      F-A09 0.007511        A191         alpha191_026 0.000264 0.074439 0.005769
                    稳健多因子Alpha|Lavine X                                ex2-illiq60 0.007483       BLEND       10xlvl1mT_w0.7 0.000928 0.043027 0.000805
                       Ayden Alpha|往复随安                         TP5-MA20C-20日均价比反转 0.007357         LEG           closepos20 0.000193 0.040785 0.004167
            希尔夫（Fei.H）|The Alpha (SCAU)                         f03_vwap_deviation 0.007117        A191         alpha191_089 0.001545 0.024939 0.004167
                       Ayden Alpha|往复随安                         TP3-ROC10-10日涨跌幅反转 0.007004       BLEND       10xlvl1mT_w0.8 0.003015 0.013616 0.000665
            希尔夫（Fei.H）|The Alpha (SCAU)                    f10_short_term_momentum 0.006760       BLEND       10xlvl1mT_w0.8 0.002386 0.019419 0.000665
                              价值质量精选|燕雀                                      F-A19 0.006670         LEG             minret20 0.000065 0.017234 0.012614
                            综合1|mk13579                                      QF-09 0.006647        A191         alpha191_078 0.005464 0.000526 0.000000
            希尔夫（Fei.H）|The Alpha (SCAU)                      f01_20d_reversal_bias 0.006628        A191         alpha191_089 0.000240 0.015044 0.008333
                             低换手反转|国羽长虹                           MATRIX股息现金收益条件反转 0.006309        A191         alpha191_190 0.000891 0.005927 0.012500
                                量价|sx因子                          c20-c03-rev-ret10 0.006304       BLEND       10xlvl1mT_w0.8 0.002565 0.035712 0.008403
                    joinlearn.com|dfkai                              comp-full-小市值 0.006201         LEG             minret20 0.000172 0.008233 0.004167
                           趋势跟踪|Alpha战狼                                   alpha037 0.006088         LEG                tdiff 0.002578 0.010795 0.003641
                              价值质量精选|燕雀                                      F-B20 0.005912         LEG          retstd20_60 0.006547 0.028320 0.001696
                              价值质量精选|燕雀                                      F-B17 0.005788         LEG          retstd20_60 0.003624 0.013404 0.003350
                                量价|sx因子                        c20-c09-pv-to-ratio 0.005769         LEG          retstd20_60 0.001380 0.034680 0.001827
            希尔夫（Fei.H）|The Alpha (SCAU)                          f14_boll_position 0.005694        BASE               bias10 0.002069 0.009082 0.020833
                    稳健多因子Alpha|Lavine X                                   ex2-size 0.005554         LEG             minret20 0.002615 0.020451 0.008333
                              价值质量精选|燕雀                                      F-B21 0.005516        BASE               bias10 0.001646 0.006337 0.015054
                              价值质量精选|燕雀                                      F-B14 0.005419        BASE               bias10 0.003404 0.006466 0.007610
                              价值质量精选|燕雀                                      F-A12 0.005229        A191         alpha191_089 0.000153 0.051023 0.006782
                            综合1|mk13579                                      QF-03 0.005226         LEG             minret20 0.001630 0.027600 0.020833
                              价值质量精选|燕雀                                      F-A04 0.005196        BASE               bias10 0.001727 0.010709 0.017535
                              价值质量精选|燕雀                                      F-A17 0.004920        A191         alpha191_109 0.000147 0.027148 0.003267
                              价值质量精选|燕雀                                      F-B12 0.004830         LEG          retstd20_60 0.000352 0.031504 0.003350
            希尔夫（Fei.H）|The Alpha (SCAU)                         f05_money_flow_mfi 0.004655        BASE               bias10 0.002719 0.001214 0.000000
                             低换手反转|国羽长虹                           MATRIX营业利润改善条件反转 0.004487         LEG               drift5 0.002145 0.003393 0.008333
                              价值质量精选|燕雀                                      F-B16 0.004373        BASE               bias10 0.000658 0.033351 0.010918
                            综合1|mk13579                                      QF-44 0.004327        A191         alpha191_006 0.000826 0.009078 0.000000
                              价值质量精选|燕雀                                      F-A01 0.004326        BASE               bias10 0.001036 0.044613 0.007610
                    Sea_turtle|marching                          turtle-full-20日乖离 0.004318        BASE               bias10 0.001011 0.044869 0.007677
                           趋势跟踪|Alpha战狼                                   alpha024 0.004250        A191         alpha191_109 0.001406 0.033149 0.004622
                              价值质量精选|燕雀                                      F-B13 0.004091        A191         alpha191_109 0.000964 0.007500 0.019810
                              价值质量精选|燕雀                                      F-C14 0.003649        A191         alpha191_028 0.002356 0.032541 0.011538
                                量价|sx因子                         c20-c01-rev-bias10 0.003593        A191         alpha191_028 0.004425 0.012630 0.005150
                              价值质量精选|燕雀                                      F-B24 0.003523        BASE         size_circ_mv 0.001129 0.011415 0.017514
                              价值质量精选|燕雀                                      F-C15 0.003511        A191         alpha191_028 0.001505 0.030984 0.013193
                              价值质量精选|燕雀                                      F-B09 0.003424        A191         alpha191_148 0.001967 0.019788 0.000662
                              价值质量精选|燕雀                                      F-A10 0.003185        A191         alpha191_148 0.000739 0.008851 0.002647
                              价值质量精选|燕雀                                      F-A05 0.003144        A191         alpha191_176 0.006010 0.003560 0.011952
                              价值质量精选|燕雀                                      F-B15 0.003020        A191         alpha191_184 0.001728 0.046085 0.009450
                    Sea_turtle|marching                        turtle-probe-中轨生命距离 0.002928        A191         alpha191_176 0.003423 0.002809 0.022936
                              价值质量精选|燕雀                                      F-A11 0.002869        A191         alpha191_028 0.000627 0.005483 0.009057
                            综合1|mk13579                                      QF-46 0.002807         LEG              drift20 0.003241 0.015781 0.004167
                              价值质量精选|燕雀                                      F-B07 0.002701        A191         alpha191_102 0.001271 0.016276 0.005360
                              价值质量精选|燕雀                                      F-B03 0.002295        A191         alpha191_022 0.007495 0.021969 0.002766
                                稳健股息|李普                                     tue-克隆 0.002131        A191         alpha191_022 0.004515 0.038074 0.005602
                              价值质量精选|燕雀                                      F-B18 0.002099        A191         alpha191_184 0.001162 0.000855 0.017721
                       Ayden Alpha|往复随安                           TP4-ROC5-5日涨跌幅反转 0.002088         LEG              drift20 0.000619 0.020432 0.004167
                              价值质量精选|燕雀                                      F-A06 0.002046        A191         alpha191_176 0.001522 0.050211 0.002026
                              价值质量精选|燕雀                                      F-B19 0.002000        A191         alpha191_184 0.002018 0.002391 0.014413
                            综合1|mk13579                                      QF-11 0.001659        A191         alpha191_165 0.001068 0.005372 0.008333
                              价值质量精选|燕雀                                      F-B04 0.001506        A191         alpha191_001 0.001401 0.004619 0.033195
                               低波动型|哈利可                                   Turnover 0.001494        A191         alpha191_022 0.001473 0.040280 0.033333
                              价值质量精选|燕雀                                      F-A18 0.001481        A191         alpha191_037 0.002957 0.001565 0.002130
                            综合1|mk13579                                      QF-06 0.001442        A191         alpha191_165 0.002475 0.006890 0.012500
                              价值质量精选|燕雀                                      F-B06 0.001436        A191         alpha191_183 0.000611 0.061675 0.000311
                              价值质量精选|燕雀                                      F-C05 0.001363        A191         alpha191_037 0.002487 0.046253 0.001303
                            综合1|mk13579                                      QF-10 0.001253        BASE           disthigh60 0.003487 0.031192 0.000000
                            综合1|mk13579                                      QF-05 0.001244        A191         alpha191_165 0.003335 0.017439 0.000000
                              价值质量精选|燕雀                                      F-A16 0.001219        A191         alpha191_182 0.001762 0.031847 0.003019
                              价值质量精选|燕雀                                      F-A02 0.001206        A191         alpha191_183 0.004378 0.005044 0.015488
                    Sea_turtle|marching                             turtle-full-市值 0.001204        A191         alpha191_182 0.001627 0.032499 0.002996
                              价值质量精选|燕雀                                      F-B05 0.000987        A191         alpha191_183 0.001405 0.006361 0.003908
                              价值质量精选|燕雀                                      F-A20 0.000936        A191         alpha191_138 0.002441 0.021886 0.004549
                            综合1|mk13579                                      QF-08 0.000770        A191         alpha191_183 0.002078 0.036242 0.004167
                            综合1|mk13579                                      QF-20 0.000483       P1FAM         F1b-im60_mul 0.001485 0.050097 0.004167
                             低换手反转|国羽长虹                            MATRIX双周期回撤过滤反转 0.000460       P1FAM         F1b-im60_mul 0.000844 0.050885 0.000000
                                量价|sx因子                          probe-dist-high60 0.000447       P1FAM       F1b-im60_add50 0.001105 0.059675 0.006838
                              价值质量精选|燕雀                                      F-A07 0.000379       P1FAM         F1b-im20_mul 0.000850 0.027030 0.004425
                              价值质量精选|燕雀                                      F-B02 0.000367        A191         alpha191_181 0.000414 0.039410 0.001591
              wesleywu2020|wesleywu2020                      f3y-RevGrowth_Quality 0.000290        A191         alpha191_156 0.004045 0.008266 0.003782
                    Sea_turtle|marching                         turtle-full-上轨突破强度 0.000170        A191         alpha191_008 0.000910 0.032352 0.001629
                            综合1|mk13579                                      QF-16 0.000132       P1FAM         F1b-im30_mul 0.002111 0.048031 0.008333
                                量价|sx因子                        c20-c04-dist-high20 0.000116        BASE           disthigh20 0.002162 0.007077 0.003682
                            综合1|mk13579                                      QF-24 0.000085        A191         alpha191_156 0.001906 0.044334 0.016667
                              价值质量精选|燕雀                                      F-B11 0.000037        BASE           disthigh20 0.002252 0.000455 0.002047
                              价值质量精选|燕雀                                      F-C04 0.000024        A191         alpha191_045 0.002031 0.021648 0.001385
                            综合1|mk13579                                      QF-17 0.000010       P1FAM         F1b-im20_mul 0.008473 0.086391 0.000000
                              换手反转|新人报道                      F-I07_Alpha191_124_LW 0.000006        A191         alpha191_186 0.000238 0.002084 0.003151

=== near (top20 by opp_si) ===
                     pool                target   opp_si best_source            best_cand     d_ic   d_icir    d_win
                换手反转|新人报道 F-I01_Alpha191_010_LW 0.098037      LEGMIX        mix7_amihud20 0.002439 0.160327 0.006653
       五等分的商鞅|苦日子就和路易十六一样     R03-0.0727-0.8019 0.073781       BLEND       10xvolV5y_w0.1 0.000439 0.107565 0.011029
            啦啦啦啦啦|forests          alpha191-042 0.072082        BASE       stdvol20_rel5y 0.000367 0.118862 0.001891
      稳健多因子Alpha|Lavine X           G17-zscore3 0.070739        BASE       stdvol20_rel5y 0.010812 0.006707 0.007365
      稳健多因子Alpha|Lavine X            G16-scale3 0.066469      LEGMIX        mix5_pvcorr20 0.011582 0.001550 0.007331
       五等分的商鞅|苦日子就和路易十六一样     R01-0.0790-0.9569 0.046263       BLEND      140xvolV5y_w0.5 0.003577 0.100029 0.002171
                换手反转|新人报道 F-J08_Alpha191_140_LW 0.040351       BLEND 140xrel_T5_T252_w0.2 0.001694 0.155051 0.000000
wesleywu2020|wesleywu2020 GTR-3Y-20260903-GTR80 0.037301        BASE         volstd10_log 0.005390 0.187340 0.022829
                  稳健股息|李普                tub-克隆 0.007822        A191         alpha191_068 0.013931 0.118790 0.069328
                 低波动型|哈利可                哈利4-克隆 0.007092        A191         alpha191_068 0.001880 0.142669 0.091667
      Sea_turtle|marching    turtle-probe-突破新鲜度 0.003420        A191         alpha191_022 0.015106 0.094826 0.030102
                价值质量精选|燕雀                 F-A03 0.000665        A191         alpha191_125 0.011152 0.062890 0.006038

=== far but high si (top15) ===
            pool                 target   opp_si best_source    best_cand     d_ic   d_icir    d_win
Ayden Alpha|往复随安 MS2-ampAmtSpike-振幅金额激增 0.010884        A191 alpha191_068 0.016323 0.295648 0.029167
     价值质量精选|养猪猎手        机器学习xgboos模型-克隆 0.006487        A191 alpha191_009 0.006761 0.527807 0.048669
