extra_members=46 indices=61..106
candidates=253 members=107 members_in_clusters=63
frame rows=9401373 columns=11 downcast=9 elapsed=63.9s
data ready in 90.7s signal_dates=120 stocks=5456
[chunkmajor] pending=46/46 day_chunk=8 signal_dates=120
[chunkmajor] chunk 1/15 start 2021-09-07 rss=2.51GB elapsed=162s
[chunkmajor]   member_0061 rss=2.71GB
[chunkmajor]   member_0062 rss=2.71GB
[chunkmajor]   member_0063 rss=2.72GB
[chunkmajor]   member_0064 rss=2.72GB
[chunkmajor]   member_0065 rss=2.72GB
[chunkmajor]   member_0066 rss=2.72GB
[chunkmajor]   member_0067 rss=2.72GB
[chunkmajor]   member_0068 rss=2.72GB
[chunkmajor]   member_0069 rss=2.72GB
[chunkmajor]   member_0070 rss=2.75GB
[chunkmajor]   member_0071 rss=2.78GB
[chunkmajor]   member_0072 rss=2.78GB
[chunkmajor]   member_0073 rss=2.78GB
[chunkmajor]   member_0074 rss=3.34GB
[chunkmajor]   member_0075 rss=3.09GB
[chunkmajor]   member_0076 rss=2.83GB
[chunkmajor]   member_0077 rss=2.81GB
[chunkmajor]   member_0078 rss=2.83GB
[chunkmajor]   member_0079 rss=2.82GB
[chunkmajor]   member_0080 rss=2.83GB
[chunkmajor]   member_0081 rss=2.83GB
[chunkmajor]   member_0082 rss=2.82GB
[chunkmajor]   member_0083 rss=2.85GB
[chunkmajor]   member_0084 rss=2.82GB
[chunkmajor]   member_0085 rss=2.92GB
[chunkmajor]   member_0086 rss=2.92GB
[chunkmajor]   member_0087 rss=2.85GB
[chunkmajor]   member_0088 rss=2.85GB
[chunkmajor]   member_0089 rss=3.01GB
[chunkmajor]   member_0090 rss=3.01GB
[chunkmajor]   member_0091 rss=3.01GB
[chunkmajor]   member_0092 rss=3.01GB
[chunkmajor]   member_0093 rss=3.01GB
[chunkmajor]   member_0094 rss=3.01GB
[chunkmajor]   member_0095 rss=3.01GB
[chunkmajor]   member_0096 rss=3.01GB
[chunkmajor]   member_0097 rss=3.01GB
[chunkmajor]   member_0098 rss=3.01GB
[chunkmajor]   member_0099 rss=3.01GB
[chunkmajor]   member_0100 rss=2.84GB
[chunkmajor]   member_0101 rss=2.84GB
[chunkmajor]   member_0102 rss=3.12GB
[chunkmajor]   member_0103 rss=3.12GB
[chunkmajor]   member_0104 rss=3.39GB
[chunkmajor]   member_0105 rss=2.88GB
[chunkmajor]   member_0106 rss=2.88GB
[chunkmajor] chunk 1/15 2021-09-07..2021-12-23 done elapsed=210s
[chunkmajor] chunk 2/15 start 2022-01-07 rss=2.55GB elapsed=217s
[chunkmajor]   member_0061 rss=2.72GB
[chunkmajor]   member_0062 rss=2.72GB
[chunkmajor]   member_0063 rss=2.73GB
[chunkmajor]   member_0064 rss=2.73GB
[chunkmajor]   member_0065 rss=2.73GB
[chunkmajor]   member_0066 rss=2.73GB
[chunkmajor]   member_0067 rss=2.73GB
[chunkmajor]   member_0068 rss=2.73GB
[chunkmajor]   member_0069 rss=2.73GB
[chunkmajor]   member_0070 rss=2.76GB
[chunkmajor]   member_0071 rss=2.79GB
[chunkmajor]   member_0072 rss=2.79GB
[chunkmajor]   member_0073 rss=2.79GB
[chunkmajor]   member_0074 rss=3.36GB
[chunkmajor]   member_0075 rss=3.10GB
[chunkmajor]   member_0076 rss=2.84GB
[chunkmajor]   member_0077 rss=2.82GB
[chunkmajor]   member_0078 rss=2.84GB
[chunkmajor]   member_0079 rss=2.83GB
[chunkmajor]   member_0080 rss=2.84GB
[chunkmajor]   member_0081 rss=2.84GB
[chunkmajor]   member_0082 rss=2.83GB
[chunkmajor]   member_0083 rss=2.85GB
[chunkmajor]   member_0084 rss=2.83GB
[chunkmajor]   member_0085 rss=2.93GB
[chunkmajor]   member_0086 rss=2.93GB
[chunkmajor]   member_0087 rss=2.85GB
[chunkmajor]   member_0088 rss=2.85GB
[chunkmajor]   member_0089 rss=3.01GB
[chunkmajor]   member_0090 rss=3.01GB
[chunkmajor]   member_0091 rss=3.01GB
[chunkmajor]   member_0092 rss=3.01GB
[chunkmajor]   member_0093 rss=3.01GB
[chunkmajor]   member_0094 rss=3.01GB
[chunkmajor]   member_0095 rss=3.01GB
[chunkmajor]   member_0096 rss=3.01GB
[chunkmajor]   member_0097 rss=3.01GB
[chunkmajor]   member_0098 rss=3.01GB
[chunkmajor]   member_0099 rss=3.01GB
[chunkmajor]   member_0100 rss=2.85GB
[chunkmajor]   member_0101 rss=2.85GB
[chunkmajor]   member_0102 rss=3.12GB
[chunkmajor]   member_0103 rss=3.10GB
[chunkmajor]   member_0104 rss=3.38GB
[chunkmajor]   member_0105 rss=2.86GB
[chunkmajor]   member_0106 rss=2.86GB
[chunkmajor] chunk 2/15 2022-01-07..2022-04-26 done elapsed=268s
[chunkmajor] chunk 3/15 start 2022-05-13 rss=2.53GB elapsed=276s
[chunkmajor]   member_0061 rss=2.71GB
[chunkmajor]   member_0062 rss=2.71GB
[chunkmajor]   member_0063 rss=2.71GB
[chunkmajor]   member_0064 rss=2.71GB
[chunkmajor]   member_0065 rss=2.71GB
[chunkmajor]   member_0066 rss=2.71GB
[chunkmajor]   member_0067 rss=2.71GB
[chunkmajor]   member_0068 rss=2.71GB
[chunkmajor]   member_0069 rss=2.71GB
[chunkmajor]   member_0070 rss=2.75GB
[chunkmajor]   member_0071 rss=2.77GB
[chunkmajor]   member_0072 rss=2.77GB
[chunkmajor]   member_0073 rss=2.77GB
[chunkmajor]   member_0074 rss=3.35GB
[chunkmajor]   member_0075 rss=3.08GB
[chunkmajor]   member_0076 rss=2.83GB
[chunkmajor]   member_0077 rss=2.81GB
[chunkmajor]   member_0078 rss=2.83GB
[chunkmajor]   member_0079 rss=2.82GB
[chunkmajor]   member_0080 rss=2.83GB
[chunkmajor]   member_0081 rss=2.83GB
[chunkmajor]   member_0082 rss=2.81GB
[chunkmajor]   member_0083 rss=2.84GB
[chunkmajor]   member_0084 rss=2.81GB
[chunkmajor]   member_0085 rss=2.92GB
[chunkmajor]   member_0086 rss=2.92GB
[chunkmajor]   member_0087 rss=2.84GB
[chunkmajor]   member_0088 rss=2.84GB
[chunkmajor]   member_0089 rss=3.00GB
[chunkmajor]   member_0090 rss=3.00GB
[chunkmajor]   member_0091 rss=3.00GB
[chunkmajor]   member_0092 rss=3.00GB
[chunkmajor]   member_0093 rss=3.00GB
[chunkmajor]   member_0094 rss=3.00GB
[chunkmajor]   member_0095 rss=3.00GB
[chunkmajor]   member_0096 rss=3.00GB
[chunkmajor]   member_0097 rss=3.00GB
[chunkmajor]   member_0098 rss=3.00GB
[chunkmajor]   member_0099 rss=3.00GB
[chunkmajor]   member_0100 rss=2.83GB
[chunkmajor]   member_0101 rss=2.83GB
[chunkmajor]   member_0102 rss=3.11GB
[chunkmajor]   member_0103 rss=3.11GB
[chunkmajor]   member_0104 rss=3.35GB
[chunkmajor]   member_0105 rss=2.84GB
[chunkmajor]   member_0106 rss=2.84GB
[chunkmajor] chunk 3/15 2022-05-13..2022-08-22 done elapsed=326s
[chunkmajor] chunk 4/15 start 2022-09-05 rss=2.57GB elapsed=334s
[chunkmajor]   member_0061 rss=2.69GB
[chunkmajor]   member_0062 rss=2.69GB
[chunkmajor]   member_0063 rss=2.69GB
[chunkmajor]   member_0064 rss=2.69GB
[chunkmajor]   member_0065 rss=2.69GB
[chunkmajor]   member_0066 rss=2.69GB
[chunkmajor]   member_0067 rss=2.69GB
[chunkmajor]   member_0068 rss=2.69GB
[chunkmajor]   member_0069 rss=2.69GB
[chunkmajor]   member_0070 rss=2.72GB
[chunkmajor]   member_0071 rss=2.75GB
[chunkmajor]   member_0072 rss=2.75GB
[chunkmajor]   member_0073 rss=2.75GB
[chunkmajor]   member_0074 rss=3.33GB
[chunkmajor]   member_0075 rss=3.06GB
[chunkmajor]   member_0076 rss=2.80GB
[chunkmajor]   member_0077 rss=2.79GB
[chunkmajor]   member_0078 rss=2.81GB
[chunkmajor]   member_0079 rss=2.79GB
[chunkmajor]   member_0080 rss=2.80GB
[chunkmajor]   member_0081 rss=2.81GB
[chunkmajor]   member_0082 rss=2.79GB
[chunkmajor]   member_0083 rss=2.82GB
[chunkmajor]   member_0084 rss=2.79GB
[chunkmajor]   member_0085 rss=2.89GB
[chunkmajor]   member_0086 rss=2.89GB
[chunkmajor]   member_0087 rss=2.82GB
[chunkmajor]   member_0088 rss=2.82GB
[chunkmajor]   member_0089 rss=2.98GB
[chunkmajor]   member_0090 rss=2.98GB
[chunkmajor]   member_0091 rss=2.98GB
[chunkmajor]   member_0092 rss=2.98GB
[chunkmajor]   member_0093 rss=2.98GB
[chunkmajor]   member_0094 rss=2.98GB
[chunkmajor]   member_0095 rss=2.98GB
[chunkmajor]   member_0096 rss=2.98GB
[chunkmajor]   member_0097 rss=2.98GB
[chunkmajor]   member_0098 rss=2.98GB
[chunkmajor]   member_0099 rss=2.98GB
[chunkmajor]   member_0100 rss=2.81GB
[chunkmajor]   member_0101 rss=2.81GB
[chunkmajor]   member_0102 rss=3.09GB
[chunkmajor]   member_0103 rss=3.09GB
[chunkmajor]   member_0104 rss=3.36GB
[chunkmajor]   member_0105 rss=2.85GB
[chunkmajor]   member_0106 rss=2.85GB
[chunkmajor] chunk 4/15 2022-09-05..2022-12-20 done elapsed=385s
[chunkmajor] chunk 5/15 start 2023-01-04 rss=2.57GB elapsed=392s
[chunkmajor]   member_0061 rss=2.69GB
[chunkmajor]   member_0062 rss=2.69GB
[chunkmajor]   member_0063 rss=2.70GB
[chunkmajor]   member_0064 rss=2.70GB
[chunkmajor]   member_0065 rss=2.70GB
[chunkmajor]   member_0066 rss=2.70GB
[chunkmajor]   member_0067 rss=2.70GB
[chunkmajor]   member_0068 rss=2.70GB
[chunkmajor]   member_0069 rss=2.70GB
[chunkmajor]   member_0070 rss=2.73GB
[chunkmajor]   member_0071 rss=2.76GB
[chunkmajor]   member_0072 rss=2.76GB
[chunkmajor]   member_0073 rss=2.76GB
[chunkmajor]   member_0074 rss=3.33GB
[chunkmajor]   member_0075 rss=3.07GB
[chunkmajor]   member_0076 rss=2.81GB
[chunkmajor]   member_0077 rss=2.80GB
[chunkmajor]   member_0078 rss=2.81GB
[chunkmajor]   member_0079 rss=2.80GB
[chunkmajor]   member_0080 rss=2.81GB
[chunkmajor]   member_0081 rss=2.82GB
[chunkmajor]   member_0082 rss=2.80GB
[chunkmajor]   member_0083 rss=2.83GB
[chunkmajor]   member_0084 rss=2.80GB
[chunkmajor]   member_0085 rss=2.90GB
[chunkmajor]   member_0086 rss=2.90GB
[chunkmajor]   member_0087 rss=2.83GB
[chunkmajor]   member_0088 rss=2.83GB
[chunkmajor]   member_0089 rss=2.99GB
[chunkmajor]   member_0090 rss=2.99GB
[chunkmajor]   member_0091 rss=2.99GB
[chunkmajor]   member_0092 rss=2.99GB
[chunkmajor]   member_0093 rss=2.99GB
[chunkmajor]   member_0094 rss=2.99GB
[chunkmajor]   member_0095 rss=2.99GB
[chunkmajor]   member_0096 rss=2.99GB
[chunkmajor]   member_0097 rss=2.99GB
[chunkmajor]   member_0098 rss=2.99GB
[chunkmajor]   member_0099 rss=2.99GB
[chunkmajor]   member_0100 rss=2.82GB
[chunkmajor]   member_0101 rss=2.82GB
[chunkmajor]   member_0102 rss=3.10GB
[chunkmajor]   member_0103 rss=3.10GB
[chunkmajor]   member_0104 rss=3.01GB
[chunkmajor]   member_0105 rss=2.50GB
[chunkmajor]   member_0106 rss=2.50GB
[chunkmajor] chunk 5/15 2023-01-04..2023-04-20 done elapsed=443s
[chunkmajor] chunk 6/15 start 2023-05-09 rss=2.25GB elapsed=452s
[chunkmajor]   member_0061 rss=2.44GB
[chunkmajor]   member_0062 rss=2.44GB
[chunkmajor]   member_0063 rss=2.45GB
[chunkmajor]   member_0064 rss=2.45GB
[chunkmajor]   member_0065 rss=2.45GB
[chunkmajor]   member_0066 rss=2.45GB
[chunkmajor]   member_0067 rss=2.45GB
[chunkmajor]   member_0068 rss=2.45GB
[chunkmajor]   member_0069 rss=2.45GB
[chunkmajor]   member_0070 rss=2.48GB
[chunkmajor]   member_0071 rss=2.51GB
[chunkmajor]   member_0072 rss=2.51GB
[chunkmajor]   member_0073 rss=2.51GB
[chunkmajor]   member_0074 rss=3.08GB
[chunkmajor]   member_0075 rss=2.81GB
[chunkmajor]   member_0076 rss=2.56GB
[chunkmajor]   member_0077 rss=2.54GB
[chunkmajor]   member_0078 rss=2.56GB
[chunkmajor]   member_0079 rss=2.55GB
[chunkmajor]   member_0080 rss=2.56GB
[chunkmajor]   member_0081 rss=2.56GB
[chunkmajor]   member_0082 rss=2.55GB
[chunkmajor]   member_0083 rss=2.57GB
[chunkmajor]   member_0084 rss=2.55GB
[chunkmajor]   member_0085 rss=2.65GB
[chunkmajor]   member_0086 rss=2.65GB
[chunkmajor]   member_0087 rss=2.57GB
[chunkmajor]   member_0088 rss=2.57GB
[chunkmajor]   member_0089 rss=2.73GB
[chunkmajor]   member_0090 rss=2.73GB
[chunkmajor]   member_0091 rss=2.73GB
[chunkmajor]   member_0092 rss=2.73GB
[chunkmajor]   member_0093 rss=2.73GB
[chunkmajor]   member_0094 rss=2.73GB
[chunkmajor]   member_0095 rss=2.73GB
[chunkmajor]   member_0096 rss=2.73GB
[chunkmajor]   member_0097 rss=2.73GB
[chunkmajor]   member_0098 rss=2.73GB
[chunkmajor]   member_0099 rss=2.73GB
[chunkmajor]   member_0100 rss=2.57GB
[chunkmajor]   member_0101 rss=2.57GB
[chunkmajor]   member_0102 rss=2.85GB
[chunkmajor]   member_0103 rss=2.84GB
[chunkmajor]   member_0104 rss=3.02GB
[chunkmajor]   member_0105 rss=2.51GB
[chunkmajor]   member_0106 rss=2.51GB
[chunkmajor] chunk 6/15 2023-05-09..2023-08-17 done elapsed=505s
[chunkmajor] chunk 7/15 start 2023-08-31 rss=2.24GB elapsed=513s
[chunkmajor]   member_0061 rss=2.36GB
[chunkmajor]   member_0062 rss=2.36GB
[chunkmajor]   member_0063 rss=2.37GB
[chunkmajor]   member_0064 rss=2.37GB
[chunkmajor]   member_0065 rss=2.37GB
[chunkmajor]   member_0066 rss=2.37GB
[chunkmajor]   member_0067 rss=2.37GB
[chunkmajor]   member_0068 rss=2.37GB
[chunkmajor]   member_0069 rss=2.37GB
[chunkmajor]   member_0070 rss=2.40GB
[chunkmajor]   member_0071 rss=2.43GB
[chunkmajor]   member_0072 rss=2.43GB
[chunkmajor]   member_0073 rss=2.43GB
[chunkmajor]   member_0074 rss=3.01GB
[chunkmajor]   member_0075 rss=2.74GB
[chunkmajor]   member_0076 rss=2.48GB
[chunkmajor]   member_0077 rss=2.47GB
[chunkmajor]   member_0078 rss=2.49GB
[chunkmajor]   member_0079 rss=2.47GB
[chunkmajor]   member_0080 rss=2.48GB
[chunkmajor]   member_0081 rss=2.49GB
[chunkmajor]   member_0082 rss=2.47GB
[chunkmajor]   member_0083 rss=2.50GB
[chunkmajor]   member_0084 rss=2.47GB
[chunkmajor]   member_0085 rss=2.57GB
[chunkmajor]   member_0086 rss=2.57GB
[chunkmajor]   member_0087 rss=2.50GB
[chunkmajor]   member_0088 rss=2.50GB
[chunkmajor]   member_0089 rss=2.66GB
[chunkmajor]   member_0090 rss=2.66GB
[chunkmajor]   member_0091 rss=2.66GB
[chunkmajor]   member_0092 rss=2.66GB
[chunkmajor]   member_0093 rss=2.66GB
[chunkmajor]   member_0094 rss=2.66GB
[chunkmajor]   member_0095 rss=2.66GB
[chunkmajor]   member_0096 rss=2.66GB
[chunkmajor]   member_0097 rss=2.66GB
[chunkmajor]   member_0098 rss=2.66GB
[chunkmajor]   member_0099 rss=2.66GB
[chunkmajor]   member_0100 rss=2.49GB
[chunkmajor]   member_0101 rss=2.49GB
[chunkmajor]   member_0102 rss=2.77GB
[chunkmajor]   member_0103 rss=2.77GB
[chunkmajor]   member_0104 rss=3.04GB
[chunkmajor]   member_0105 rss=2.53GB
[chunkmajor]   member_0106 rss=2.53GB
[chunkmajor] chunk 7/15 2023-08-31..2023-12-15 done elapsed=560s
[chunkmajor] chunk 8/15 start 2023-12-29 rss=2.18GB elapsed=568s
[chunkmajor]   member_0061 rss=2.38GB
[chunkmajor]   member_0062 rss=2.38GB
[chunkmajor]   member_0063 rss=2.39GB
[chunkmajor]   member_0064 rss=2.39GB
[chunkmajor]   member_0065 rss=2.39GB
[chunkmajor]   member_0066 rss=2.39GB
[chunkmajor]   member_0067 rss=2.39GB
[chunkmajor]   member_0068 rss=2.39GB
[chunkmajor]   member_0069 rss=2.39GB
[chunkmajor]   member_0070 rss=2.42GB
[chunkmajor]   member_0071 rss=2.45GB
[chunkmajor]   member_0072 rss=2.45GB
[chunkmajor]   member_0073 rss=2.45GB
[chunkmajor]   member_0074 rss=3.02GB
[chunkmajor]   member_0075 rss=2.75GB
[chunkmajor]   member_0076 rss=2.50GB
[chunkmajor]   member_0077 rss=2.48GB
[chunkmajor]   member_0078 rss=2.50GB
[chunkmajor]   member_0079 rss=2.49GB
[chunkmajor]   member_0080 rss=2.50GB
[chunkmajor]   member_0081 rss=2.50GB
[chunkmajor]   member_0082 rss=2.49GB
[chunkmajor]   member_0083 rss=2.51GB
[chunkmajor]   member_0084 rss=2.49GB
[chunkmajor]   member_0085 rss=2.59GB
[chunkmajor]   member_0086 rss=2.59GB
[chunkmajor]   member_0087 rss=2.52GB
[chunkmajor]   member_0088 rss=2.52GB
[chunkmajor]   member_0089 rss=2.67GB
[chunkmajor]   member_0090 rss=2.67GB
[chunkmajor]   member_0091 rss=2.67GB
[chunkmajor]   member_0092 rss=2.67GB
[chunkmajor]   member_0093 rss=2.67GB
[chunkmajor]   member_0094 rss=2.67GB
[chunkmajor]   member_0095 rss=2.67GB
[chunkmajor]   member_0096 rss=2.67GB
[chunkmajor]   member_0097 rss=2.67GB
[chunkmajor]   member_0098 rss=2.67GB
[chunkmajor]   member_0099 rss=2.67GB
[chunkmajor]   member_0100 rss=2.51GB
[chunkmajor]   member_0101 rss=2.51GB
[chunkmajor]   member_0102 rss=2.79GB
[chunkmajor]   member_0103 rss=2.78GB
[chunkmajor]   member_0104 rss=3.06GB
[chunkmajor]   member_0105 rss=2.55GB
[chunkmajor]   member_0106 rss=2.55GB
[chunkmajor] chunk 8/15 2023-12-29..2024-04-18 done elapsed=615s
[chunkmajor] chunk 9/15 start 2024-05-07 rss=2.26GB elapsed=622s
[chunkmajor]   member_0061 rss=2.39GB
[chunkmajor]   member_0062 rss=2.39GB
[chunkmajor]   member_0063 rss=2.40GB
[chunkmajor]   member_0064 rss=2.40GB
[chunkmajor]   member_0065 rss=2.40GB
[chunkmajor]   member_0066 rss=2.40GB
[chunkmajor]   member_0067 rss=2.40GB
[chunkmajor]   member_0068 rss=2.40GB
[chunkmajor]   member_0069 rss=2.40GB
[chunkmajor]   member_0070 rss=2.43GB
[chunkmajor]   member_0071 rss=2.46GB
[chunkmajor]   member_0072 rss=2.46GB
[chunkmajor]   member_0073 rss=2.46GB
[chunkmajor]   member_0074 rss=3.03GB
[chunkmajor]   member_0075 rss=2.77GB
[chunkmajor]   member_0076 rss=2.51GB
[chunkmajor]   member_0077 rss=2.50GB
[chunkmajor]   member_0078 rss=2.52GB
[chunkmajor]   member_0079 rss=2.50GB
[chunkmajor]   member_0080 rss=2.51GB
[chunkmajor]   member_0081 rss=2.52GB
[chunkmajor]   member_0082 rss=2.50GB
[chunkmajor]   member_0083 rss=2.53GB
[chunkmajor]   member_0084 rss=2.50GB
[chunkmajor]   member_0085 rss=2.60GB
[chunkmajor]   member_0086 rss=2.60GB
[chunkmajor]   member_0087 rss=2.53GB
[chunkmajor]   member_0088 rss=2.53GB
[chunkmajor]   member_0089 rss=2.69GB
[chunkmajor]   member_0090 rss=2.69GB
[chunkmajor]   member_0091 rss=2.69GB
[chunkmajor]   member_0092 rss=2.69GB
[chunkmajor]   member_0093 rss=2.69GB
[chunkmajor]   member_0094 rss=2.69GB
[chunkmajor]   member_0095 rss=2.69GB
[chunkmajor]   member_0096 rss=2.69GB
[chunkmajor]   member_0097 rss=2.69GB
[chunkmajor]   member_0098 rss=2.69GB
[chunkmajor]   member_0099 rss=2.69GB
[chunkmajor]   member_0100 rss=2.52GB
[chunkmajor]   member_0101 rss=2.52GB
[chunkmajor]   member_0102 rss=2.80GB
[chunkmajor]   member_0103 rss=2.80GB
[chunkmajor]   member_0104 rss=3.07GB
[chunkmajor]   member_0105 rss=2.56GB
[chunkmajor]   member_0106 rss=2.56GB
[chunkmajor] chunk 9/15 2024-05-07..2024-08-14 done elapsed=668s
[chunkmajor] chunk 10/15 start 2024-08-28 rss=2.26GB elapsed=676s
[chunkmajor]   member_0061 rss=2.40GB
[chunkmajor]   member_0062 rss=2.40GB
[chunkmajor]   member_0063 rss=2.41GB
[chunkmajor]   member_0064 rss=2.41GB
[chunkmajor]   member_0065 rss=2.41GB
[chunkmajor]   member_0066 rss=2.41GB
[chunkmajor]   member_0067 rss=2.41GB
[chunkmajor]   member_0068 rss=2.41GB
[chunkmajor]   member_0069 rss=2.41GB
[chunkmajor]   member_0070 rss=2.44GB
[chunkmajor]   member_0071 rss=2.47GB
[chunkmajor]   member_0072 rss=2.47GB
[chunkmajor]   member_0073 rss=2.47GB
[chunkmajor]   member_0074 rss=3.05GB
[chunkmajor]   member_0075 rss=2.78GB
[chunkmajor]   member_0076 rss=2.52GB
[chunkmajor]   member_0077 rss=2.51GB
[chunkmajor]   member_0078 rss=2.53GB
[chunkmajor]   member_0079 rss=2.51GB
[chunkmajor]   member_0080 rss=2.52GB
[chunkmajor]   member_0081 rss=2.53GB
[chunkmajor]   member_0082 rss=2.51GB
[chunkmajor]   member_0083 rss=2.54GB
[chunkmajor]   member_0084 rss=2.51GB
[chunkmajor]   member_0085 rss=2.61GB
[chunkmajor]   member_0086 rss=2.61GB
[chunkmajor]   member_0087 rss=2.54GB
[chunkmajor]   member_0088 rss=2.54GB
[chunkmajor]   member_0089 rss=2.70GB
[chunkmajor]   member_0090 rss=2.70GB
[chunkmajor]   member_0091 rss=2.70GB
[chunkmajor]   member_0092 rss=2.70GB
[chunkmajor]   member_0093 rss=2.70GB
[chunkmajor]   member_0094 rss=2.70GB
[chunkmajor]   member_0095 rss=2.70GB
[chunkmajor]   member_0096 rss=2.70GB
[chunkmajor]   member_0097 rss=2.70GB
[chunkmajor]   member_0098 rss=2.70GB
[chunkmajor]   member_0099 rss=2.70GB
[chunkmajor]   member_0100 rss=2.53GB
[chunkmajor]   member_0101 rss=2.53GB
[chunkmajor]   member_0102 rss=2.81GB
[chunkmajor]   member_0103 rss=2.81GB
[chunkmajor]   member_0104 rss=3.08GB
[chunkmajor]   member_0105 rss=2.57GB
[chunkmajor]   member_0106 rss=2.57GB
[chunkmajor] chunk 10/15 2024-08-28..2024-12-13 done elapsed=723s
[chunkmajor] chunk 11/15 start 2024-12-27 rss=2.27GB elapsed=731s
[chunkmajor]   member_0061 rss=2.41GB
[chunkmajor]   member_0062 rss=2.41GB
[chunkmajor]   member_0063 rss=2.42GB
[chunkmajor]   member_0064 rss=2.42GB
[chunkmajor]   member_0065 rss=2.42GB
[chunkmajor]   member_0066 rss=2.42GB
[chunkmajor]   member_0067 rss=2.42GB
[chunkmajor]   member_0068 rss=2.42GB
[chunkmajor]   member_0069 rss=2.42GB
[chunkmajor]   member_0070 rss=2.45GB
[chunkmajor]   member_0071 rss=2.48GB
[chunkmajor]   member_0072 rss=2.48GB
[chunkmajor]   member_0073 rss=2.48GB
[chunkmajor]   member_0074 rss=3.05GB
[chunkmajor]   member_0075 rss=2.79GB
[chunkmajor]   member_0076 rss=2.53GB
[chunkmajor]   member_0077 rss=2.52GB
[chunkmajor]   member_0078 rss=2.53GB
[chunkmajor]   member_0079 rss=2.52GB
[chunkmajor]   member_0080 rss=2.53GB
[chunkmajor]   member_0081 rss=2.54GB
[chunkmajor]   member_0082 rss=2.52GB
[chunkmajor]   member_0083 rss=2.55GB
[chunkmajor]   member_0084 rss=2.52GB
[chunkmajor]   member_0085 rss=2.62GB
[chunkmajor]   member_0086 rss=2.62GB
[chunkmajor]   member_0087 rss=2.55GB
[chunkmajor]   member_0088 rss=2.55GB
[chunkmajor]   member_0089 rss=2.70GB
[chunkmajor]   member_0090 rss=2.70GB
[chunkmajor]   member_0091 rss=2.70GB
[chunkmajor]   member_0092 rss=2.70GB
[chunkmajor]   member_0093 rss=2.70GB
[chunkmajor]   member_0094 rss=2.70GB
[chunkmajor]   member_0095 rss=2.70GB
[chunkmajor]   member_0096 rss=2.70GB
[chunkmajor]   member_0097 rss=2.70GB
[chunkmajor]   member_0098 rss=2.70GB
[chunkmajor]   member_0099 rss=2.70GB
[chunkmajor]   member_0100 rss=2.54GB
[chunkmajor]   member_0101 rss=2.54GB
[chunkmajor]   member_0102 rss=2.82GB
[chunkmajor]   member_0103 rss=2.82GB
[chunkmajor]   member_0104 rss=3.09GB
[chunkmajor]   member_0105 rss=2.58GB
[chunkmajor]   member_0106 rss=2.58GB
[chunkmajor] chunk 11/15 2024-12-27..2025-04-16 done elapsed=777s
[chunkmajor] chunk 12/15 start 2025-04-30 rss=2.27GB elapsed=785s
[chunkmajor]   member_0061 rss=2.42GB
[chunkmajor]   member_0062 rss=2.42GB
[chunkmajor]   member_0063 rss=2.42GB
[chunkmajor]   member_0064 rss=2.42GB
[chunkmajor]   member_0065 rss=2.42GB
[chunkmajor]   member_0066 rss=2.42GB
[chunkmajor]   member_0067 rss=2.42GB
[chunkmajor]   member_0068 rss=2.42GB
[chunkmajor]   member_0069 rss=2.42GB
[chunkmajor]   member_0070 rss=2.46GB
[chunkmajor]   member_0071 rss=2.49GB
[chunkmajor]   member_0072 rss=2.49GB
[chunkmajor]   member_0073 rss=2.49GB
[chunkmajor]   member_0074 rss=3.06GB
[chunkmajor]   member_0075 rss=2.79GB
[chunkmajor]   member_0076 rss=2.54GB
[chunkmajor]   member_0077 rss=2.52GB
[chunkmajor]   member_0078 rss=2.54GB
[chunkmajor]   member_0079 rss=2.53GB
[chunkmajor]   member_0080 rss=2.54GB
[chunkmajor]   member_0081 rss=2.54GB
[chunkmajor]   member_0082 rss=2.53GB
[chunkmajor]   member_0083 rss=2.55GB
[chunkmajor]   member_0084 rss=2.53GB
[chunkmajor]   member_0085 rss=2.63GB
[chunkmajor]   member_0086 rss=2.63GB
[chunkmajor]   member_0087 rss=2.55GB
[chunkmajor]   member_0088 rss=2.55GB
[chunkmajor]   member_0089 rss=2.71GB
[chunkmajor]   member_0090 rss=2.71GB
[chunkmajor]   member_0091 rss=2.71GB
[chunkmajor]   member_0092 rss=2.71GB
[chunkmajor]   member_0093 rss=2.71GB
[chunkmajor]   member_0094 rss=2.71GB
[chunkmajor]   member_0095 rss=2.71GB
[chunkmajor]   member_0096 rss=2.71GB
[chunkmajor]   member_0097 rss=2.71GB
[chunkmajor]   member_0098 rss=2.71GB
[chunkmajor]   member_0099 rss=2.71GB
[chunkmajor]   member_0100 rss=2.55GB
[chunkmajor]   member_0101 rss=2.55GB
[chunkmajor]   member_0102 rss=2.82GB
[chunkmajor]   member_0103 rss=2.82GB
[chunkmajor]   member_0104 rss=3.09GB
[chunkmajor]   member_0105 rss=2.58GB
[chunkmajor]   member_0106 rss=2.58GB
[chunkmajor] chunk 12/15 2025-04-30..2025-08-12 done elapsed=830s
[chunkmajor] chunk 13/15 start 2025-08-26 rss=2.28GB elapsed=839s
[chunkmajor]   member_0061 rss=2.42GB
[chunkmajor]   member_0062 rss=2.42GB
[chunkmajor]   member_0063 rss=2.43GB
[chunkmajor]   member_0064 rss=2.43GB
[chunkmajor]   member_0065 rss=2.43GB
[chunkmajor]   member_0066 rss=2.43GB
[chunkmajor]   member_0067 rss=2.43GB
[chunkmajor]   member_0068 rss=2.43GB
[chunkmajor]   member_0069 rss=2.43GB
[chunkmajor]   member_0070 rss=2.46GB
[chunkmajor]   member_0071 rss=2.49GB
[chunkmajor]   member_0072 rss=2.49GB
[chunkmajor]   member_0073 rss=2.49GB
[chunkmajor]   member_0074 rss=3.07GB
[chunkmajor]   member_0075 rss=2.80GB
[chunkmajor]   member_0076 rss=2.54GB
[chunkmajor]   member_0077 rss=2.53GB
[chunkmajor]   member_0078 rss=2.55GB
[chunkmajor]   member_0079 rss=2.53GB
[chunkmajor]   member_0080 rss=2.54GB
[chunkmajor]   member_0081 rss=2.55GB
[chunkmajor]   member_0082 rss=2.53GB
[chunkmajor]   member_0083 rss=2.56GB
[chunkmajor]   member_0084 rss=2.47GB
[chunkmajor]   member_0085 rss=2.57GB
[chunkmajor]   member_0086 rss=2.57GB
[chunkmajor]   member_0087 rss=2.49GB
[chunkmajor]   member_0088 rss=2.49GB
[chunkmajor]   member_0089 rss=2.65GB
[chunkmajor]   member_0090 rss=2.65GB
[chunkmajor]   member_0091 rss=2.65GB
[chunkmajor]   member_0092 rss=2.65GB
[chunkmajor]   member_0093 rss=2.65GB
[chunkmajor]   member_0094 rss=2.65GB
[chunkmajor]   member_0095 rss=2.65GB
[chunkmajor]   member_0096 rss=2.65GB
[chunkmajor]   member_0097 rss=2.65GB
[chunkmajor]   member_0098 rss=2.65GB
[chunkmajor]   member_0099 rss=2.65GB
[chunkmajor]   member_0100 rss=2.49GB
[chunkmajor]   member_0101 rss=2.49GB
[chunkmajor]   member_0102 rss=2.77GB
[chunkmajor]   member_0103 rss=2.76GB
[chunkmajor]   member_0104 rss=3.04GB
[chunkmajor]   member_0105 rss=2.52GB
[chunkmajor]   member_0106 rss=2.52GB
[chunkmajor] chunk 13/15 2025-08-26..2025-12-10 done elapsed=885s
[chunkmajor] chunk 14/15 start 2025-12-24 rss=2.21GB elapsed=893s
[chunkmajor]   member_0061 rss=2.36GB
[chunkmajor]   member_0062 rss=2.36GB
[chunkmajor]   member_0063 rss=2.37GB
[chunkmajor]   member_0064 rss=2.37GB
[chunkmajor]   member_0065 rss=2.37GB
[chunkmajor]   member_0066 rss=2.37GB
[chunkmajor]   member_0067 rss=2.37GB
[chunkmajor]   member_0068 rss=2.37GB
[chunkmajor]   member_0069 rss=2.37GB
[chunkmajor]   member_0070 rss=2.40GB
[chunkmajor]   member_0071 rss=2.43GB
[chunkmajor]   member_0072 rss=2.43GB
[chunkmajor]   member_0073 rss=2.43GB
[chunkmajor]   member_0074 rss=3.01GB
[chunkmajor]   member_0075 rss=2.74GB
[chunkmajor]   member_0076 rss=2.48GB
[chunkmajor]   member_0077 rss=2.47GB
[chunkmajor]   member_0078 rss=2.49GB
[chunkmajor]   member_0079 rss=2.47GB
[chunkmajor]   member_0080 rss=2.48GB
[chunkmajor]   member_0081 rss=2.49GB
[chunkmajor]   member_0082 rss=2.47GB
[chunkmajor]   member_0083 rss=2.50GB
[chunkmajor]   member_0084 rss=2.47GB
[chunkmajor]   member_0085 rss=2.57GB
[chunkmajor]   member_0086 rss=2.57GB
[chunkmajor]   member_0087 rss=2.50GB
[chunkmajor]   member_0088 rss=2.50GB
[chunkmajor]   member_0089 rss=2.66GB
[chunkmajor]   member_0090 rss=2.66GB
[chunkmajor]   member_0091 rss=2.66GB
[chunkmajor]   member_0092 rss=2.66GB
[chunkmajor]   member_0093 rss=2.66GB
[chunkmajor]   member_0094 rss=2.66GB
[chunkmajor]   member_0095 rss=2.66GB
[chunkmajor]   member_0096 rss=2.66GB
[chunkmajor]   member_0097 rss=2.66GB
[chunkmajor]   member_0098 rss=2.66GB
[chunkmajor]   member_0099 rss=2.66GB
[chunkmajor]   member_0100 rss=2.49GB
[chunkmajor]   member_0101 rss=2.49GB
[chunkmajor]   member_0102 rss=2.77GB
[chunkmajor]   member_0103 rss=2.77GB
[chunkmajor]   member_0104 rss=3.04GB
[chunkmajor]   member_0105 rss=2.53GB
[chunkmajor]   member_0106 rss=2.53GB
[chunkmajor] chunk 14/15 2025-12-24..2026-04-14 done elapsed=937s
[chunkmajor] chunk 15/15 start 2026-04-28 rss=2.22GB elapsed=945s
[chunkmajor]   member_0061 rss=2.37GB
[chunkmajor]   member_0062 rss=2.37GB
[chunkmajor]   member_0063 rss=2.37GB
[chunkmajor]   member_0064 rss=2.37GB
[chunkmajor]   member_0065 rss=2.37GB
[chunkmajor]   member_0066 rss=2.37GB
[chunkmajor]   member_0067 rss=2.37GB
[chunkmajor]   member_0068 rss=2.37GB
[chunkmajor]   member_0069 rss=2.37GB
[chunkmajor]   member_0070 rss=2.41GB
[chunkmajor]   member_0071 rss=2.44GB
[chunkmajor]   member_0072 rss=2.44GB
[chunkmajor]   member_0073 rss=2.44GB
[chunkmajor]   member_0074 rss=3.01GB
[chunkmajor]   member_0075 rss=2.74GB
[chunkmajor]   member_0076 rss=2.49GB
[chunkmajor]   member_0077 rss=2.47GB
[chunkmajor]   member_0078 rss=2.49GB
[chunkmajor]   member_0079 rss=2.48GB
[chunkmajor]   member_0080 rss=2.49GB
[chunkmajor]   member_0081 rss=2.49GB
[chunkmajor]   member_0082 rss=2.48GB
[chunkmajor]   member_0083 rss=2.50GB
[chunkmajor]   member_0084 rss=2.48GB
[chunkmajor]   member_0085 rss=2.58GB
[chunkmajor]   member_0086 rss=2.58GB
[chunkmajor]   member_0087 rss=2.50GB
[chunkmajor]   member_0088 rss=2.50GB
[chunkmajor]   member_0089 rss=2.66GB
[chunkmajor]   member_0090 rss=2.66GB
[chunkmajor]   member_0091 rss=2.66GB
[chunkmajor]   member_0092 rss=2.66GB
[chunkmajor]   member_0093 rss=2.66GB
[chunkmajor]   member_0094 rss=2.66GB
[chunkmajor]   member_0095 rss=2.66GB
[chunkmajor]   member_0096 rss=2.66GB
[chunkmajor]   member_0097 rss=2.66GB
[chunkmajor]   member_0098 rss=2.66GB
[chunkmajor]   member_0099 rss=2.66GB
[chunkmajor]   member_0100 rss=2.49GB
[chunkmajor]   member_0101 rss=2.49GB
[chunkmajor]   member_0102 rss=2.77GB
[chunkmajor]   member_0103 rss=2.77GB
[chunkmajor]   member_0104 rss=3.04GB
[chunkmajor]   member_0105 rss=2.53GB
[chunkmajor]   member_0106 rss=2.53GB
[chunkmajor] chunk 15/15 2026-04-28..2026-08-10 done elapsed=992s
  [eval] member_0065 FAILED :: NameError: name 'RSI' is not defined
  [eval] member_0066 FAILED :: NameError: name 'TS_ZSCORE' is not defined
  [eval] member_0067 FAILED :: NameError: name 'RSI' is not defined
  [eval] member_0072 FAILED :: KeyError: 'PandaAI field gr_revenue_ttm is unavailable in the local cache: catalog-field inputs are not all present in the local cache or have no local handler'
  [eval] member_0073 FAILED :: KeyError: 'PandaAI field gr_roe_ttm is unavailable in the local cache: catalog-field inputs are not all present in the local cache or have no local handler'
  [eval] member_0086 FAILED :: KeyError: 'PandaAI field oper_roa_net_ttm is unavailable in the local cache: catalog-field inputs are not all present in the local cache or have no local handler'
  [eval] member_0088 FAILED :: NameError: name 'literature' is not defined
  [eval] member_0090 FAILED :: KeyError: 'PandaAI field cfd_surplus_cash_multi_ttm is unavailable in the local cache: catalog-field inputs are not all present in the local cache or have no local handl
  [eval] member_0091 FAILED :: NameError: name 'beta' is not defined
  [eval] member_0094 FAILED :: TypeError: 'LeafExpression' object is not callable
  [eval] member_0095 FAILED :: NameError: name 'BIAS' is not defined
  [eval] member_0097 FAILED :: NameError: name 'RSI' is not defined
  [eval] member_0098 FAILED :: NameError: name 'AS_FLOAT' is not defined
  [eval] member_0099 FAILED :: NameError: name 'RSI' is not defined
  [eval] member_0101 FAILED :: NameError: name 'profitability' is not defined
  [eval] member_0106 FAILED :: SyntaxError: invalid decimal literal (<string>, line 1)
  [eval] member_0065 FAILED :: NameError: name 'RSI' is not defined
  [eval] member_0066 FAILED :: NameError: name 'TS_ZSCORE' is not defined
  [eval] member_0067 FAILED :: NameError: name 'RSI' is not defined
  [eval] member_0072 FAILED :: KeyError: 'PandaAI field gr_revenue_ttm is unavailable in the local cache: catalog-field inputs are not all present in the local cache or have no local handler'
  [eval] member_0073 FAILED :: KeyError: 'PandaAI field gr_roe_ttm is unavailable in the local cache: catalog-field inputs are not all present in the local cache or have no local handler'
  [eval] member_0086 FAILED :: KeyError: 'PandaAI field oper_roa_net_ttm is unavailable in the local cache: catalog-field inputs are not all present in the local cache or have no local handler'
  [eval] member_0088 FAILED :: NameError: name 'literature' is not defined
  [eval] member_0090 FAILED :: KeyError: 'PandaAI field cfd_surplus_cash_multi_ttm is unavailable in the local cache: catalog-field inputs are not all present in the local cache or have no local handl
  [eval] member_0091 FAILED :: NameError: name 'beta' is not defined
  [eval] member_0094 FAILED :: TypeError: 'LeafExpression' object is not callable
  [eval] member_0095 FAILED :: NameError: name 'BIAS' is not defined
  [eval] member_0097 FAILED :: NameError: name 'RSI' is not defined
  [eval] member_0098 FAILED :: NameError: name 'AS_FLOAT' is not defined
  [eval] member_0099 FAILED :: NameError: name 'RSI' is not defined
  [eval] member_0101 FAILED :: NameError: name 'profitability' is not defined
  [eval] member_0106 FAILED :: SyntaxError: invalid decimal literal (<string>, line 1)
  [eval] member_0065 FAILED :: NameError: name 'RSI' is not defined
  [eval] member_0066 FAILED :: NameError: name 'TS_ZSCORE' is not defined
  [eval] member_0067 FAILED :: NameError: name 'RSI' is not defined
  [eval] member_0072 FAILED :: KeyError: 'PandaAI field gr_revenue_ttm is unavailable in the local cache: catalog-field inputs are not all present in the local cache or have no local handler'
  [eval] member_0073 FAILED :: KeyError: 'PandaAI field gr_roe_ttm is unavailable in the local cache: catalog-field inputs are not all present in the local cache or have no local handler'
  [eval] member_0086 FAILED :: KeyError: 'PandaAI field oper_roa_net_ttm is unavailable in the local cache: catalog-field inputs are not all present in the local cache or have no local handler'
  [eval] member_0088 FAILED :: NameError: name 'literature' is not defined
  [eval] member_0090 FAILED :: KeyError: 'PandaAI field cfd_surplus_cash_multi_ttm is unavailable in the local cache: catalog-field inputs are not all present in the local cache or have no local handl
  [eval] member_0091 FAILED :: NameError: name 'beta' is not defined
  [eval] member_0094 FAILED :: TypeError: 'LeafExpression' object is not callable
  [eval] member_0095 FAILED :: NameError: name 'BIAS' is not defined
  [eval] member_0097 FAILED :: NameError: name 'RSI' is not defined
  [eval] member_0098 FAILED :: NameError: name 'AS_FLOAT' is not defined
  [eval] member_0099 FAILED :: NameError: name 'RSI' is not defined
  [eval] member_0101 FAILED :: NameError: name 'profitability' is not defined
  [eval] member_0106 FAILED :: SyntaxError: invalid decimal literal (<string>, line 1)
  [eval] member_0065 FAILED :: NameError: name 'RSI' is not defined
  [eval] member_0066 FAILED :: NameError: name 'TS_ZSCORE' is not defined
  [eval] member_0067 FAILED :: NameError: name 'RSI' is not defined
  [eval] member_0072 FAILED :: KeyError: 'PandaAI field gr_revenue_ttm is unavailable in the local cache: catalog-field inputs are not all present in the local cache or have no local handler'
  [eval] member_0073 FAILED :: KeyError: 'PandaAI field gr_roe_ttm is unavailable in the local cache: catalog-field inputs are not all present in the local cache or have no local handler'
  [eval] member_0086 FAILED :: KeyError: 'PandaAI field oper_roa_net_ttm is unavailable in the local cache: catalog-field inputs are not all present in the local cache or have no local handler'
  [eval] member_0088 FAILED :: NameError: name 'literature' is not defined
  [eval] member_0090 FAILED :: KeyError: 'PandaAI field cfd_surplus_cash_multi_ttm is unavailable in the local cache: catalog-field inputs are not all present in the local cache or have no local handl
  [eval] member_0091 FAILED :: NameError: name 'beta' is not defined
  [eval] member_0094 FAILED :: TypeError: 'LeafExpression' object is not callable
  [eval] member_0095 FAILED :: NameError: name 'BIAS' is not defined
  [eval] member_0097 FAILED :: NameError: name 'RSI' is not defined
  [eval] member_0098 FAILED :: NameError: name 'AS_FLOAT' is not defined
  [eval] member_0099 FAILED :: NameError: name 'RSI' is not defined
  [eval] member_0101 FAILED :: NameError: name 'profitability' is not defined
  [eval] member_0106 FAILED :: SyntaxError: invalid decimal literal (<string>, line 1)
  [eval] member_0065 FAILED :: NameError: name 'RSI' is not defined
  [eval] member_0066 FAILED :: NameError: name 'TS_ZSCORE' is not defined
  [eval] member_0067 FAILED :: NameError: name 'RSI' is not defined
  [eval] member_0072 FAILED :: KeyError: 'PandaAI field gr_revenue_ttm is unavailable in the local cache: catalog-field inputs are not all present in the local cache or have no local handler'
  [eval] member_0073 FAILED :: KeyError: 'PandaAI field gr_roe_ttm is unavailable in the local cache: catalog-field inputs are not all present in the local cache or have no local handler'
  [eval] member_0086 FAILED :: KeyError: 'PandaAI field oper_roa_net_ttm is unavailable in the local cache: catalog-field inputs are not all present in the local cache or have no local handler'
  [eval] member_0088 FAILED :: NameError: name 'literature' is not defined
  [eval] member_0090 FAILED :: KeyError: 'PandaAI field cfd_surplus_cash_multi_ttm is unavailable in the local cache: catalog-field inputs are not all present in the local cache or have no local handl
  [eval] member_0091 FAILED :: NameError: name 'beta' is not defined
  [eval] member_0094 FAILED :: TypeError: 'LeafExpression' object is not callable
  [eval] member_0095 FAILED :: NameError: name 'BIAS' is not defined
  [eval] member_0097 FAILED :: NameError: name 'RSI' is not defined
  [eval] member_0098 FAILED :: NameError: name 'AS_FLOAT' is not defined
  [eval] member_0099 FAILED :: NameError: name 'RSI' is not defined
  [eval] member_0101 FAILED :: NameError: name 'profitability' is not defined
  [eval] member_0106 FAILED :: SyntaxError: invalid decimal literal (<string>, line 1)
  [eval] member_0065 FAILED :: NameError: name 'RSI' is not defined
  [eval] member_0066 FAILED :: NameError: name 'TS_ZSCORE' is not defined
  [eval] member_0067 FAILED :: NameError: name 'RSI' is not defined
  [eval] member_0072 FAILED :: KeyError: 'PandaAI field gr_revenue_ttm is unavailable in the local cache: catalog-field inputs are not all present in the local cache or have no local handler'
  [eval] member_0073 FAILED :: KeyError: 'PandaAI field gr_roe_ttm is unavailable in the local cache: catalog-field inputs are not all present in the local cache or have no local handler'
  [eval] member_0086 FAILED :: KeyError: 'PandaAI field oper_roa_net_ttm is unavailable in the local cache: catalog-field inputs are not all present in the local cache or have no local handler'
  [eval] member_0088 FAILED :: NameError: name 'literature' is not defined
  [eval] member_0090 FAILED :: KeyError: 'PandaAI field cfd_surplus_cash_multi_ttm is unavailable in the local cache: catalog-field inputs are not all present in the local cache or have no local handl
  [eval] member_0091 FAILED :: NameError: name 'beta' is not defined
  [eval] member_0094 FAILED :: TypeError: 'LeafExpression' object is not callable
  [eval] member_0095 FAILED :: NameError: name 'BIAS' is not defined
  [eval] member_0097 FAILED :: NameError: name 'RSI' is not defined
  [eval] member_0098 FAILED :: NameError: name 'AS_FLOAT' is not defined
  [eval] member_0099 FAILED :: NameError: name 'RSI' is not defined
  [eval] member_0101 FAILED :: NameError: name 'profitability' is not defined
  [eval] member_0106 FAILED :: SyntaxError: invalid decimal literal (<string>, line 1)
  [eval] member_0065 FAILED :: NameError: name 'RSI' is not defined
  [eval] member_0066 FAILED :: NameError: name 'TS_ZSCORE' is not defined
  [eval] member_0067 FAILED :: NameError: name 'RSI' is not defined
  [eval] member_0072 FAILED :: KeyError: 'PandaAI field gr_revenue_ttm is unavailable in the local cache: catalog-field inputs are not all present in the local cache or have no local handler'
  [eval] member_0073 FAILED :: KeyError: 'PandaAI field gr_roe_ttm is unavailable in the local cache: catalog-field inputs are not all present in the local cache or have no local handler'
  [eval] member_0086 FAILED :: KeyError: 'PandaAI field oper_roa_net_ttm is unavailable in the local cache: catalog-field inputs are not all present in the local cache or have no local handler'
  [eval] member_0088 FAILED :: NameError: name 'literature' is not defined
  [eval] member_0090 FAILED :: KeyError: 'PandaAI field cfd_surplus_cash_multi_ttm is unavailable in the local cache: catalog-field inputs are not all present in the local cache or have no local handl
  [eval] member_0091 FAILED :: NameError: name 'beta' is not defined
  [eval] member_0094 FAILED :: TypeError: 'LeafExpression' object is not callable
  [eval] member_0095 FAILED :: NameError: name 'BIAS' is not defined
  [eval] member_0097 FAILED :: NameError: name 'RSI' is not defined
  [eval] member_0098 FAILED :: NameError: name 'AS_FLOAT' is not defined
  [eval] member_0099 FAILED :: NameError: name 'RSI' is not defined
  [eval] member_0101 FAILED :: NameError: name 'profitability' is not defined
  [eval] member_0106 FAILED :: SyntaxError: invalid decimal literal (<string>, line 1)
  [eval] member_0065 FAILED :: NameError: name 'RSI' is not defined
  [eval] member_0066 FAILED :: NameError: name 'TS_ZSCORE' is not defined
  [eval] member_0067 FAILED :: NameError: name 'RSI' is not defined
  [eval] member_0072 FAILED :: KeyError: 'PandaAI field gr_revenue_ttm is unavailable in the local cache: catalog-field inputs are not all present in the local cache or have no local handler'
  [eval] member_0073 FAILED :: KeyError: 'PandaAI field gr_roe_ttm is unavailable in the local cache: catalog-field inputs are not all present in the local cache or have no local handler'
  [eval] member_0086 FAILED :: KeyError: 'PandaAI field oper_roa_net_ttm is unavailable in the local cache: catalog-field inputs are not all present in the local cache or have no local handler'
  [eval] member_0088 FAILED :: NameError: name 'literature' is not defined
  [eval] member_0090 FAILED :: KeyError: 'PandaAI field cfd_surplus_cash_multi_ttm is unavailable in the local cache: catalog-field inputs are not all present in the local cache or have no local handl
  [eval] member_0091 FAILED :: NameError: name 'beta' is not defined
  [eval] member_0094 FAILED :: TypeError: 'LeafExpression' object is not callable
  [eval] member_0095 FAILED :: NameError: name 'BIAS' is not defined
  [eval] member_0097 FAILED :: NameError: name 'RSI' is not defined
  [eval] member_0098 FAILED :: NameError: name 'AS_FLOAT' is not defined
  [eval] member_0099 FAILED :: NameError: name 'RSI' is not defined
  [eval] member_0101 FAILED :: NameError: name 'profitability' is not defined
  [eval] member_0106 FAILED :: SyntaxError: invalid decimal literal (<string>, line 1)
  [eval] member_0065 FAILED :: NameError: name 'RSI' is not defined
  [eval] member_0066 FAILED :: NameError: name 'TS_ZSCORE' is not defined
  [eval] member_0067 FAILED :: NameError: name 'RSI' is not defined
  [eval] member_0072 FAILED :: KeyError: 'PandaAI field gr_revenue_ttm is unavailable in the local cache: catalog-field inputs are not all present in the local cache or have no local handler'
  [eval] member_0073 FAILED :: KeyError: 'PandaAI field gr_roe_ttm is unavailable in the local cache: catalog-field inputs are not all present in the local cache or have no local handler'
  [eval] member_0086 FAILED :: KeyError: 'PandaAI field oper_roa_net_ttm is unavailable in the local cache: catalog-field inputs are not all present in the local cache or have no local handler'
  [eval] member_0088 FAILED :: NameError: name 'literature' is not defined
  [eval] member_0090 FAILED :: KeyError: 'PandaAI field cfd_surplus_cash_multi_ttm is unavailable in the local cache: catalog-field inputs are not all present in the local cache or have no local handl
  [eval] member_0091 FAILED :: NameError: name 'beta' is not defined
  [eval] member_0094 FAILED :: TypeError: 'LeafExpression' object is not callable
  [eval] member_0095 FAILED :: NameError: name 'BIAS' is not defined
  [eval] member_0097 FAILED :: NameError: name 'RSI' is not defined
  [eval] member_0098 FAILED :: NameError: name 'AS_FLOAT' is not defined
  [eval] member_0099 FAILED :: NameError: name 'RSI' is not defined
  [eval] member_0101 FAILED :: NameError: name 'profitability' is not defined
  [eval] member_0106 FAILED :: SyntaxError: invalid decimal literal (<string>, line 1)
  [eval] member_0065 FAILED :: NameError: name 'RSI' is not defined
  [eval] member_0066 FAILED :: NameError: name 'TS_ZSCORE' is not defined
  [eval] member_0067 FAILED :: NameError: name 'RSI' is not defined
  [eval] member_0072 FAILED :: KeyError: 'PandaAI field gr_revenue_ttm is unavailable in the local cache: catalog-field inputs are not all present in the local cache or have no local handler'
  [eval] member_0073 FAILED :: KeyError: 'PandaAI field gr_roe_ttm is unavailable in the local cache: catalog-field inputs are not all present in the local cache or have no local handler'
  [eval] member_0086 FAILED :: KeyError: 'PandaAI field oper_roa_net_ttm is unavailable in the local cache: catalog-field inputs are not all present in the local cache or have no local handler'
  [eval] member_0088 FAILED :: NameError: name 'literature' is not defined
  [eval] member_0090 FAILED :: KeyError: 'PandaAI field cfd_surplus_cash_multi_ttm is unavailable in the local cache: catalog-field inputs are not all present in the local cache or have no local handl
  [eval] member_0091 FAILED :: NameError: name 'beta' is not defined
  [eval] member_0094 FAILED :: TypeError: 'LeafExpression' object is not callable
  [eval] member_0095 FAILED :: NameError: name 'BIAS' is not defined
  [eval] member_0097 FAILED :: NameError: name 'RSI' is not defined
  [eval] member_0098 FAILED :: NameError: name 'AS_FLOAT' is not defined
  [eval] member_0099 FAILED :: NameError: name 'RSI' is not defined
  [eval] member_0101 FAILED :: NameError: name 'profitability' is not defined
  [eval] member_0106 FAILED :: SyntaxError: invalid decimal literal (<string>, line 1)
  [eval] member_0065 FAILED :: NameError: name 'RSI' is not defined
  [eval] member_0066 FAILED :: NameError: name 'TS_ZSCORE' is not defined
  [eval] member_0067 FAILED :: NameError: name 'RSI' is not defined
  [eval] member_0072 FAILED :: KeyError: 'PandaAI field gr_revenue_ttm is unavailable in the local cache: catalog-field inputs are not all present in the local cache or have no local handler'
  [eval] member_0073 FAILED :: KeyError: 'PandaAI field gr_roe_ttm is unavailable in the local cache: catalog-field inputs are not all present in the local cache or have no local handler'
  [eval] member_0086 FAILED :: KeyError: 'PandaAI field oper_roa_net_ttm is unavailable in the local cache: catalog-field inputs are not all present in the local cache or have no local handler'
  [eval] member_0088 FAILED :: NameError: name 'literature' is not defined
  [eval] member_0090 FAILED :: KeyError: 'PandaAI field cfd_surplus_cash_multi_ttm is unavailable in the local cache: catalog-field inputs are not all present in the local cache or have no local handl
  [eval] member_0091 FAILED :: NameError: name 'beta' is not defined
  [eval] member_0094 FAILED :: TypeError: 'LeafExpression' object is not callable
  [eval] member_0095 FAILED :: NameError: name 'BIAS' is not defined
  [eval] member_0097 FAILED :: NameError: name 'RSI' is not defined
  [eval] member_0098 FAILED :: NameError: name 'AS_FLOAT' is not defined
  [eval] member_0099 FAILED :: NameError: name 'RSI' is not defined
  [eval] member_0101 FAILED :: NameError: name 'profitability' is not defined
  [eval] member_0106 FAILED :: SyntaxError: invalid decimal literal (<string>, line 1)
  [eval] member_0065 FAILED :: NameError: name 'RSI' is not defined
  [eval] member_0066 FAILED :: NameError: name 'TS_ZSCORE' is not defined
  [eval] member_0067 FAILED :: NameError: name 'RSI' is not defined
  [eval] member_0072 FAILED :: KeyError: 'PandaAI field gr_revenue_ttm is unavailable in the local cache: catalog-field inputs are not all present in the local cache or have no local handler'
  [eval] member_0073 FAILED :: KeyError: 'PandaAI field gr_roe_ttm is unavailable in the local cache: catalog-field inputs are not all present in the local cache or have no local handler'
  [eval] member_0086 FAILED :: KeyError: 'PandaAI field oper_roa_net_ttm is unavailable in the local cache: catalog-field inputs are not all present in the local cache or have no local handler'
  [eval] member_0088 FAILED :: NameError: name 'literature' is not defined
  [eval] member_0090 FAILED :: KeyError: 'PandaAI field cfd_surplus_cash_multi_ttm is unavailable in the local cache: catalog-field inputs are not all present in the local cache or have no local handl
  [eval] member_0091 FAILED :: NameError: name 'beta' is not defined
  [eval] member_0094 FAILED :: TypeError: 'LeafExpression' object is not callable
  [eval] member_0095 FAILED :: NameError: name 'BIAS' is not defined
  [eval] member_0097 FAILED :: NameError: name 'RSI' is not defined
  [eval] member_0098 FAILED :: NameError: name 'AS_FLOAT' is not defined
  [eval] member_0099 FAILED :: NameError: name 'RSI' is not defined
  [eval] member_0101 FAILED :: NameError: name 'profitability' is not defined
  [eval] member_0106 FAILED :: SyntaxError: invalid decimal literal (<string>, line 1)
  [eval] member_0065 FAILED :: NameError: name 'RSI' is not defined
  [eval] member_0066 FAILED :: NameError: name 'TS_ZSCORE' is not defined
  [eval] member_0067 FAILED :: NameError: name 'RSI' is not defined
  [eval] member_0072 FAILED :: KeyError: 'PandaAI field gr_revenue_ttm is unavailable in the local cache: catalog-field inputs are not all present in the local cache or have no local handler'
  [eval] member_0073 FAILED :: KeyError: 'PandaAI field gr_roe_ttm is unavailable in the local cache: catalog-field inputs are not all present in the local cache or have no local handler'
  [eval] member_0086 FAILED :: KeyError: 'PandaAI field oper_roa_net_ttm is unavailable in the local cache: catalog-field inputs are not all present in the local cache or have no local handler'
  [eval] member_0088 FAILED :: NameError: name 'literature' is not defined
  [eval] member_0090 FAILED :: KeyError: 'PandaAI field cfd_surplus_cash_multi_ttm is unavailable in the local cache: catalog-field inputs are not all present in the local cache or have no local handl
  [eval] member_0091 FAILED :: NameError: name 'beta' is not defined
  [eval] member_0094 FAILED :: TypeError: 'LeafExpression' object is not callable
  [eval] member_0095 FAILED :: NameError: name 'BIAS' is not defined
  [eval] member_0097 FAILED :: NameError: name 'RSI' is not defined
  [eval] member_0098 FAILED :: NameError: name 'AS_FLOAT' is not defined
  [eval] member_0099 FAILED :: NameError: name 'RSI' is not defined
  [eval] member_0101 FAILED :: NameError: name 'profitability' is not defined
  [eval] member_0106 FAILED :: SyntaxError: invalid decimal literal (<string>, line 1)
  [eval] member_0065 FAILED :: NameError: name 'RSI' is not defined
  [eval] member_0066 FAILED :: NameError: name 'TS_ZSCORE' is not defined
  [eval] member_0067 FAILED :: NameError: name 'RSI' is not defined
  [eval] member_0072 FAILED :: KeyError: 'PandaAI field gr_revenue_ttm is unavailable in the local cache: catalog-field inputs are not all present in the local cache or have no local handler'
  [eval] member_0073 FAILED :: KeyError: 'PandaAI field gr_roe_ttm is unavailable in the local cache: catalog-field inputs are not all present in the local cache or have no local handler'
  [eval] member_0086 FAILED :: KeyError: 'PandaAI field oper_roa_net_ttm is unavailable in the local cache: catalog-field inputs are not all present in the local cache or have no local handler'
  [eval] member_0088 FAILED :: NameError: name 'literature' is not defined
  [eval] member_0090 FAILED :: KeyError: 'PandaAI field cfd_surplus_cash_multi_ttm is unavailable in the local cache: catalog-field inputs are not all present in the local cache or have no local handl
  [eval] member_0091 FAILED :: NameError: name 'beta' is not defined
  [eval] member_0094 FAILED :: TypeError: 'LeafExpression' object is not callable
  [eval] member_0095 FAILED :: NameError: name 'BIAS' is not defined
  [eval] member_0097 FAILED :: NameError: name 'RSI' is not defined
  [eval] member_0098 FAILED :: NameError: name 'AS_FLOAT' is not defined
  [eval] member_0099 FAILED :: NameError: name 'RSI' is not defined
  [eval] member_0101 FAILED :: NameError: name 'profitability' is not defined
  [eval] member_0106 FAILED :: SyntaxError: invalid decimal literal (<string>, line 1)
  [eval] member_0065 FAILED :: NameError: name 'RSI' is not defined
  [eval] member_0066 FAILED :: NameError: name 'TS_ZSCORE' is not defined
  [eval] member_0067 FAILED :: NameError: name 'RSI' is not defined
  [eval] member_0072 FAILED :: KeyError: 'PandaAI field gr_revenue_ttm is unavailable in the local cache: catalog-field inputs are not all present in the local cache or have no local handler'
  [eval] member_0073 FAILED :: KeyError: 'PandaAI field gr_roe_ttm is unavailable in the local cache: catalog-field inputs are not all present in the local cache or have no local handler'
  [eval] member_0086 FAILED :: KeyError: 'PandaAI field oper_roa_net_ttm is unavailable in the local cache: catalog-field inputs are not all present in the local cache or have no local handler'
  [eval] member_0088 FAILED :: NameError: name 'literature' is not defined
  [eval] member_0090 FAILED :: KeyError: 'PandaAI field cfd_surplus_cash_multi_ttm is unavailable in the local cache: catalog-field inputs are not all present in the local cache or have no local handl
  [eval] member_0091 FAILED :: NameError: name 'beta' is not defined
  [eval] member_0094 FAILED :: TypeError: 'LeafExpression' object is not callable
  [eval] member_0095 FAILED :: NameError: name 'BIAS' is not defined
  [eval] member_0097 FAILED :: NameError: name 'RSI' is not defined
  [eval] member_0098 FAILED :: NameError: name 'AS_FLOAT' is not defined
  [eval] member_0099 FAILED :: NameError: name 'RSI' is not defined
  [eval] member_0101 FAILED :: NameError: name 'profitability' is not defined
  [eval] member_0106 FAILED :: SyntaxError: invalid decimal literal (<string>, line 1)
  [eval] member_0061 ok days=120/120
  [eval] member_0062 ok days=120/120
  [eval] member_0063 ok days=120/120
  [eval] member_0064 ok days=120/120
  [eval] member_0068 ok days=120/120
  [eval] member_0069 ok days=120/120
  [eval] member_0070 ok days=120/120
  [eval] member_0071 ok days=120/120
  [eval] member_0074 ok days=120/120
  [eval] member_0075 ok days=120/120
  [eval] member_0076 ok days=120/120
  [eval] member_0077 ok days=120/120
  [eval] member_0078 ok days=120/120
  [eval] member_0079 ok days=120/120
  [eval] member_0080 ok days=120/120
  [eval] member_0081 ok days=120/120
  [eval] member_0082 ok days=120/120
  [eval] member_0083 ok days=120/120
  [eval] member_0084 ok days=120/120
  [eval] member_0085 ok days=120/120
  [eval] member_0087 ok days=120/120
  [eval] member_0089 ok days=0/120
  [eval] member_0092 ok days=120/120
  [eval] member_0093 ok days=120/120
  [eval] member_0096 ok days=120/120
  [eval] member_0100 ok days=120/120
  [eval] member_0102 ok days=120/120
  [eval] member_0103 ok days=120/120
  [eval] member_0104 ok days=120/120
  [eval] member_0105 ok days=120/120
[eval] stage done in 995s (chunk-major)
