extra_members=46 indices=61..106
candidates=253 members=107 members_in_clusters=63
frame rows=9401373 columns=11 downcast=9 elapsed=51.0s
data ready in 77.5s signal_dates=120 stocks=5456
[chunk] shared caches rows=9401373 elapsed=174.7s
[chunk] 0:30 2021-09-07..2022-11-22 n_days=291
[chunk] 30:60 2022-12-06..2024-02-20 n_days=291
[chunk] 60:90 2024-03-05..2025-05-19 n_days=291
[chunk] 90:120 2025-06-03..2026-08-10 n_days=291
[chunk] 4 chunks ready in 174.7s
[corr] members=84/107 candidates=205/253 missing_members=23 missing_candidates=48
[corr] fast chunk 0:32 elapsed=177s
[corr] fast chunk 32:64 elapsed=179s
[corr] fast chunk 64:96 elapsed=181s
[corr] fast chunk 96:128 elapsed=183s
[corr] fast chunk 128:160 elapsed=184s
[corr] fast chunk 160:192 elapsed=186s
[corr] fast chunk 192:205 elapsed=187s
[corr] exact recheck pairs |rho|>=0.6: 582
[corr] exact 4/582 cand_0002 elapsed=188s
[corr] exact 18/582 cand_0006 elapsed=190s
[corr] exact 33/582 cand_0007 elapsed=192s
[corr] exact 37/582 cand_0009 elapsed=193s
[corr] exact 38/582 cand_0010 elapsed=193s
[corr] exact 55/582 cand_0011 elapsed=196s
[corr] exact 67/582 cand_0014 elapsed=198s
[corr] exact 76/582 cand_0016 elapsed=199s
[corr] exact 88/582 cand_0018 elapsed=201s
[corr] exact 94/582 cand_0019 elapsed=202s
[corr] exact 106/582 cand_0020 elapsed=203s
[corr] exact 113/582 cand_0021 elapsed=204s
[corr] exact 125/582 cand_0022 elapsed=206s
[corr] exact 137/582 cand_0023 elapsed=208s
[corr] exact 149/582 cand_0025 elapsed=210s
[corr] exact 163/582 cand_0033 elapsed=212s
[corr] exact 175/582 cand_0035 elapsed=214s
[corr] exact 182/582 cand_0036 elapsed=215s
[corr] exact 189/582 cand_0037 elapsed=216s
[corr] exact 197/582 cand_0042 elapsed=217s
[corr] exact 201/582 cand_0043 elapsed=218s
[corr] exact 207/582 cand_0047 elapsed=219s
[corr] exact 217/582 cand_0048 elapsed=220s
[corr] exact 223/582 cand_0050 elapsed=221s
[corr] exact 227/582 cand_0054 elapsed=222s
[corr] exact 231/582 cand_0055 elapsed=222s
[corr] exact 235/582 cand_0056 elapsed=223s
[corr] exact 239/582 cand_0057 elapsed=224s
[corr] exact 248/582 cand_0063 elapsed=225s
[corr] exact 253/582 cand_0071 elapsed=226s
[corr] exact 257/582 cand_0073 elapsed=226s
[corr] exact 262/582 cand_0075 elapsed=227s
[corr] exact 271/582 cand_0076 elapsed=229s
[corr] exact 273/582 cand_0077 elapsed=229s
[corr] exact 276/582 cand_0079 elapsed=229s
[corr] exact 277/582 cand_0080 elapsed=229s
[corr] exact 278/582 cand_0081 elapsed=230s
[corr] exact 289/582 cand_0083 elapsed=231s
[corr] exact 291/582 cand_0086 elapsed=232s
[corr] exact 295/582 cand_0087 elapsed=232s
[corr] exact 296/582 cand_0089 elapsed=232s
[corr] exact 299/582 cand_0092 elapsed=233s
[corr] exact 303/582 cand_0095 elapsed=233s
[corr] exact 307/582 cand_0099 elapsed=234s
[corr] exact 314/582 cand_0100 elapsed=235s
[corr] exact 328/582 cand_0102 elapsed=237s
[corr] exact 342/582 cand_0103 elapsed=239s
[corr] exact 351/582 cand_0104 elapsed=241s
[corr] exact 365/582 cand_0105 elapsed=243s
[corr] exact 377/582 cand_0106 elapsed=244s
[corr] exact 389/582 cand_0107 elapsed=246s
[corr] exact 401/582 cand_0108 elapsed=248s
[corr] exact 409/582 cand_0109 elapsed=249s
[corr] exact 418/582 cand_0111 elapsed=250s
[corr] exact 433/582 cand_0112 elapsed=253s
[corr] exact 440/582 cand_0113 elapsed=254s
[corr] exact 448/582 cand_0114 elapsed=255s
[corr] exact 458/582 cand_0115 elapsed=256s
[corr] exact 464/582 cand_0117 elapsed=257s
[corr] exact 471/582 cand_0118 elapsed=258s
[corr] exact 479/582 cand_0122 elapsed=259s
[corr] exact 480/582 cand_0125 elapsed=260s
[corr] exact 484/582 cand_0126 elapsed=260s
[corr] exact 487/582 cand_0127 elapsed=260s
[corr] exact 490/582 cand_0128 elapsed=261s
[corr] exact 499/582 cand_0129 elapsed=262s
[corr] exact 502/582 cand_0130 elapsed=263s
[corr] exact 512/582 cand_0131 elapsed=264s
[corr] exact 515/582 cand_0132 elapsed=264s
[corr] exact 516/582 cand_0133 elapsed=265s
[corr] exact 517/582 cand_0134 elapsed=265s
[corr] exact 526/582 cand_0135 elapsed=266s
[corr] exact 535/582 cand_0136 elapsed=267s
[corr] exact 544/582 cand_0137 elapsed=268s
[corr] exact 545/582 cand_0138 elapsed=269s
[corr] exact 548/582 cand_0139 elapsed=269s
[corr] exact 549/582 cand_0140 elapsed=269s
[corr] exact 550/582 cand_0141 elapsed=269s
[corr] exact 553/582 cand_0142 elapsed=269s
[corr] exact 556/582 cand_0143 elapsed=270s
[corr] exact 560/582 cand_0204 elapsed=270s
[corr] exact 565/582 cand_0205 elapsed=271s
[corr] exact 575/582 cand_0220 elapsed=273s
[corr] exact 579/582 cand_0227 elapsed=273s
[corr] exact 580/582 cand_0238 elapsed=274s
[corr] exact 581/582 cand_0244 elapsed=274s
[corr] exact 582/582 cand_0250 elapsed=274s
[out] wrote candidate_member_correlation_long.csv, candidate_member_correlation_wide.csv, candidate_matches.csv elapsed=274s
[done] total 274s -> research_reports\platform_alignment\cluster-overlap-20260924
