candidates=253 members=61 members_in_clusters=17
frame rows=9401373 columns=11 downcast=9 elapsed=59.9s
data ready in 90.0s signal_dates=120 stocks=5456
[chunkmajor] pending=12/12 day_chunk=8 signal_dates=120
[chunkmajor] chunk 1/15 start 2021-09-07 rss=nanGB elapsed=167s
[chunkmajor]   member_0032 rss=nanGB
[chunkmajor]   member_0039 rss=nanGB
[chunkmajor]   member_0043 rss=nanGB
[chunkmajor]   member_0044 rss=nanGB
[chunkmajor]   member_0045 rss=nanGB
[chunkmajor]   member_0046 rss=nanGB
[chunkmajor]   member_0047 rss=nanGB
[chunkmajor]   member_0048 rss=nanGB
[chunkmajor]   member_0049 rss=nanGB
[chunkmajor]   member_0050 rss=nanGB
[chunkmajor]   member_0051 rss=nanGB
[chunkmajor]   member_0052 rss=nanGB
[chunkmajor] chunk 1/15 2021-09-07..2021-12-23 done elapsed=271s
[chunkmajor] chunk 2/15 start 2022-01-07 rss=nanGB elapsed=278s
[chunkmajor]   member_0032 rss=nanGB
[chunkmajor]   member_0039 rss=nanGB
[chunkmajor]   member_0043 rss=nanGB
[chunkmajor]   member_0044 rss=nanGB
[chunkmajor]   member_0045 rss=nanGB
[chunkmajor]   member_0046 rss=nanGB
[chunkmajor]   member_0047 rss=nanGB
[chunkmajor]   member_0048 rss=nanGB
[chunkmajor]   member_0049 rss=nanGB
[chunkmajor]   member_0050 rss=nanGB
[chunkmajor]   member_0051 rss=nanGB
[chunkmajor]   member_0052 rss=nanGB
[chunkmajor] chunk 2/15 2022-01-07..2022-04-26 done elapsed=381s
[chunkmajor] chunk 3/15 start 2022-05-13 rss=nanGB elapsed=389s
[chunkmajor]   member_0032 rss=nanGB
[chunkmajor]   member_0039 rss=nanGB
[chunkmajor]   member_0043 rss=nanGB
[chunkmajor]   member_0044 rss=nanGB
[chunkmajor]   member_0045 rss=nanGB
[chunkmajor]   member_0046 rss=nanGB
[chunkmajor]   member_0047 rss=nanGB
[chunkmajor]   member_0048 rss=nanGB
[chunkmajor]   member_0049 rss=nanGB
[chunkmajor]   member_0050 rss=nanGB
[chunkmajor]   member_0051 rss=nanGB
[chunkmajor]   member_0052 rss=nanGB
[chunkmajor] chunk 3/15 2022-05-13..2022-08-22 done elapsed=493s
[chunkmajor] chunk 4/15 start 2022-09-05 rss=nanGB elapsed=501s
[chunkmajor]   member_0032 rss=nanGB
[chunkmajor]   member_0039 rss=nanGB
[chunkmajor]   member_0043 rss=nanGB
[chunkmajor]   member_0044 rss=nanGB
[chunkmajor]   member_0045 rss=nanGB
[chunkmajor]   member_0046 rss=nanGB
[chunkmajor]   member_0047 rss=nanGB
[chunkmajor]   member_0048 rss=nanGB
[chunkmajor]   member_0049 rss=nanGB
[chunkmajor]   member_0050 rss=nanGB
[chunkmajor]   member_0051 rss=nanGB
[chunkmajor]   member_0052 rss=nanGB
[chunkmajor] chunk 4/15 2022-09-05..2022-12-20 done elapsed=600s
[chunkmajor] chunk 5/15 start 2023-01-04 rss=nanGB elapsed=607s
[chunkmajor]   member_0032 rss=nanGB
[chunkmajor]   member_0039 rss=nanGB
[chunkmajor]   member_0043 rss=nanGB
[chunkmajor]   member_0044 rss=nanGB
[chunkmajor]   member_0045 rss=nanGB
[chunkmajor]   member_0046 rss=nanGB
[chunkmajor]   member_0047 rss=nanGB
[chunkmajor]   member_0048 rss=nanGB
[chunkmajor]   member_0049 rss=nanGB
[chunkmajor]   member_0050 rss=nanGB
[chunkmajor]   member_0051 rss=nanGB
[chunkmajor]   member_0052 rss=nanGB
[chunkmajor] chunk 5/15 2023-01-04..2023-04-20 done elapsed=703s
[chunkmajor] chunk 6/15 start 2023-05-09 rss=nanGB elapsed=712s
[chunkmajor]   member_0032 rss=nanGB
[chunkmajor]   member_0039 rss=nanGB
[chunkmajor]   member_0043 rss=nanGB
[chunkmajor]   member_0044 rss=nanGB
[chunkmajor]   member_0045 rss=nanGB
[chunkmajor]   member_0046 rss=nanGB
[chunkmajor]   member_0047 rss=nanGB
[chunkmajor]   member_0048 rss=nanGB
[chunkmajor]   member_0049 rss=nanGB
[chunkmajor]   member_0050 rss=nanGB
[chunkmajor]   member_0051 rss=nanGB
[chunkmajor]   member_0052 rss=nanGB
[chunkmajor] chunk 6/15 2023-05-09..2023-08-17 done elapsed=816s
[chunkmajor] chunk 7/15 start 2023-08-31 rss=nanGB elapsed=825s
[chunkmajor]   member_0032 rss=nanGB
[chunkmajor]   member_0039 rss=nanGB
[chunkmajor]   member_0043 rss=nanGB
[chunkmajor]   member_0044 rss=nanGB
[chunkmajor]   member_0045 rss=nanGB
[chunkmajor]   member_0046 rss=nanGB
[chunkmajor]   member_0047 rss=nanGB
[chunkmajor]   member_0048 rss=nanGB
[chunkmajor]   member_0049 rss=nanGB
[chunkmajor]   member_0050 rss=nanGB
[chunkmajor]   member_0051 rss=nanGB
[chunkmajor]   member_0052 rss=nanGB
[chunkmajor] chunk 7/15 2023-08-31..2023-12-15 done elapsed=932s
[chunkmajor] chunk 8/15 start 2023-12-29 rss=nanGB elapsed=941s
[chunkmajor]   member_0032 rss=nanGB
[chunkmajor]   member_0039 rss=nanGB
[chunkmajor]   member_0043 rss=nanGB
[chunkmajor]   member_0044 rss=nanGB
[chunkmajor]   member_0045 rss=nanGB
[chunkmajor]   member_0046 rss=nanGB
[chunkmajor]   member_0047 rss=nanGB
[chunkmajor]   member_0048 rss=nanGB
[chunkmajor]   member_0049 rss=nanGB
[chunkmajor]   member_0050 rss=nanGB
[chunkmajor]   member_0051 rss=nanGB
[chunkmajor]   member_0052 rss=nanGB
[chunkmajor] chunk 8/15 2023-12-29..2024-04-18 done elapsed=1049s
[chunkmajor] chunk 9/15 start 2024-05-07 rss=nanGB elapsed=1057s
[chunkmajor]   member_0032 rss=nanGB
[chunkmajor]   member_0039 rss=nanGB
[chunkmajor]   member_0043 rss=nanGB
[chunkmajor]   member_0044 rss=nanGB
[chunkmajor]   member_0045 rss=nanGB
[chunkmajor]   member_0046 rss=nanGB
[chunkmajor]   member_0047 rss=nanGB
[chunkmajor]   member_0048 rss=nanGB
[chunkmajor]   member_0049 rss=nanGB
[chunkmajor]   member_0050 rss=nanGB
[chunkmajor]   member_0051 rss=nanGB
[chunkmajor]   member_0052 rss=nanGB
[chunkmajor] chunk 9/15 2024-05-07..2024-08-14 done elapsed=1160s
[chunkmajor] chunk 10/15 start 2024-08-28 rss=nanGB elapsed=1169s
[chunkmajor]   member_0032 rss=nanGB
[chunkmajor]   member_0039 rss=nanGB
[chunkmajor]   member_0043 rss=nanGB
[chunkmajor]   member_0044 rss=nanGB
[chunkmajor]   member_0045 rss=nanGB
[chunkmajor]   member_0046 rss=nanGB
[chunkmajor]   member_0047 rss=nanGB
[chunkmajor]   member_0048 rss=nanGB
[chunkmajor]   member_0049 rss=nanGB
[chunkmajor]   member_0050 rss=nanGB
[chunkmajor]   member_0051 rss=nanGB
[chunkmajor]   member_0052 rss=nanGB
[chunkmajor] chunk 10/15 2024-08-28..2024-12-13 done elapsed=1275s
[chunkmajor] chunk 11/15 start 2024-12-27 rss=nanGB elapsed=1285s
[chunkmajor]   member_0032 rss=nanGB
[chunkmajor]   member_0039 rss=nanGB
[chunkmajor]   member_0043 rss=nanGB
[chunkmajor]   member_0044 rss=nanGB
[chunkmajor]   member_0045 rss=nanGB
[chunkmajor]   member_0046 rss=nanGB
[chunkmajor]   member_0047 rss=nanGB
[chunkmajor]   member_0048 rss=nanGB
[chunkmajor]   member_0049 rss=nanGB
[chunkmajor]   member_0050 rss=nanGB
[chunkmajor]   member_0051 rss=nanGB
[chunkmajor]   member_0052 rss=nanGB
[chunkmajor] chunk 11/15 2024-12-27..2025-04-16 done elapsed=1383s
[chunkmajor] chunk 12/15 start 2025-04-30 rss=nanGB elapsed=1391s
[chunkmajor]   member_0032 rss=nanGB
[chunkmajor]   member_0039 rss=nanGB
[chunkmajor]   member_0043 rss=nanGB
[chunkmajor]   member_0044 rss=nanGB
[chunkmajor]   member_0045 rss=nanGB
[chunkmajor]   member_0046 rss=nanGB
[chunkmajor]   member_0047 rss=nanGB
[chunkmajor]   member_0048 rss=nanGB
[chunkmajor]   member_0049 rss=nanGB
[chunkmajor]   member_0050 rss=nanGB
[chunkmajor]   member_0051 rss=nanGB
[chunkmajor]   member_0052 rss=nanGB
[chunkmajor] chunk 12/15 2025-04-30..2025-08-12 done elapsed=1491s
[chunkmajor] chunk 13/15 start 2025-08-26 rss=nanGB elapsed=1501s
[chunkmajor]   member_0032 rss=nanGB
[chunkmajor]   member_0039 rss=nanGB
[chunkmajor]   member_0043 rss=nanGB
[chunkmajor]   member_0044 rss=nanGB
[chunkmajor]   member_0045 rss=nanGB
[chunkmajor]   member_0046 rss=nanGB
[chunkmajor]   member_0047 rss=nanGB
[chunkmajor]   member_0048 rss=nanGB
[chunkmajor]   member_0049 rss=nanGB
[chunkmajor]   member_0050 rss=nanGB
[chunkmajor]   member_0051 rss=nanGB
[chunkmajor]   member_0052 rss=nanGB
[chunkmajor] chunk 13/15 2025-08-26..2025-12-10 done elapsed=1599s
[chunkmajor] chunk 14/15 start 2025-12-24 rss=nanGB elapsed=1607s
[chunkmajor]   member_0032 rss=nanGB
[chunkmajor]   member_0039 rss=nanGB
[chunkmajor]   member_0043 rss=nanGB
[chunkmajor]   member_0044 rss=nanGB
[chunkmajor]   member_0045 rss=nanGB
[chunkmajor]   member_0046 rss=nanGB
[chunkmajor]   member_0047 rss=nanGB
[chunkmajor]   member_0048 rss=nanGB
[chunkmajor]   member_0049 rss=nanGB
[chunkmajor]   member_0050 rss=nanGB
[chunkmajor]   member_0051 rss=nanGB
[chunkmajor]   member_0052 rss=nanGB
[chunkmajor] chunk 14/15 2025-12-24..2026-04-14 done elapsed=1712s
[chunkmajor] chunk 15/15 start 2026-04-28 rss=nanGB elapsed=1721s
[chunkmajor]   member_0032 rss=nanGB
[chunkmajor]   member_0039 rss=nanGB
[chunkmajor]   member_0043 rss=nanGB
[chunkmajor]   member_0044 rss=nanGB
[chunkmajor]   member_0045 rss=nanGB
[chunkmajor]   member_0046 rss=nanGB
[chunkmajor]   member_0047 rss=nanGB
[chunkmajor]   member_0048 rss=nanGB
[chunkmajor]   member_0049 rss=nanGB
[chunkmajor]   member_0050 rss=nanGB
[chunkmajor]   member_0051 rss=nanGB
[chunkmajor]   member_0052 rss=nanGB
[chunkmajor] chunk 15/15 2026-04-28..2026-08-10 done elapsed=1827s
  [eval] member_0047 FAILED :: KeyError: 'PandaAI field oper_roa_net_ttm is unavailable in the local cache: catalog-field inputs are not all present in the local cache or have no local handler'
  [eval] member_0051 FAILED :: KeyError: 'PandaAI field current_assets is unavailable in the local cache: source column is absent from the current cache or has no validated mapping'
  [eval] member_0052 FAILED :: KeyError: 'PandaAI field current_assets is unavailable in the local cache: source column is absent from the current cache or has no validated mapping'
  [eval] member_0047 FAILED :: KeyError: 'PandaAI field oper_roa_net_ttm is unavailable in the local cache: catalog-field inputs are not all present in the local cache or have no local handler'
  [eval] member_0051 FAILED :: KeyError: 'PandaAI field current_assets is unavailable in the local cache: source column is absent from the current cache or has no validated mapping'
  [eval] member_0052 FAILED :: KeyError: 'PandaAI field current_assets is unavailable in the local cache: source column is absent from the current cache or has no validated mapping'
  [eval] member_0047 FAILED :: KeyError: 'PandaAI field oper_roa_net_ttm is unavailable in the local cache: catalog-field inputs are not all present in the local cache or have no local handler'
  [eval] member_0051 FAILED :: KeyError: 'PandaAI field current_assets is unavailable in the local cache: source column is absent from the current cache or has no validated mapping'
  [eval] member_0052 FAILED :: KeyError: 'PandaAI field current_assets is unavailable in the local cache: source column is absent from the current cache or has no validated mapping'
  [eval] member_0047 FAILED :: KeyError: 'PandaAI field oper_roa_net_ttm is unavailable in the local cache: catalog-field inputs are not all present in the local cache or have no local handler'
  [eval] member_0051 FAILED :: KeyError: 'PandaAI field current_assets is unavailable in the local cache: source column is absent from the current cache or has no validated mapping'
  [eval] member_0052 FAILED :: KeyError: 'PandaAI field current_assets is unavailable in the local cache: source column is absent from the current cache or has no validated mapping'
  [eval] member_0047 FAILED :: KeyError: 'PandaAI field oper_roa_net_ttm is unavailable in the local cache: catalog-field inputs are not all present in the local cache or have no local handler'
  [eval] member_0051 FAILED :: KeyError: 'PandaAI field current_assets is unavailable in the local cache: source column is absent from the current cache or has no validated mapping'
  [eval] member_0052 FAILED :: KeyError: 'PandaAI field current_assets is unavailable in the local cache: source column is absent from the current cache or has no validated mapping'
  [eval] member_0047 FAILED :: KeyError: 'PandaAI field oper_roa_net_ttm is unavailable in the local cache: catalog-field inputs are not all present in the local cache or have no local handler'
  [eval] member_0051 FAILED :: KeyError: 'PandaAI field current_assets is unavailable in the local cache: source column is absent from the current cache or has no validated mapping'
  [eval] member_0052 FAILED :: KeyError: 'PandaAI field current_assets is unavailable in the local cache: source column is absent from the current cache or has no validated mapping'
  [eval] member_0047 FAILED :: KeyError: 'PandaAI field oper_roa_net_ttm is unavailable in the local cache: catalog-field inputs are not all present in the local cache or have no local handler'
  [eval] member_0051 FAILED :: KeyError: 'PandaAI field current_assets is unavailable in the local cache: source column is absent from the current cache or has no validated mapping'
  [eval] member_0052 FAILED :: KeyError: 'PandaAI field current_assets is unavailable in the local cache: source column is absent from the current cache or has no validated mapping'
  [eval] member_0047 FAILED :: KeyError: 'PandaAI field oper_roa_net_ttm is unavailable in the local cache: catalog-field inputs are not all present in the local cache or have no local handler'
  [eval] member_0051 FAILED :: KeyError: 'PandaAI field current_assets is unavailable in the local cache: source column is absent from the current cache or has no validated mapping'
  [eval] member_0052 FAILED :: KeyError: 'PandaAI field current_assets is unavailable in the local cache: source column is absent from the current cache or has no validated mapping'
  [eval] member_0047 FAILED :: KeyError: 'PandaAI field oper_roa_net_ttm is unavailable in the local cache: catalog-field inputs are not all present in the local cache or have no local handler'
  [eval] member_0051 FAILED :: KeyError: 'PandaAI field current_assets is unavailable in the local cache: source column is absent from the current cache or has no validated mapping'
  [eval] member_0052 FAILED :: KeyError: 'PandaAI field current_assets is unavailable in the local cache: source column is absent from the current cache or has no validated mapping'
  [eval] member_0047 FAILED :: KeyError: 'PandaAI field oper_roa_net_ttm is unavailable in the local cache: catalog-field inputs are not all present in the local cache or have no local handler'
  [eval] member_0051 FAILED :: KeyError: 'PandaAI field current_assets is unavailable in the local cache: source column is absent from the current cache or has no validated mapping'
  [eval] member_0052 FAILED :: KeyError: 'PandaAI field current_assets is unavailable in the local cache: source column is absent from the current cache or has no validated mapping'
  [eval] member_0047 FAILED :: KeyError: 'PandaAI field oper_roa_net_ttm is unavailable in the local cache: catalog-field inputs are not all present in the local cache or have no local handler'
  [eval] member_0051 FAILED :: KeyError: 'PandaAI field current_assets is unavailable in the local cache: source column is absent from the current cache or has no validated mapping'
  [eval] member_0052 FAILED :: KeyError: 'PandaAI field current_assets is unavailable in the local cache: source column is absent from the current cache or has no validated mapping'
  [eval] member_0047 FAILED :: KeyError: 'PandaAI field oper_roa_net_ttm is unavailable in the local cache: catalog-field inputs are not all present in the local cache or have no local handler'
  [eval] member_0051 FAILED :: KeyError: 'PandaAI field current_assets is unavailable in the local cache: source column is absent from the current cache or has no validated mapping'
  [eval] member_0052 FAILED :: KeyError: 'PandaAI field current_assets is unavailable in the local cache: source column is absent from the current cache or has no validated mapping'
  [eval] member_0047 FAILED :: KeyError: 'PandaAI field oper_roa_net_ttm is unavailable in the local cache: catalog-field inputs are not all present in the local cache or have no local handler'
  [eval] member_0051 FAILED :: KeyError: 'PandaAI field current_assets is unavailable in the local cache: source column is absent from the current cache or has no validated mapping'
  [eval] member_0052 FAILED :: KeyError: 'PandaAI field current_assets is unavailable in the local cache: source column is absent from the current cache or has no validated mapping'
  [eval] member_0047 FAILED :: KeyError: 'PandaAI field oper_roa_net_ttm is unavailable in the local cache: catalog-field inputs are not all present in the local cache or have no local handler'
  [eval] member_0051 FAILED :: KeyError: 'PandaAI field current_assets is unavailable in the local cache: source column is absent from the current cache or has no validated mapping'
  [eval] member_0052 FAILED :: KeyError: 'PandaAI field current_assets is unavailable in the local cache: source column is absent from the current cache or has no validated mapping'
  [eval] member_0047 FAILED :: KeyError: 'PandaAI field oper_roa_net_ttm is unavailable in the local cache: catalog-field inputs are not all present in the local cache or have no local handler'
  [eval] member_0051 FAILED :: KeyError: 'PandaAI field current_assets is unavailable in the local cache: source column is absent from the current cache or has no validated mapping'
  [eval] member_0052 FAILED :: KeyError: 'PandaAI field current_assets is unavailable in the local cache: source column is absent from the current cache or has no validated mapping'
  [eval] member_0032 ok days=120/120
  [eval] member_0039 ok days=120/120
  [eval] member_0043 ok days=120/120
  [eval] member_0044 ok days=120/120
  [eval] member_0045 ok days=120/120
  [eval] member_0046 ok days=120/120
  [eval] member_0048 ok days=120/120
  [eval] member_0049 ok days=120/120
  [eval] member_0050 ok days=120/120
[eval] stage done in 1828s (chunk-major)
