candidates=253 members=61 members_in_clusters=17
frame rows=9401373 columns=11 downcast=9 elapsed=62.7s
data ready in 93.5s signal_dates=120 stocks=5456
[chunk] shared caches rows=9401373 elapsed=190.7s
[chunk] 0:30 2021-09-07..2022-11-22 n_days=291
[chunk] 30:60 2022-12-06..2024-02-20 n_days=291
[chunk] 60:90 2024-03-05..2025-05-19 n_days=291
[chunk] 90:120 2025-06-03..2026-08-10 n_days=291
[chunk] 4 chunks ready in 190.7s
[corr] members=54/61 candidates=205/253 missing_members=7 missing_candidates=48
[corr] fast chunk 0:32 elapsed=192s
[corr] fast chunk 32:64 elapsed=193s
[corr] fast chunk 64:96 elapsed=194s
[corr] fast chunk 96:128 elapsed=195s
[corr] fast chunk 128:160 elapsed=196s
[corr] fast chunk 160:192 elapsed=197s
[corr] fast chunk 192:205 elapsed=198s
[corr] exact recheck pairs |rho|>=0.6: 577
[corr] exact 4/577 cand_0002 elapsed=198s
[corr] exact 18/577 cand_0006 elapsed=200s
[corr] exact 33/577 cand_0007 elapsed=203s
[corr] exact 37/577 cand_0009 elapsed=203s
[corr] exact 38/577 cand_0010 elapsed=203s
[corr] exact 55/577 cand_0011 elapsed=206s
[corr] exact 67/577 cand_0014 elapsed=208s
[corr] exact 76/577 cand_0016 elapsed=209s
[corr] exact 88/577 cand_0018 elapsed=211s
[corr] exact 94/577 cand_0019 elapsed=212s
[corr] exact 106/577 cand_0020 elapsed=214s
[corr] exact 113/577 cand_0021 elapsed=215s
[corr] exact 125/577 cand_0022 elapsed=217s
[corr] exact 137/577 cand_0023 elapsed=218s
[corr] exact 149/577 cand_0025 elapsed=220s
[corr] exact 163/577 cand_0033 elapsed=222s
[corr] exact 175/577 cand_0035 elapsed=224s
[corr] exact 182/577 cand_0036 elapsed=225s
[corr] exact 189/577 cand_0037 elapsed=226s
[corr] exact 197/577 cand_0042 elapsed=227s
[corr] exact 201/577 cand_0043 elapsed=228s
[corr] exact 207/577 cand_0047 elapsed=229s
[corr] exact 217/577 cand_0048 elapsed=230s
[corr] exact 223/577 cand_0050 elapsed=231s
[corr] exact 227/577 cand_0054 elapsed=232s
[corr] exact 231/577 cand_0055 elapsed=233s
[corr] exact 235/577 cand_0056 elapsed=233s
[corr] exact 239/577 cand_0057 elapsed=234s
[corr] exact 248/577 cand_0063 elapsed=235s
[corr] exact 253/577 cand_0071 elapsed=236s
[corr] exact 257/577 cand_0073 elapsed=237s
[corr] exact 262/577 cand_0075 elapsed=237s
[corr] exact 271/577 cand_0076 elapsed=239s
[corr] exact 273/577 cand_0077 elapsed=239s
[corr] exact 276/577 cand_0079 elapsed=239s
[corr] exact 277/577 cand_0080 elapsed=240s
[corr] exact 278/577 cand_0081 elapsed=240s
[corr] exact 289/577 cand_0083 elapsed=241s
[corr] exact 291/577 cand_0086 elapsed=242s
[corr] exact 295/577 cand_0087 elapsed=242s
[corr] exact 296/577 cand_0089 elapsed=243s
[corr] exact 299/577 cand_0092 elapsed=243s
[corr] exact 303/577 cand_0095 elapsed=244s
[corr] exact 307/577 cand_0099 elapsed=244s
[corr] exact 314/577 cand_0100 elapsed=245s
[corr] exact 328/577 cand_0102 elapsed=247s
[corr] exact 342/577 cand_0103 elapsed=250s
[corr] exact 351/577 cand_0104 elapsed=251s
[corr] exact 365/577 cand_0105 elapsed=253s
[corr] exact 377/577 cand_0106 elapsed=255s
[corr] exact 389/577 cand_0107 elapsed=256s
[corr] exact 401/577 cand_0108 elapsed=258s
[corr] exact 409/577 cand_0109 elapsed=259s
[corr] exact 418/577 cand_0111 elapsed=261s
[corr] exact 433/577 cand_0112 elapsed=263s
[corr] exact 440/577 cand_0113 elapsed=264s
[corr] exact 448/577 cand_0114 elapsed=265s
[corr] exact 458/577 cand_0115 elapsed=267s
[corr] exact 464/577 cand_0117 elapsed=268s
[corr] exact 471/577 cand_0118 elapsed=269s
[corr] exact 479/577 cand_0122 elapsed=270s
[corr] exact 480/577 cand_0125 elapsed=270s
[corr] exact 484/577 cand_0126 elapsed=270s
[corr] exact 487/577 cand_0127 elapsed=271s
[corr] exact 490/577 cand_0128 elapsed=271s
[corr] exact 499/577 cand_0129 elapsed=272s
[corr] exact 502/577 cand_0130 elapsed=273s
[corr] exact 512/577 cand_0131 elapsed=274s
[corr] exact 515/577 cand_0132 elapsed=275s
[corr] exact 516/577 cand_0133 elapsed=275s
[corr] exact 517/577 cand_0134 elapsed=275s
[corr] exact 526/577 cand_0135 elapsed=276s
[corr] exact 535/577 cand_0136 elapsed=277s
[corr] exact 544/577 cand_0137 elapsed=279s
[corr] exact 545/577 cand_0138 elapsed=279s
[corr] exact 548/577 cand_0139 elapsed=279s
[corr] exact 549/577 cand_0140 elapsed=279s
[corr] exact 550/577 cand_0141 elapsed=279s
[corr] exact 553/577 cand_0142 elapsed=280s
[corr] exact 556/577 cand_0143 elapsed=280s
[corr] exact 560/577 cand_0204 elapsed=281s
[corr] exact 565/577 cand_0205 elapsed=281s
[corr] exact 570/577 cand_0220 elapsed=282s
[corr] exact 574/577 cand_0227 elapsed=283s
[corr] exact 575/577 cand_0238 elapsed=283s
[corr] exact 576/577 cand_0244 elapsed=283s
[corr] exact 577/577 cand_0250 elapsed=283s
[out] wrote candidate_member_correlation_long.csv, candidate_member_correlation_wide.csv, candidate_matches.csv elapsed=283s
[done] total 283s -> research_reports\platform_alignment\cluster-overlap-20260924
