seats (552290, 5); signal rows 552290; dates 120
loading full-A frame
frame rows 8584574 instruments 5395 calendar 2107
close panel (2107, 5395)
building TushareStockData
context signal dates 120 2021-09-07..2026-08-10
[seed] E=2.6262 NC=0.628
/data/games/factor_/scripts/opp_swapsearch_20260928.py:56: FutureWarning: The previous implementation of stack is deprecated and will be removed in a future version of pandas. See the What's New notes for pandas 2.1.0 for details. Specify future_stack=True to adopt the new implementation and silence this warning.
  flat = panel.stack(dropna=False).reindex(market.signal_index)
[V01] append                           dA=    -364 dC=     +20 dComb=    -344 (dE=-0.112 dT=-0.006 dNC=+0.0010)
[V01] swap_size_only                   dA=     +93 dC=    -866 dComb=    -773 (dE=-0.331 dT=+0.009 dNC=-0.0437)
[V01] swap_impact60                    dA=    -169 dC=    -106 dComb=    -274 (dE=-0.063 dT=+0.018 dNC=-0.0053)
[V01] swap_t10_size_plus_impact_bm     dA=   -1450 dC=    -922 dComb=   -2372 (dE=-0.560 dT=-0.108 dNC=-0.0466)
[V01] swap_book_to_market_lf_minus_size dA=    -322 dC=    -415 dComb=    -737 (dE=-0.037 dT=+0.016 dNC=-0.0210)
[V01] swap_book_to_market_lf_plus_impact dA=    -335 dC=    -158 dComb=    -492 (dE=+0.020 dT=+0.018 dNC=-0.0080)
/data/games/factor_/scripts/opp_swapsearch_20260928.py:56: FutureWarning: The previous implementation of stack is deprecated and will be removed in a future version of pandas. See the What's New notes for pandas 2.1.0 for details. Specify future_stack=True to adopt the new implementation and silence this warning.
  flat = panel.stack(dropna=False).reindex(market.signal_index)
[V02] append                           dA=    -255 dC=    -154 dComb=    -409 (dE=-0.005 dT=+0.007 dNC=-0.0078)
[V02] swap_size_only                   dA=    +224 dC=    -847 dComb=    -623 (dE=-0.119 dT=+0.022 dNC=-0.0428)
[V02] swap_impact60                    dA=     -38 dC=    -702 dComb=    -740 (dE=+0.028 dT=+0.031 dNC=-0.0354)
[V02] swap_t10_size_plus_impact_bm     dA=   -1319 dC=    -912 dComb=   -2231 (dE=-0.418 dT=-0.086 dNC=-0.0460)
[V02] swap_book_to_market_lf_minus_size dA=    -191 dC=    -305 dComb=    -497 (dE=+0.015 dT=+0.034 dNC=-0.0154)
[V02] swap_book_to_market_lf_plus_impact dA=    -204 dC=    -193 dComb=    -397 (dE=+0.157 dT=+0.039 dNC=-0.0098)
/data/games/factor_/scripts/opp_swapsearch_20260928.py:56: FutureWarning: The previous implementation of stack is deprecated and will be removed in a future version of pandas. See the What's New notes for pandas 2.1.0 for details. Specify future_stack=True to adopt the new implementation and silence this warning.
  flat = panel.stack(dropna=False).reindex(market.signal_index)
[V03] append                           dA=    -239 dC=     +77 dComb=    -161 (dE=-0.122 dT=+0.000 dNC=+0.0039)
[V03] swap_size_only                   dA=    +243 dC=    -770 dComb=    -527 (dE=-0.179 dT=+0.016 dNC=-0.0389)
[V03] swap_impact60                    dA=     -19 dC=     -93 dComb=    -112 (dE=-0.070 dT=+0.026 dNC=-0.0047)
[V03] swap_t10_size_plus_impact_bm     dA=   -1300 dC=    -526 dComb=   -1826 (dE=-0.473 dT=-0.106 dNC=-0.0266)
[V03] swap_book_to_market_lf_minus_size dA=    -172 dC=    -412 dComb=    -584 (dE=+0.023 dT=+0.023 dNC=-0.0208)
[V03] swap_book_to_market_lf_plus_impact dA=    -185 dC=    -213 dComb=    -398 (dE=+0.058 dT=+0.029 dNC=-0.0108)
/data/games/factor_/scripts/financial_factor_local.py:370: FutureWarning: The behavior of DataFrame concatenation with empty or all-NA entries is deprecated. In a future version, this will no longer exclude empty or all-NA columns when determining the result dtypes. To retain the old behavior, exclude the relevant entries before the concat operation.
  frame = pd.concat(frames, ignore_index=True)
/data/games/factor_/scripts/opp_swapsearch_20260928.py:56: FutureWarning: The previous implementation of stack is deprecated and will be removed in a future version of pandas. See the What's New notes for pandas 2.1.0 for details. Specify future_stack=True to adopt the new implementation and silence this warning.
  flat = panel.stack(dropna=False).reindex(market.signal_index)
[V04] append                           dA=    -397 dC=    -820 dComb=   -1217 (dE=-0.081 dT=-0.011 dNC=-0.0414)
[V04] swap_size_only                   dA=     +53 dC=   -1056 dComb=   -1003 (dE=-0.287 dT=+0.001 dNC=-0.0533)
[V04] swap_impact60                    dA=    -209 dC=   -1091 dComb=   -1300 (dE=+0.034 dT=+0.013 dNC=-0.0551)
[V04] swap_t10_size_plus_impact_bm     dA=   -1490 dC=    -328 dComb=   -1818 (dE=-0.467 dT=-0.100 dNC=-0.0166)
[V04] swap_book_to_market_lf_minus_size dA=    -362 dC=    -638 dComb=   -1000 (dE=-0.028 dT=+0.013 dNC=-0.0322)
[V04] swap_book_to_market_lf_plus_impact dA=    -375 dC=    -543 dComb=    -918 (dE=+0.097 dT=+0.020 dNC=-0.0274)
/data/games/factor_/scripts/opp_swapsearch_20260928.py:56: FutureWarning: The previous implementation of stack is deprecated and will be removed in a future version of pandas. See the What's New notes for pandas 2.1.0 for details. Specify future_stack=True to adopt the new implementation and silence this warning.
  flat = panel.stack(dropna=False).reindex(market.signal_index)
[V05] append                           dA=    -462 dC=    -311 dComb=    -773 (dE=+0.029 dT=-0.002 dNC=-0.0157)
[V05] swap_size_only                   dA=     -25 dC=    -967 dComb=    -993 (dE=-0.214 dT=+0.014 dNC=-0.0489)
[V05] swap_impact60                    dA=    -287 dC=    -820 dComb=   -1108 (dE=+0.104 dT=+0.021 dNC=-0.0414)
[V05] swap_t10_size_plus_impact_bm     dA=   -1568 dC=    -661 dComb=   -2229 (dE=-0.353 dT=-0.101 dNC=-0.0334)
[V05] swap_book_to_market_lf_minus_size dA=    -440 dC=    -133 dComb=    -573 (dE=+0.149 dT=+0.024 dNC=-0.0067)
[V05] swap_book_to_market_lf_plus_impact dA=    -453 dC=    -196 dComb=    -649 (dE=+0.156 dT=+0.029 dNC=-0.0099)
/data/games/factor_/scripts/opp_swapsearch_20260928.py:56: FutureWarning: The previous implementation of stack is deprecated and will be removed in a future version of pandas. See the What's New notes for pandas 2.1.0 for details. Specify future_stack=True to adopt the new implementation and silence this warning.
  flat = panel.stack(dropna=False).reindex(market.signal_index)
[V06] append                           dA=    -498 dC=    -166 dComb=    -664 (dE=+0.200 dT=+0.005 dNC=-0.0084)
[V06] swap_size_only                   dA=     -68 dC=   -1177 dComb=   -1245 (dE=-0.070 dT=+0.017 dNC=-0.0595)
[V06] swap_impact60                    dA=    -330 dC=    -673 dComb=   -1003 (dE=+0.096 dT=+0.026 dNC=-0.0340)
[V06] swap_t10_size_plus_impact_bm     dA=   -1611 dC=    -438 dComb=   -2049 (dE=-0.286 dT=-0.097 dNC=-0.0221)
[V06] swap_book_to_market_lf_minus_size dA=    -483 dC=    -125 dComb=    -608 (dE=+0.254 dT=+0.035 dNC=-0.0063)
[V06] swap_book_to_market_lf_plus_impact dA=    -495 dC=    -205 dComb=    -700 (dE=+0.375 dT=+0.042 dNC=-0.0103)
/data/games/factor_/scripts/opp_swapsearch_20260928.py:56: FutureWarning: The previous implementation of stack is deprecated and will be removed in a future version of pandas. See the What's New notes for pandas 2.1.0 for details. Specify future_stack=True to adopt the new implementation and silence this warning.
  flat = panel.stack(dropna=False).reindex(market.signal_index)
[V07] append                           dA=    -498 dC=    -166 dComb=    -664 (dE=+0.200 dT=+0.005 dNC=-0.0084)
[V07] swap_size_only                   dA=     -68 dC=   -1177 dComb=   -1245 (dE=-0.070 dT=+0.017 dNC=-0.0595)
[V07] swap_impact60                    dA=    -330 dC=    -673 dComb=   -1003 (dE=+0.096 dT=+0.026 dNC=-0.0340)
[V07] swap_t10_size_plus_impact_bm     dA=   -1611 dC=    -438 dComb=   -2049 (dE=-0.286 dT=-0.097 dNC=-0.0221)
[V07] swap_book_to_market_lf_minus_size dA=    -483 dC=    -125 dComb=    -608 (dE=+0.254 dT=+0.035 dNC=-0.0063)
[V07] swap_book_to_market_lf_plus_impact dA=    -495 dC=    -205 dComb=    -700 (dE=+0.375 dT=+0.042 dNC=-0.0103)
/data/games/factor_/scripts/opp_swapsearch_20260928.py:56: FutureWarning: The previous implementation of stack is deprecated and will be removed in a future version of pandas. See the What's New notes for pandas 2.1.0 for details. Specify future_stack=True to adopt the new implementation and silence this warning.
  flat = panel.stack(dropna=False).reindex(market.signal_index)
[V08] append                           dA=    -500 dC=    -178 dComb=    -679 (dE=+0.185 dT=+0.004 dNC=-0.0090)
[V08] swap_size_only                   dA=     -71 dC=   -1193 dComb=   -1264 (dE=-0.073 dT=+0.017 dNC=-0.0603)
[V08] swap_impact60                    dA=    -333 dC=    -624 dComb=    -957 (dE=+0.093 dT=+0.026 dNC=-0.0315)
[V08] swap_t10_size_plus_impact_bm     dA=   -1614 dC=    -442 dComb=   -2056 (dE=-0.294 dT=-0.097 dNC=-0.0223)
[V08] swap_book_to_market_lf_minus_size dA=    -486 dC=    -113 dComb=    -599 (dE=+0.236 dT=+0.035 dNC=-0.0057)
[V08] swap_book_to_market_lf_plus_impact dA=    -499 dC=    -173 dComb=    -672 (dE=+0.372 dT=+0.041 dNC=-0.0087)
/data/games/factor_/scripts/opp_swapsearch_20260928.py:56: FutureWarning: The previous implementation of stack is deprecated and will be removed in a future version of pandas. See the What's New notes for pandas 2.1.0 for details. Specify future_stack=True to adopt the new implementation and silence this warning.
  flat = panel.stack(dropna=False).reindex(market.signal_index)
[V09] append                           dA=    -497 dC=    -189 dComb=    -686 (dE=+0.200 dT=+0.004 dNC=-0.0095)
[V09] swap_size_only                   dA=     -66 dC=    -846 dComb=    -913 (dE=-0.071 dT=+0.016 dNC=-0.0427)
[V09] swap_impact60                    dA=    -329 dC=    -749 dComb=   -1078 (dE=+0.128 dT=+0.025 dNC=-0.0378)
[V09] swap_t10_size_plus_impact_bm     dA=   -1610 dC=    -380 dComb=   -1990 (dE=-0.294 dT=-0.098 dNC=-0.0192)
[V09] swap_book_to_market_lf_minus_size dA=    -481 dC=    -113 dComb=    -595 (dE=+0.248 dT=+0.033 dNC=-0.0057)
[V09] swap_book_to_market_lf_plus_impact dA=    -494 dC=    -200 dComb=    -695 (dE=+0.354 dT=+0.039 dNC=-0.0101)
/data/games/factor_/scripts/opp_swapsearch_20260928.py:56: FutureWarning: The previous implementation of stack is deprecated and will be removed in a future version of pandas. See the What's New notes for pandas 2.1.0 for details. Specify future_stack=True to adopt the new implementation and silence this warning.
  flat = panel.stack(dropna=False).reindex(market.signal_index)
[V10] append                           dA=    -511 dC=    -202 dComb=    -713 (dE=+0.187 dT=+0.003 dNC=-0.0102)
[V10] swap_size_only                   dA=     -83 dC=   -1181 dComb=   -1264 (dE=-0.063 dT=+0.016 dNC=-0.0596)
[V10] swap_impact60                    dA=    -345 dC=    -564 dComb=    -910 (dE=+0.096 dT=+0.025 dNC=-0.0285)
[V10] swap_t10_size_plus_impact_bm     dA=   -1626 dC=    -445 dComb=   -2071 (dE=-0.289 dT=-0.100 dNC=-0.0225)
[V10] swap_book_to_market_lf_minus_size dA=    -498 dC=     -95 dComb=    -594 (dE=+0.239 dT=+0.033 dNC=-0.0048)
[V10] swap_book_to_market_lf_plus_impact dA=    -511 dC=    -183 dComb=    -694 (dE=+0.353 dT=+0.039 dNC=-0.0092)
/data/games/factor_/scripts/opp_swapsearch_20260928.py:56: FutureWarning: The previous implementation of stack is deprecated and will be removed in a future version of pandas. See the What's New notes for pandas 2.1.0 for details. Specify future_stack=True to adopt the new implementation and silence this warning.
  flat = panel.stack(dropna=False).reindex(market.signal_index)
[V11] append                           dA=    -502 dC=     -77 dComb=    -579 (dE=+0.053 dT=-0.011 dNC=-0.0039)
[V11] swap_size_only                   dA=     -73 dC=    -907 dComb=    -980 (dE=-0.088 dT=+0.002 dNC=-0.0458)
[V11] swap_impact60                    dA=    -335 dC=    -667 dComb=   -1002 (dE=+0.041 dT=+0.012 dNC=-0.0337)
[V11] swap_t10_size_plus_impact_bm     dA=   -1616 dC=    -670 dComb=   -2286 (dE=-0.394 dT=-0.112 dNC=-0.0338)
[V11] swap_book_to_market_lf_minus_size dA=    -488 dC=    -177 dComb=    -665 (dE=+0.025 dT=+0.008 dNC=-0.0089)
[V11] swap_book_to_market_lf_plus_impact dA=    -501 dC=    -158 dComb=    -658 (dE=+0.228 dT=+0.013 dNC=-0.0080)
/data/games/factor_/scripts/opp_swapsearch_20260928.py:56: FutureWarning: The previous implementation of stack is deprecated and will be removed in a future version of pandas. See the What's New notes for pandas 2.1.0 for details. Specify future_stack=True to adopt the new implementation and silence this warning.
  flat = panel.stack(dropna=False).reindex(market.signal_index)
[V12] append                           dA=    -502 dC=     -77 dComb=    -579 (dE=+0.053 dT=-0.011 dNC=-0.0039)
[V12] swap_size_only                   dA=     -73 dC=    -907 dComb=    -980 (dE=-0.088 dT=+0.002 dNC=-0.0458)
[V12] swap_impact60                    dA=    -335 dC=    -667 dComb=   -1002 (dE=+0.041 dT=+0.012 dNC=-0.0337)
[V12] swap_t10_size_plus_impact_bm     dA=   -1616 dC=    -670 dComb=   -2286 (dE=-0.394 dT=-0.112 dNC=-0.0338)
[V12] swap_book_to_market_lf_minus_size dA=    -488 dC=    -177 dComb=    -665 (dE=+0.025 dT=+0.008 dNC=-0.0089)
[V12] swap_book_to_market_lf_plus_impact dA=    -501 dC=    -158 dComb=    -658 (dE=+0.228 dT=+0.013 dNC=-0.0080)
/data/games/factor_/scripts/opp_swapsearch_20260928.py:56: FutureWarning: The previous implementation of stack is deprecated and will be removed in a future version of pandas. See the What's New notes for pandas 2.1.0 for details. Specify future_stack=True to adopt the new implementation and silence this warning.
  flat = panel.stack(dropna=False).reindex(market.signal_index)
[V13] append                           dA=    -482 dC=    -253 dComb=    -735 (dE=+0.028 dT=-0.004 dNC=-0.0128)
[V13] swap_size_only                   dA=     -48 dC=    -900 dComb=    -948 (dE=-0.186 dT=+0.010 dNC=-0.0455)
[V13] swap_impact60                    dA=    -310 dC=    -802 dComb=   -1112 (dE=+0.040 dT=+0.019 dNC=-0.0405)
[V13] swap_t10_size_plus_impact_bm     dA=   -1591 dC=    -691 dComb=   -2282 (dE=-0.334 dT=-0.102 dNC=-0.0349)
[V13] swap_book_to_market_lf_minus_size dA=    -463 dC=    -181 dComb=    -644 (dE=+0.126 dT=+0.022 dNC=-0.0091)
[V13] swap_book_to_market_lf_plus_impact dA=    -476 dC=    -189 dComb=    -665 (dE=+0.130 dT=+0.027 dNC=-0.0096)
/data/games/factor_/scripts/opp_swapsearch_20260928.py:56: FutureWarning: The previous implementation of stack is deprecated and will be removed in a future version of pandas. See the What's New notes for pandas 2.1.0 for details. Specify future_stack=True to adopt the new implementation and silence this warning.
  flat = panel.stack(dropna=False).reindex(market.signal_index)
[V14] append                           dA=    -526 dC=     -69 dComb=    -595 (dE=-0.219 dT=-0.019 dNC=-0.0035)
[V14] swap_size_only                   dA=    -101 dC=    -651 dComb=    -752 (dE=-0.380 dT=-0.003 dNC=-0.0329)
[V14] swap_impact60                    dA=    -364 dC=    -540 dComb=    -904 (dE=-0.130 dT=+0.004 dNC=-0.0273)
[V14] swap_t10_size_plus_impact_bm     dA=   -1645 dC=    -705 dComb=   -2349 (dE=-0.575 dT=-0.110 dNC=-0.0356)
[V14] swap_book_to_market_lf_minus_size dA=    -516 dC=    -174 dComb=    -690 (dE=-0.053 dT=-0.000 dNC=-0.0088)
[V14] swap_book_to_market_lf_plus_impact dA=    -529 dC=     -65 dComb=    -595 (dE=+0.043 dT=+0.010 dNC=-0.0033)

=== 每候选最优场景（按 ΔComb = A + C）===
name                           scenario  s_i_local  d_a_points  d_c_points   d_comb  d_comb_with_b
 V03                      swap_impact60      0.017     -19.093     -93.277 -112.370       -145.270
 V01                      swap_impact60      0.012    -168.937    -105.524 -274.461       -565.552
 V02 swap_book_to_market_lf_plus_impact      0.016    -203.984    -193.151 -397.135       -748.614
 V05  swap_book_to_market_lf_minus_size      0.008    -440.073    -132.823 -572.896      -1331.176
 V12                             append      0.006    -501.956     -77.415 -579.371      -1444.280
 V11                             append      0.006    -501.956     -77.415 -579.371      -1444.280
 V10  swap_book_to_market_lf_minus_size      0.006    -498.157     -95.446 -593.602      -1451.965
 V14 swap_book_to_market_lf_plus_impact      0.005    -529.281     -65.438 -594.719      -1506.711
 V09  swap_book_to_market_lf_minus_size      0.007    -481.392    -113.401 -594.793      -1424.270
 V08  swap_book_to_market_lf_minus_size      0.006    -485.932    -113.417 -599.349      -1436.648
 V07  swap_book_to_market_lf_minus_size      0.007    -482.647    -125.330 -607.977      -1439.616
 V06  swap_book_to_market_lf_minus_size      0.007    -482.647    -125.330 -607.977      -1439.616
 V13  swap_book_to_market_lf_minus_size      0.007    -463.195    -181.131 -644.326      -1442.448
 V04 swap_book_to_market_lf_plus_impact      0.011    -374.785    -542.968 -917.753      -1563.536

written /data/games/factor_/research_reports/platform_alignment/e-decomp-20260928/swapsearch_summary_v7batch.csv
