seats (552290, 5); signal rows 552290; dates 120
loading full-A frame
frame rows 8584574 instruments 5395 calendar 2107
close panel (2107, 5395)
building TushareStockData
context signal dates 120 2021-09-07..2026-08-10
[seed] E=2.6262 NC=0.628
/data/games/factor_/scripts/opp_swapsearch_20260928.py:56: FutureWarning: The previous implementation of stack is deprecated and will be removed in a future version of pandas. See the What's New notes for pandas 2.1.0 for details. Specify future_stack=True to adopt the new implementation and silence this warning.
  flat = panel.stack(dropna=False).reindex(market.signal_index)
[V01] append                           dA=    +334 dC=    -204 dComb=    +131 (dE=-0.079 dT=-0.007 dNC=-0.0103)
[V01] swap_size_only                   dA=    +931 dC=    -740 dComb=    +191 (dE=-0.239 dT=+0.009 dNC=-0.0374)
[V01] swap_impact60                    dA=    +669 dC=    -519 dComb=    +149 (dE=-0.165 dT=+0.014 dNC=-0.0262)
[V01] swap_t10_size_plus_impact_bm     dA=    -612 dC=    -761 dComb=   -1373 (dE=-0.670 dT=-0.090 dNC=-0.0384)
[V01] swap_book_to_market_lf_minus_size dA=    +516 dC=    -455 dComb=     +61 (dE=-0.083 dT=+0.013 dNC=-0.0230)
[V01] swap_book_to_market_lf_plus_impact dA=    +503 dC=    -277 dComb=    +226 (dE=+0.011 dT=+0.017 dNC=-0.0140)
/data/games/factor_/scripts/opp_swapsearch_20260928.py:56: FutureWarning: The previous implementation of stack is deprecated and will be removed in a future version of pandas. See the What's New notes for pandas 2.1.0 for details. Specify future_stack=True to adopt the new implementation and silence this warning.
  flat = panel.stack(dropna=False).reindex(market.signal_index)
[V02] append                           dA=    +508 dC=    -180 dComb=    +327 (dE=-0.056 dT=+0.014 dNC=-0.0091)
[V02] swap_size_only                   dA=   +1139 dC=    -906 dComb=    +233 (dE=-0.210 dT=+0.030 dNC=-0.0457)
[V02] swap_impact60                    dA=    +876 dC=    -547 dComb=    +330 (dE=-0.060 dT=+0.040 dNC=-0.0276)
[V02] swap_t10_size_plus_impact_bm     dA=    -405 dC=    -198 dComb=    -603 (dE=-0.278 dT=-0.068 dNC=-0.0100)
[V02] swap_book_to_market_lf_minus_size dA=    +724 dC=    -578 dComb=    +145 (dE=-0.028 dT=+0.038 dNC=-0.0292)
[V02] swap_book_to_market_lf_plus_impact dA=    +711 dC=    -246 dComb=    +464 (dE=+0.087 dT=+0.043 dNC=-0.0124)
/data/games/factor_/scripts/opp_swapsearch_20260928.py:56: FutureWarning: The previous implementation of stack is deprecated and will be removed in a future version of pandas. See the What's New notes for pandas 2.1.0 for details. Specify future_stack=True to adopt the new implementation and silence this warning.
  flat = panel.stack(dropna=False).reindex(market.signal_index)
[V03] append                           dA=    +234 dC=    -202 dComb=     +32 (dE=-0.075 dT=-0.010 dNC=-0.0102)
[V03] swap_size_only                   dA=    +810 dC=    -798 dComb=     +13 (dE=-0.267 dT=+0.002 dNC=-0.0403)
[V03] swap_impact60                    dA=    +548 dC=    -308 dComb=    +240 (dE=-0.100 dT=+0.012 dNC=-0.0155)
[V03] swap_t10_size_plus_impact_bm     dA=    -733 dC=    -794 dComb=   -1527 (dE=-0.694 dT=-0.096 dNC=-0.0401)
[V03] swap_book_to_market_lf_minus_size dA=    +395 dC=    -391 dComb=      +5 (dE=-0.096 dT=+0.008 dNC=-0.0197)
[V03] swap_book_to_market_lf_plus_impact dA=    +383 dC=    -319 dComb=     +64 (dE=-0.004 dT=+0.011 dNC=-0.0161)
/data/games/factor_/scripts/opp_swapsearch_20260928.py:56: FutureWarning: The previous implementation of stack is deprecated and will be removed in a future version of pandas. See the What's New notes for pandas 2.1.0 for details. Specify future_stack=True to adopt the new implementation and silence this warning.
  flat = panel.stack(dropna=False).reindex(market.signal_index)
[V04] append                           dA=    +530 dC=    -198 dComb=    +332 (dE=-0.107 dT=+0.015 dNC=-0.0100)
[V04] swap_size_only                   dA=   +1165 dC=    -825 dComb=    +340 (dE=-0.269 dT=+0.030 dNC=-0.0417)
[V04] swap_impact60                    dA=    +903 dC=    -638 dComb=    +266 (dE=-0.088 dT=+0.042 dNC=-0.0322)
[V04] swap_t10_size_plus_impact_bm     dA=    -378 dC=     -97 dComb=    -474 (dE=-0.351 dT=-0.066 dNC=-0.0049)
[V04] swap_book_to_market_lf_minus_size dA=    +750 dC=    -592 dComb=    +158 (dE=-0.005 dT=+0.039 dNC=-0.0299)
[V04] swap_book_to_market_lf_plus_impact dA=    +738 dC=    -302 dComb=    +436 (dE=+0.036 dT=+0.044 dNC=-0.0152)
/data/games/factor_/scripts/opp_swapsearch_20260928.py:56: FutureWarning: The previous implementation of stack is deprecated and will be removed in a future version of pandas. See the What's New notes for pandas 2.1.0 for details. Specify future_stack=True to adopt the new implementation and silence this warning.
  flat = panel.stack(dropna=False).reindex(market.signal_index)
[V05] append                           dA=    +237 dC=    -215 dComb=     +23 (dE=-0.087 dT=-0.011 dNC=-0.0108)
[V05] swap_size_only                   dA=    +815 dC=    -806 dComb=      +8 (dE=-0.256 dT=+0.003 dNC=-0.0407)
[V05] swap_impact60                    dA=    +552 dC=    -420 dComb=    +132 (dE=-0.091 dT=+0.011 dNC=-0.0212)
[V05] swap_t10_size_plus_impact_bm     dA=    -729 dC=    -775 dComb=   -1504 (dE=-0.702 dT=-0.097 dNC=-0.0391)
[V05] swap_book_to_market_lf_minus_size dA=    +400 dC=    -362 dComb=     +37 (dE=-0.084 dT=+0.007 dNC=-0.0183)
[V05] swap_book_to_market_lf_plus_impact dA=    +387 dC=    -305 dComb=     +82 (dE=-0.009 dT=+0.011 dNC=-0.0154)
/data/games/factor_/scripts/opp_swapsearch_20260928.py:56: FutureWarning: The previous implementation of stack is deprecated and will be removed in a future version of pandas. See the What's New notes for pandas 2.1.0 for details. Specify future_stack=True to adopt the new implementation and silence this warning.
  flat = panel.stack(dropna=False).reindex(market.signal_index)
[V06] append                           dA=    +538 dC=    -199 dComb=    +339 (dE=-0.106 dT=+0.015 dNC=-0.0101)
[V06] swap_size_only                   dA=   +1175 dC=    -804 dComb=    +371 (dE=-0.268 dT=+0.030 dNC=-0.0406)
[V06] swap_impact60                    dA=    +913 dC=    -644 dComb=    +269 (dE=-0.091 dT=+0.042 dNC=-0.0325)
[V06] swap_t10_size_plus_impact_bm     dA=    -368 dC=     -48 dComb=    -416 (dE=-0.302 dT=-0.066 dNC=-0.0024)
[V06] swap_book_to_market_lf_minus_size dA=    +760 dC=    -587 dComb=    +173 (dE=-0.013 dT=+0.039 dNC=-0.0296)
[V06] swap_book_to_market_lf_plus_impact dA=    +747 dC=    -307 dComb=    +440 (dE=+0.038 dT=+0.044 dNC=-0.0155)
/data/games/factor_/scripts/opp_swapsearch_20260928.py:56: FutureWarning: The previous implementation of stack is deprecated and will be removed in a future version of pandas. See the What's New notes for pandas 2.1.0 for details. Specify future_stack=True to adopt the new implementation and silence this warning.
  flat = panel.stack(dropna=False).reindex(market.signal_index)
[V07] append                           dA=    +488 dC=    -224 dComb=    +263 (dE=-0.106 dT=+0.015 dNC=-0.0113)
[V07] swap_size_only                   dA=   +1115 dC=    -950 dComb=    +165 (dE=-0.234 dT=+0.031 dNC=-0.0480)
[V07] swap_impact60                    dA=    +853 dC=    -637 dComb=    +215 (dE=-0.097 dT=+0.041 dNC=-0.0322)
[V07] swap_t10_size_plus_impact_bm     dA=    -428 dC=    -245 dComb=    -674 (dE=-0.404 dT=-0.068 dNC=-0.0124)
[V07] swap_book_to_market_lf_minus_size dA=    +700 dC=    -611 dComb=     +89 (dE=-0.039 dT=+0.039 dNC=-0.0309)
[V07] swap_book_to_market_lf_plus_impact dA=    +687 dC=    -350 dComb=    +337 (dE=+0.043 dT=+0.043 dNC=-0.0177)
/data/games/factor_/scripts/opp_swapsearch_20260928.py:56: FutureWarning: The previous implementation of stack is deprecated and will be removed in a future version of pandas. See the What's New notes for pandas 2.1.0 for details. Specify future_stack=True to adopt the new implementation and silence this warning.
  flat = panel.stack(dropna=False).reindex(market.signal_index)
[V08] append                           dA=    +246 dC=    -203 dComb=     +43 (dE=-0.100 dT=-0.010 dNC=-0.0103)
[V08] swap_size_only                   dA=    +825 dC=    -849 dComb=     -23 (dE=-0.230 dT=+0.004 dNC=-0.0429)
[V08] swap_impact60                    dA=    +563 dC=    -215 dComb=    +349 (dE=-0.099 dT=+0.012 dNC=-0.0108)
[V08] swap_t10_size_plus_impact_bm     dA=    -718 dC=    -952 dComb=   -1670 (dE=-0.614 dT=-0.095 dNC=-0.0481)
[V08] swap_book_to_market_lf_minus_size dA=    +410 dC=    -427 dComb=     -17 (dE=-0.108 dT=+0.008 dNC=-0.0216)
[V08] swap_book_to_market_lf_plus_impact dA=    +397 dC=    -322 dComb=     +75 (dE=-0.024 dT=+0.012 dNC=-0.0163)
/data/games/factor_/scripts/financial_factor_local.py:370: FutureWarning: The behavior of DataFrame concatenation with empty or all-NA entries is deprecated. In a future version, this will no longer exclude empty or all-NA columns when determining the result dtypes. To retain the old behavior, exclude the relevant entries before the concat operation.
  frame = pd.concat(frames, ignore_index=True)
/data/games/factor_/scripts/opp_swapsearch_20260928.py:56: FutureWarning: The previous implementation of stack is deprecated and will be removed in a future version of pandas. See the What's New notes for pandas 2.1.0 for details. Specify future_stack=True to adopt the new implementation and silence this warning.
  flat = panel.stack(dropna=False).reindex(market.signal_index)
[V09] append                           dA=    +236 dC=    -203 dComb=     +33 (dE=-0.089 dT=-0.009 dNC=-0.0103)
[V09] swap_size_only                   dA=    +813 dC=    -808 dComb=      +5 (dE=-0.262 dT=+0.004 dNC=-0.0408)
[V09] swap_impact60                    dA=    +550 dC=    -475 dComb=     +75 (dE=-0.108 dT=+0.012 dNC=-0.0240)
[V09] swap_t10_size_plus_impact_bm     dA=    -731 dC=    -803 dComb=   -1533 (dE=-0.712 dT=-0.095 dNC=-0.0405)
[V09] swap_book_to_market_lf_minus_size dA=    +398 dC=    -380 dComb=     +18 (dE=-0.092 dT=+0.009 dNC=-0.0192)
[V09] swap_book_to_market_lf_plus_impact dA=    +385 dC=    -319 dComb=     +66 (dE=-0.024 dT=+0.013 dNC=-0.0161)
/data/games/factor_/scripts/opp_swapsearch_20260928.py:56: FutureWarning: The previous implementation of stack is deprecated and will be removed in a future version of pandas. See the What's New notes for pandas 2.1.0 for details. Specify future_stack=True to adopt the new implementation and silence this warning.
  flat = panel.stack(dropna=False).reindex(market.signal_index)
[V10] append                           dA=    +236 dC=    -203 dComb=     +33 (dE=-0.089 dT=-0.009 dNC=-0.0103)
[V10] swap_size_only                   dA=    +813 dC=    -808 dComb=      +5 (dE=-0.262 dT=+0.004 dNC=-0.0408)
[V10] swap_impact60                    dA=    +550 dC=    -475 dComb=     +75 (dE=-0.108 dT=+0.012 dNC=-0.0240)
[V10] swap_t10_size_plus_impact_bm     dA=    -731 dC=    -803 dComb=   -1533 (dE=-0.712 dT=-0.095 dNC=-0.0405)
[V10] swap_book_to_market_lf_minus_size dA=    +398 dC=    -380 dComb=     +18 (dE=-0.092 dT=+0.009 dNC=-0.0192)
[V10] swap_book_to_market_lf_plus_impact dA=    +385 dC=    -319 dComb=     +66 (dE=-0.024 dT=+0.013 dNC=-0.0161)
/data/games/factor_/scripts/opp_swapsearch_20260928.py:56: FutureWarning: The previous implementation of stack is deprecated and will be removed in a future version of pandas. See the What's New notes for pandas 2.1.0 for details. Specify future_stack=True to adopt the new implementation and silence this warning.
  flat = panel.stack(dropna=False).reindex(market.signal_index)
[V11] append                           dA=    +236 dC=    -203 dComb=     +33 (dE=-0.089 dT=-0.009 dNC=-0.0103)
[V11] swap_size_only                   dA=    +813 dC=    -808 dComb=      +5 (dE=-0.262 dT=+0.004 dNC=-0.0408)
[V11] swap_impact60                    dA=    +550 dC=    -475 dComb=     +75 (dE=-0.108 dT=+0.012 dNC=-0.0240)
[V11] swap_t10_size_plus_impact_bm     dA=    -731 dC=    -803 dComb=   -1533 (dE=-0.712 dT=-0.095 dNC=-0.0405)
[V11] swap_book_to_market_lf_minus_size dA=    +398 dC=    -380 dComb=     +18 (dE=-0.092 dT=+0.009 dNC=-0.0192)
[V11] swap_book_to_market_lf_plus_impact dA=    +385 dC=    -319 dComb=     +66 (dE=-0.024 dT=+0.013 dNC=-0.0161)
/data/games/factor_/scripts/opp_swapsearch_20260928.py:56: FutureWarning: The previous implementation of stack is deprecated and will be removed in a future version of pandas. See the What's New notes for pandas 2.1.0 for details. Specify future_stack=True to adopt the new implementation and silence this warning.
  flat = panel.stack(dropna=False).reindex(market.signal_index)
[V12] append                           dA=    +235 dC=    -206 dComb=     +29 (dE=-0.092 dT=-0.009 dNC=-0.0104)
[V12] swap_size_only                   dA=    +812 dC=    -809 dComb=      +3 (dE=-0.262 dT=+0.004 dNC=-0.0409)
[V12] swap_impact60                    dA=    +550 dC=    -475 dComb=     +75 (dE=-0.110 dT=+0.012 dNC=-0.0240)
[V12] swap_t10_size_plus_impact_bm     dA=    -731 dC=    -805 dComb=   -1536 (dE=-0.715 dT=-0.096 dNC=-0.0407)
[V12] swap_book_to_market_lf_minus_size dA=    +397 dC=    -380 dComb=     +17 (dE=-0.091 dT=+0.008 dNC=-0.0192)
[V12] swap_book_to_market_lf_plus_impact dA=    +384 dC=    -321 dComb=     +64 (dE=-0.020 dT=+0.012 dNC=-0.0162)
/data/games/factor_/scripts/opp_swapsearch_20260928.py:56: FutureWarning: The previous implementation of stack is deprecated and will be removed in a future version of pandas. See the What's New notes for pandas 2.1.0 for details. Specify future_stack=True to adopt the new implementation and silence this warning.
  flat = panel.stack(dropna=False).reindex(market.signal_index)
[V13] append                           dA=    +177 dC=   -1659 dComb=   -1481 (dE=+0.202 dT=-0.009 dNC=-0.0838)
[V13] swap_size_only                   dA=    +742 dC=   -1834 dComb=   -1092 (dE=+0.096 dT=+0.016 dNC=-0.0926)
[V13] swap_impact60                    dA=    +480 dC=   -2101 dComb=   -1621 (dE=+0.127 dT=+0.018 dNC=-0.1061)
[V13] swap_t10_size_plus_impact_bm     dA=    -801 dC=   -1323 dComb=   -2124 (dE=-0.286 dT=-0.075 dNC=-0.0668)
[V13] swap_book_to_market_lf_minus_size dA=    +327 dC=   -1772 dComb=   -1445 (dE=+0.113 dT=+0.017 dNC=-0.0895)
[V13] swap_book_to_market_lf_plus_impact dA=    +314 dC=    -991 dComb=    -676 (dE=+0.311 dT=+0.024 dNC=-0.0500)
/data/games/factor_/scripts/opp_swapsearch_20260928.py:56: FutureWarning: The previous implementation of stack is deprecated and will be removed in a future version of pandas. See the What's New notes for pandas 2.1.0 for details. Specify future_stack=True to adopt the new implementation and silence this warning.
  flat = panel.stack(dropna=False).reindex(market.signal_index)
[V14] append                           dA=    +511 dC=    -179 dComb=    +331 (dE=-0.092 dT=+0.015 dNC=-0.0090)
[V14] swap_size_only                   dA=   +1142 dC=    -812 dComb=    +330 (dE=-0.269 dT=+0.030 dNC=-0.0410)
[V14] swap_impact60                    dA=    +880 dC=    -647 dComb=    +233 (dE=-0.086 dT=+0.042 dNC=-0.0327)
[V14] swap_t10_size_plus_impact_bm     dA=    -401 dC=    -240 dComb=    -640 (dE=-0.455 dT=-0.068 dNC=-0.0121)
[V14] swap_book_to_market_lf_minus_size dA=    +727 dC=    -588 dComb=    +139 (dE=-0.005 dT=+0.039 dNC=-0.0297)
[V14] swap_book_to_market_lf_plus_impact dA=    +715 dC=    -305 dComb=    +410 (dE=+0.036 dT=+0.044 dNC=-0.0154)

=== 每候选最优场景（按 ΔComb = A + C）===
name                           scenario  s_i_local  d_a_points  d_c_points   d_comb  d_comb_with_b
 V02 swap_book_to_market_lf_plus_impact      0.047     710.830    -246.424  464.406       1689.222
 V06 swap_book_to_market_lf_plus_impact      0.048     747.294    -307.107  440.188       1727.834
 V04 swap_book_to_market_lf_plus_impact      0.048     737.563    -301.632  435.931       1706.809
 V14 swap_book_to_market_lf_plus_impact      0.047     714.504    -304.789  409.715       1640.861
 V08                      swap_impact60      0.037     563.043    -214.513  348.530       1318.696
 V07 swap_book_to_market_lf_plus_impact      0.046     687.152    -350.181  336.971       1520.987
 V03                      swap_impact60      0.036     548.324    -307.843  240.481       1185.287
 V01 swap_book_to_market_lf_plus_impact      0.040     503.164    -276.902  226.263       1093.254
 V05                      swap_impact60      0.036     552.443    -420.345  132.098       1084.000
 V12                      swap_impact60      0.036     549.944    -474.592   75.353       1022.950
 V11                      swap_impact60      0.036     550.410    -475.385   75.024       1023.423
 V10                      swap_impact60      0.036     550.410    -475.385   75.024       1023.423
 V09                      swap_impact60      0.036     550.410    -475.385   75.024       1023.423
 V13 swap_book_to_market_lf_plus_impact      0.034     314.274    -990.502 -676.227       -134.708

written /data/games/factor_/research_reports/platform_alignment/e-decomp-20260928/swapsearch_summary_v5batch.csv
