seats (552290, 5); signal rows 552290; dates 120
loading full-A frame
frame rows 8584574 instruments 5395 calendar 2107
close panel (2107, 5395)
building TushareStockData
context signal dates 120 2021-09-07..2026-08-10
[seed] E=2.6262 NC=0.628
/data/games/factor_/scripts/opp_swapsearch_20260928.py:56: FutureWarning: The previous implementation of stack is deprecated and will be removed in a future version of pandas. See the What's New notes for pandas 2.1.0 for details. Specify future_stack=True to adopt the new implementation and silence this warning.
  flat = panel.stack(dropna=False).reindex(market.signal_index)
[V01] append                           dA=    -264 dC=   -1462 dComb=   -1726 (dE=-0.164 dT=-0.018 dNC=-0.0739)
[V01] swap_size_only                   dA=    +213 dC=   -3299 dComb=   -3086 (dE=-0.216 dT=-0.008 dNC=-0.1666)
[V01] swap_impact60                    dA=     -49 dC=   -2328 dComb=   -2377 (dE=-0.004 dT=-0.000 dNC=-0.1176)
[V01] swap_t10_size_plus_impact_bm     dA=   -1330 dC=   -1643 dComb=   -2973 (dE=-0.165 dT=-0.113 dNC=-0.0830)
[V01] swap_book_to_market_lf_minus_size dA=    -202 dC=   -1509 dComb=   -1711 (dE=+0.034 dT=+0.008 dNC=-0.0762)
[V01] swap_book_to_market_lf_plus_impact dA=    -215 dC=   -1511 dComb=   -1726 (dE=+0.171 dT=+0.016 dNC=-0.0763)
/data/games/factor_/scripts/opp_swapsearch_20260928.py:56: FutureWarning: The previous implementation of stack is deprecated and will be removed in a future version of pandas. See the What's New notes for pandas 2.1.0 for details. Specify future_stack=True to adopt the new implementation and silence this warning.
  flat = panel.stack(dropna=False).reindex(market.signal_index)
[V02] append                           dA=    -369 dC=    -127 dComb=    -496 (dE=+0.043 dT=+0.004 dNC=-0.0064)
[V02] swap_size_only                   dA=     +87 dC=   -1167 dComb=   -1080 (dE=-0.141 dT=+0.019 dNC=-0.0589)
[V02] swap_impact60                    dA=    -175 dC=    -717 dComb=    -892 (dE=+0.023 dT=+0.026 dNC=-0.0362)
[V02] swap_t10_size_plus_impact_bm     dA=   -1456 dC=    -446 dComb=   -1901 (dE=-0.311 dT=-0.093 dNC=-0.0225)
[V02] swap_book_to_market_lf_minus_size dA=    -328 dC=    -243 dComb=    -571 (dE=+0.158 dT=+0.031 dNC=-0.0123)
[V02] swap_book_to_market_lf_plus_impact dA=    -340 dC=    -153 dComb=    -494 (dE=+0.180 dT=+0.036 dNC=-0.0077)
/data/games/factor_/scripts/opp_swapsearch_20260928.py:56: FutureWarning: The previous implementation of stack is deprecated and will be removed in a future version of pandas. See the What's New notes for pandas 2.1.0 for details. Specify future_stack=True to adopt the new implementation and silence this warning.
  flat = panel.stack(dropna=False).reindex(market.signal_index)
[V03] append                           dA=    -434 dC=    -300 dComb=    -734 (dE=+0.037 dT=-0.001 dNC=-0.0152)
[V03] swap_size_only                   dA=      +9 dC=    -889 dComb=    -880 (dE=-0.204 dT=+0.015 dNC=-0.0449)
[V03] swap_impact60                    dA=    -253 dC=    -777 dComb=   -1030 (dE=-0.007 dT=+0.023 dNC=-0.0393)
[V03] swap_t10_size_plus_impact_bm     dA=   -1534 dC=    -400 dComb=   -1934 (dE=-0.312 dT=-0.102 dNC=-0.0202)
[V03] swap_book_to_market_lf_minus_size dA=    -406 dC=    -222 dComb=    -628 (dE=+0.128 dT=+0.028 dNC=-0.0112)
[V03] swap_book_to_market_lf_plus_impact dA=    -418 dC=    -253 dComb=    -671 (dE=+0.219 dT=+0.035 dNC=-0.0128)
/data/games/factor_/scripts/opp_swapsearch_20260928.py:56: FutureWarning: The previous implementation of stack is deprecated and will be removed in a future version of pandas. See the What's New notes for pandas 2.1.0 for details. Specify future_stack=True to adopt the new implementation and silence this warning.
  flat = panel.stack(dropna=False).reindex(market.signal_index)
[V04] append                           dA=    -468 dC=   -1829 dComb=   -2298 (dE=-0.126 dT=-0.022 dNC=-0.0924)
[V04] swap_size_only                   dA=     -32 dC=   -3105 dComb=   -3137 (dE=-0.262 dT=-0.008 dNC=-0.1568)
[V04] swap_impact60                    dA=    -295 dC=   -2416 dComb=   -2711 (dE=-0.134 dT=+0.003 dNC=-0.1220)
[V04] swap_t10_size_plus_impact_bm     dA=   -1576 dC=   -1423 dComb=   -2999 (dE=-0.117 dT=-0.110 dNC=-0.0719)
[V04] swap_book_to_market_lf_minus_size dA=    -447 dC=   -1560 dComb=   -2008 (dE=+0.004 dT=+0.001 dNC=-0.0788)
[V04] swap_book_to_market_lf_plus_impact dA=    -460 dC=   -1603 dComb=   -2064 (dE=+0.106 dT=+0.012 dNC=-0.0810)
/data/games/factor_/scripts/opp_swapsearch_20260928.py:56: FutureWarning: The previous implementation of stack is deprecated and will be removed in a future version of pandas. See the What's New notes for pandas 2.1.0 for details. Specify future_stack=True to adopt the new implementation and silence this warning.
  flat = panel.stack(dropna=False).reindex(market.signal_index)
[V05] append                           dA=    -445 dC=    -244 dComb=    -688 (dE=+0.033 dT=-0.001 dNC=-0.0123)
[V05] swap_size_only                   dA=      -4 dC=    -863 dComb=    -867 (dE=-0.146 dT=+0.013 dNC=-0.0436)
[V05] swap_impact60                    dA=    -266 dC=    -760 dComb=   -1026 (dE=+0.044 dT=+0.020 dNC=-0.0384)
[V05] swap_t10_size_plus_impact_bm     dA=   -1547 dC=    -772 dComb=   -2319 (dE=-0.347 dT=-0.101 dNC=-0.0390)
[V05] swap_book_to_market_lf_minus_size dA=    -419 dC=    -285 dComb=    -704 (dE=+0.142 dT=+0.025 dNC=-0.0144)
[V05] swap_book_to_market_lf_plus_impact dA=    -432 dC=    -240 dComb=    -672 (dE=+0.194 dT=+0.030 dNC=-0.0121)
/data/games/factor_/scripts/opp_swapsearch_20260928.py:56: FutureWarning: The previous implementation of stack is deprecated and will be removed in a future version of pandas. See the What's New notes for pandas 2.1.0 for details. Specify future_stack=True to adopt the new implementation and silence this warning.
  flat = panel.stack(dropna=False).reindex(market.signal_index)
[V06] append                           dA=    -444 dC=    -271 dComb=    -715 (dE=-0.014 dT=+0.000 dNC=-0.0137)
[V06] swap_size_only                   dA=      -4 dC=    -749 dComb=    -753 (dE=-0.215 dT=+0.015 dNC=-0.0378)
[V06] swap_impact60                    dA=    -266 dC=    -783 dComb=   -1049 (dE=+0.005 dT=+0.023 dNC=-0.0395)
[V06] swap_t10_size_plus_impact_bm     dA=   -1547 dC=    -393 dComb=   -1940 (dE=-0.353 dT=-0.101 dNC=-0.0199)
[V06] swap_book_to_market_lf_minus_size dA=    -419 dC=    -161 dComb=    -580 (dE=+0.093 dT=+0.028 dNC=-0.0082)
[V06] swap_book_to_market_lf_plus_impact dA=    -431 dC=    -217 dComb=    -648 (dE=+0.118 dT=+0.034 dNC=-0.0110)
/data/games/factor_/scripts/opp_swapsearch_20260928.py:56: FutureWarning: The previous implementation of stack is deprecated and will be removed in a future version of pandas. See the What's New notes for pandas 2.1.0 for details. Specify future_stack=True to adopt the new implementation and silence this warning.
  flat = panel.stack(dropna=False).reindex(market.signal_index)
[V07] append                           dA=    -498 dC=    -166 dComb=    -664 (dE=+0.200 dT=+0.005 dNC=-0.0084)
[V07] swap_size_only                   dA=     -68 dC=   -1177 dComb=   -1245 (dE=-0.070 dT=+0.017 dNC=-0.0595)
[V07] swap_impact60                    dA=    -330 dC=    -673 dComb=   -1003 (dE=+0.096 dT=+0.026 dNC=-0.0340)
[V07] swap_t10_size_plus_impact_bm     dA=   -1611 dC=    -438 dComb=   -2049 (dE=-0.286 dT=-0.097 dNC=-0.0221)
[V07] swap_book_to_market_lf_minus_size dA=    -483 dC=    -125 dComb=    -608 (dE=+0.254 dT=+0.035 dNC=-0.0063)
[V07] swap_book_to_market_lf_plus_impact dA=    -495 dC=    -205 dComb=    -700 (dE=+0.375 dT=+0.042 dNC=-0.0103)
/data/games/factor_/scripts/opp_swapsearch_20260928.py:56: FutureWarning: The previous implementation of stack is deprecated and will be removed in a future version of pandas. See the What's New notes for pandas 2.1.0 for details. Specify future_stack=True to adopt the new implementation and silence this warning.
  flat = panel.stack(dropna=False).reindex(market.signal_index)
[V08] append                           dA=    -477 dC=    -196 dComb=    -672 (dE=+0.033 dT=-0.002 dNC=-0.0099)
[V08] swap_size_only                   dA=     -42 dC=    -794 dComb=    -836 (dE=-0.116 dT=+0.015 dNC=-0.0401)
[V08] swap_impact60                    dA=    -304 dC=    -738 dComb=   -1042 (dE=+0.101 dT=+0.022 dNC=-0.0373)
[V08] swap_t10_size_plus_impact_bm     dA=   -1585 dC=    -623 dComb=   -2208 (dE=-0.312 dT=-0.099 dNC=-0.0315)
[V08] swap_book_to_market_lf_minus_size dA=    -457 dC=    -327 dComb=    -784 (dE=+0.137 dT=+0.025 dNC=-0.0165)
[V08] swap_book_to_market_lf_plus_impact dA=    -470 dC=    -253 dComb=    -723 (dE=+0.192 dT=+0.029 dNC=-0.0128)
/data/games/factor_/scripts/opp_swapsearch_20260928.py:56: FutureWarning: The previous implementation of stack is deprecated and will be removed in a future version of pandas. See the What's New notes for pandas 2.1.0 for details. Specify future_stack=True to adopt the new implementation and silence this warning.
  flat = panel.stack(dropna=False).reindex(market.signal_index)
[V09] append                           dA=    -499 dC=    -145 dComb=    -644 (dE=-0.213 dT=-0.014 dNC=-0.0073)
[V09] swap_size_only                   dA=     -69 dC=    -793 dComb=    -862 (dE=-0.313 dT=+0.002 dNC=-0.0400)
[V09] swap_impact60                    dA=    -331 dC=    -550 dComb=    -881 (dE=-0.095 dT=+0.007 dNC=-0.0278)
[V09] swap_t10_size_plus_impact_bm     dA=   -1612 dC=    -724 dComb=   -2336 (dE=-0.573 dT=-0.106 dNC=-0.0365)
[V09] swap_book_to_market_lf_minus_size dA=    -484 dC=    -285 dComb=    -768 (dE=-0.065 dT=+0.006 dNC=-0.0144)
[V09] swap_book_to_market_lf_plus_impact dA=    -497 dC=    -143 dComb=    -640 (dE=+0.048 dT=+0.014 dNC=-0.0072)
/data/games/factor_/scripts/financial_factor_local.py:370: FutureWarning: The behavior of DataFrame concatenation with empty or all-NA entries is deprecated. In a future version, this will no longer exclude empty or all-NA columns when determining the result dtypes. To retain the old behavior, exclude the relevant entries before the concat operation.
  frame = pd.concat(frames, ignore_index=True)
/data/games/factor_/scripts/opp_swapsearch_20260928.py:56: FutureWarning: The previous implementation of stack is deprecated and will be removed in a future version of pandas. See the What's New notes for pandas 2.1.0 for details. Specify future_stack=True to adopt the new implementation and silence this warning.
  flat = panel.stack(dropna=False).reindex(market.signal_index)
[V10] append                           dA=    -384 dC=    -888 dComb=   -1272 (dE=-0.088 dT=-0.014 dNC=-0.0449)
[V10] swap_size_only                   dA=     +69 dC=   -2346 dComb=   -2277 (dE=-0.348 dT=-0.009 dNC=-0.1185)
[V10] swap_impact60                    dA=    -193 dC=   -2388 dComb=   -2581 (dE=-0.028 dT=-0.000 dNC=-0.1206)
[V10] swap_t10_size_plus_impact_bm     dA=   -1474 dC=   -1014 dComb=   -2488 (dE=-0.510 dT=-0.100 dNC=-0.0512)
[V10] swap_book_to_market_lf_minus_size dA=    -346 dC=    -927 dComb=   -1272 (dE=-0.009 dT=+0.007 dNC=-0.0468)
[V10] swap_book_to_market_lf_plus_impact dA=    -359 dC=   -1061 dComb=   -1420 (dE=+0.068 dT=+0.014 dNC=-0.0536)
/data/games/factor_/scripts/opp_swapsearch_20260928.py:56: FutureWarning: The previous implementation of stack is deprecated and will be removed in a future version of pandas. See the What's New notes for pandas 2.1.0 for details. Specify future_stack=True to adopt the new implementation and silence this warning.
  flat = panel.stack(dropna=False).reindex(market.signal_index)
[V11] append                           dA=    -529 dC=    -193 dComb=    -722 (dE=+0.186 dT=+0.001 dNC=-0.0098)
[V11] swap_size_only                   dA=    -105 dC=   -1207 dComb=   -1312 (dE=-0.070 dT=+0.014 dNC=-0.0609)
[V11] swap_impact60                    dA=    -367 dC=    -727 dComb=   -1094 (dE=+0.108 dT=+0.023 dNC=-0.0367)
[V11] swap_t10_size_plus_impact_bm     dA=   -1648 dC=    -421 dComb=   -2069 (dE=-0.295 dT=-0.104 dNC=-0.0213)
[V11] swap_book_to_market_lf_minus_size dA=    -520 dC=    -102 dComb=    -622 (dE=+0.223 dT=+0.030 dNC=-0.0052)
[V11] swap_book_to_market_lf_plus_impact dA=    -533 dC=    -189 dComb=    -722 (dE=+0.353 dT=+0.037 dNC=-0.0096)
/data/games/factor_/scripts/opp_swapsearch_20260928.py:56: FutureWarning: The previous implementation of stack is deprecated and will be removed in a future version of pandas. See the What's New notes for pandas 2.1.0 for details. Specify future_stack=True to adopt the new implementation and silence this warning.
  flat = panel.stack(dropna=False).reindex(market.signal_index)
[V12] append                           dA=    -532 dC=    +122 dComb=    -409 (dE=-0.148 dT=-0.009 dNC=+0.0062)
[V12] swap_size_only                   dA=    -109 dC=    -482 dComb=    -590 (dE=-0.292 dT=+0.008 dNC=-0.0243)
[V12] swap_impact60                    dA=    -371 dC=    -307 dComb=    -677 (dE=-0.060 dT=+0.019 dNC=-0.0155)
[V12] swap_t10_size_plus_impact_bm     dA=   -1652 dC=   -1058 dComb=   -2710 (dE=-0.514 dT=-0.106 dNC=-0.0535)
[V12] swap_book_to_market_lf_minus_size dA=    -524 dC=    -297 dComb=    -821 (dE=-0.001 dT=+0.014 dNC=-0.0150)
[V12] swap_book_to_market_lf_plus_impact dA=    -536 dC=     +57 dComb=    -480 (dE=+0.089 dT=+0.018 dNC=+0.0029)
/data/games/factor_/scripts/opp_swapsearch_20260928.py:56: FutureWarning: The previous implementation of stack is deprecated and will be removed in a future version of pandas. See the What's New notes for pandas 2.1.0 for details. Specify future_stack=True to adopt the new implementation and silence this warning.
  flat = panel.stack(dropna=False).reindex(market.signal_index)
[V13] append                           dA=    -550 dC=    -165 dComb=    -715 (dE=+0.167 dT=-0.000 dNC=-0.0083)
[V13] swap_size_only                   dA=    -130 dC=   -1203 dComb=   -1333 (dE=-0.055 dT=+0.012 dNC=-0.0608)
[V13] swap_impact60                    dA=    -392 dC=    -706 dComb=   -1098 (dE=+0.095 dT=+0.020 dNC=-0.0356)
[V13] swap_t10_size_plus_impact_bm     dA=   -1673 dC=    -422 dComb=   -2095 (dE=-0.315 dT=-0.107 dNC=-0.0213)
[V13] swap_book_to_market_lf_minus_size dA=    -545 dC=     -80 dComb=    -625 (dE=+0.220 dT=+0.028 dNC=-0.0041)
[V13] swap_book_to_market_lf_plus_impact dA=    -558 dC=    -208 dComb=    -766 (dE=+0.346 dT=+0.036 dNC=-0.0105)
/data/games/factor_/scripts/opp_swapsearch_20260928.py:56: FutureWarning: The previous implementation of stack is deprecated and will be removed in a future version of pandas. See the What's New notes for pandas 2.1.0 for details. Specify future_stack=True to adopt the new implementation and silence this warning.
  flat = panel.stack(dropna=False).reindex(market.signal_index)
[V14] append                           dA=    -550 dC=    -195 dComb=    -744 (dE=+0.173 dT=-0.001 dNC=-0.0098)
[V14] swap_size_only                   dA=    -130 dC=   -1194 dComb=   -1324 (dE=-0.063 dT=+0.012 dNC=-0.0603)
[V14] swap_impact60                    dA=    -392 dC=    -708 dComb=   -1101 (dE=+0.088 dT=+0.020 dNC=-0.0358)
[V14] swap_t10_size_plus_impact_bm     dA=   -1673 dC=    -416 dComb=   -2089 (dE=-0.311 dT=-0.107 dNC=-0.0210)
[V14] swap_book_to_market_lf_minus_size dA=    -545 dC=     -85 dComb=    -631 (dE=+0.217 dT=+0.028 dNC=-0.0043)
[V14] swap_book_to_market_lf_plus_impact dA=    -558 dC=    -212 dComb=    -770 (dE=+0.340 dT=+0.035 dNC=-0.0107)

=== 每候选最优场景（按 ΔComb = A + C）===
name                           scenario  s_i_local  d_a_points  d_c_points    d_comb  d_comb_with_b
 V12                             append      0.005    -531.847     122.454  -409.393      -1325.808
 V02 swap_book_to_market_lf_plus_impact      0.012    -340.382    -153.385  -493.767      -1080.272
 V06  swap_book_to_market_lf_minus_size      0.009    -418.566    -161.400  -579.966      -1301.188
 V07  swap_book_to_market_lf_minus_size      0.007    -482.647    -125.330  -607.977      -1439.616
 V11  swap_book_to_market_lf_minus_size      0.005    -519.906    -102.153  -622.059      -1517.899
 V13  swap_book_to_market_lf_minus_size      0.004    -544.898     -80.394  -625.292      -1564.194
 V03  swap_book_to_market_lf_minus_size      0.009    -405.633    -222.469  -628.102      -1327.039
 V14  swap_book_to_market_lf_minus_size      0.004    -545.141     -85.422  -630.563      -1569.884
 V09 swap_book_to_market_lf_plus_impact      0.006    -496.747    -142.901  -639.648      -1495.582
 V05 swap_book_to_market_lf_plus_impact      0.009    -431.726    -239.781  -671.507      -1415.405
 V08                             append      0.007    -476.528    -195.888  -672.415      -1493.510
 V10                             append      0.011    -383.745    -888.359 -1272.104      -1933.328
 V01  swap_book_to_market_lf_minus_size      0.016    -201.788   -1509.027 -1710.816      -2058.513
 V04  swap_book_to_market_lf_minus_size      0.008    -447.474   -1560.309 -2007.784      -2778.816

written /data/games/factor_/research_reports/platform_alignment/e-decomp-20260928/swapsearch_summary_v6batch.csv
