building legs ...
/home/minkefu/.conda/envs/ktransformers/lib/python3.11/site-packages/pandas/core/window/rolling.py:611: RuntimeWarning: All-NaN slice encountered
  return func(x, start, end, min_periods, *numba_args)
legs=39  schedule 5y=122 1y=17
  leg t_lvl            ic=0.0818 icir=0.422 win=0.642 s_i=0.0222
  leg t_ma5            ic=0.0810 icir=0.400 win=0.633 s_i=0.0205
  leg t_ma20           ic=0.0717 icir=0.346 win=0.592 s_i=0.0147
  leg t_rel_ma5_60     ic=0.0586 icir=0.496 win=0.583 s_i=0.0170
  leg t_rel_ma20_60    ic=0.0510 icir=0.430 win=0.567 s_i=0.0124
  leg t_std10          ic=0.0824 icir=0.455 win=0.642 s_i=0.0241
  leg t_std20          ic=0.0777 icir=0.417 win=0.608 s_i=0.0197
  leg t_std10_60       ic=0.0480 icir=0.522 win=0.600 s_i=0.0150
  leg t_std20_60       ic=0.0409 icir=0.474 win=0.558 s_i=0.0108
  leg v_std10_60       ic=0.0479 icir=0.519 win=0.600 s_i=0.0149
  leg v_std20_60       ic=0.0410 icir=0.473 win=0.558 s_i=0.0108
  leg a_std20_60       ic=0.0441 icir=0.386 win=0.558 s_i=0.0095
  leg v_ma5_60         ic=0.0591 icir=0.495 win=0.558 s_i=0.0163
  leg v_ma20_60        ic=0.0517 icir=0.429 win=0.567 s_i=0.0126
  leg retrev5          ic=0.0497 icir=0.389 win=0.550 s_i=0.0106
  leg retrev10         ic=0.0543 icir=0.362 win=0.558 s_i=0.0110
  leg retrev20         ic=0.0855 icir=0.554 win=0.625 s_i=0.0296
  leg retmom60         ic=0.0753 icir=0.427 win=0.658 s_i=0.0212
  leg cstd20           ic=0.0679 icir=0.309 win=0.558 s_i=0.0117
  leg cstd20_60        ic=0.0383 icir=0.351 win=0.567 s_i=0.0076
  leg retstd20         ic=0.0803 icir=0.377 win=0.633 s_i=0.0192
  leg retstd20_60      ic=0.0327 icir=0.301 win=0.550 s_i=0.0054
  leg maxret20         ic=0.0832 icir=0.492 win=0.675 s_i=0.0277
  leg minret20         ic=0.0453 icir=0.240 win=0.583 s_i=0.0064
  leg hl20             ic=0.0785 icir=0.342 win=0.617 s_i=0.0165
  leg amp20            ic=0.0676 icir=0.334 win=0.650 s_i=0.0147
  leg intr5            ic=0.0595 icir=0.473 win=0.600 s_i=0.0169
  leg intr20           ic=0.0928 icir=0.654 win=0.667 s_i=0.0405
  leg drift5           ic=0.0352 icir=0.277 win=0.492 s_i=0.0048
  leg drift20          ic=0.0239 icir=0.190 win=0.500 s_i=0.0023
  leg closepos20       ic=0.0460 icir=0.342 win=0.525 s_i=0.0083
  leg pvcorr20         ic=0.0534 icir=0.572 win=0.675 s_i=0.0206
  leg vretcorr20       ic=0.0412 icir=0.505 win=0.617 s_i=0.0128
  leg amihud20         ic=0.0703 icir=0.397 win=0.675 s_i=0.0188
  leg amt60            ic=0.0838 icir=0.502 win=0.683 s_i=0.0287
  leg skew20           ic=0.0358 icir=0.487 win=0.542 s_i=0.0094
  leg downup           ic=0.0657 icir=0.585 win=0.658 s_i=0.0253
  leg vdiff            ic=0.0304 icir=0.314 win=0.567 s_i=0.0054
  leg tdiff            ic=0.0305 icir=0.316 win=0.567 s_i=0.0055
K= 1 +intr20           5y s_i=0.0405 (ic 0.0928 icir 0.654 win 0.667) | 1y s_i=0.0075 turn=0.687
K= 2 +amt60            5y s_i=0.0635 (ic 0.1163 icir 0.736 win 0.742) | 1y s_i=0.0310 turn=0.493
K= 3 +maxret20         5y s_i=0.0681 (ic 0.1183 icir 0.759 win 0.758) | 1y s_i=0.0337 turn=0.528
K= 4 +retrev5          5y s_i=0.0742 (ic 0.1187 icir 0.816 win 0.767) | 1y s_i=0.0269 turn=0.662
K= 5 +pvcorr20         5y s_i=0.0743 (ic 0.1177 icir 0.823 win 0.767) | 1y s_i=0.0330 turn=0.656
K= 6 +t_std10_60       5y s_i=0.0759 (ic 0.1166 icir 0.840 win 0.775) | 1y s_i=0.0302 turn=0.666
K= 7 +amihud20         5y s_i=0.0797 (ic 0.1228 icir 0.820 win 0.792) | 1y s_i=0.0355 turn=0.579
stop: no improvement at K=8 (best 0.0774)

selected legs: intr20 + amt60 + maxret20 + retrev5 + pvcorr20 + t_std10_60 + amihud20
wrote /data/games/factor_/research_reports/platform_alignment/legmix-20260928/legmix_results.csv
