seats (552290, 5); signal rows 552290; dates 120
loading full-A frame
frame rows 8584574 instruments 5395 calendar 2107
close panel (2107, 5395)
building TushareStockData
context signal dates 120 2021-09-07..2026-08-10
[   86.1s] market ready
[   86.5s] [seed] E=2.6262 NC=0.628 T=0.292
[   86.5s] panels from cache
[   86.6s] panels ready
/home/minkefu/.conda/envs/ktransformers/lib/python3.11/site-packages/pandas/core/window/rolling.py:611: RuntimeWarning: All-NaN slice encountered
  return func(x, start, end, min_periods, *numba_args)
/data/games/factor_/scripts/e_decomp_direct_20260929.py:242: FutureWarning: The previous implementation of stack is deprecated and will be removed in a future version of pandas. See the What's New notes for pandas 2.1.0 for details. Specify future_stack=True to adopt the new implementation and silence this warning.
  flat = oriented.stack(dropna=False).reindex(market.signal_index)
[  111.9s] [lamd10k5_append] s_i=0.0726 corrSz=-0.41 dE=+0.0901 dT=+0.107 dNC=-0.0145 dC=-287 dComb_up=+1,042
/data/games/factor_/scripts/e_decomp_direct_20260929.py:242: FutureWarning: The previous implementation of stack is deprecated and will be removed in a future version of pandas. See the What's New notes for pandas 2.1.0 for details. Specify future_stack=True to adopt the new implementation and silence this warning.
  flat = oriented.stack(dropna=False).reindex(market.signal_index)
[  116.6s] [lamd10k5_swap_sizeonly] s_i=0.0726 corrSz=-0.41 dE=-0.1367 dT=+0.132 dNC=-0.0712 dC=-1,411 dComb_up=+481
/data/games/factor_/scripts/e_decomp_direct_20260929.py:242: FutureWarning: The previous implementation of stack is deprecated and will be removed in a future version of pandas. See the What's New notes for pandas 2.1.0 for details. Specify future_stack=True to adopt the new implementation and silence this warning.
  flat = oriented.stack(dropna=False).reindex(market.signal_index)
[  121.3s] [lamd10k5_swap_impact60] s_i=0.0726 corrSz=-0.41 dE=+0.1189 dT=+0.151 dNC=-0.0380 dC=-753 dComb_up=+876
/data/games/factor_/scripts/e_decomp_direct_20260929.py:242: FutureWarning: The previous implementation of stack is deprecated and will be removed in a future version of pandas. See the What's New notes for pandas 2.1.0 for details. Specify future_stack=True to adopt the new implementation and silence this warning.
  flat = oriented.stack(dropna=False).reindex(market.signal_index)
[  125.9s] [lamd10k5_swap_t10addbm] s_i=0.0726 corrSz=-0.41 dE=+0.0584 dT=+0.067 dNC=-0.0032 dC=-63 dComb_up=+336
/data/games/factor_/scripts/e_decomp_direct_20260929.py:242: FutureWarning: The previous implementation of stack is deprecated and will be removed in a future version of pandas. See the What's New notes for pandas 2.1.0 for details. Specify future_stack=True to adopt the new implementation and silence this warning.
  flat = oriented.stack(dropna=False).reindex(market.signal_index)
[  130.7s] [lamd10k5_swap_bmminusE] s_i=0.0726 corrSz=-0.41 dE=+0.0487 dT=+0.153 dNC=-0.0452 dC=-894 dComb_up=+644
/data/games/factor_/scripts/e_decomp_direct_20260929.py:242: FutureWarning: The previous implementation of stack is deprecated and will be removed in a future version of pandas. See the What's New notes for pandas 2.1.0 for details. Specify future_stack=True to adopt the new implementation and silence this warning.
  flat = oriented.stack(dropna=False).reindex(market.signal_index)
[  135.3s] [lamd10k5_swap_bmplusF] s_i=0.0726 corrSz=-0.41 dE=+0.2491 dT=+0.156 dNC=-0.0212 dC=-421 dComb_up=+1,086
/data/games/factor_/scripts/e_decomp_direct_20260929.py:242: FutureWarning: The previous implementation of stack is deprecated and will be removed in a future version of pandas. See the What's New notes for pandas 2.1.0 for details. Specify future_stack=True to adopt the new implementation and silence this warning.
  flat = oriented.stack(dropna=False).reindex(market.signal_index)
[  138.7s] [drift20_append] s_i=0.0622 corrSz=-0.41 dE=-0.1464 dT=+0.117 dNC=-0.0259 dC=-513 dComb_up=+558
/data/games/factor_/scripts/e_decomp_direct_20260929.py:242: FutureWarning: The previous implementation of stack is deprecated and will be removed in a future version of pandas. See the What's New notes for pandas 2.1.0 for details. Specify future_stack=True to adopt the new implementation and silence this warning.
  flat = oriented.stack(dropna=False).reindex(market.signal_index)
[  142.0s] [drift20_swap_sizeonly] s_i=0.0622 corrSz=-0.41 dE=-0.4397 dT=+0.150 dNC=-0.0933 dC=-1,848 dComb_up=-266
/data/games/factor_/scripts/e_decomp_direct_20260929.py:242: FutureWarning: The previous implementation of stack is deprecated and will be removed in a future version of pandas. See the What's New notes for pandas 2.1.0 for details. Specify future_stack=True to adopt the new implementation and silence this warning.
  flat = oriented.stack(dropna=False).reindex(market.signal_index)
[  145.3s] [drift20_swap_impact60] s_i=0.0622 corrSz=-0.41 dE=-0.2599 dT=+0.166 dNC=-0.0490 dC=-971 dComb_up=+348
/data/games/factor_/scripts/e_decomp_direct_20260929.py:242: FutureWarning: The previous implementation of stack is deprecated and will be removed in a future version of pandas. See the What's New notes for pandas 2.1.0 for details. Specify future_stack=True to adopt the new implementation and silence this warning.
  flat = oriented.stack(dropna=False).reindex(market.signal_index)
[  148.6s] [drift20_swap_t10addbm] s_i=0.0622 corrSz=-0.41 dE=-0.3357 dT=+0.084 dNC=-0.0166 dC=-328 dComb_up=-239
/data/games/factor_/scripts/e_decomp_direct_20260929.py:242: FutureWarning: The previous implementation of stack is deprecated and will be removed in a future version of pandas. See the What's New notes for pandas 2.1.0 for details. Specify future_stack=True to adopt the new implementation and silence this warning.
  flat = oriented.stack(dropna=False).reindex(market.signal_index)
[  151.9s] [drift20_swap_bmminusE] s_i=0.0622 corrSz=-0.41 dE=-0.1880 dT=+0.170 dNC=-0.0575 dC=-1,138 dComb_up=+90
/data/games/factor_/scripts/e_decomp_direct_20260929.py:242: FutureWarning: The previous implementation of stack is deprecated and will be removed in a future version of pandas. See the What's New notes for pandas 2.1.0 for details. Specify future_stack=True to adopt the new implementation and silence this warning.
  flat = oriented.stack(dropna=False).reindex(market.signal_index)
[  155.2s] [drift20_swap_bmplusF] s_i=0.0622 corrSz=-0.41 dE=-0.0822 dT=+0.175 dNC=-0.0459 dC=-909 dComb_up=+288

== 直接面板候选池级全账（6 席 vs 5 席）==
                  name      base       src  k  n   w  direction                          swap  finite_share  rank_ic  ic_ir   win  s_i_local  corr_size  turn_intrinsic  turn_pool_seed  d_e_mean  d_e_median  d_t_mean  d_nc_mean  d_c_points  d_a_points_local  d_a_points_uplift  d_comb_uplift  d_a_poolrule  d_comb_poolrule  pos_months  months
 lamd10k5_swap_bmplusF composite composite  0  0 1.0          1 book_to_market_lf_plus_impact        0.5642   0.1246 0.7523 0.775     0.0726    -0.4113          0.2239          0.1458    0.2491      0.0405    0.1562    -0.0212   -420.6763         1112.7330          1506.8248      1086.1485      857.1892         436.5129           3      60
       lamd10k5_append composite composite  0  0 1.0          1                          none        0.5642   0.1246 0.7523 0.775     0.0726    -0.4113          0.1995          0.1458    0.0901      0.0029    0.1073    -0.0145   -286.6937          981.3425          1328.9003      1042.2066      857.1892         570.4955           3      60
lamd10k5_swap_impact60 composite composite  0  0 1.0          1                      impact60        0.5642   0.1246 0.7523 0.775     0.0726    -0.4113          0.2210          0.1458    0.1189     -0.0793    0.1505    -0.0380   -752.5535         1202.7130          1628.6726       876.1191      857.1892         104.6357           2      60
lamd10k5_swap_bmminusE composite composite  0  0 1.0          1  book_to_market_lf_minus_size        0.5642   0.1246 0.7523 0.775     0.0726    -0.4113          0.2223          0.1458    0.0487      0.0042    0.1530    -0.0452   -894.4097         1136.0530          1538.4039       643.9942      857.1892         -37.2205           3      60
        drift20_append composite composite  0  0 1.0          1                          none        0.6574   0.1047 0.7674 0.775     0.0622    -0.4094          0.2042          0.1458   -0.1464     -0.0406    0.1168    -0.0259   -512.8626          790.6749          1070.7048       557.8422      666.5216         153.6590           1      60
lamd10k5_swap_sizeonly composite composite  0  0 1.0          1                     size_only        0.5642   0.1246 0.7523 0.775     0.0726    -0.4113          0.2118          0.1458   -0.1367     -0.0742    0.1321    -0.0712  -1410.5468         1397.1930          1892.0307       481.4839      857.1892        -553.3576           2      60
 drift20_swap_impact60 composite composite  0  0 1.0          1                      impact60        0.6574   0.1047 0.7674 0.775     0.0622    -0.4094          0.2290          0.1458   -0.2599     -0.0630    0.1664    -0.0490   -970.9639          973.9119          1318.8380       347.8741      666.5216        -304.4423           1      60
lamd10k5_swap_t10addbm composite composite  0  0 1.0          1       t10_size_plus_impact_bm        0.5642   0.1246 0.7523 0.775     0.0726    -0.4113          0.1792          0.1458    0.0584      0.0060    0.0669    -0.0032    -62.8936          294.3330           398.5757       335.6820      857.1892         794.2956           3      60
  drift20_swap_bmplusF composite composite  0  0 1.0          1 book_to_market_lf_plus_impact        0.6574   0.1047 0.7674 0.775     0.0622    -0.4094          0.2333          0.1458   -0.0822     -0.0232    0.1750    -0.0459   -909.2681          883.9319          1196.9902       287.7221      666.5216        -242.7465           1      60
 drift20_swap_bmminusE composite composite  0  0 1.0          1  book_to_market_lf_minus_size        0.6574   0.1047 0.7674 0.775     0.0622    -0.4094          0.2309          0.1458   -0.1880     -0.0635    0.1702    -0.0575  -1138.1305          907.2519          1228.5693        90.4388      666.5216        -471.6089           1      60
 drift20_swap_t10addbm composite composite  0  0 1.0          1       t10_size_plus_impact_bm        0.6574   0.1047 0.7674 0.775     0.0622    -0.4094          0.1880          0.1458   -0.3357     -0.0528    0.0843    -0.0166   -327.9109           65.5319            88.7411      -239.1698      666.5216         338.6107           2      60
 drift20_swap_sizeonly composite composite  0  0 1.0          1                     size_only        0.6574   0.1047 0.7674 0.775     0.0622    -0.4094          0.2206          0.1458   -0.4397     -0.0800    0.1497    -0.0933  -1847.7071         1168.3919          1582.1961      -265.5110      666.5216       -1181.1855           1      60
[  155.3s] done
