  records=4346 from eff40_s9811
  records=6454 from front_wide_s9841
  records=6532 from net_nosize_s9831
  records=5654 from net_nosize_s9832
  records=8118 from net_wide_s9801
  records=4501 from net_wide_s9802
  records=6152 from net_wide_s9804
  records=4568 from sizeneut_wide_s9821
/data/games/factor_/scripts/relaxed_gp_screen_20260924.py:205: FutureWarning: The behavior of DataFrame concatenation with empty or all-NA entries is deprecated. In a future version, this will no longer exclude empty or all-NA columns when determining the result dtypes. To retain the old behavior, exclude the relevant entries before the concat operation.
  records = pd.concat(frames, ignore_index=True).drop_duplicates(subset=["formula"])
records=42293 healthy=40511
shard 2/8 -> 48 candidates
evaluating pool=48 from record bands
seed pool: {'pool_na': 0.239, 'pool_nc': 1.0, 'pool_comb': 0.4978, 'pool_net': 0.238, 'pool_turnover': 0.143}
/data/games/factor_/scripts/financial_factor_local.py:370: FutureWarning: The behavior of DataFrame concatenation with empty or all-NA entries is deprecated. In a future version, this will no longer exclude empty or all-NA columns when determining the result dtypes. To retain the old behavior, exclude the relevant entries before the concat operation.
  frame = pd.concat(frames, ignore_index=True)
  [2]  le30 net=+0.2195 SiR=0.01294 turn=0.170 S_i=0.0000 net26=+0.1908 neu=+0.0729 corr_size=+1.000 dComb=-7752
  [11] 30_40 net=+0.1612 SiR=0.03509 turn=0.315 S_i=0.0000 net26=+0.1027 neu=+0.0975 corr_size=+0.875 dComb=-4304
  [12] 30_40 net=+0.1557 SiR=0.00748 turn=0.335 S_i=0.0000 net26=+0.2288 neu=+0.0488 corr_size=+0.633 dComb=-5012
  [13] 30_40 net=+0.1480 SiR=0.02972 turn=0.308 S_i=0.0000 net26=+0.0406 neu=+0.0991 corr_size=+0.594 dComb=-2962
  [15] 30_40 net=+0.1398 SiR=0.00751 turn=0.328 S_i=0.0000 net26=+0.1446 neu=+0.0216 corr_size=+0.805 dComb=-6361
  [17]  le30 net=-0.0303 SiR=0.00004 turn=0.045 S_i=0.0001 net26=+0.0037 neu=+0.1188 corr_size=-0.162 dComb=-1578
  [18] 40_60 net=+0.1510 SiR=0.00735 turn=0.401 S_i=0.0000 net26=+0.0750 neu=+0.0307 corr_size=+1.000 dComb=-15474
  [19] 40_60 net=+0.1274 SiR=0.02532 turn=0.401 S_i=0.0000 net26=+0.0865 neu=+0.0751 corr_size=+0.806 dComb=-7512
  [21] 40_60 net=+0.1104 SiR=0.04745 turn=0.566 S_i=0.0000 net26=+0.0559 neu=-0.0107 corr_size=+0.696 dComb=-11859
  [22] 40_60 net=+0.1047 SiR=0.05889 turn=0.425 S_i=0.0000 net26=+0.0737 neu=+0.0623 corr_size=+0.590 dComb=-7341
  [23] 40_60 net=+0.0950 SiR=0.03825 turn=0.419 S_i=0.0181 net26=-0.0130 neu=-0.1331 corr_size=+0.558 dComb=-254
  [24] 40_60 net=+0.0911 SiR=0.00304 turn=0.534 S_i=0.0000 net26=+0.0057 neu=+0.0344 corr_size=+0.277 dComb=-3204
  [25] 40_60 net=+0.0840 SiR=0.01501 turn=0.484 S_i=0.0000 net26=+0.0703 neu=-0.0079 corr_size=+0.789 dComb=-5450
  [26] 40_60 net=+0.0813 SiR=0.00465 turn=0.403 S_i=0.0000 net26=+0.0290 neu=+0.0052 corr_size=+0.671 dComb=-948
  [27] 40_60 net=+0.0741 SiR=0.00497 turn=0.451 S_i=0.0000 net26=+0.0270 neu=-0.0055 corr_size=+0.807 dComb=-5097
  [28] 40_60 net=+0.0689 SiR=0.00096 turn=0.453 S_i=0.0000 net26=+0.0208 neu=+0.0507 corr_size=+0.357 dComb=-6068
  [29]  le30 net=-0.0476 SiR=0.00005 turn=0.068 S_i=0.0001 net26=-0.0406 neu=+0.0749 corr_size=-0.089 dComb=-348
  [30]  le30 net=-0.0623 SiR=0.00035 turn=0.295 S_i=0.0001 net26=-0.0257 neu=+0.0573 corr_size=-0.153 dComb=-4208
  [31] 40_60 net=+0.0559 SiR=0.00003 turn=0.504 S_i=0.0000 net26=-0.0410 neu=-0.0205 corr_size=-0.028 dComb=-518
  [32] 40_60 net=+0.0464 SiR=0.00001 turn=0.455 S_i=0.0000 net26=+0.0045 neu=+0.0485 corr_size=+0.003 dComb=-12120
  [34]  gt60 net=+0.0479 SiR=0.03370 turn=0.659 S_i=0.0000 net26=-0.0496 neu=+0.0083 corr_size=+0.540 dComb=-11440
  [35]  gt60 net=+0.0371 SiR=0.01214 turn=0.745 S_i=0.0000 net26=-0.0774 neu=-0.0129 corr_size=+0.715 dComb=-10831
  [36]  gt60 net=+0.0261 SiR=0.00008 turn=0.643 S_i=0.0000 net26=-0.0062 neu=+0.0012 corr_size=+0.021 dComb=-6638
  [37]  gt60 net=+0.0131 SiR=0.01378 turn=0.719 S_i=0.0000 net26=+0.0179 neu=-0.0164 corr_size=+0.345 dComb=-7814
  [38]  le30 net=-0.0307 SiR=0.00028 turn=0.055 S_i=0.0000 net26=-0.0444 neu=+0.0010 corr_size=-0.034 dComb=-407
  [39]  gt60 net=+0.0028 SiR=0.00001 turn=0.661 S_i=0.0000 net26=-0.0452 neu=-0.0631 corr_size=+0.010 dComb=-1607
  [40]  gt60 net=+0.0007 SiR=0.00010 turn=0.695 S_i=0.0000 net26=-0.0883 neu=-0.0121 corr_size=-0.015 dComb=-13559
  [41]  gt60 net=-0.0032 SiR=0.00034 turn=0.614 S_i=0.0000 net26=-0.1053 neu=-0.0118 corr_size=+0.001 dComb=-2968
/data/games/factor_/scripts/pandaai_fields_local.py:1119: RuntimeWarning: Mean of empty slice
  centered = block - np.nanmean(block, axis=0, keepdims=True)
  [42]  gt60 net=-0.0046 SiR=0.00064 turn=0.624 S_i=0.0000 net26=-0.0115 neu=-0.0603 corr_size=-0.103 dComb=-3460
  [43]  gt60 net=-0.0059 SiR=0.00418 turn=0.604 S_i=0.0002 net26=-0.0440 neu=-0.0826 corr_size=+0.564 dComb=-7570
  [44]  gt60 net=-0.0088 SiR=0.00859 turn=0.650 S_i=0.0000 net26=-0.0695 neu=-0.0301 corr_size=+0.303 dComb=-12397
  [45]  gt60 net=-0.0100 SiR=0.00000 turn=0.689 S_i=0.0000 net26=-0.0768 neu=-0.0109 corr_size=+0.002 dComb=-4326
  [46]  le30 net=-0.0487 SiR=0.00018 turn=0.054 S_i=0.0002 net26=-0.0525 neu=-0.0146 corr_size=-0.041 dComb=-347
  [47]  le30 net=-0.0930 SiR=0.00144 turn=0.168 S_i=0.0004 net26=-0.2212 neu=-0.0134 corr_size=-0.015 dComb=-2776
skipped={'error': 0, 'sparse': 14}

===== le30 (n=7) =====
band     net  turnover  s_i_rank  net_y2026  net_last12  neu_net  corr_size      corr_max_seat_name  delta_points
le30  0.2195    0.1697    0.0129     0.1908      0.0614   0.0729     1.0000               size_only    -7751.5028
le30 -0.0303    0.0449    0.0000     0.0037     -0.0737   0.1188    -0.1620               size_only    -1578.2281
le30 -0.0623    0.2954    0.0004    -0.0257     -0.0749   0.0573    -0.1528               size_only    -4208.4447
le30 -0.0476    0.0675    0.0001    -0.0406     -0.1101   0.0749    -0.0888                impact60     -347.9695
le30 -0.0307    0.0548    0.0003    -0.0444     -0.1029   0.0010    -0.0343 t10_size_plus_impact_bm     -406.5639
le30 -0.0487    0.0538    0.0002    -0.0525     -0.1026  -0.0146    -0.0415                impact60     -347.3409
le30 -0.0930    0.1685    0.0014    -0.2212     -0.3220  -0.0134    -0.0150 t10_size_plus_impact_bm    -2775.5919
    Inv(Greater(a_share_market_val,Log(Sub(Greater(lma20,TsVar(Greater(oper_total_asset_turnover_ttm,net_profit),40)),is_oth
    Sign(Sign(ev_to_ebitda_lyr))
    Sign(SLog1p(TsMax(TsVar(bs_fin_lease_payable,40),20)))

===== 30_40 (n=4) =====
 band    net  turnover  s_i_rank  net_y2026  net_last12  neu_net  corr_size corr_max_seat_name  delta_points
30_40 0.1557    0.3352    0.0075     0.2288      0.1920   0.0488     0.6327          size_only    -5011.7125
30_40 0.1398    0.3281    0.0075     0.1446      0.0853   0.0216     0.8052          size_only    -6360.5850
30_40 0.1612    0.3148    0.0351     0.1027      0.0640   0.0975     0.8752          size_only    -4304.1358
30_40 0.1480    0.3082    0.0297     0.0406      0.0606   0.0991     0.5939           impact60    -2961.6420
    Inv(Sub(market_cap_3,TsDelta(TsVar(TsWMA(bs_accu_depr,10),20),10)))
    Inv(Greater(a_share_market_val,TsMinMaxDiff(bs_inventory,20)))
    Div(Inv(ratio_market_cap_total),amount)

===== 40_60 (n=12) =====
 band    net  turnover  s_i_rank  net_y2026  net_last12  neu_net  corr_size            corr_max_seat_name  delta_points
40_60 0.1047    0.4246    0.0589     0.0737      0.0379   0.0623     0.5905       t10_size_plus_impact_bm    -7341.0968
40_60 0.1274    0.4011    0.0253     0.0865      0.0523   0.0751     0.8063                     size_only    -7511.5986
40_60 0.1104    0.5657    0.0474     0.0559      0.0330  -0.0107     0.6956                      impact60   -11858.6117
40_60 0.1510    0.4015    0.0073     0.0750      0.0158   0.0307     1.0000                     size_only   -15473.5468
40_60 0.0840    0.4843    0.0150     0.0703      0.0524  -0.0079     0.7888                      impact60    -5450.2945
40_60 0.0813    0.4034    0.0047     0.0290      0.0174   0.0052     0.6710                     size_only     -948.0784
40_60 0.0741    0.4510    0.0050     0.0270      0.0267  -0.0055     0.8065                     size_only    -5097.1960
40_60 0.0689    0.4531    0.0010     0.0208      0.0212   0.0507     0.3571                     size_only    -6068.3687
40_60 0.0911    0.5345    0.0030     0.0057     -0.0236   0.0344     0.2772                      impact60    -3203.5339
40_60 0.0950    0.4190    0.0383    -0.0130     -0.0506  -0.1331     0.5584                      impact60     -253.6992
40_60 0.0464    0.4547    0.0000     0.0045      0.0028   0.0485     0.0028 book_to_market_lf_plus_impact   -12119.5104
40_60 0.0559    0.5039    0.0000    -0.0410     -0.0607  -0.0205    -0.0279       t10_size_plus_impact_bm     -518.1126
    Div(Inv(macr1),amount)
    Div(Div(Div(Div(ratio_bm_lyr,bbiboll_down),cal_20d_amt_ma),Ref(rsi6,20)),bs_total_assets)
    Div(Div(Div(Div(Div(Div(ratio_bm_lyr,vma250),cal_20d_amt_ma),cal_20d_amt_ma),TsMinDiff(cal_20d_amt_std,20)),qtyr_5_20),b

===== gt60 (n=11) =====
band     net  turnover  s_i_rank  net_y2026  net_last12  neu_net  corr_size      corr_max_seat_name  delta_points
gt60  0.0131    0.7188    0.0138     0.0179      0.0097  -0.0164     0.3450                impact60    -7813.8873
gt60  0.0261    0.6431    0.0001    -0.0062     -0.0279   0.0012     0.0209                impact60    -6638.4832
gt60 -0.0046    0.6235    0.0006    -0.0115     -0.0725  -0.0603    -0.1025               size_only    -3460.3520
gt60  0.0479    0.6587    0.0337    -0.0496     -0.0509   0.0083     0.5404                impact60   -11440.0015
gt60 -0.0059    0.6044    0.0042    -0.0440     -0.0518  -0.0826     0.5644               size_only    -7570.4201
gt60  0.0028    0.6611    0.0000    -0.0452     -0.0949  -0.0631     0.0105 t10_size_plus_impact_bm    -1606.8016
gt60 -0.0088    0.6497    0.0086    -0.0695     -0.0670  -0.0301     0.3030 t10_size_plus_impact_bm   -12396.6750
gt60  0.0371    0.7454    0.0121    -0.0774     -0.0404  -0.0129     0.7152               size_only   -10831.1036
gt60 -0.0100    0.6891    0.0000    -0.0768     -0.1350  -0.0109     0.0016 t10_size_plus_impact_bm    -4325.8254
gt60  0.0007    0.6948    0.0001    -0.0883     -0.0801  -0.0121    -0.0155                impact60   -13558.8407
gt60 -0.0032    0.6141    0.0003    -0.1053     -0.1914  -0.0118     0.0011 t10_size_plus_impact_bm    -2968.0481
    Div(Div(Div(TsStd(TsStd(TsMinMaxDiff(Ref(ratio_ev_no_cash_lf,50),50),20),10),cal_20d_amt_ma),qtyr_5_20),bs_total_assets)
    Div(Div(Div(Div(ratio_bm_lyr,bbiboll_down),cal_20d_amt_ma),TsDelta(TsMinDiff(TsMinDiff(vol20,30),30),30)),bs_total_asset
    Div(Div(Div(Div(ratio_bm_lyr,bbiboll_down),TsMin(TsCov(accer,ratio_pe_ttm,10),10)),bs_total_assets),bs_total_assets)

wrote /data/games/factor_/research_reports/platform_alignment/relaxed-gp-20260924/screen2/screened_candidates.part02.csv
