  records=4346 from eff40_s9811
  records=6454 from front_wide_s9841
  records=6532 from net_nosize_s9831
  records=5654 from net_nosize_s9832
  records=8118 from net_wide_s9801
  records=4501 from net_wide_s9802
  records=6152 from net_wide_s9804
  records=4568 from sizeneut_wide_s9821
/data/games/factor_/scripts/relaxed_gp_screen_20260924.py:205: FutureWarning: The behavior of DataFrame concatenation with empty or all-NA entries is deprecated. In a future version, this will no longer exclude empty or all-NA columns when determining the result dtypes. To retain the old behavior, exclude the relevant entries before the concat operation.
  records = pd.concat(frames, ignore_index=True).drop_duplicates(subset=["formula"])
records=42293 healthy=40511
shard 0/8 -> 48 candidates
evaluating pool=48 from record bands
seed pool: {'pool_na': 0.239, 'pool_nc': 1.0, 'pool_comb': 0.4978, 'pool_net': 0.238, 'pool_turnover': 0.143}
/data/games/factor_/scripts/financial_factor_local.py:370: FutureWarning: The behavior of DataFrame concatenation with empty or all-NA entries is deprecated. In a future version, this will no longer exclude empty or all-NA columns when determining the result dtypes. To retain the old behavior, exclude the relevant entries before the concat operation.
  frame = pd.concat(frames, ignore_index=True)
  [4]  le30 net=+0.2004 SiR=0.00859 turn=0.109 S_i=0.0000 net26=+0.1166 neu=+0.0545 corr_size=+0.995 dComb=-351
  [11] 30_40 net=+0.1629 SiR=0.01141 turn=0.316 S_i=0.0000 net26=+0.1056 neu=+0.0720 corr_size=+0.887 dComb=-351
  [14]  le30 net=+0.1794 SiR=0.00840 turn=0.201 S_i=0.0000 net26=+0.0816 neu=+0.0519 corr_size=+0.997 dComb=-8241
  [15] 30_40 net=+0.1406 SiR=0.02578 turn=0.341 S_i=0.0000 net26=+0.0756 neu=+0.0915 corr_size=+0.715 dComb=-5920
  [16] 30_40 net=+0.1362 SiR=0.04159 turn=0.311 S_i=0.0000 net26=+0.0370 neu=+0.0920 corr_size=+0.565 dComb=-3956
  [17] 30_40 net=+0.1319 SiR=0.03984 turn=0.313 S_i=0.0000 net26=+0.0560 neu=+0.0941 corr_size=+0.550 dComb=-4127
  [20] 40_60 net=+0.1207 SiR=0.01159 turn=0.406 S_i=0.0000 net26=+0.0544 neu=+0.0203 corr_size=+0.852 dComb=-2777
  [21] 40_60 net=+0.1109 SiR=0.05520 turn=0.412 S_i=0.0257 net26=+0.0655 neu=+0.0634 corr_size=+0.645 dComb=-6147
  [22] 40_60 net=+0.1065 SiR=0.05739 turn=0.411 S_i=0.0312 net26=+0.0607 neu=-0.1081 corr_size=+0.634 dComb=+222
  [24] 40_60 net=+0.0915 SiR=0.02528 turn=0.453 S_i=0.0000 net26=+0.0301 neu=+0.0244 corr_size=+0.785 dComb=-8595
  [25] 40_60 net=+0.0843 SiR=0.00280 turn=0.510 S_i=0.0000 net26=-0.0288 neu=+0.0911 corr_size=+0.105 dComb=-7773
  [26] 40_60 net=+0.0827 SiR=0.02824 turn=0.519 S_i=0.0217 net26=-0.0303 neu=-0.0805 corr_size=+0.851 dComb=-3336
  [27] 40_60 net=+0.0778 SiR=0.00001 turn=0.436 S_i=0.0000 net26=+0.0936 neu=+0.0731 corr_size=+0.022 dComb=+nan
  [28] 40_60 net=+0.0706 SiR=0.02136 turn=0.599 S_i=0.0000 net26=+0.0467 neu=-0.0131 corr_size=+0.653 dComb=-12474
  [29] 40_60 net=+0.0674 SiR=0.00086 turn=0.551 S_i=0.0000 net26=+0.0613 neu=+0.0241 corr_size=-0.005 dComb=-351
  [30] 40_60 net=+0.0624 SiR=0.00842 turn=0.411 S_i=0.0000 net26=+0.0956 neu=+0.0939 corr_size=+0.038 dComb=-8301
  [31] 40_60 net=+0.0574 SiR=0.01433 turn=0.408 S_i=0.0034 net26=+0.0172 neu=-0.1575 corr_size=+0.866 dComb=-289
  [32] 40_60 net=+0.0481 SiR=0.00000 turn=0.486 S_i=0.0000 net26=+0.1288 neu=+0.0356 corr_size=+0.029 dComb=+nan
  [33]  gt60 net=+0.0676 SiR=0.06519 turn=0.674 S_i=0.0015 net26=-0.0010 neu=+0.0167 corr_size=+0.557 dComb=-9397
  [34]  gt60 net=+0.0517 SiR=0.00062 turn=0.661 S_i=0.0000 net26=+0.1089 neu=+0.0258 corr_size=+0.032 dComb=-351
  [35]  gt60 net=+0.0404 SiR=0.00010 turn=0.767 S_i=0.0000 net26=-0.0030 neu=+0.0147 corr_size=-0.119 dComb=-2758
  [36]  gt60 net=+0.0272 SiR=0.00073 turn=0.658 S_i=0.0000 net26=-0.0416 neu=+0.0038 corr_size=+0.506 dComb=-11953
  [37]  gt60 net=+0.0148 SiR=0.00005 turn=0.669 S_i=0.0000 net26=-0.0116 neu=-0.0493 corr_size=+0.175 dComb=-853
  [38]  gt60 net=+0.0134 SiR=0.00000 turn=0.656 S_i=0.0000 net26=-0.0469 neu=+0.0080 corr_size=+0.002 dComb=-351
  [39]  gt60 net=+0.0030 SiR=0.00980 turn=0.643 S_i=0.0000 net26=-0.1186 neu=-0.0085 corr_size=+0.237 dComb=-5967
  [40]  le30 net=-0.0289 SiR=0.00044 turn=0.042 S_i=0.0001 net26=-0.0410 neu=+0.0009 corr_size=-0.018 dComb=-420
  [41] 40_60 net=+0.0736 SiR=0.02864 turn=0.530 S_i=0.0000 net26=+0.0058 neu=-0.0037 corr_size=+0.707 dComb=-9221
  [43]  gt60 net=-0.0060 SiR=0.00020 turn=0.715 S_i=0.0000 net26=-0.0290 neu=-0.0294 corr_size=-0.009 dComb=-1643
  [44]  le30 net=-0.0602 SiR=0.00052 turn=0.055 S_i=0.0004 net26=-0.0474 neu=-0.0111 corr_size=-0.042 dComb=-343
  [45]  gt60 net=-0.0098 SiR=0.00634 turn=0.660 S_i=0.0017 net26=-0.1347 neu=-0.1887 corr_size=+0.635 dComb=-319
  [46]  le30 net=-0.0451 SiR=0.00032 turn=0.077 S_i=0.0002 net26=-0.0477 neu=-0.0182 corr_size=-0.041 dComb=-669
  [47]  gt60 net=-0.0127 SiR=0.00035 turn=0.657 S_i=0.0000 net26=-0.2392 neu=+0.0381 corr_size=-0.051 dComb=-2507
skipped={'error': 0, 'sparse': 16}

===== le30 (n=5) =====
band     net  turnover  s_i_rank  net_y2026  net_last12  neu_net  corr_size            corr_max_seat_name  delta_points
le30  0.2004    0.1088    0.0086     0.1166      0.0594   0.0545     0.9954                     size_only     -350.5583
le30  0.1794    0.2009    0.0084     0.0816      0.0179   0.0519     0.9967                     size_only    -8240.6424
le30 -0.0289    0.0420    0.0004    -0.0410     -0.0939   0.0009    -0.0182 book_to_market_lf_plus_impact     -420.4821
le30 -0.0602    0.0548    0.0005    -0.0474     -0.0982  -0.0111    -0.0421                      impact60     -343.0382
le30 -0.0451    0.0767    0.0003    -0.0477     -0.0970  -0.0182    -0.0410                     size_only     -668.5556
    Inv(Greater(a_share_market_val,TsDiv(TsCorr(Log(oper_total_asset_turnover_lyr),bbiboll_down,20),10)))
    Inv(Greater(a_share_market_val,TsDiv(TsCov(TsMax(mfi,30),net_profit,10),10)))
    Sign(TsMax(book_to_market_ratio_lf,10))

===== 30_40 (n=4) =====
 band    net  turnover  s_i_rank  net_y2026  net_last12  neu_net  corr_size      corr_max_seat_name  delta_points
30_40 0.1629    0.3155    0.0114     0.1056      0.0971   0.0720     0.8866               size_only     -350.5583
30_40 0.1406    0.3409    0.0258     0.0756      0.0702   0.0915     0.7149               size_only    -5919.8185
30_40 0.1319    0.3130    0.0398     0.0560      0.0142   0.0941     0.5497 t10_size_plus_impact_bm    -4126.7520
30_40 0.1362    0.3115    0.0416     0.0370      0.0076   0.0920     0.5648                impact60    -3955.7238
    Div(Div(Div(Div(Div(Div(ratio_bm_lyr,vma250),cal_20d_amt_ma),bs_total_assets),Add(TsIr(hma30,10),TsRank(bs_bond_payable,
    Div(Div(TsMinDiff(ratio_bm_lyr,40),cal_20d_amt_ma),bs_total_assets)
    Div(Div(Div(TsSum(ev_lyr,40),cal_20d_amt_ma),qtyr_5_20),bs_total_assets)

===== 40_60 (n=13) =====
 band    net  turnover  s_i_rank  net_y2026  net_last12  neu_net  corr_size      corr_max_seat_name  delta_points
40_60 0.0481    0.4861    0.0000     0.1288      0.1340   0.0356     0.0294                impact60           NaN
40_60 0.0624    0.4114    0.0084     0.0956      0.0947   0.0939     0.0375 t10_size_plus_impact_bm    -8300.8049
40_60 0.0778    0.4359    0.0000     0.0936      0.1178   0.0731     0.0217                impact60           NaN
40_60 0.1109    0.4115    0.0552     0.0655      0.0223   0.0634     0.6446                impact60    -6146.5928
40_60 0.1065    0.4110    0.0574     0.0607      0.0164  -0.1081     0.6344                impact60      222.0443
40_60 0.0674    0.5514    0.0009     0.0613      0.0770   0.0241    -0.0049 t10_size_plus_impact_bm     -350.5583
40_60 0.1207    0.4064    0.0116     0.0544      0.0342   0.0203     0.8518               size_only    -2777.4661
40_60 0.0706    0.5991    0.0214     0.0467      0.0176  -0.0131     0.6527               size_only   -12474.1262
40_60 0.0915    0.4531    0.0253     0.0301     -0.0089   0.0244     0.7851               size_only    -8595.0170
40_60 0.0574    0.4084    0.0143     0.0172     -0.0420  -0.1575     0.8656               size_only     -288.7688
40_60 0.0736    0.5300    0.0286     0.0058     -0.0425  -0.0037     0.7071               size_only    -9220.7750
40_60 0.0827    0.5189    0.0282    -0.0303     -0.0724  -0.0805     0.8508               size_only    -3335.6605
40_60 0.0843    0.5100    0.0028    -0.0288     -0.0120   0.0911     0.1049                impact60    -7773.0257
    Div(Div(Div(Div(Div(TsSkew(oper_total_asset_turnover_ttm,50),cal_20d_amt_ma),bs_total_assets),cal_20d_amt_ma),qtyr_5_20)
    Div(Div(Div(TsDelta(TsSum(book_to_market_ratio_lf,10),40),bbiboll_down),cal_20d_amt_ma),bs_total_assets)
    Div(Div(Div(Div(Div(Div(TsSkew(TsMinMaxDiff(ratio_bm_ttm,40),50),vma250),cal_20d_amt_ma),bs_total_assets),cal_20d_amt_ma

===== gt60 (n=10) =====
band     net  turnover  s_i_rank  net_y2026  net_last12  neu_net  corr_size      corr_max_seat_name  delta_points
gt60  0.0517    0.6608    0.0006     0.1089      0.0989   0.0258     0.0321               size_only     -350.5583
gt60  0.0676    0.6744    0.0652    -0.0010     -0.0411   0.0167     0.5569 t10_size_plus_impact_bm    -9397.0133
gt60  0.0404    0.7667    0.0001    -0.0030      0.0067   0.0147    -0.1186                impact60    -2758.4006
gt60  0.0148    0.6690    0.0000    -0.0116      0.0093  -0.0493     0.1754               size_only     -852.7623
gt60 -0.0060    0.7148    0.0002    -0.0290     -0.0673  -0.0294    -0.0087 t10_size_plus_impact_bm    -1642.8014
gt60  0.0272    0.6582    0.0007    -0.0416     -0.0676   0.0038     0.5062               size_only   -11952.9180
gt60  0.0134    0.6561    0.0000    -0.0469     -0.0264   0.0080     0.0015 t10_size_plus_impact_bm     -350.5583
gt60  0.0030    0.6428    0.0098    -0.1186     -0.1245  -0.0085     0.2373               size_only    -5966.9331
gt60 -0.0098    0.6603    0.0063    -0.1347     -0.1038  -0.1887     0.6347               size_only     -318.6088
gt60 -0.0127    0.6574    0.0003    -0.2392     -0.3372   0.0381    -0.0510 t10_size_plus_impact_bm    -2506.8638
    Div(Div(Div(Div(Div(Div(ratio_bm_lyr,TsSkew(dpo,30)),cal_20d_amt_ma),bs_total_assets),cal_20d_amt_ma),qtyr_5_20),bs_tota
    Inv(TsMinDiff(amount,40))
    Div(Div(Div(TsPctChange(TsIr(TsDelta(TsSkew(kdj_j,30),40),50),10),cal_20d_amt_ma),qtyr_5_20),bs_total_assets)

wrote /data/games/factor_/research_reports/platform_alignment/relaxed-gp-20260924/screen2/screened_candidates.part00.csv
