  records=4346 from eff40_s9811
  records=6454 from front_wide_s9841
  records=6532 from net_nosize_s9831
  records=5654 from net_nosize_s9832
  records=8118 from net_wide_s9801
  records=4501 from net_wide_s9802
  records=6152 from net_wide_s9804
  records=4568 from sizeneut_wide_s9821
/data/games/factor_/scripts/relaxed_gp_screen_20260924.py:205: FutureWarning: The behavior of DataFrame concatenation with empty or all-NA entries is deprecated. In a future version, this will no longer exclude empty or all-NA columns when determining the result dtypes. To retain the old behavior, exclude the relevant entries before the concat operation.
  records = pd.concat(frames, ignore_index=True).drop_duplicates(subset=["formula"])
records=42293 healthy=40511
shard 1/8 -> 48 candidates
evaluating pool=48 from record bands
seed pool: {'pool_na': 0.239, 'pool_nc': 1.0, 'pool_comb': 0.4978, 'pool_net': 0.238, 'pool_turnover': 0.143}
/data/games/factor_/scripts/financial_factor_local.py:370: FutureWarning: The behavior of DataFrame concatenation with empty or all-NA entries is deprecated. In a future version, this will no longer exclude empty or all-NA columns when determining the result dtypes. To retain the old behavior, exclude the relevant entries before the concat operation.
  frame = pd.concat(frames, ignore_index=True)
  [4]  le30 net=+0.1941 SiR=0.00897 turn=0.132 S_i=0.0000 net26=+0.1478 neu=+0.0483 corr_size=+0.993 dComb=-3932
  [12] 30_40 net=+0.1561 SiR=0.00756 turn=0.345 S_i=0.0000 net26=+0.2140 neu=+0.0204 corr_size=+0.836 dComb=-5331
  [14] 30_40 net=+0.1440 SiR=0.01681 turn=0.342 S_i=0.0000 net26=+0.1101 neu=+0.0765 corr_size=+0.816 dComb=-2713
  [15] 30_40 net=+0.1402 SiR=0.05001 turn=0.340 S_i=0.0000 net26=+0.0921 neu=+0.0859 corr_size=+0.664 dComb=-4727
  [17]  le30 net=-0.0303 SiR=0.00004 turn=0.045 S_i=0.0001 net26=+0.0037 neu=+0.1188 corr_size=-0.162 dComb=-1578
  [19] 40_60 net=+0.1289 SiR=0.01180 turn=0.427 S_i=0.0000 net26=+0.0357 neu=+0.0251 corr_size=+0.854 dComb=-5755
  [20] 40_60 net=+0.1182 SiR=0.02461 turn=0.531 S_i=0.0000 net26=-0.0443 neu=+0.0087 corr_size=+0.805 dComb=-16088
  [21] 40_60 net=+0.1009 SiR=0.00656 turn=0.430 S_i=0.0000 net26=+0.0315 neu=-0.0050 corr_size=+0.812 dComb=-351
  [22] 40_60 net=+0.1049 SiR=0.00696 turn=0.453 S_i=0.0000 net26=+0.1013 neu=+0.0247 corr_size=+0.478 dComb=-2384
  [24] 40_60 net=+0.0915 SiR=0.00519 turn=0.414 S_i=0.0000 net26=-0.0216 neu=+0.0048 corr_size=+0.871 dComb=-12051
  [25] 40_60 net=+0.0842 SiR=0.01289 turn=0.547 S_i=0.0000 net26=+0.0066 neu=+0.0185 corr_size=+0.506 dComb=-2415
  [26] 40_60 net=+0.0823 SiR=0.00270 turn=0.481 S_i=0.0000 net26=+0.0799 neu=+0.0179 corr_size=+0.677 dComb=-8859
  [27] 40_60 net=+0.0762 SiR=0.01495 turn=0.438 S_i=0.0000 net26=+0.0394 neu=+0.0371 corr_size=+0.267 dComb=-4062
  [28]  le30 net=-0.0474 SiR=0.00004 turn=0.067 S_i=0.0001 net26=-0.0458 neu=+0.0775 corr_size=-0.087 dComb=-348
  [29] 40_60 net=+0.0654 SiR=0.00601 turn=0.448 S_i=0.0000 net26=+0.0275 neu=-0.0595 corr_size=+0.829 dComb=-351
  [30] 40_60 net=-0.0694 SiR=0.00000 turn=0.544 S_i=0.0000 net26=+0.0007 neu=+0.0615 corr_size=-0.118 dComb=-3206
  [31] 40_60 net=+0.0572 SiR=0.00181 turn=0.522 S_i=0.0000 net26=+0.0431 neu=+0.0056 corr_size=+0.319 dComb=-351
  [32] 40_60 net=+0.0536 SiR=0.00222 turn=0.492 S_i=0.0000 net26=-0.0978 neu=-0.0013 corr_size=+0.677 dComb=-8809
  [33]  gt60 net=+0.0661 SiR=0.00127 turn=0.657 S_i=0.0000 net26=+0.1375 neu=+0.0563 corr_size=+0.070 dComb=-4915
  [34]  gt60 net=+0.0483 SiR=0.01145 turn=0.614 S_i=0.0000 net26=+0.0532 neu=-0.0025 corr_size=+0.214 dComb=-3350
  [35]  gt60 net=+0.0390 SiR=0.01927 turn=0.634 S_i=0.0000 net26=-0.0346 neu=-0.0087 corr_size=+0.239 dComb=-9379
  [36]  gt60 net=+0.0264 SiR=0.00014 turn=0.616 S_i=0.0000 net26=+0.0037 neu=+0.0443 corr_size=-0.001 dComb=-6941
  [37]  gt60 net=+0.0150 SiR=0.00074 turn=0.675 S_i=0.0000 net26=-0.0135 neu=+0.0410 corr_size=-0.006 dComb=-2934
  [38]  gt60 net=+0.0078 SiR=0.00000 turn=0.781 S_i=0.0000 net26=-0.0100 neu=-0.0086 corr_size=-0.012 dComb=-3027
  [39] 30_40 net=-0.0665 SiR=0.00009 turn=0.382 S_i=0.0000 net26=-0.1484 neu=-0.0024 corr_size=-0.068 dComb=-5107
  [40]  gt60 net=+0.0010 SiR=0.00149 turn=0.660 S_i=0.0000 net26=-0.0292 neu=+0.0164 corr_size=-0.113 dComb=-8483
  [43]  gt60 net=-0.0068 SiR=0.00018 turn=0.740 S_i=0.0000 net26=-0.0634 neu=-0.0055 corr_size=+0.008 dComb=-14016
  [44] 30_40 net=-0.0415 SiR=0.00008 turn=0.354 S_i=0.0000 net26=-0.1565 neu=-0.0104 corr_size=-0.081 dComb=-5489
  [45]  gt60 net=-0.0100 SiR=0.01437 turn=0.609 S_i=0.0025 net26=-0.0198 neu=-0.0408 corr_size=+0.030 dComb=-3184
  [46]  gt60 net=-0.0113 SiR=0.00002 turn=0.756 S_i=0.0000 net26=-0.0871 neu=-0.0040 corr_size=-0.004 dComb=-2744
  [47]  gt60 net=-0.0133 SiR=0.00034 turn=0.689 S_i=0.0000 net26=-0.1142 neu=+0.0260 corr_size=-0.003 dComb=-351
skipped={'error': 0, 'sparse': 17}

===== le30 (n=3) =====
band     net  turnover  s_i_rank  net_y2026  net_last12  neu_net  corr_size corr_max_seat_name  delta_points
le30  0.1941    0.1323     0.009     0.1478      0.0793   0.0483     0.9935          size_only    -3931.7517
le30 -0.0303    0.0449     0.000     0.0037     -0.0737   0.1188    -0.1620          size_only    -1578.2281
le30 -0.0474    0.0667     0.000    -0.0458     -0.1209   0.0775    -0.0871           impact60     -348.3825
    Inv(Greater(a_share_market_val,TsDiv(TsCov(oper_total_asset_turnover_ttm,TsVar(mdd60,50),10),10)))
    Sign(ev_to_ebitda_lyr)
    Sign(TsVar(vol250,30))

===== 30_40 (n=5) =====
 band     net  turnover  s_i_rank  net_y2026  net_last12  neu_net  corr_size corr_max_seat_name  delta_points
30_40  0.1561    0.3453    0.0076     0.2140      0.1737   0.0204     0.8361          size_only    -5331.2911
30_40  0.1440    0.3416    0.0168     0.1101      0.1002   0.0765     0.8158           impact60    -2713.1530
30_40  0.1402    0.3399    0.0500     0.0921      0.0557   0.0859     0.6637           impact60    -4727.2506
30_40 -0.0665    0.3821    0.0001    -0.1484     -0.2360  -0.0024    -0.0678          size_only    -5107.1129
30_40 -0.0415    0.3543    0.0001    -0.1565     -0.2593  -0.0104    -0.0811          size_only    -5489.0624
    Inv(Greater(a_share_market_val,Ref(TsVar(is_oth_affecting_tp,20),10)))
    Div(Div(Div(TsDiv(adxr,30),cal_20d_amt_ma),qtyr_5_20),bs_total_assets)
    Inv(Sub(TsMed(amount,10),TsStd(TsMed(TsStd(vol250,30),40),30)))

===== 40_60 (n=12) =====
 band     net  turnover  s_i_rank  net_y2026  net_last12  neu_net  corr_size      corr_max_seat_name  delta_points
40_60  0.1049    0.4533    0.0070     0.1013      0.0783   0.0247     0.4777                impact60    -2383.7749
40_60  0.0823    0.4813    0.0027     0.0799      0.0055   0.0179     0.6770               size_only    -8858.9839
40_60  0.0762    0.4381    0.0150     0.0394     -0.0246   0.0371     0.2671 t10_size_plus_impact_bm    -4062.0753
40_60  0.0572    0.5221    0.0018     0.0431      0.0583   0.0056     0.3187               size_only     -350.5583
40_60  0.1289    0.4268    0.0118     0.0357      0.0560   0.0251     0.8537               size_only    -5754.8012
40_60  0.1009    0.4300    0.0066     0.0315      0.0326  -0.0050     0.8120               size_only     -350.5583
40_60  0.0654    0.4476    0.0060     0.0275      0.0236  -0.0595     0.8290               size_only     -350.5583
40_60  0.0842    0.5465    0.0129     0.0066     -0.0191   0.0185     0.5060               size_only    -2415.3839
40_60 -0.0694    0.5435    0.0000     0.0007     -0.0719   0.0615    -0.1181               size_only    -3206.1514
40_60  0.0915    0.4144    0.0052    -0.0216     -0.0364   0.0048     0.8707               size_only   -12050.5185
40_60  0.1182    0.5312    0.0246    -0.0443     -0.0809   0.0087     0.8046               size_only   -16088.1544
40_60  0.0536    0.4921    0.0022    -0.0978     -0.0715  -0.0013     0.6767               size_only    -8808.9534
    Div(Div(Div(Div(davol5,cal_30d_ret_vol_corr),cal_20d_amt_ma),amount),bs_total_assets)
    Inv(Greater(a_share_market_val,TsStd(TsDelta(cfs_fix_asset_depr,40),30)))
    Div(Div(Div(Sign(ev_no_cash_ttm),Log(is_biz_tax_surchg)),cal_20d_amt_ma),TsStd(TsMax(TsMinDiff(udl,10),40),40))

===== gt60 (n=11) =====
band     net  turnover  s_i_rank  net_y2026  net_last12  neu_net  corr_size            corr_max_seat_name  delta_points
gt60  0.0661    0.6573    0.0013     0.1375      0.1396   0.0563     0.0700       t10_size_plus_impact_bm    -4915.3143
gt60  0.0483    0.6144    0.0115     0.0532      0.0153  -0.0025     0.2136       t10_size_plus_impact_bm    -3350.4635
gt60  0.0264    0.6158    0.0001     0.0037      0.0102   0.0443    -0.0007       t10_size_plus_impact_bm    -6941.4168
gt60  0.0078    0.7814    0.0000    -0.0100     -0.0192  -0.0086    -0.0122                      impact60    -3026.7097
gt60 -0.0100    0.6090    0.0144    -0.0198     -0.0504  -0.0408     0.0296       t10_size_plus_impact_bm    -3184.0913
gt60  0.0150    0.6746    0.0007    -0.0135     -0.0313   0.0410    -0.0062       t10_size_plus_impact_bm    -2934.1670
gt60  0.0390    0.6338    0.0193    -0.0346     -0.0819  -0.0087     0.2387       t10_size_plus_impact_bm    -9379.4413
gt60  0.0010    0.6596    0.0015    -0.0292      0.0036   0.0164    -0.1132 book_to_market_lf_plus_impact    -8482.7317
gt60 -0.0068    0.7397    0.0002    -0.0634     -0.0548  -0.0055     0.0082                     size_only   -14016.1679
gt60 -0.0113    0.7555    0.0000    -0.0871     -0.0977  -0.0040    -0.0037  book_to_market_lf_minus_size    -2744.1773
gt60 -0.0133    0.6891    0.0003    -0.1142     -0.1683   0.0260    -0.0032       t10_size_plus_impact_bm     -350.5583
    Div(Div(Div(TsSkew(macr2,10),cal_20d_amt_ma),cal_20d_amt_ma),bs_total_assets)
    Div(Div(Div(Sign(ev_no_cash_ttm),cal_30d_price_vol_corr),Log(is_biz_tax_surchg)),cal_20d_amt_ma)
    Div(Div(Div(TsSkew(matrix,40),cal_20d_amt_ma),qtyr_5_20),bs_total_assets)

wrote /data/games/factor_/research_reports/platform_alignment/relaxed-gp-20260924/screen2/screened_candidates.part01.csv
