  records=4346 from eff40_s9811
  records=6454 from front_wide_s9841
  records=6532 from net_nosize_s9831
  records=5654 from net_nosize_s9832
  records=8118 from net_wide_s9801
  records=4501 from net_wide_s9802
  records=6152 from net_wide_s9804
  records=4568 from sizeneut_wide_s9821
/data/games/factor_/scripts/relaxed_gp_screen_20260924.py:205: FutureWarning: The behavior of DataFrame concatenation with empty or all-NA entries is deprecated. In a future version, this will no longer exclude empty or all-NA columns when determining the result dtypes. To retain the old behavior, exclude the relevant entries before the concat operation.
  records = pd.concat(frames, ignore_index=True).drop_duplicates(subset=["formula"])
records=42293 healthy=40511
shard 4/8 -> 47 candidates
evaluating pool=47 from record bands
seed pool: {'pool_na': 0.239, 'pool_nc': 1.0, 'pool_comb': 0.4978, 'pool_net': 0.238, 'pool_turnover': 0.143}
/data/games/factor_/scripts/financial_factor_local.py:370: FutureWarning: The behavior of DataFrame concatenation with empty or all-NA entries is deprecated. In a future version, this will no longer exclude empty or all-NA columns when determining the result dtypes. To retain the old behavior, exclude the relevant entries before the concat operation.
  frame = pd.concat(frames, ignore_index=True)
  [1]  le30 net=+0.2162 SiR=0.00976 turn=0.111 S_i=0.0000 net26=+0.1352 neu=+0.0808 corr_size=+0.993 dComb=-351
  [2]  le30 net=+0.2144 SiR=0.00975 turn=0.108 S_i=0.0000 net26=+0.1307 neu=+0.0638 corr_size=+0.993 dComb=-351
  [3]  le30 net=+0.2136 SiR=0.00957 turn=0.110 S_i=0.0000 net26=+0.1361 neu=+0.0683 corr_size=+0.992 dComb=-351
  [11] 30_40 net=+0.1603 SiR=0.00586 turn=0.336 S_i=0.0000 net26=+0.1304 neu=+0.0981 corr_size=+0.646 dComb=-8623
  [13] 30_40 net=+0.1472 SiR=0.05317 turn=0.331 S_i=0.0000 net26=+0.0769 neu=+0.0955 corr_size=+0.651 dComb=-4513
  [14] 30_40 net=+0.1430 SiR=0.01908 turn=0.320 S_i=0.0000 net26=+0.0582 neu=+0.0811 corr_size=+0.803 dComb=-2727
  [15] 30_40 net=+0.1382 SiR=0.00633 turn=0.342 S_i=0.0000 net26=+0.2084 neu=+0.0431 corr_size=+0.770 dComb=-5992
  [16] 30_40 net=+0.1339 SiR=0.00542 turn=0.399 S_i=0.0000 net26=+0.0738 neu=+0.0543 corr_size=+0.610 dComb=-2855
  [17] 30_40 net=+0.1315 SiR=0.00376 turn=0.311 S_i=0.0000 net26=+0.1235 neu=-0.0195 corr_size=+0.616 dComb=-2494
  [18] 40_60 net=+0.1446 SiR=0.01954 turn=0.554 S_i=0.0000 net26=+0.1107 neu=+0.0892 corr_size=+0.848 dComb=-16431
  [20] 40_60 net=+0.1165 SiR=0.00478 turn=0.424 S_i=0.0000 net26=+0.0695 neu=+0.0837 corr_size=+0.335 dComb=-8207
  [21] 40_60 net=+0.1091 SiR=0.05693 turn=0.423 S_i=0.0312 net26=+0.0695 neu=-0.1033 corr_size=+0.640 dComb=+222
  [23] 40_60 net=+0.0935 SiR=0.01377 turn=0.405 S_i=0.0000 net26=+0.0792 neu=-0.0387 corr_size=+0.718 dComb=-8286
  [25] 40_60 net=+0.0836 SiR=0.00889 turn=0.400 S_i=0.0000 net26=+0.0603 neu=+0.0375 corr_size=+0.457 dComb=-3244
  [26] 40_60 net=+0.0800 SiR=0.00136 turn=0.542 S_i=0.0000 net26=+0.0357 neu=+0.0369 corr_size=-0.007 dComb=+nan
  [27] 40_60 net=+0.0723 SiR=0.01169 turn=0.490 S_i=0.0000 net26=-0.0285 neu=+0.0098 corr_size=+0.726 dComb=-8756
  [28] 40_60 net=+0.0680 SiR=0.00802 turn=0.519 S_i=0.0000 net26=+0.0452 neu=-0.0017 corr_size=+0.742 dComb=-5599
  [29] 40_60 net=+0.0637 SiR=0.00035 turn=0.423 S_i=0.0000 net26=+0.0029 neu=+0.0700 corr_size=+0.028 dComb=-5282
  [30] 40_60 net=+0.0585 SiR=0.03883 turn=0.539 S_i=0.0000 net26=-0.0002 neu=+0.0207 corr_size=+0.493 dComb=-8856
  [31]  le30 net=-0.0324 SiR=0.00019 turn=0.137 S_i=0.0001 net26=+0.0331 neu=+0.0551 corr_size=-0.106 dComb=-1018
  [33]  gt60 net=+0.0538 SiR=0.00170 turn=0.731 S_i=0.0000 net26=+0.0464 neu=-0.0261 corr_size=+0.159 dComb=-1107
  [34]  le30 net=-0.0326 SiR=0.00026 turn=0.057 S_i=0.0001 net26=-0.0382 neu=+0.0378 corr_size=-0.032 dComb=-453
  [35]  gt60 net=+0.0343 SiR=0.02276 turn=0.706 S_i=0.0000 net26=-0.0634 neu=+0.0099 corr_size=+0.330 dComb=-11820
  [37]  gt60 net=+0.0125 SiR=0.00820 turn=0.609 S_i=0.0024 net26=-0.1076 neu=-0.1957 corr_size=+0.653 dComb=-306
  [38]  le30 net=-0.0310 SiR=0.00028 turn=0.052 S_i=0.0000 net26=-0.0409 neu=+0.0073 corr_size=-0.034 dComb=-402
  [39]  gt60 net=+0.0023 SiR=0.00029 turn=0.719 S_i=0.0000 net26=-0.0469 neu=-0.0681 corr_size=+0.078 dComb=-1649
  [40]  gt60 net=-0.0003 SiR=0.00000 turn=0.659 S_i=0.0000 net26=-0.0364 neu=+0.0404 corr_size=-0.123 dComb=-700
  [41]  le30 net=-0.0595 SiR=0.00056 turn=0.056 S_i=0.0004 net26=-0.0476 neu=-0.0087 corr_size=-0.045 dComb=-343
  [43]  gt60 net=-0.0067 SiR=0.02433 turn=0.603 S_i=0.0147 net26=-0.0367 neu=-0.0268 corr_size=+0.007 dComb=-5687
  [45]  le30 net=-0.0308 SiR=0.00025 turn=0.054 S_i=0.0000 net26=-0.0419 neu=-0.0059 corr_size=-0.036 dComb=-354
  [46]  gt60 net=-0.0120 SiR=0.01471 turn=0.712 S_i=0.0000 net26=-0.0694 neu=-0.0305 corr_size=+0.327 dComb=-13495
skipped={'error': 0, 'sparse': 16}

===== le30 (n=8) =====
band     net  turnover  s_i_rank  net_y2026  net_last12  neu_net  corr_size            corr_max_seat_name  delta_points
le30  0.2136    0.1103    0.0096     0.1361      0.0778   0.0683     0.9916                     size_only     -350.5583
le30  0.2162    0.1110    0.0098     0.1352      0.0703   0.0808     0.9935                     size_only     -350.5583
le30  0.2144    0.1083    0.0097     0.1307      0.0685   0.0638     0.9931                     size_only     -350.5583
le30 -0.0324    0.1369    0.0002     0.0331      0.0008   0.0551    -0.1057 book_to_market_lf_plus_impact    -1017.9062
le30 -0.0326    0.0572    0.0003    -0.0382     -0.1003   0.0378    -0.0316       t10_size_plus_impact_bm     -452.6442
le30 -0.0310    0.0524    0.0003    -0.0409     -0.1002   0.0073    -0.0336       t10_size_plus_impact_bm     -401.8309
le30 -0.0308    0.0543    0.0002    -0.0419     -0.1002  -0.0059    -0.0364       t10_size_plus_impact_bm     -353.5026
le30 -0.0595    0.0561    0.0006    -0.0476     -0.0973  -0.0087    -0.0449                      impact60     -343.0070
    Inv(Greater(a_share_market_val,TsDiv(TsCov(Log(oper_total_asset_turnover_lyr),TsStd(madpo,20),10),10)))
    Inv(Greater(a_share_market_val,TsDiv(TsCov(Log(oper_total_asset_turnover_lyr),TsPctChange(TsRank(Greater(Less(book_to_ma
    Inv(Greater(a_share_market_val,TsDiv(TsCov(Log(oper_total_asset_turnover_lyr),TsSkew(marsi6,30),10),10)))

===== 30_40 (n=6) =====
 band    net  turnover  s_i_rank  net_y2026  net_last12  neu_net  corr_size corr_max_seat_name  delta_points
30_40 0.1382    0.3421    0.0063     0.2084      0.1642   0.0431     0.7695          size_only    -5992.3761
30_40 0.1603    0.3357    0.0059     0.1304      0.0792   0.0981     0.6457          size_only    -8622.8078
30_40 0.1315    0.3105    0.0038     0.1235      0.0791  -0.0195     0.6163          size_only    -2494.0047
30_40 0.1472    0.3314    0.0532     0.0769      0.0451   0.0955     0.6510           impact60    -4513.2693
30_40 0.1339    0.3988    0.0054     0.0738      0.0573   0.0543     0.6096          size_only    -2855.2747
30_40 0.1430    0.3197    0.0191     0.0582      0.0419   0.0811     0.8027          size_only    -2726.8420
    Inv(Greater(a_share_market_val,TsMad(ratio_ev_no_cash_ttm,30)))
    Inv(Greater(a_share_market_val,TsCov(TsSum(TsMax(ratio_ev_no_cash_ttm,20),20),TsDiv(TsIr(ema30,10),10),30)))
    Inv(Sub(a_share_market_val,TsStd(TsMin(lease_liabilities,50),30)))

===== 40_60 (n=10) =====
 band    net  turnover  s_i_rank  net_y2026  net_last12  neu_net  corr_size      corr_max_seat_name  delta_points
40_60 0.1446    0.5536    0.0195     0.1107      0.0811   0.0892     0.8485               size_only   -16431.2116
40_60 0.1091    0.4226    0.0569     0.0695      0.0225  -0.1033     0.6402                impact60      222.0198
40_60 0.0935    0.4054    0.0138     0.0792      0.0876  -0.0387     0.7175               size_only    -8285.9655
40_60 0.1165    0.4242    0.0048     0.0695      0.0531   0.0837     0.3350               size_only    -8206.6799
40_60 0.0836    0.4003    0.0089     0.0603      0.0436   0.0375     0.4572                impact60    -3244.0560
40_60 0.0680    0.5192    0.0080     0.0452      0.0287  -0.0017     0.7420                impact60    -5599.0949
40_60 0.0800    0.5420    0.0014     0.0357      0.0095   0.0369    -0.0068 t10_size_plus_impact_bm           NaN
40_60 0.0585    0.5390    0.0388    -0.0002     -0.0309   0.0207     0.4928 t10_size_plus_impact_bm    -8856.0796
40_60 0.0637    0.4232    0.0003     0.0029      0.0102   0.0700     0.0279 t10_size_plus_impact_bm    -5281.5816
40_60 0.0723    0.4901    0.0117    -0.0285     -0.0337   0.0098     0.7262               size_only    -8756.0905
    Div(Div(Div(Div(Div(Div(ratio_bm_lyr,lma3),cal_5d_max_high_idx),bs_total_assets),cal_20d_vol_std),qtyr_5_20),bs_total_as
    Sub(Inv(trix),amount)
    Div(Div(Div(Div(ratio_bm_lyr,TsMinDiff(ratio_peg_ttm,40)),cal_20d_amt_ma),bs_total_assets),bs_total_assets)

===== gt60 (n=7) =====
band     net  turnover  s_i_rank  net_y2026  net_last12  neu_net  corr_size      corr_max_seat_name  delta_points
gt60  0.0538    0.7307    0.0017     0.0464      0.0636  -0.0261     0.1591                impact60    -1107.2505
gt60 -0.0067    0.6031    0.0243    -0.0367     -0.0083  -0.0268     0.0066 t10_size_plus_impact_bm    -5687.2196
gt60 -0.0003    0.6591    0.0000    -0.0364      0.0025   0.0404    -0.1231                impact60     -700.4501
gt60  0.0023    0.7186    0.0003    -0.0469     -0.0436  -0.0681     0.0775 t10_size_plus_impact_bm    -1649.3764
gt60  0.0343    0.7060    0.0228    -0.0634     -0.1141   0.0099     0.3303                impact60   -11820.2966
gt60 -0.0120    0.7123    0.0147    -0.0694     -0.0816  -0.0305     0.3270                impact60   -13494.8295
gt60  0.0125    0.6088    0.0082    -0.1076     -0.0812  -0.1957     0.6532               size_only     -306.0798
    Div(Div(Div(Div(ratio_bm_lyr,TsDiv(osc,20)),cal_20d_amt_ma),qtyr_5_20),bs_total_assets)
    TsPctChange(book_to_market_ratio_lyr,30)
    Div(Div(Div(Div(TsCov(Div(ratio_bm_lyr,cal_20d_vol_std),ema10,10),oper_roe_lyr),cal_20d_amt_ma),oper_roe_adj_ttm),bs_tot

wrote /data/games/factor_/research_reports/platform_alignment/relaxed-gp-20260924/screen2/screened_candidates.part04.csv
