  records=4346 from eff40_s9811
  records=6454 from front_wide_s9841
  records=6532 from net_nosize_s9831
  records=5654 from net_nosize_s9832
  records=8118 from net_wide_s9801
  records=4501 from net_wide_s9802
  records=6152 from net_wide_s9804
  records=4568 from sizeneut_wide_s9821
/data/games/factor_/scripts/relaxed_gp_screen_20260924.py:205: FutureWarning: The behavior of DataFrame concatenation with empty or all-NA entries is deprecated. In a future version, this will no longer exclude empty or all-NA columns when determining the result dtypes. To retain the old behavior, exclude the relevant entries before the concat operation.
  records = pd.concat(frames, ignore_index=True).drop_duplicates(subset=["formula"])
records=42293 healthy=40511
shard 6/8 -> 47 candidates
evaluating pool=47 from record bands
seed pool: {'pool_na': 0.239, 'pool_nc': 1.0, 'pool_comb': 0.4978, 'pool_net': 0.238, 'pool_turnover': 0.143}
/data/games/factor_/scripts/financial_factor_local.py:370: FutureWarning: The behavior of DataFrame concatenation with empty or all-NA entries is deprecated. In a future version, this will no longer exclude empty or all-NA columns when determining the result dtypes. To retain the old behavior, exclude the relevant entries before the concat operation.
  frame = pd.concat(frames, ignore_index=True)
  [1]  le30 net=+0.2074 SiR=0.00859 turn=0.134 S_i=0.0000 net26=+0.1268 neu=+0.0579 corr_size=+0.993 dComb=-3304
  [3]  le30 net=+0.2153 SiR=0.00822 turn=0.092 S_i=0.0000 net26=+0.1226 neu=+0.0516 corr_size=+0.999 dComb=-351
  [11] 30_40 net=+0.1592 SiR=0.00841 turn=0.344 S_i=0.0000 net26=+0.0727 neu=-0.0303 corr_size=+0.941 dComb=-4471
  [12] 30_40 net=+0.1508 SiR=0.03267 turn=0.386 S_i=0.0000 net26=+0.0619 neu=+0.0886 corr_size=+0.814 dComb=-4900
  [15] 30_40 net=+0.1368 SiR=0.00772 turn=0.313 S_i=0.0000 net26=+0.1106 neu=+0.0441 corr_size=+0.632 dComb=+nan
/home/minkefu/.conda/envs/ktransformers/lib/python3.11/site-packages/pandas/core/nanops.py:1025: RuntimeWarning: overflow encountered in cast
  result = result.astype(dtype, copy=False)
  [16] 30_40 net=+0.1328 SiR=0.01996 turn=0.309 S_i=0.0000 net26=+0.1220 neu=+0.1026 corr_size=+0.379 dComb=-4308
  [18] 40_60 net=+0.1360 SiR=0.01476 turn=0.405 S_i=0.0000 net26=+0.0336 neu=+0.0574 corr_size=+0.857 dComb=-6162
  [19] 40_60 net=+0.1249 SiR=0.00388 turn=0.436 S_i=0.0000 net26=+0.2770 neu=+0.0366 corr_size=+0.330 dComb=-2303
  [20]  le30 net=+0.1848 SiR=0.00864 turn=0.211 S_i=0.0000 net26=+0.1022 neu=+0.0509 corr_size=+0.997 dComb=-9690
  [21] 40_60 net=+0.1067 SiR=0.05541 turn=0.409 S_i=0.0000 net26=+0.0634 neu=+0.0631 corr_size=+0.642 dComb=-6184
  [22] 40_60 net=+0.0996 SiR=0.05459 turn=0.434 S_i=0.0000 net26=+0.0639 neu=+0.0444 corr_size=+0.611 dComb=-5966
  [23] 40_60 net=+0.0918 SiR=0.04356 turn=0.478 S_i=0.0000 net26=+0.0341 neu=+0.0460 corr_size=+0.578 dComb=-8779
  [24] 40_60 net=+0.0863 SiR=0.00655 turn=0.535 S_i=0.0000 net26=+0.0628 neu=+0.0611 corr_size=+0.105 dComb=-8995
  [25] 40_60 net=+0.0830 SiR=0.00068 turn=0.408 S_i=0.0000 net26=+0.0264 neu=-0.0053 corr_size=+0.505 dComb=-351
  [26] 40_60 net=+0.0780 SiR=0.00003 turn=0.514 S_i=0.0000 net26=+0.0677 neu=+0.0623 corr_size=-0.013 dComb=-8036
  [27] 40_60 net=+0.0714 SiR=0.00198 turn=0.478 S_i=0.0000 net26=+0.0506 neu=+0.0311 corr_size=+0.438 dComb=-6493
  [28] 40_60 net=+0.0676 SiR=0.00744 turn=0.425 S_i=0.0000 net26=+0.0644 neu=-0.0535 corr_size=+0.839 dComb=-4156
  [29] 40_60 net=+0.0629 SiR=0.00037 turn=0.494 S_i=0.0000 net26=-0.0009 neu=+0.0765 corr_size=-0.147 dComb=+nan
  [30] 40_60 net=+0.0576 SiR=0.00683 turn=0.403 S_i=0.0000 net26=-0.0011 neu=-0.0410 corr_size=+0.796 dComb=-2730
  [32]  gt60 net=+0.0733 SiR=0.00002 turn=0.602 S_i=0.0000 net26=+0.0608 neu=+0.0327 corr_size=-0.004 dComb=-351
  [34]  gt60 net=+0.0411 SiR=0.00119 turn=0.608 S_i=0.0000 net26=+0.0160 neu=+0.0269 corr_size=+0.001 dComb=-12373
  [35]  le30 net=-0.0307 SiR=0.00028 turn=0.053 S_i=0.0000 net26=-0.0436 neu=+0.0273 corr_size=-0.035 dComb=-415
  [36]  gt60 net=+0.0190 SiR=0.00001 turn=0.727 S_i=0.0000 net26=-0.0111 neu=-0.0230 corr_size=+0.004 dComb=-1717
  [37]  le30 net=-0.0626 SiR=0.00004 turn=0.059 S_i=0.0001 net26=-0.0465 neu=+0.0080 corr_size=-0.049 dComb=-349
  [39]  gt60 net=+0.0018 SiR=0.00018 turn=0.737 S_i=0.0000 net26=-0.0632 neu=+0.0216 corr_size=-0.003 dComb=-3479
  [40]  le30 net=-0.0333 SiR=0.00031 turn=0.054 S_i=0.0002 net26=-0.0480 neu=+0.0058 corr_size=-0.036 dComb=-372
  [41]  le30 net=-0.0595 SiR=0.00056 turn=0.056 S_i=0.0004 net26=-0.0476 neu=-0.0087 corr_size=-0.045 dComb=-343
  [42]  le30 net=-0.0583 SiR=0.00041 turn=0.054 S_i=0.0005 net26=-0.0491 neu=+0.0084 corr_size=-0.044 dComb=-342
  [44]  le30 net=-0.0341 SiR=0.00031 turn=0.056 S_i=0.0000 net26=-0.0438 neu=-0.0095 corr_size=-0.032 dComb=-477
  [45]  gt60 net=-0.0104 SiR=0.00003 turn=0.662 S_i=0.0002 net26=-0.2957 neu=+0.0229 corr_size=-0.001 dComb=-12161
  [46]  gt60 net=-0.0123 SiR=0.00136 turn=0.761 S_i=0.0000 net26=-0.1320 neu=+0.0217 corr_size=+0.012 dComb=-12187
skipped={'error': 0, 'sparse': 16}

===== le30 (n=9) =====
band     net  turnover  s_i_rank  net_y2026  net_last12  neu_net  corr_size      corr_max_seat_name  delta_points
le30  0.2074    0.1338    0.0086     0.1268      0.0689   0.0579     0.9926               size_only    -3303.5412
le30  0.2153    0.0921    0.0082     0.1226      0.0686   0.0516     0.9994               size_only     -350.5583
le30  0.1848    0.2115    0.0086     0.1022      0.0461   0.0509     0.9971               size_only    -9690.0441
le30 -0.0307    0.0534    0.0003    -0.0436     -0.1045   0.0273    -0.0349 t10_size_plus_impact_bm     -415.2901
le30 -0.0341    0.0559    0.0003    -0.0438     -0.1024  -0.0095    -0.0316 t10_size_plus_impact_bm     -476.6823
le30 -0.0626    0.0590    0.0000    -0.0465     -0.1054   0.0080    -0.0490               size_only     -348.6049
le30 -0.0595    0.0561    0.0006    -0.0476     -0.0973  -0.0087    -0.0449                impact60     -343.0070
le30 -0.0333    0.0543    0.0003    -0.0480     -0.0985   0.0058    -0.0359               size_only     -371.7047
le30 -0.0583    0.0542    0.0004    -0.0491     -0.0978   0.0084    -0.0441                impact60     -342.2059
    Inv(Greater(a_share_market_val,TsDiv(TsCov(oper_total_asset_turnover_ttm,TsStd(TsDelta(TsStd(vol250,30),40),30),10),10))
    Inv(Sub(a_share_market_val,TsMed(TsStd(Sub(a_share_market_val,Inv(Sub(a_share_market_val,TsMed(TsStd(vol250,30),40)))),3
    Inv(Greater(a_share_market_val,TsDiv(TsCov(TsMax(pcnt,40),net_profit,10),10)))

===== 30_40 (n=4) =====
 band    net  turnover  s_i_rank  net_y2026  net_last12  neu_net  corr_size      corr_max_seat_name  delta_points
30_40 0.1328    0.3093    0.0200     0.1220      0.0972   0.1026     0.3794 t10_size_plus_impact_bm    -4308.0473
30_40 0.1368    0.3125    0.0077     0.1106      0.0792   0.0441     0.6321                impact60           NaN
30_40 0.1508    0.3855    0.0327     0.0619      0.0361   0.0886     0.8138               size_only    -4900.2843
30_40 0.1592    0.3440    0.0084     0.0727      0.0252  -0.0303     0.9408               size_only    -4470.5420
    Div(Div(Div(Sign(ev_no_cash_ttm),TsStd(lwr2,30)),cal_20d_amt_ma),Log(is_biz_tax_surchg))
    Div(Div(Div(Div(Div(TsMinDiff(maadtm,50),cal_20d_amt_ma),bs_total_assets),cal_20d_amt_ma),qtyr_5_20),bs_total_assets)
    Div(Div(Div(Div(ratio_bm_lyr,bbiboll_down),cal_20d_amt_ma),kdj_k),bs_total_assets)

===== 40_60 (n=12) =====
 band    net  turnover  s_i_rank  net_y2026  net_last12  neu_net  corr_size      corr_max_seat_name  delta_points
40_60 0.1249    0.4365    0.0039     0.2770      0.2522   0.0366     0.3299               size_only    -2302.9223
40_60 0.0996    0.4340    0.0546     0.0639      0.0204   0.0444     0.6114                impact60    -5965.6882
40_60 0.1067    0.4095    0.0554     0.0634      0.0199   0.0631     0.6415                impact60    -6184.3548
40_60 0.0676    0.4245    0.0074     0.0644      0.0608  -0.0535     0.8393               size_only    -4156.1348
40_60 0.0780    0.5141    0.0000     0.0677      0.0553   0.0623    -0.0128 t10_size_plus_impact_bm    -8036.4272
40_60 0.0863    0.5351    0.0065     0.0628      0.0561   0.0611     0.1048 t10_size_plus_impact_bm    -8994.7516
40_60 0.0918    0.4777    0.0436     0.0341      0.0287   0.0460     0.5782 t10_size_plus_impact_bm    -8779.4278
40_60 0.0714    0.4782    0.0020     0.0506      0.0790   0.0311     0.4385                impact60    -6492.9811
40_60 0.1360    0.4054    0.0148     0.0336      0.0305   0.0574     0.8567               size_only    -6161.7340
40_60 0.0830    0.4084    0.0007     0.0264      0.0190  -0.0053     0.5052               size_only     -350.5583
40_60 0.0576    0.4028    0.0068    -0.0011     -0.0280  -0.0410     0.7961               size_only    -2730.2703
40_60 0.0629    0.4935    0.0004    -0.0009     -0.0079   0.0765    -0.1473                impact60           NaN
    Inv(Sub(a_share_market_val,TsStd(TsMax(is_operate_profit,10),30)))
    Div(TsDiv(cfd_ocf_per_share_lyr,30),amount)
    Inv(amount)

===== gt60 (n=6) =====
band     net  turnover  s_i_rank  net_y2026  net_last12  neu_net  corr_size           corr_max_seat_name  delta_points
gt60  0.0733    0.6022    0.0000     0.0608      0.0278   0.0327    -0.0037                     impact60     -350.5583
gt60  0.0411    0.6083    0.0012     0.0160     -0.0125   0.0269     0.0007      t10_size_plus_impact_bm   -12373.4257
gt60  0.0190    0.7267    0.0000    -0.0111     -0.0304  -0.0230     0.0037      t10_size_plus_impact_bm    -1717.1780
gt60  0.0018    0.7370    0.0002    -0.0632     -0.0911   0.0216    -0.0026 book_to_market_lf_minus_size    -3479.3546
gt60 -0.0123    0.7614    0.0014    -0.1320     -0.1334   0.0217     0.0121      t10_size_plus_impact_bm   -12187.2009
gt60 -0.0104    0.6621    0.0000    -0.2957     -0.4061   0.0229    -0.0014      t10_size_plus_impact_bm   -12161.1353
    Div(Div(Div(Div(Div(Div(ratio_bm_lyr,vma250),cal_20d_amt_ma),bs_total_assets),cal_20d_amt_ma),TsDelta(TsRank(ratio_cfp_l
    Div(Div(Div(Div(TsCorr(TsCorr(ratio_bm_lyr,vma250,40),low,20),rsi10),cal_20d_amt_ma),qtyr_5_20),vma3)
    Div(Div(Div(Sign(ev_no_cash_ttm),TsSkew(ratio_peg_lyr,10)),cal_20d_amt_ma),bs_total_assets)

wrote /data/games/factor_/research_reports/platform_alignment/relaxed-gp-20260924/screen2/screened_candidates.part06.csv
