  records=4346 from eff40_s9811
  records=6454 from front_wide_s9841
  records=6532 from net_nosize_s9831
  records=5654 from net_nosize_s9832
  records=8118 from net_wide_s9801
  records=4501 from net_wide_s9802
  records=6152 from net_wide_s9804
  records=4568 from sizeneut_wide_s9821
/data/games/factor_/scripts/relaxed_gp_screen_20260924.py:205: FutureWarning: The behavior of DataFrame concatenation with empty or all-NA entries is deprecated. In a future version, this will no longer exclude empty or all-NA columns when determining the result dtypes. To retain the old behavior, exclude the relevant entries before the concat operation.
  records = pd.concat(frames, ignore_index=True).drop_duplicates(subset=["formula"])
records=42293 healthy=40511
shard 5/8 -> 47 candidates
evaluating pool=47 from record bands
seed pool: {'pool_na': 0.239, 'pool_nc': 1.0, 'pool_comb': 0.4978, 'pool_net': 0.238, 'pool_turnover': 0.143}
/data/games/factor_/scripts/financial_factor_local.py:370: FutureWarning: The behavior of DataFrame concatenation with empty or all-NA entries is deprecated. In a future version, this will no longer exclude empty or all-NA columns when determining the result dtypes. To retain the old behavior, exclude the relevant entries before the concat operation.
  frame = pd.concat(frames, ignore_index=True)
  [1]  le30 net=+0.2116 SiR=0.00953 turn=0.111 S_i=0.0000 net26=+0.1335 neu=+0.0645 corr_size=+0.989 dComb=-351
  [3]  le30 net=+0.2153 SiR=0.00822 turn=0.092 S_i=0.0000 net26=+0.1226 neu=+0.0516 corr_size=+0.999 dComb=-351
  [4]  le30 net=+0.2134 SiR=0.00891 turn=0.085 S_i=0.0000 net26=+0.1320 neu=+0.0598 corr_size=+1.000 dComb=-351
  [11] 30_40 net=+0.1594 SiR=0.02796 turn=0.390 S_i=0.0000 net26=+0.0973 neu=+0.1088 corr_size=+0.838 dComb=-6096
  [12] 30_40 net=+0.1512 SiR=0.02780 turn=0.301 S_i=0.0000 net26=+0.0396 neu=+0.0994 corr_size=+0.622 dComb=-2504
  [13] 30_40 net=+0.1472 SiR=0.05317 turn=0.331 S_i=0.0000 net26=+0.0769 neu=+0.0955 corr_size=+0.651 dComb=-4513
  [14] 30_40 net=+0.1417 SiR=0.02272 turn=0.389 S_i=0.0000 net26=+0.0160 neu=+0.0816 corr_size=+0.811 dComb=-5916
  [15] 30_40 net=+0.1378 SiR=0.02644 turn=0.302 S_i=0.0000 net26=+0.0952 neu=+0.0889 corr_size=+0.637 dComb=-2687
  [17] 30_40 net=+nan SiR=0.00062 turn=0.319 S_i=0.0000 net26=+0.0324 neu=+nan corr_size=+0.092 dComb=-8432
  [20] 40_60 net=+0.1132 SiR=0.02078 turn=0.469 S_i=0.0000 net26=-0.0135 neu=+0.0277 corr_size=+0.788 dComb=-11587
  [21] 40_60 net=+0.1089 SiR=0.05710 turn=0.419 S_i=0.0000 net26=+0.0626 neu=+0.0712 corr_size=+0.605 dComb=-6802
  [22] 40_60 net=+0.1010 SiR=0.01169 turn=0.483 S_i=0.0000 net26=+0.0636 neu=-0.0154 corr_size=+0.836 dComb=-6020
  [23] 40_60 net=+0.0934 SiR=0.03859 turn=0.441 S_i=0.0000 net26=+0.0679 neu=+0.0544 corr_size=+0.472 dComb=-5501
  [24] 40_60 net=+0.0863 SiR=0.00594 turn=0.430 S_i=0.0000 net26=+0.0265 neu=+0.0004 corr_size=+0.818 dComb=-5118
  [25] 40_60 net=+0.0835 SiR=0.00063 turn=0.429 S_i=0.0000 net26=-0.0401 neu=-0.0245 corr_size=+0.581 dComb=-2344
  [26] 40_60 net=+0.0798 SiR=0.00904 turn=0.499 S_i=0.0002 net26=-0.0111 neu=-0.0281 corr_size=+0.474 dComb=-364
  [27] 40_60 net=+0.0892 SiR=0.00004 turn=0.455 S_i=0.0000 net26=+0.0514 neu=+0.0875 corr_size=+0.006 dComb=-7905
  [28]  le30 net=-0.0515 SiR=0.00004 turn=0.066 S_i=0.0001 net26=-0.0425 neu=+0.0711 corr_size=-0.085 dComb=-348
  [29] 40_60 net=+0.0634 SiR=0.03500 turn=0.419 S_i=0.0000 net26=+0.0562 neu=+0.0264 corr_size=+0.376 dComb=-5919
  [30] 40_60 net=+0.0579 SiR=0.00226 turn=0.524 S_i=0.0000 net26=+0.0633 neu=-0.0204 corr_size=+0.329 dComb=-3334
  [31]  le30 net=-0.0324 SiR=0.00019 turn=0.137 S_i=0.0001 net26=+0.0331 neu=+0.0551 corr_size=-0.106 dComb=-1018
  [33]  gt60 net=+0.0531 SiR=0.00057 turn=0.672 S_i=0.0000 net26=+0.0408 neu=-0.0032 corr_size=+0.175 dComb=-795
  [34]  le30 net=+0.2012 SiR=0.00878 turn=0.086 S_i=0.0000 net26=+0.1347 neu=+0.0432 corr_size=+1.000 dComb=-351
  [35]  gt60 net=+0.0318 SiR=0.00026 turn=0.703 S_i=0.0000 net26=-0.0282 neu=+0.0710 corr_size=+0.016 dComb=+nan
  [36]  le30 net=-0.0319 SiR=0.00024 turn=0.053 S_i=0.0000 net26=-0.0459 neu=+0.0157 corr_size=-0.035 dComb=-401
  [37]  gt60 net=+0.0110 SiR=0.00109 turn=0.716 S_i=0.0000 net26=+0.0427 neu=-0.0872 corr_size=+0.287 dComb=-1043
  [38]  gt60 net=+0.0058 SiR=0.00623 turn=0.639 S_i=0.0000 net26=-0.0645 neu=+0.0233 corr_size=+0.017 dComb=-2421
  [39]  gt60 net=+0.0020 SiR=0.00000 turn=0.625 S_i=0.0000 net26=-0.0732 neu=-0.0010 corr_size=-0.007 dComb=-11709
  [40]  le30 net=-0.0576 SiR=0.00005 turn=0.055 S_i=0.0001 net26=-0.0490 neu=-0.0000 corr_size=-0.043 dComb=-349
  [41]  le30 net=-0.0595 SiR=0.00056 turn=0.056 S_i=0.0004 net26=-0.0476 neu=-0.0087 corr_size=-0.045 dComb=-343
  [42]  le30 net=-0.0343 SiR=0.00035 turn=0.053 S_i=0.0002 net26=-0.0496 neu=-0.0070 corr_size=-0.034 dComb=-385
  [43]  gt60 net=-0.0071 SiR=0.00140 turn=0.660 S_i=0.0000 net26=-0.1249 neu=-0.0557 corr_size=+0.339 dComb=-368
  [44] 40_60 net=-0.0485 SiR=0.00004 turn=0.468 S_i=0.0001 net26=-0.0197 neu=+0.0084 corr_size=-0.037 dComb=-4102
  [45]  gt60 net=-0.0101 SiR=0.01371 turn=0.608 S_i=0.0074 net26=-0.1019 neu=+0.0201 corr_size=-0.067 dComb=-6933
  [46]  le30 net=-0.0361 SiR=0.00031 turn=0.056 S_i=0.0000 net26=-0.0483 neu=-0.0139 corr_size=-0.030 dComb=-466
skipped={'error': 0, 'sparse': 12}

===== le30 (n=11) =====
band     net  turnover  s_i_rank  net_y2026  net_last12  neu_net  corr_size            corr_max_seat_name  delta_points
le30  0.2012    0.0864    0.0088     0.1347      0.0752   0.0432     1.0000                     size_only     -350.5583
le30  0.2116    0.1107    0.0095     0.1335      0.0716   0.0645     0.9890                     size_only     -350.5583
le30  0.2134    0.0853    0.0089     0.1320      0.0687   0.0598     1.0000                     size_only     -350.5583
le30  0.2153    0.0921    0.0082     0.1226      0.0686   0.0516     0.9994                     size_only     -350.5583
le30 -0.0324    0.1369    0.0002     0.0331      0.0008   0.0551    -0.1057 book_to_market_lf_plus_impact    -1017.9062
le30 -0.0515    0.0655    0.0000    -0.0425     -0.1156   0.0711    -0.0854                      impact60     -348.4199
le30 -0.0319    0.0530    0.0002    -0.0459     -0.1061   0.0157    -0.0348                     size_only     -401.4372
le30 -0.0595    0.0561    0.0006    -0.0476     -0.0973  -0.0087    -0.0449                      impact60     -343.0070
le30 -0.0361    0.0564    0.0003    -0.0483     -0.1057  -0.0139    -0.0300       t10_size_plus_impact_bm     -465.6791
le30 -0.0576    0.0547    0.0000    -0.0490     -0.0989  -0.0000    -0.0427                      impact60     -348.5250
le30 -0.0343    0.0533    0.0003    -0.0496     -0.1002  -0.0070    -0.0343                     size_only     -385.2085
    SLog1p(Inv(market_cap))
    Inv(Greater(a_share_market_val,TsDiv(TsCov(Log(oper_total_asset_turnover_lyr),TsDiv(TsMean(macr1,30),10),10),10)))
    Inv(Sub(a_share_market_val,Inv(Sub(a_share_market_val,TsIr(Sub(a_share_market_val,TsMed(TsSum(vma250,40),40)),30)))))

===== 30_40 (n=6) =====
 band    net  turnover  s_i_rank  net_y2026  net_last12  neu_net  corr_size corr_max_seat_name  delta_points
30_40 0.1594    0.3903    0.0280     0.0973      0.0603   0.1088     0.8376           impact60    -6095.6950
30_40 0.1378    0.3022    0.0264     0.0952      0.0949   0.0889     0.6373           impact60    -2686.9292
30_40 0.1472    0.3314    0.0532     0.0769      0.0451   0.0955     0.6510           impact60    -4513.2693
30_40 0.1512    0.3013    0.0278     0.0396      0.0616   0.0994     0.6220           impact60    -2503.9086
30_40    NaN    0.3192    0.0006     0.0324      0.0006      NaN     0.0919           impact60    -8431.5754
30_40 0.1417    0.3886    0.0227     0.0160      0.0240   0.0816     0.8106          size_only    -5916.1352
    Div(Div(Div(Div(ratio_bm_lyr,Log(vma250)),cal_20d_amt_ma),bs_total_assets),cal_5d_high_low_dist)
    Div(TsMinMaxDiff(SLog1p(Ref(bbiboll_down,40)),40),cal_20d_amt_ma)
    Div(Div(Div(Div(Div(Div(ratio_bm_lyr,vma250),cal_20d_amt_ma),Div(Div(Div(ratio_bm_lyr,vma250),cal_20d_amt_ma),bs_total_a

===== 40_60 (n=11) =====
 band     net  turnover  s_i_rank  net_y2026  net_last12  neu_net  corr_size           corr_max_seat_name  delta_points
40_60  0.1089    0.4192    0.0571     0.0626      0.0233   0.0712     0.6047                     impact60    -6801.6311
40_60  0.0934    0.4412    0.0386     0.0679      0.0469   0.0544     0.4719                     impact60    -5500.7353
40_60  0.0634    0.4187    0.0350     0.0562      0.0484   0.0264     0.3759                     impact60    -5919.3455
40_60  0.1010    0.4835    0.0117     0.0636      0.0353  -0.0154     0.8360                    size_only    -6020.1620
40_60  0.0579    0.5236    0.0023     0.0633      0.0519  -0.0204     0.3291                    size_only    -3334.3989
40_60  0.0892    0.4548    0.0000     0.0514      0.0424   0.0875     0.0057                     impact60    -7904.5359
40_60  0.0863    0.4299    0.0059     0.0265      0.0213   0.0004     0.8177                    size_only    -5118.3477
40_60  0.1132    0.4689    0.0208    -0.0135     -0.0150   0.0277     0.7881                    size_only   -11586.7135
40_60  0.0798    0.4987    0.0090    -0.0111     -0.0637  -0.0281     0.4737                     impact60     -363.5579
40_60 -0.0485    0.4681    0.0000    -0.0197     -0.0605   0.0084    -0.0370 book_to_market_lf_minus_size    -4102.1689
40_60  0.0835    0.4289    0.0006    -0.0401     -0.0723  -0.0245     0.5811                    size_only    -2344.0359
    Div(Log(ratio_ev_no_cash_ttm),amount)
    Inv(TsStd(cal_20d_amt_ma,20))
    Inv(Greater(cal_10d_vol_std,TsStd(TsMad(TsSum(vol250,30),20),30)))

===== gt60 (n=7) =====
band     net  turnover  s_i_rank  net_y2026  net_last12  neu_net  corr_size      corr_max_seat_name  delta_points
gt60  0.0110    0.7158    0.0011     0.0427      0.0493  -0.0872     0.2865               size_only    -1043.3233
gt60  0.0531    0.6718    0.0006     0.0408      0.0457  -0.0032     0.1745               size_only     -795.3545
gt60  0.0318    0.7026    0.0003    -0.0282      0.0001   0.0710     0.0164 t10_size_plus_impact_bm           NaN
gt60  0.0058    0.6391    0.0062    -0.0645     -0.0986   0.0233     0.0167 t10_size_plus_impact_bm    -2420.7984
gt60  0.0020    0.6250    0.0000    -0.0732     -0.1051  -0.0010    -0.0067 t10_size_plus_impact_bm   -11708.5006
gt60 -0.0101    0.6075    0.0137    -0.1019     -0.1423   0.0201    -0.0675 t10_size_plus_impact_bm    -6932.8469
gt60 -0.0071    0.6602    0.0014    -0.1249     -0.0923  -0.0557     0.3387               size_only     -368.0804
    Div(Div(Div(TsMinDiff(aroon_up,10),cal_20d_amt_ma),bs_total_assets),bs_total_assets)
    Div(Div(Div(Div(ratio_bm_lyr,TsDiv(mabias,20)),cal_20d_amt_ma),bs_total_assets),bs_total_assets)
    Div(Div(Div(Div(Div(Div(TsDelta(ratio_sp_lyr,10),vma250),cal_20d_amt_ma),bs_total_assets),cal_20d_amt_ma),qtyr_5_20),bs_

wrote /data/games/factor_/research_reports/platform_alignment/relaxed-gp-20260924/screen2/screened_candidates.part05.csv
