  records=4346 from eff40_s9811
  records=6454 from front_wide_s9841
  records=6532 from net_nosize_s9831
  records=5654 from net_nosize_s9832
  records=8118 from net_wide_s9801
  records=4501 from net_wide_s9802
  records=6152 from net_wide_s9804
  records=4568 from sizeneut_wide_s9821
/data/games/factor_/scripts/relaxed_gp_screen_20260924.py:205: FutureWarning: The behavior of DataFrame concatenation with empty or all-NA entries is deprecated. In a future version, this will no longer exclude empty or all-NA columns when determining the result dtypes. To retain the old behavior, exclude the relevant entries before the concat operation.
  records = pd.concat(frames, ignore_index=True).drop_duplicates(subset=["formula"])
records=42293 healthy=40511
shard 3/8 -> 47 candidates
evaluating pool=47 from record bands
seed pool: {'pool_na': 0.239, 'pool_nc': 1.0, 'pool_comb': 0.4978, 'pool_net': 0.238, 'pool_turnover': 0.143}
/data/games/factor_/scripts/financial_factor_local.py:370: FutureWarning: The behavior of DataFrame concatenation with empty or all-NA entries is deprecated. In a future version, this will no longer exclude empty or all-NA columns when determining the result dtypes. To retain the old behavior, exclude the relevant entries before the concat operation.
  frame = pd.concat(frames, ignore_index=True)
  [10]  le30 net=+0.1870 SiR=0.00818 turn=0.191 S_i=0.0000 net26=+0.1063 neu=+0.0513 corr_size=+0.997 dComb=-7513
  [12]  le30 net=+0.1861 SiR=0.00876 turn=0.201 S_i=0.0000 net26=+0.0982 neu=+0.0444 corr_size=+0.997 dComb=-8825
  [13] 30_40 net=+0.1472 SiR=0.05317 turn=0.331 S_i=0.0000 net26=+0.0769 neu=+0.0955 corr_size=+0.651 dComb=-4513
  [15] 30_40 net=+0.1389 SiR=0.01542 turn=0.350 S_i=0.0000 net26=+0.0417 neu=+0.0677 corr_size=+0.815 dComb=-1871
  [16] 30_40 net=+0.1350 SiR=0.00551 turn=0.334 S_i=0.0000 net26=+0.2104 neu=+0.0323 corr_size=+0.768 dComb=-6363
  [17]  le30 net=-0.0303 SiR=0.00004 turn=0.045 S_i=0.0001 net26=+0.0037 neu=+0.1188 corr_size=-0.162 dComb=-1578
  [19] 40_60 net=+0.1269 SiR=0.01315 turn=0.531 S_i=0.0000 net26=+0.0488 neu=+0.0155 corr_size=+0.465 dComb=-351
  [21] 40_60 net=+0.1101 SiR=0.05493 turn=0.410 S_i=0.0005 net26=+0.0630 neu=+0.0616 corr_size=+0.646 dComb=-6433
  [22] 40_60 net=+0.1022 SiR=0.04656 turn=0.429 S_i=0.0112 net26=+0.0349 neu=+0.0628 corr_size=+0.650 dComb=-5763
  [23] 40_60 net=+0.0942 SiR=0.00457 turn=0.419 S_i=0.0000 net26=+0.0687 neu=+0.0573 corr_size=+0.356 dComb=-606
  [24] 40_60 net=+0.0878 SiR=0.00631 turn=0.442 S_i=0.0000 net26=+0.0601 neu=-0.0370 corr_size=+0.713 dComb=-4071
  [25]  le30 net=-0.0243 SiR=0.00018 turn=0.042 S_i=0.0001 net26=-0.0225 neu=+0.0770 corr_size=-0.060 dComb=-962
  [26] 40_60 net=+0.0869 SiR=0.00677 turn=0.543 S_i=0.0000 net26=-0.0049 neu=+0.0259 corr_size=+0.252 dComb=-5647
  [27] 40_60 net=+0.1100 SiR=0.00007 turn=0.412 S_i=0.0000 net26=+0.0609 neu=+0.0684 corr_size=+0.010 dComb=+nan
  [28]  le30 net=-0.0526 SiR=0.00000 turn=0.059 S_i=0.0001 net26=-0.0532 neu=+0.0725 corr_size=-0.067 dComb=-391
  [29] 40_60 net=+0.0642 SiR=0.00677 turn=0.414 S_i=0.0000 net26=-0.0848 neu=+0.0255 corr_size=+0.609 dComb=-5894
  [30]  le30 net=-0.0357 SiR=0.00025 turn=0.132 S_i=0.0002 net26=+0.0339 neu=+0.0583 corr_size=-0.109 dComb=-748
  [31] 40_60 net=+0.0557 SiR=0.00317 turn=0.512 S_i=0.0000 net26=+0.0205 neu=+0.0052 corr_size=-0.050 dComb=-3179
  [32]  gt60 net=+0.1068 SiR=0.01434 turn=0.603 S_i=0.0000 net26=+0.0518 neu=+0.0455 corr_size=+0.482 dComb=-4970
  [33]  gt60 net=+0.0538 SiR=0.00491 turn=0.616 S_i=0.0000 net26=+0.0466 neu=+0.0051 corr_size=+0.278 dComb=-2660
  [36]  le30 net=-0.0568 SiR=0.00006 turn=0.058 S_i=0.0001 net26=-0.0436 neu=+0.0174 corr_size=-0.047 dComb=-349
  [37]  gt60 net=+0.0128 SiR=0.00062 turn=0.703 S_i=0.0000 net26=-0.0407 neu=+0.0114 corr_size=-0.095 dComb=-11593
  [38]  le30 net=-0.0310 SiR=0.00028 turn=0.052 S_i=0.0000 net26=-0.0409 neu=+0.0073 corr_size=-0.034 dComb=-402
  [39]  le30 net=-0.0320 SiR=0.00027 turn=0.053 S_i=0.0000 net26=-0.0428 neu=+0.0035 corr_size=-0.029 dComb=-394
  [40]  le30 net=-0.0318 SiR=0.00028 turn=0.053 S_i=0.0000 net26=-0.0430 neu=+0.0023 corr_size=-0.029 dComb=-402
  [41]  gt60 net=-0.0039 SiR=0.00105 turn=0.679 S_i=0.0000 net26=-0.1175 neu=-0.0096 corr_size=+0.045 dComb=-11227
  [42]  le30 net=-0.0342 SiR=0.00021 turn=0.058 S_i=0.0002 net26=-0.0503 neu=-0.0066 corr_size=-0.032 dComb=-366
  [43]  gt60 net=-0.0066 SiR=0.00008 turn=0.663 S_i=0.0000 net26=-0.0604 neu=+0.0124 corr_size=+0.066 dComb=+nan
  [44]  gt60 net=-0.0093 SiR=0.00069 turn=0.758 S_i=0.0000 net26=-0.0644 neu=-0.0060 corr_size=-0.013 dComb=-2447
  [45]  le30 net=-0.0308 SiR=0.00025 turn=0.054 S_i=0.0000 net26=-0.0419 neu=-0.0059 corr_size=-0.036 dComb=-354
  [46]  le30 net=-0.0758 SiR=0.00023 turn=0.216 S_i=0.0001 net26=-0.0813 neu=-0.0090 corr_size=-0.018 dComb=-2226
skipped={'error': 0, 'sparse': 16}

===== le30 (n=13) =====
band     net  turnover  s_i_rank  net_y2026  net_last12  neu_net  corr_size            corr_max_seat_name  delta_points
le30  0.1870    0.1912    0.0082     0.1063      0.0410   0.0513     0.9966                     size_only    -7512.8783
le30  0.1861    0.2013    0.0088     0.0982      0.0401   0.0444     0.9973                     size_only    -8824.9820
le30 -0.0357    0.1319    0.0003     0.0339      0.0018   0.0583    -0.1092 book_to_market_lf_plus_impact     -748.0011
le30 -0.0303    0.0449    0.0000     0.0037     -0.0737   0.1188    -0.1620                     size_only    -1578.2281
le30 -0.0243    0.0420    0.0002    -0.0225     -0.0970   0.0770    -0.0601 book_to_market_lf_plus_impact     -961.7225
le30 -0.0310    0.0524    0.0003    -0.0409     -0.1002   0.0073    -0.0336       t10_size_plus_impact_bm     -401.8309
le30 -0.0308    0.0543    0.0002    -0.0419     -0.1002  -0.0059    -0.0364       t10_size_plus_impact_bm     -353.5026
le30 -0.0320    0.0530    0.0003    -0.0428     -0.1035   0.0035    -0.0286       t10_size_plus_impact_bm     -393.9383
le30 -0.0318    0.0530    0.0003    -0.0430     -0.1037   0.0023    -0.0291       t10_size_plus_impact_bm     -401.8341
le30 -0.0568    0.0579    0.0001    -0.0436     -0.1083   0.0174    -0.0473                     size_only     -349.4746
le30 -0.0342    0.0580    0.0002    -0.0503     -0.1045  -0.0066    -0.0319                     size_only     -365.7097
le30 -0.0526    0.0591    0.0000    -0.0532     -0.1071   0.0725    -0.0666                      impact60     -391.4057
le30 -0.0758    0.2164    0.0002    -0.0813     -0.1404  -0.0090    -0.0183       t10_size_plus_impact_bm    -2226.4739
    Inv(Greater(a_share_market_val,TsDiv(TsCov(TsMin(ratio_ps_lyr,50),net_profit,10),10)))
    Inv(Greater(a_share_market_val,TsDiv(TsCov(TsMax(tapi,40),net_profit,10),10)))
    Sign(TsEMA(TsEMA(Sign(TsEMA(Sign(peg_ratio_ttm),50)),30),50))

===== 30_40 (n=3) =====
 band    net  turnover  s_i_rank  net_y2026  net_last12  neu_net  corr_size corr_max_seat_name  delta_points
30_40 0.1350    0.3342    0.0055     0.2104      0.1692   0.0323     0.7679          size_only    -6362.9072
30_40 0.1472    0.3314    0.0532     0.0769      0.0451   0.0955     0.6510           impact60    -4513.2693
30_40 0.1389    0.3499    0.0154     0.0417      0.0189   0.0677     0.8154           impact60    -1871.3977
    Inv(Greater(a_share_market_val,TsStd(bs_total_liab,30)))
    Div(Div(Div(Div(Div(Div(ratio_bm_lyr,vma250),cal_20d_amt_ma),bs_total_assets),cal_20d_amt_ma),qtyr_5_20),Div(Div(Div(rat
    Div(Div(Div(Ref(kdj_d,20),cal_20d_amt_ma),qtyr_5_20),bs_total_assets)

===== 40_60 (n=9) =====
 band    net  turnover  s_i_rank  net_y2026  net_last12  neu_net  corr_size      corr_max_seat_name  delta_points
40_60 0.1101    0.4096    0.0549     0.0630      0.0232   0.0616     0.6460                impact60    -6433.2418
40_60 0.0942    0.4187    0.0046     0.0687      0.0588   0.0573     0.3556                impact60     -606.3119
40_60 0.0878    0.4422    0.0063     0.0601      0.0179  -0.0370     0.7128               size_only    -4071.1161
40_60 0.1100    0.4122    0.0001     0.0609      0.0275   0.0684     0.0100               size_only           NaN
40_60 0.1022    0.4295    0.0466     0.0349     -0.0148   0.0628     0.6498                impact60    -5763.2174
40_60 0.1269    0.5310    0.0131     0.0488      0.0920   0.0155     0.4652               size_only     -350.5583
40_60 0.0557    0.5120    0.0032     0.0205      0.0095   0.0052    -0.0500 t10_size_plus_impact_bm    -3179.1104
40_60 0.0869    0.5430    0.0068    -0.0049     -0.0344   0.0259     0.2521                impact60    -5647.3483
40_60 0.0642    0.4137    0.0068    -0.0848     -0.0451   0.0255     0.6089               size_only    -5894.4015
    Div(mass,amount)
    Div(Div(Div(Div(Div(TsSum(TsDiv(matrix,30),20),Log(is_biz_tax_surchg)),cal_20d_amt_ma),bs_total_assets),cal_20d_amt_ma),
    Inv(Sub(a_share_market_val,TsDelta(TsCov(amp60,current_assets,20),40)))

===== gt60 (n=6) =====
band     net  turnover  s_i_rank  net_y2026  net_last12  neu_net  corr_size      corr_max_seat_name  delta_points
gt60  0.1068    0.6031    0.0143     0.0518      0.0369   0.0455     0.4821                impact60    -4970.3853
gt60  0.0538    0.6159    0.0049     0.0466      0.0319   0.0051     0.2784               size_only    -2659.8065
gt60  0.0128    0.7033    0.0006    -0.0407     -0.0713   0.0114    -0.0946               size_only   -11592.7894
gt60 -0.0066    0.6634    0.0001    -0.0604     -0.0739   0.0124     0.0655                impact60           NaN
gt60 -0.0093    0.7578    0.0007    -0.0644     -0.1199  -0.0060    -0.0132 t10_size_plus_impact_bm    -2447.2029
gt60 -0.0039    0.6793    0.0011    -0.1175     -0.1173  -0.0096     0.0451               size_only   -11227.1933
    Div(Div(Div(Div(Div(ratio_bm_lyr,Log(vma250)),cal_20d_amt_ma),qtyr_5_20),TsDiv(asi,20)),bs_total_assets)
    Div(Div(Div(TsDiv(TsDelta(TsVar(TsWMA(cal_30d_down_day_ratio,10),50),50),40),bbiboll_down),cal_20d_amt_ma),bs_total_asse
    Div(Div(TsCorr(Greater(TsCorr(Div(oper_roe_diluted_adj_ttm,lease_liabilities),Constant(2.0),40),osc),cal_20d_amt_ma,30),

wrote /data/games/factor_/research_reports/platform_alignment/relaxed-gp-20260924/screen2/screened_candidates.part03.csv
