  records=4346 from eff40_s9811
  records=6454 from front_wide_s9841
  records=6532 from net_nosize_s9831
  records=5654 from net_nosize_s9832
  records=8118 from net_wide_s9801
  records=4501 from net_wide_s9802
  records=6152 from net_wide_s9804
  records=4568 from sizeneut_wide_s9821
/data/games/factor_/scripts/relaxed_gp_screen_20260924.py:205: FutureWarning: The behavior of DataFrame concatenation with empty or all-NA entries is deprecated. In a future version, this will no longer exclude empty or all-NA columns when determining the result dtypes. To retain the old behavior, exclude the relevant entries before the concat operation.
  records = pd.concat(frames, ignore_index=True).drop_duplicates(subset=["formula"])
records=42293 healthy=40511
shard 7/8 -> 47 candidates
evaluating pool=47 from record bands
seed pool: {'pool_na': 0.239, 'pool_nc': 1.0, 'pool_comb': 0.4978, 'pool_net': 0.238, 'pool_turnover': 0.143}
/data/games/factor_/scripts/financial_factor_local.py:370: FutureWarning: The behavior of DataFrame concatenation with empty or all-NA entries is deprecated. In a future version, this will no longer exclude empty or all-NA columns when determining the result dtypes. To retain the old behavior, exclude the relevant entries before the concat operation.
  frame = pd.concat(frames, ignore_index=True)
  [2]  le30 net=+0.2025 SiR=0.00896 turn=0.104 S_i=0.0000 net26=+0.1295 neu=+0.0362 corr_size=+1.000 dComb=-351
  [3]  le30 net=+0.2152 SiR=0.00827 turn=0.092 S_i=0.0000 net26=+0.1175 neu=+0.0518 corr_size=+0.999 dComb=-351
  [10]  le30 net=+0.1876 SiR=0.00930 turn=0.186 S_i=0.0000 net26=+0.0868 neu=+0.0639 corr_size=+0.997 dComb=-7707
  [14] 30_40 net=+0.1408 SiR=0.02018 turn=0.389 S_i=0.0000 net26=+0.1323 neu=+0.0768 corr_size=+0.728 dComb=-3636
  [15] 30_40 net=+0.1365 SiR=0.03982 turn=0.318 S_i=0.0000 net26=+0.0596 neu=+0.0908 corr_size=+0.534 dComb=-3719
  [18] 40_60 net=+0.1352 SiR=0.03844 turn=0.453 S_i=0.0000 net26=+0.0897 neu=+0.0759 corr_size=+0.774 dComb=-6591
  [19] 40_60 net=+0.1227 SiR=0.04954 turn=0.404 S_i=0.0000 net26=+0.0566 neu=+0.0914 corr_size=+0.631 dComb=-6042
  [20] 40_60 net=+0.1122 SiR=0.01645 turn=0.466 S_i=0.0000 net26=+0.0542 neu=+0.0531 corr_size=+0.757 dComb=-6287
  [21] 40_60 net=+0.1067 SiR=0.05541 turn=0.409 S_i=0.0000 net26=+0.0634 neu=+0.0706 corr_size=+0.642 dComb=-4725
  [22]  le30 net=-0.0405 SiR=0.00007 turn=0.066 S_i=0.0002 net26=-0.0414 neu=+0.1037 corr_size=-0.091 dComb=-347
  [23] 40_60 net=+0.0917 SiR=0.00100 turn=0.403 S_i=0.0000 net26=+0.0220 neu=-0.0287 corr_size=+0.380 dComb=-2082
  [24] 40_60 net=+0.0858 SiR=0.02465 turn=0.512 S_i=0.0000 net26=+0.0463 neu=+0.0342 corr_size=+0.768 dComb=-7634
  [25] 40_60 net=+0.0829 SiR=0.00247 turn=0.502 S_i=0.0000 net26=-0.0237 neu=-0.0007 corr_size=+0.668 dComb=-8551
  [26] 40_60 net=+0.0778 SiR=0.00041 turn=0.522 S_i=0.0000 net26=+0.0333 neu=+0.0001 corr_size=+0.190 dComb=-2888
  [27] 40_60 net=+0.0709 SiR=0.01042 turn=0.483 S_i=0.0000 net26=+0.0007 neu=+0.0861 corr_size=+0.031 dComb=+nan
  [29] 30_40 net=-0.0815 SiR=0.00011 turn=0.397 S_i=0.0000 net26=+0.0496 neu=+0.0632 corr_size=-0.113 dComb=-3083
  [30] 40_60 net=+nan SiR=0.01436 turn=0.492 S_i=0.0000 net26=-0.0502 neu=+nan corr_size=+0.706 dComb=-5824
  [31] 40_60 net=+0.0542 SiR=0.00945 turn=0.487 S_i=0.0000 net26=+0.0195 neu=-0.0387 corr_size=+0.058 dComb=-2991
  [33]  gt60 net=+0.0542 SiR=0.00012 turn=0.629 S_i=0.0000 net26=+0.0309 neu=+0.0375 corr_size=+0.010 dComb=-8316
  [34]  gt60 net=+0.0410 SiR=0.00007 turn=0.734 S_i=0.0000 net26=+0.0059 neu=+0.0270 corr_size=-0.001 dComb=-2983
/data/games/factor_/scripts/pandaai_fields_local.py:1119: RuntimeWarning: Mean of empty slice
  centered = block - np.nanmean(block, axis=0, keepdims=True)
  [35]  gt60 net=+0.0280 SiR=0.00015 turn=0.729 S_i=0.0000 net26=+0.0431 neu=+0.0345 corr_size=-0.021 dComb=-3845
  [38]  le30 net=-0.0536 SiR=0.00013 turn=0.054 S_i=0.0002 net26=-0.0531 neu=+0.0159 corr_size=-0.044 dComb=-401
  [39]  gt60 net=+0.0018 SiR=0.00021 turn=0.681 S_i=0.0000 net26=-0.0867 neu=-0.0152 corr_size=+0.011 dComb=-3176
  [40]  le30 net=-0.0586 SiR=0.00033 turn=0.055 S_i=0.0003 net26=-0.0462 neu=-0.0081 corr_size=-0.046 dComb=-345
  [41]  le30 net=-0.0595 SiR=0.00056 turn=0.056 S_i=0.0004 net26=-0.0476 neu=-0.0087 corr_size=-0.045 dComb=-343
  [42]  gt60 net=-0.0055 SiR=0.00785 turn=0.618 S_i=0.0000 net26=+0.0031 neu=-0.0633 corr_size=+0.585 dComb=-6607
  [43]  gt60 net=-0.0072 SiR=0.00442 turn=0.737 S_i=0.0000 net26=+0.0153 neu=+0.0115 corr_size=-0.036 dComb=-2933
  [45]  gt60 net=+nan SiR=0.00032 turn=0.671 S_i=0.0000 net26=-0.0233 neu=+nan corr_size=+0.020 dComb=-8977
skipped={'error': 0, 'sparse': 19}

===== le30 (n=7) =====
band     net  turnover  s_i_rank  net_y2026  net_last12  neu_net  corr_size corr_max_seat_name  delta_points
le30  0.2025    0.1043    0.0090     0.1295      0.0846   0.0362     1.0000          size_only     -350.5583
le30  0.2152    0.0920    0.0083     0.1175      0.0622   0.0518     0.9994          size_only     -350.5583
le30  0.1876    0.1855    0.0093     0.0868      0.0231   0.0639     0.9971          size_only    -7706.8724
le30 -0.0405    0.0659    0.0001    -0.0414     -0.1145   0.1037    -0.0915           impact60     -347.4275
le30 -0.0586    0.0554    0.0003    -0.0462     -0.0957  -0.0081    -0.0462           impact60     -344.8548
le30 -0.0595    0.0561    0.0006    -0.0476     -0.0973  -0.0087    -0.0449           impact60     -343.0070
le30 -0.0536    0.0538    0.0001    -0.0531     -0.1032   0.0159    -0.0441           impact60     -400.6582
    Inv(Greater(a_share_market_val,TsStd(TsSkew(gr_oper_profit_lyr,10),30)))
    Inv(Sub(a_share_market_val,TsMed(TsStd(Sub(a_share_market_val,TsStd(vol250,30)),30),40)))
    Inv(Greater(a_share_market_val,TsDiv(TsCov(TsMax(ratio_peg_ttm,50),net_profit,10),10)))

===== 30_40 (n=3) =====
 band     net  turnover  s_i_rank  net_y2026  net_last12  neu_net  corr_size      corr_max_seat_name  delta_points
30_40  0.1408    0.3888    0.0202     0.1323      0.1262   0.0768     0.7277               size_only    -3636.0997
30_40  0.1365    0.3177    0.0398     0.0596      0.0192   0.0908     0.5336 t10_size_plus_impact_bm    -3719.4322
30_40 -0.0815    0.3970    0.0001     0.0496     -0.0068   0.0632    -0.1133               size_only    -3083.4639
    Div(Div(Div(Div(ratio_bm_lyr,TsMax(cal_5d_return,10)),cal_20d_amt_ma),bs_total_assets),bs_total_assets)
    Div(Div(Div(TsSum(total_liabilities,30),cal_20d_amt_ma),qtyr_5_20),bs_total_assets)
    TsRank(bs_fin_lease_payable,20)

===== 40_60 (n=11) =====
 band    net  turnover  s_i_rank  net_y2026  net_last12  neu_net  corr_size      corr_max_seat_name  delta_points
40_60 0.1352    0.4531    0.0384     0.0897      0.0700   0.0759     0.7741               size_only    -6590.6868
40_60 0.1067    0.4095    0.0554     0.0634      0.0199   0.0706     0.6415                impact60    -4724.7968
40_60 0.1227    0.4042    0.0495     0.0566      0.0026   0.0914     0.6311 t10_size_plus_impact_bm    -6041.9536
40_60 0.1122    0.4656    0.0164     0.0542      0.0329   0.0531     0.7568                impact60    -6286.6929
40_60 0.0858    0.5120    0.0246     0.0463      0.0302   0.0342     0.7677               size_only    -7634.4255
40_60 0.0778    0.5222    0.0004     0.0333      0.0005   0.0001     0.1897                impact60    -2888.3454
40_60 0.0542    0.4875    0.0095     0.0195      0.0087  -0.0387     0.0583                impact60    -2990.5643
40_60 0.0917    0.4032    0.0010     0.0220      0.0218  -0.0287     0.3804               size_only    -2082.1345
40_60 0.0709    0.4829    0.0104     0.0007      0.0210   0.0861     0.0305 t10_size_plus_impact_bm           NaN
40_60 0.0829    0.5021    0.0025    -0.0237      0.0320  -0.0007     0.6683               size_only    -8550.9931
40_60    NaN    0.4920    0.0144    -0.0502     -0.0746      NaN     0.7063                impact60    -5824.4261
    Div(Div(Div(Div(ratio_bm_lyr,bbiboll_down),cal_20d_amt_ma),bs_total_assets),TsRank(sp_ratio_ttm,30))
    Div(Inv(amount),amount)
    Div(Div(Inv(close),amount),amount)

===== gt60 (n=7) =====
band     net  turnover  s_i_rank  net_y2026  net_last12  neu_net  corr_size           corr_max_seat_name  delta_points
gt60  0.0280    0.7288    0.0002     0.0431     -0.0129   0.0345    -0.0210      t10_size_plus_impact_bm    -3844.9009
gt60  0.0542    0.6294    0.0001     0.0309      0.0248   0.0375     0.0105 book_to_market_lf_minus_size    -8315.7227
gt60 -0.0072    0.7368    0.0044     0.0153      0.0011   0.0115    -0.0357      t10_size_plus_impact_bm    -2933.0101
gt60 -0.0055    0.6180    0.0078     0.0031      0.0319  -0.0633     0.5847                     impact60    -6606.5517
gt60  0.0410    0.7337    0.0001     0.0059      0.0033   0.0270    -0.0015      t10_size_plus_impact_bm    -2982.8104
gt60     NaN    0.6706    0.0003    -0.0233     -0.0527      NaN     0.0197                     impact60    -8977.0259
gt60  0.0018    0.6813    0.0002    -0.0867     -0.1095  -0.0152     0.0111      t10_size_plus_impact_bm    -3176.1368
    Div(Div(Div(Div(Div(Div(ratio_bm_lyr,vma250),cal_20d_amt_ma),TsIr(accer,10)),cal_20d_amt_ma),qtyr_5_20),bs_total_assets)
    Div(Div(Div(Div(Div(Div(ratio_bm_lyr,TsCov(mavr,oper_roic_ttm,40)),cal_20d_amt_ma),cal_20d_amt_ma),bs_total_assets),qtyr
    Div(Div(Div(Div(ratio_bm_lyr,TsPctChange(amp3,40)),cal_20d_amt_ma),bs_total_assets),bs_total_assets)

wrote /data/games/factor_/research_reports/platform_alignment/relaxed-gp-20260924/screen2/screened_candidates.part07.csv
